
.Version 5.4.1  of ABINIT 
.(sequential version, prepared for a i686_linux_intel computer) 

.Copyright (C) 1998-2007 ABINIT group . 
 ABINIT comes with ABSOLUTELY NO WARRANTY.
 It is free software, and you are welcome to redistribute it
 under certain conditions (GNU General Public License,
 see ~abinit/COPYING or http://www.gnu.org/copyleft/gpl.txt).

 ABINIT is a project of the Universite Catholique de Louvain,
 Corning Inc. and other collaborators, see ~abinit/doc/developers/contributors.txt .
 Please read ~abinit/doc/users/acknowledgments.html for suggested
 acknowledgments of the ABINIT effort.
 For more information, see http://www.abinit.org .

.Starting date : Thu 14 Jun 2007.
  
- input  file    -> /home/pouillon/src/public-5.4.1/tmp/../tests/etsf_xc/Input/t02.in
- output file    -> t02.out
- root for input  files -> t02i
- root for output files -> t02o


 Symmetries : space group Pm m m (# 47); Bravais oP (primitive ortho.)
================================================================================
 Values of the parameters that define the memory need of the present run
   intxc =         0  ionmov =         0    iscf =         3     ixc =        31
  lmnmax =         1   lnmax =         1   mband =         1  mffmem =         1
P  mgfft =        64   mkmem =         1 mpssoang=         1     mpw =     16869
  mqgrid =      3001   natom =         1    nfft =    262144    nkpt =         1
  nloalg =         4  nspden =         1 nspinor =         1  nsppol =         1
    nsym =         8  n1xccc =         0  ntypat =         1  occopt =         1
================================================================================
P This job should need less than                      52.033 Mbytes of memory.
P Max. in main chain + fourwf.f
P          6 blocks of mpw  integer numbers, for      0.386 Mbytes.
P         39 blocks of mpw  real(dp)  numbers, for      5.019 Mbytes.
P          2 blocks of nfft integer numbers, for      2.000 Mbytes.
P         22 blocks of nfft real(dp)  numbers, for     44.000 Mbytes.
P            Additional     real(dp)  numbers, for      0.396 Mbytes.
P            With residue estimated to be             0.231 Mbytes.
P
P Comparison of the memory needs of different chains
P Main chain + fourwf.f                52.033 Mbytes.
P Main chain + nonlop.f + opernl.f     43.970 Mbytes.
P XC chain                             34.825 Mbytes.
P mkrho chain                          37.335 Mbytes.
P fourdp chain                         37.077 Mbytes.
P newvtr chain                         32.825 Mbytes.
  Rough estimation (10% accuracy) of disk space for files :
  WF disk file :      0.259 Mbytes ; DEN or POT disk file :      2.002 Mbytes.
================================================================================

 -outvars: echo values of preprocessed input variables --------
     acell    5.0000000000E+00  5.0000000000E+00  5.0000000000E+00 Bohr
       amu    4.00260200E+00
    diemac    1.00000000E+00
    diemix    5.00000000E-01
      ecut    2.00000000E+02 Hartree
      iscf         3
       ixc        31
       kpt    2.50000000E-01  2.50000000E-01  2.50000000E-01
P    mkmem         1
     natom         1
     nband         1
     ngfft        64      64      64
      nkpt         1
     nstep        20
      nsym         8
    ntypat         1
       occ    2.000000
    prtvol        10
   spgroup        47
    symrel    1  0  0   0  1  0   0  0  1      -1  0  0   0  1  0   0  0  1
              1  0  0   0 -1  0   0  0  1      -1  0  0   0 -1  0   0  0  1
              1  0  0   0  1  0   0  0 -1      -1  0  0   0  1  0   0  0 -1
              1  0  0   0 -1  0   0  0 -1      -1  0  0   0 -1  0   0  0 -1
    tolwfr    1.00000000E-14
     typat    1
     znucl      2.00000

================================================================================

 chkinp: Checking input parameters for consistency.

================================================================================
== DATASET  1 ==================================================================

 Real(R)+Recip(G) space primitive vectors, cartesian coordinates (Bohr,Bohr^-1):
 R(1)=  5.0000000  0.0000000  0.0000000  G(1)=  0.2000000  0.0000000  0.0000000
 R(2)=  0.0000000  5.0000000  0.0000000  G(2)=  0.0000000  0.2000000  0.0000000
 R(3)=  0.0000000  0.0000000  5.0000000  G(3)=  0.0000000  0.0000000  0.2000000
 Unit cell volume ucvol=  1.2500000E+02 bohr^3
 Angles (23,13,12)=  9.00000000E+01  9.00000000E+01  9.00000000E+01 degrees

 getcut: wavevector=  0.0000  0.0000  0.0000  ngfft=  64  64  64
         ecut(hartree)=    200.000   => boxcut(ratio)=   2.01062

--- Pseudopotential description ------------------------------------------------
- pspini: atom type   1  psp file is /home/pouillon/src/public-5.4.1/tmp/../tests/Psps_for_tests/02he.bare
- pspatm: opening atomic psp file    /home/pouillon/src/public-5.4.1/tmp/../tests/Psps_for_tests/02he.bare
 Bare (erfc) Goedecker-Teter-Hutter  Wed May  8 14:27:44 EDT 1996
   2.00000   2.00000    960508                znucl, zion, pspdat
    2    1    0    0      2001   0.00000      pspcod,pspxc,lmax,lloc,mmax,r2well
 rloc=   0.0010000
  cc1=   0.0000000; cc2=   0.0000000; cc3=   0.0000000; cc4=   0.0000000
  rrs=   0.0000000; h1s=   0.0000000; h2s=   0.0000000
  rrp=   0.0000000; h1p=   0.0000000
-  Local part computed in reciprocal space.

 pspatm : COMMENT -
  the projectors are not normalized,
  so that the KB energies are not consistent with
  definition in PRB44, 8503 (1991).
  However, this does not influence the results obtained hereafter.
 pspatm: epsatm=    0.00001257
         --- l  ekb(1:nproj) -->
 pspatm: atomic psp has been read  and splines computed

   2.51327412E-05                                ecore*ucvol(ha*bohr**3)
--------------------------------------------------------------------------------

P newkpt: treating      1 bands with npw=   16869 for ikpt=   1
 
 setup2: Arith. and geom. avg. npw (full set) are   16869.000   16869.000

================================================================================

     iter   Etot(hartree)      deltaE(h)  residm     vres2    diffor    maxfor
 
 ETOT  1  -2.6435315896510    -2.644E+00 8.448E-04 7.757E+01 0.000E+00 0.000E+00
 
 cartesian forces (ha/bohr); non-corrected avg=  0.00E+00  0.00E+00  0.00E+00
    1     0.00000000000E+00    0.00000000000E+00    0.00000000000E+00
 prteigrs : about to open file t02o_EIG
 Fermi (or HOMO) energy (hartree) =  -0.41204   Average Vxc (hartree)=  -0.15711
 Eigenvalues (hartree) for nkpt=   1  k points:
 kpt#   1, nband=  1, wtk=  1.00000, kpt=  0.2500  0.2500  0.2500 (reduced coord)
  -0.41204
 
 ETOT  2  -2.6446782623037    -1.147E-03 2.486E-10 1.166E+01 0.000E+00 0.000E+00
 
 cartesian forces (ha/bohr); non-corrected avg=  0.00E+00  0.00E+00  0.00E+00
    1     0.00000000000E+00    0.00000000000E+00    0.00000000000E+00
 prteigrs : about to open file t02o_EIG
 Fermi (or HOMO) energy (hartree) =  -0.44539   Average Vxc (hartree)=  -0.15985
 Eigenvalues (hartree) for nkpt=   1  k points:
 kpt#   1, nband=  1, wtk=  1.00000, kpt=  0.2500  0.2500  0.2500 (reduced coord)
  -0.44539
 
 ETOT  3  -2.6447479451191    -6.968E-05 5.428E-07 4.250E-01 0.000E+00 0.000E+00
 
 cartesian forces (ha/bohr); non-corrected avg=  0.00E+00  0.00E+00  0.00E+00
    1     0.00000000000E+00    0.00000000000E+00    0.00000000000E+00
 prteigrs : about to open file t02o_EIG
 Fermi (or HOMO) energy (hartree) =  -0.43787   Average Vxc (hartree)=  -0.16094
 Eigenvalues (hartree) for nkpt=   1  k points:
 kpt#   1, nband=  1, wtk=  1.00000, kpt=  0.2500  0.2500  0.2500 (reduced coord)
  -0.43787
 
 ETOT  4  -2.6447500832806    -2.138E-06 2.192E-09 3.651E-02 0.000E+00 0.000E+00
 
 cartesian forces (ha/bohr); non-corrected avg=  0.00E+00  0.00E+00  0.00E+00
    1     0.00000000000E+00    0.00000000000E+00    0.00000000000E+00
 prteigrs : about to open file t02o_EIG
 Fermi (or HOMO) energy (hartree) =  -0.43899   Average Vxc (hartree)=  -0.16090
 Eigenvalues (hartree) for nkpt=   1  k points:
 kpt#   1, nband=  1, wtk=  1.00000, kpt=  0.2500  0.2500  0.2500 (reduced coord)
  -0.43899
 
 ETOT  5  -2.6447505604338    -4.772E-07 1.053E-09 2.253E-04 0.000E+00 0.000E+00
 
 cartesian forces (ha/bohr); non-corrected avg=  0.00E+00  0.00E+00  0.00E+00
    1     0.00000000000E+00    0.00000000000E+00    0.00000000000E+00
 prteigrs : about to open file t02o_EIG
 Fermi (or HOMO) energy (hartree) =  -0.43919   Average Vxc (hartree)=  -0.16086
 Eigenvalues (hartree) for nkpt=   1  k points:
 kpt#   1, nband=  1, wtk=  1.00000, kpt=  0.2500  0.2500  0.2500 (reduced coord)
  -0.43919
 
 ETOT  6  -2.6447505675026    -7.069E-09 1.756E-11 2.209E-05 0.000E+00 0.000E+00
 
 cartesian forces (ha/bohr); non-corrected avg=  0.00E+00  0.00E+00  0.00E+00
    1     0.00000000000E+00    0.00000000000E+00    0.00000000000E+00
 prteigrs : about to open file t02o_EIG
 Fermi (or HOMO) energy (hartree) =  -0.43920   Average Vxc (hartree)=  -0.16086
 Eigenvalues (hartree) for nkpt=   1  k points:
 kpt#   1, nband=  1, wtk=  1.00000, kpt=  0.2500  0.2500  0.2500 (reduced coord)
  -0.43920
 
 ETOT  7  -2.6447505678250    -3.224E-10 1.785E-12 2.498E-06 0.000E+00 0.000E+00
 
 cartesian forces (ha/bohr); non-corrected avg=  0.00E+00  0.00E+00  0.00E+00
    1     0.00000000000E+00    0.00000000000E+00    0.00000000000E+00
 prteigrs : about to open file t02o_EIG
 Fermi (or HOMO) energy (hartree) =  -0.43921   Average Vxc (hartree)=  -0.16085
 Eigenvalues (hartree) for nkpt=   1  k points:
 kpt#   1, nband=  1, wtk=  1.00000, kpt=  0.2500  0.2500  0.2500 (reduced coord)
  -0.43921
 
 ETOT  8  -2.6447505678274    -2.408E-12 1.918E-14 4.165E-07 0.000E+00 0.000E+00
 
 cartesian forces (ha/bohr); non-corrected avg=  0.00E+00  0.00E+00  0.00E+00
    1     0.00000000000E+00    0.00000000000E+00    0.00000000000E+00
 prteigrs : about to open file t02o_EIG
 Fermi (or HOMO) energy (hartree) =  -0.43921   Average Vxc (hartree)=  -0.16085
 Eigenvalues (hartree) for nkpt=   1  k points:
 kpt#   1, nband=  1, wtk=  1.00000, kpt=  0.2500  0.2500  0.2500 (reduced coord)
  -0.43921
 
 ETOT  9  -2.6447505678292    -1.866E-12 2.347E-15 1.374E-08 0.000E+00 0.000E+00
 
 cartesian forces (ha/bohr); non-corrected avg=  0.00E+00  0.00E+00  0.00E+00
    1     0.00000000000E+00    0.00000000000E+00    0.00000000000E+00
 prteigrs : about to open file t02o_EIG
 Fermi (or HOMO) energy (hartree) =  -0.43921   Average Vxc (hartree)=  -0.16085
 Eigenvalues (hartree) for nkpt=   1  k points:
 kpt#   1, nband=  1, wtk=  1.00000, kpt=  0.2500  0.2500  0.2500 (reduced coord)
  -0.43921

 At SCF step    9   max residual=  2.35E-15 < tolwfr=  1.00E-14 =>converged.

 Cartesian components of stress tensor (hartree/bohr^3)
  sigma(1 1)=  9.57526942E-05  sigma(3 2)=  0.00000000E+00
  sigma(2 2)=  9.57526947E-05  sigma(3 1)=  0.00000000E+00
  sigma(3 3)=  9.57526951E-05  sigma(2 1)=  0.00000000E+00
 
================================================================================

 ----iterations are completed or convergence reached----

 Mean square residual over all n,k,spin=   2.3467E-15; max=  2.3467E-15
   0.2500  0.2500  0.2500    1  2.34669E-15 kpt; spin; max resid(k); each band:
 2.35E-15
 reduced coordinates (array xred) for    1 atoms
       0.000000000000      0.000000000000      0.000000000000
 rms dE/dt=  0.0000E+00; max dE/dt=  0.0000E+00; dE/dt below (all hartree)
    1       0.000000000000      0.000000000000      0.000000000000
 
 cartesian coordinates (angstrom) at end:
    1      0.00000000000000     0.00000000000000     0.00000000000000

 cartesian forces (hartree/bohr) at end:
    1      0.00000000000000     0.00000000000000     0.00000000000000
 frms,max,avg= 0.0000000E+00 0.0000000E+00   0.000E+00  0.000E+00  0.000E+00 h/b

 cartesian forces (eV/Angstrom) at end:
    1      0.00000000000000     0.00000000000000     0.00000000000000
 frms,max,avg= 0.0000000E+00 0.0000000E+00   0.000E+00  0.000E+00  0.000E+00 e/A
 length scales=  5.000000000000  5.000000000000  5.000000000000 bohr
              =  2.645886054000  2.645886054000  2.645886054000 angstroms
 prteigrs : about to open file t02o_EIG
 Fermi (or HOMO) energy (hartree) =  -0.43921   Average Vxc (hartree)=  -0.16085
 Eigenvalues (hartree) for nkpt=   1  k points:
 kpt#   1, nband=  1, wtk=  1.00000, kpt=  0.2500  0.2500  0.2500 (reduced coord)
  -0.43921

,Min el dens=  1.4693E-04 el/bohr^3 at reduced coord.  0.5000  0.5000  0.5000
,   next min=  1.4707E-04 el/bohr^3 at reduced coord.  0.5000  0.5000  0.4844
,Max el dens=  2.4585E+00 el/bohr^3 at reduced coord.  0.0000  0.0000  0.0000
,   next max=  2.2544E+00 el/bohr^3 at reduced coord.  0.0000  0.0000  0.9844

--------------------------------------------------------------------------------
 Components of total free energy (in Hartree) :

    Kinetic energy  =  2.55149131254841E+00
    Hartree energy  =  8.63774532286930E-01
    XC energy       = -7.54380699959041E-01
    Ewald energy    = -1.13491899179226E+00
    PspCore energy  =  2.01061929829747E-07
    Loc. psp. energy= -4.17071692197520E+00
    NL   psp  energy=  0.00000000000000E+00
    >>>>>>>>> Etotal= -2.64475056782923E+00

 Other information on the energy :
    Total energy(eV)= -7.19673246077946E+01 ; Band energy (Ha)=  -8.7842123237E-01
--------------------------------------------------------------------------------

          ===> extra information on forces <===
 ewald contribution to reduced grads
    1       0.000000000000      0.000000000000      0.000000000000
 nonlocal contribution to red. grads
    1       0.000000000000      0.000000000000      0.000000000000
 local psp contribution to red. grads
    1       0.000000000000      0.000000000000      0.000000000000
 residual contribution to red. grads
    1       0.000000000000      0.000000000000      0.000000000000

 Cartesian components of stress tensor (hartree/bohr^3)
  sigma(1 1)=  9.57526942E-05  sigma(3 2)=  0.00000000E+00
  sigma(2 2)=  9.57526947E-05  sigma(3 1)=  0.00000000E+00
  sigma(3 3)=  9.57526951E-05  sigma(2 1)=  0.00000000E+00

-Cartesian components of stress tensor (GPa)         [Pressure= -2.8171E+00 GPa]
- sigma(1 1)=  2.81714116E+00  sigma(3 2)=  0.00000000E+00
- sigma(2 2)=  2.81714117E+00  sigma(3 1)=  0.00000000E+00
- sigma(3 3)=  2.81714118E+00  sigma(2 1)=  0.00000000E+00

== END DATASET(S) ==============================================================
================================================================================
  
 -outvars: echo values of variables after computation  --------
     acell    5.0000000000E+00  5.0000000000E+00  5.0000000000E+00 Bohr
       amu    4.00260200E+00
    diemac    1.00000000E+00
    diemix    5.00000000E-01
      ecut    2.00000000E+02 Hartree
    etotal   -2.6447505678E+00
     fcart    0.0000000000E+00  0.0000000000E+00  0.0000000000E+00
      iscf         3
       ixc        31
       kpt    2.50000000E-01  2.50000000E-01  2.50000000E-01
P    mkmem         1
     natom         1
     nband         1
     ngfft        64      64      64
      nkpt         1
     nstep        20
      nsym         8
    ntypat         1
       occ    2.000000
    prtvol        10
   spgroup        47
    strten    9.5752694179E-05  9.5752694733E-05  9.5752695127E-05
              0.0000000000E+00  0.0000000000E+00  0.0000000000E+00
    symrel    1  0  0   0  1  0   0  0  1      -1  0  0   0  1  0   0  0  1
              1  0  0   0 -1  0   0  0  1      -1  0  0   0 -1  0   0  0  1
              1  0  0   0  1  0   0  0 -1      -1  0  0   0  1  0   0  0 -1
              1  0  0   0 -1  0   0  0 -1      -1  0  0   0 -1  0   0  0 -1
    tolwfr    1.00000000E-14
     typat    1
     znucl      2.00000

================================================================================

- Total cpu        time (s,m,h):         16.5        0.28      0.005
- Total wall clock time (s,m,h):         16.6        0.28      0.005

- For major independent code sections, cpu and wall times (sec),
- as well as % of the total time and number of calls 

- routine                 cpu     %       wall     %      number of calls 
-                                                          (-1=no count)
- fourwf(pot)            6.990  42.3      6.939  41.8             52
- fourdp                 2.010  12.2      2.018  12.2             30
- xc:pot/=fourdp         1.820  11.0      1.845  11.1             10
- forces                 1.720  10.4      1.696  10.2              9
- symrhg(no FFT)         1.160   7.0      1.151   6.9              9
- fourwf(den)            0.630   3.8      0.620   3.7              9
- timing timab           0.360   2.2      0.367   2.2             10
- stress                 0.120   0.7      0.114   0.7              1
- vtorho  (1)            0.120   0.7      0.157   0.9              9
- vtorho-kpt loop        0.100   0.6      0.078   0.5              9
- vtorho(4)-mkrho-       0.090   0.5      0.090   0.5              9
- 55   others            0.340   2.1      0.367   2.2

- subtotal              15.460  93.5     15.442  93.1

================================================================================

 Calculation completed.
.Delivered    6 WARNINGs and   4 COMMENTs to log file.
+Overall time at end (sec) : cpu=         16.5  wall=         16.6
