
.Version 5.6.3  of ABINIT 
.(sequential version, prepared for a x86_64_linux_gcc4.3 computer) 

.Copyright (C) 1998-2008 ABINIT group . 
 ABINIT comes with ABSOLUTELY NO WARRANTY.
 It is free software, and you are welcome to redistribute it
 under certain conditions (GNU General Public License,
 see ~abinit/COPYING or http://www.gnu.org/copyleft/gpl.txt).

 ABINIT is a project of the Universite Catholique de Louvain,
 Corning Inc. and other collaborators, see ~abinit/doc/developers/contributors.txt .
 Please read ~abinit/doc/users/acknowledgments.html for suggested
 acknowledgments of the ABINIT effort.
 For more information, see http://www.abinit.org .

.Starting date : Tue 11 Nov 2008.
  
- input  file    -> /home/gonze/ABINIT/ABINITv5.6.3/5.6.3-private/tests/fast/Input/t03.in
- output file    -> t03.out
- root for input  files -> t03i
- root for output files -> t03o


 Symmetries : space group F-4 3 m (#216); Bravais cF (face-center cubic)
================================================================================
 Values of the parameters that define the memory need of the present run
   intxc =         1  ionmov =         0    iscf =         5 xclevel =         1
  lmnmax =         4   lnmax =         4   mband =         4  mffmem =         1
P  mgfft =        16   mkmem =         2 mpssoang=         3     mpw =       184
  mqgrid =      3001   natom =         2    nfft =      4096    nkpt =         2
  nloalg =         4  nspden =         1 nspinor =         1  nsppol =         1
    nsym =        24  n1xccc =      2501  ntypat =         1  occopt =         0
================================================================================
P This job should need less than                       1.675 Mbytes of memory.
P Max. in main chain + fourwf.f
P          9 blocks of mpw  integer numbers, for      0.006 Mbytes.
P         59 blocks of mpw  real(dp)  numbers, for      0.083 Mbytes.
P          2 blocks of nfft integer numbers, for      0.031 Mbytes.
P         29 blocks of nfft real(dp)  numbers, for      0.906 Mbytes.
P            Additional     real(dp)  numbers, for      0.411 Mbytes.
P            With residue estimated to be             0.237 Mbytes.
P
P Comparison of the memory needs of different chains
P Main chain + fourwf.f                 1.675 Mbytes.
P Main chain + nonlop.f + opernl.f      1.608 Mbytes.
P XC chain                              1.603 Mbytes.
P mkrho chain                           1.457 Mbytes.
P fourdp chain                          1.455 Mbytes.
P newvtr chain                          1.438 Mbytes.
  Rough estimation (10% accuracy) of disk space for files :
  WF disk file :      0.024 Mbytes ; DEN or POT disk file :      0.033 Mbytes.
================================================================================

 -outvars: echo values of preprocessed input variables --------
     acell    1.0263110000E+01  1.0263110000E+01  1.0263110000E+01 Bohr
       amu    2.80855000E+01
    diemac    1.20000000E+01
      ecut    5.80000000E+00 Hartree
    enunit         2
     intxc         1
      iscf         5
       kpt    1.00000000E+00  1.00000000E+00  1.00000000E+00
              1.00000000E+00  2.00000000E+00  2.00000000E+00
    kptnrm    4.00000000E+00
P    mkmem         2
     natom         2
     nband         4
     ngfft        16      16      16
      nkpt         2
     nline         3
     nstep        10
      nsym        24
    ntypat         1
       occ    2.000000  2.000000  2.000000  2.000000
    occopt         0
    prtvol        10
     rprim    0.0000000000E+00  5.0000000000E-01  5.0000000000E-01
              5.0000000000E-01  0.0000000000E+00  5.0000000000E-01
              5.0000000000E-01  5.0000000000E-01  0.0000000000E+00
   spgroup       216
    symrel    1  0  0   0  1  0   0  0  1       0  1 -1   1  0 -1   0  0 -1
              0 -1  1   0 -1  0   1 -1  0      -1  0  0  -1  0  1  -1  1  0
              0  1  0   0  0  1   1  0  0       1  0 -1   0  0 -1   0  1 -1
              0 -1  0   1 -1  0   0 -1  1      -1  0  1  -1  1  0  -1  0  0
              0  0  1   1  0  0   0  1  0       0  0 -1   0  1 -1   1  0 -1
              1 -1  0   0 -1  1   0 -1  0      -1  1  0  -1  0  0  -1  0  1
              1  0 -1   0  1 -1   0  0 -1       0  1  0   1  0  0   0  0  1
             -1  0  1  -1  0  0  -1  1  0       0 -1  0   0 -1  1   1 -1  0
             -1  1  0  -1  0  1  -1  0  0       1 -1  0   0 -1  0   0 -1  1
              0  0 -1   1  0 -1   0  1 -1       0  0  1   0  1  0   1  0  0
              0 -1  1   1 -1  0   0 -1  0      -1  0  0  -1  1  0  -1  0  1
              1  0  0   0  0  1   0  1  0       0  1 -1   0  0 -1   1  0 -1
    timopt        -1
    tolmxf    1.00000000E-04
    tolwfr    1.00000000E-14
     typat    1  1
       wtk      0.25000    0.75000
    xangst    0.0000000000E+00  0.0000000000E+00  0.0000000000E+00
              1.3577509753E+00  1.3577509753E+00  1.3577509753E+00
     xcart    0.0000000000E+00  0.0000000000E+00  0.0000000000E+00
              2.5657775000E+00  2.5657775000E+00  2.5657775000E+00
      xred    0.0000000000E+00  0.0000000000E+00  0.0000000000E+00
              2.5000000000E-01  2.5000000000E-01  2.5000000000E-01
     znucl     14.00000

================================================================================

 chkinp: Checking input parameters for consistency.

================================================================================
== DATASET  1 ==================================================================

 Real(R)+Recip(G) space primitive vectors, cartesian coordinates (Bohr,Bohr^-1):
 R(1)=  0.0000000  5.1315550  5.1315550  G(1)= -0.0974364  0.0974364  0.0974364
 R(2)=  5.1315550  0.0000000  5.1315550  G(2)=  0.0974364 -0.0974364  0.0974364
 R(3)=  5.1315550  5.1315550  0.0000000  G(3)=  0.0974364  0.0974364 -0.0974364
 Unit cell volume ucvol=  2.7025701E+02 bohr^3
 Angles (23,13,12)=  6.00000000E+01  6.00000000E+01  6.00000000E+01 degrees

 getcut: wavevector=  0.0000  0.0000  0.0000  ngfft=  16  16  16
         ecut(hartree)=      5.800   => boxcut(ratio)=   2.03365

--- Pseudopotential description ------------------------------------------------
- pspini: atom type   1  psp file is /home/gonze/ABINIT/ABINITv5.6.3/5.6.3-private/tests/Psps_for_tests/14si.psp
- pspatm: opening atomic psp file    /home/gonze/ABINIT/ABINITv5.6.3/5.6.3-private/tests/Psps_for_tests/14si.psp
   Si  Fri Oct 08 11:18:59 1993
  14.00000   4.00000    930920                znucl, zion, pspdat
    1    1    2    2      2001   0.00050      pspcod,pspxc,lmax,lloc,mmax,r2well
    0  19.464  25.000    2   1.8971118        l,e99.0,e99.9,nproj,rcpsp
   0.00112760   6.14571089   4.47651660  29.74712295     rms, ekb1, ekb2, epsatm
    1  21.459  28.812    2   1.8971118        l,e99.0,e99.9,nproj,rcpsp
   0.00119946   3.20906540   2.09352485  19.11150542     rms, ekb1, ekb2, epsatm
    2   8.223  21.459    0   1.8971118        l,e99.0,e99.9,nproj,rcpsp
   0.00098688   0.00000000   0.00000000  -3.97301006     rms, ekb1, ekb2, epsatm
    1.70000000000000    0.22513330685109    0.96523597101781   rchrg,fchrg,qchrg
 pspatm: epsatm=   -3.97301006
         --- l  ekb(1:nproj) -->
             0    6.145711    4.476517
             1    3.209065    2.093525
 pspatm: atomic psp has been read  and splines computed

  -6.35681610E+01                                ecore*ucvol(ha*bohr**3)
--------------------------------------------------------------------------------

P newkpt: treating      4 bands with npw=     177 for ikpt=   1
P newkpt: treating      4 bands with npw=     184 for ikpt=   2

 setup2: Arith. and geom. avg. npw (full set) are     182.250     182.224

================================================================================

     iter   Etot(hartree)      deltaE(h)  residm     vres2    diffor    maxfor

 ETOT  1  -8.5826475111819    -8.583E+00 8.189E-03 1.886E+00 6.716E-26 6.716E-26

 cartesian forces (ha/bohr); non-corrected avg=  0.00E+00  0.00E+00  0.00E+00
    1     0.00000000000E+00    0.00000000000E+00    0.00000000000E+00
    2     0.00000000000E+00    0.00000000000E+00    0.00000000000E+00
 prteigrs : about to open file t03o_EIG
 Fermi (or HOMO) energy (hartree) =   0.21770   Average Vxc (hartree)=  -0.34889
 Eigenvalues (hartree) for nkpt=   2  k points:
 kpt#   1, nband=  4, wtk=  0.25000, kpt=  0.2500  0.2500  0.2500 (reduced coord)
  -0.16772   0.10028   0.21636   0.21770
 kpt#   2, nband=  4, wtk=  0.75000, kpt=  0.2500  0.5000  0.5000 (reduced coord)
  -0.09756   0.00837   0.11546   0.16309
 Fermi (or HOMO) energy (eV) =   5.92396   Average Vxc (eV)=  -9.49383
 Eigenvalues (   eV  ) for nkpt=   2  k points:
 kpt#   1, nband=  4, wtk=  0.25000, kpt=  0.2500  0.2500  0.2500 (reduced coord)
  -4.56397   2.72880   5.88747   5.92396
 kpt#   2, nband=  4, wtk=  0.75000, kpt=  0.2500  0.5000  0.5000 (reduced coord)
  -2.65469   0.22773   3.14182   4.43798

 ETOT  2  -8.5877885315558    -5.141E-03 1.703E-06 5.197E-02 6.549E-26 1.679E-27

 cartesian forces (ha/bohr); non-corrected avg=  0.00E+00  0.00E+00  0.00E+00
    1     0.00000000000E+00    0.00000000000E+00    0.00000000000E+00
    2     0.00000000000E+00    0.00000000000E+00    0.00000000000E+00
 prteigrs : about to open file t03o_EIG
 Fermi (or HOMO) energy (hartree) =   0.23711   Average Vxc (hartree)=  -0.35046
 Eigenvalues (hartree) for nkpt=   2  k points:
 kpt#   1, nband=  4, wtk=  0.25000, kpt=  0.2500  0.2500  0.2500 (reduced coord)
  -0.15146   0.11783   0.23711   0.23711
 kpt#   2, nband=  4, wtk=  0.75000, kpt=  0.2500  0.5000  0.5000 (reduced coord)
  -0.07989   0.02620   0.13098   0.18175
 Fermi (or HOMO) energy (eV) =   6.45208   Average Vxc (eV)=  -9.53647
 Eigenvalues (   eV  ) for nkpt=   2  k points:
 kpt#   1, nband=  4, wtk=  0.25000, kpt=  0.2500  0.2500  0.2500 (reduced coord)
  -4.12142   3.20631   6.45207   6.45208
 kpt#   2, nband=  4, wtk=  0.75000, kpt=  0.2500  0.5000  0.5000 (reduced coord)
  -2.17388   0.71295   3.56420   4.94562

 ETOT  3  -8.5878322093824    -4.368E-05 2.563E-07 1.244E-02 2.183E-26 2.351E-26

 cartesian forces (ha/bohr); non-corrected avg=  0.00E+00  0.00E+00  0.00E+00
    1     0.00000000000E+00    0.00000000000E+00    0.00000000000E+00
    2     0.00000000000E+00    0.00000000000E+00    0.00000000000E+00
 prteigrs : about to open file t03o_EIG
 Fermi (or HOMO) energy (hartree) =   0.23722   Average Vxc (hartree)=  -0.35069
 Eigenvalues (hartree) for nkpt=   2  k points:
 kpt#   1, nband=  4, wtk=  0.25000, kpt=  0.2500  0.2500  0.2500 (reduced coord)
  -0.15196   0.11745   0.23722   0.23722
 kpt#   2, nband=  4, wtk=  0.75000, kpt=  0.2500  0.5000  0.5000 (reduced coord)
  -0.08022   0.02585   0.13032   0.18152
 Fermi (or HOMO) energy (eV) =   6.45522   Average Vxc (eV)=  -9.54276
 Eigenvalues (   eV  ) for nkpt=   2  k points:
 kpt#   1, nband=  4, wtk=  0.25000, kpt=  0.2500  0.2500  0.2500 (reduced coord)
  -4.13502   3.19591   6.45522   6.45522
 kpt#   2, nband=  4, wtk=  0.75000, kpt=  0.2500  0.5000  0.5000 (reduced coord)
  -2.18300   0.70352   3.54630   4.93941

 ETOT  4  -8.5878396622279    -7.453E-06 1.231E-08 1.294E-03 2.348E-26 2.624E-29

 cartesian forces (ha/bohr); non-corrected avg=  0.00E+00  0.00E+00  0.00E+00
    1     0.00000000000E+00    0.00000000000E+00    0.00000000000E+00
    2     0.00000000000E+00    0.00000000000E+00    0.00000000000E+00
 prteigrs : about to open file t03o_EIG
 Fermi (or HOMO) energy (hartree) =   0.23722   Average Vxc (hartree)=  -0.35069
 Eigenvalues (hartree) for nkpt=   2  k points:
 kpt#   1, nband=  4, wtk=  0.25000, kpt=  0.2500  0.2500  0.2500 (reduced coord)
  -0.15197   0.11742   0.23722   0.23722
 kpt#   2, nband=  4, wtk=  0.75000, kpt=  0.2500  0.5000  0.5000 (reduced coord)
  -0.08022   0.02584   0.13032   0.18158
 Fermi (or HOMO) energy (eV) =   6.45503   Average Vxc (eV)=  -9.54287
 Eigenvalues (   eV  ) for nkpt=   2  k points:
 kpt#   1, nband=  4, wtk=  0.25000, kpt=  0.2500  0.2500  0.2500 (reduced coord)
  -4.13527   3.19529   6.45503   6.45503
 kpt#   2, nband=  4, wtk=  0.75000, kpt=  0.2500  0.5000  0.5000 (reduced coord)
  -2.18293   0.70309   3.54608   4.94113

 ETOT  5  -8.5878402858009    -6.236E-07 2.408E-09 2.559E-04 1.286E-27 1.259E-27

 cartesian forces (ha/bohr); non-corrected avg=  0.00E+00  0.00E+00  0.00E+00
    1     0.00000000000E+00    0.00000000000E+00    0.00000000000E+00
    2     0.00000000000E+00    0.00000000000E+00    0.00000000000E+00
 prteigrs : about to open file t03o_EIG
 Fermi (or HOMO) energy (hartree) =   0.23744   Average Vxc (hartree)=  -0.35072
 Eigenvalues (hartree) for nkpt=   2  k points:
 kpt#   1, nband=  4, wtk=  0.25000, kpt=  0.2500  0.2500  0.2500 (reduced coord)
  -0.15181   0.11759   0.23744   0.23744
 kpt#   2, nband=  4, wtk=  0.75000, kpt=  0.2500  0.5000  0.5000 (reduced coord)
  -0.08004   0.02601   0.13045   0.18178
 Fermi (or HOMO) energy (eV) =   6.46113   Average Vxc (eV)=  -9.54356
 Eigenvalues (   eV  ) for nkpt=   2  k points:
 kpt#   1, nband=  4, wtk=  0.25000, kpt=  0.2500  0.2500  0.2500 (reduced coord)
  -4.13102   3.19981   6.46113   6.46113
 kpt#   2, nband=  4, wtk=  0.75000, kpt=  0.2500  0.5000  0.5000 (reduced coord)
  -2.17812   0.70776   3.54986   4.94659

 ETOT  6  -8.5878404845872    -1.988E-07 6.537E-10 8.898E-06 1.128E-27 1.312E-28

 cartesian forces (ha/bohr); non-corrected avg=  0.00E+00  0.00E+00  0.00E+00
    1     0.00000000000E+00    0.00000000000E+00    0.00000000000E+00
    2     0.00000000000E+00    0.00000000000E+00    0.00000000000E+00
 prteigrs : about to open file t03o_EIG
 Fermi (or HOMO) energy (hartree) =   0.23745   Average Vxc (hartree)=  -0.35073
 Eigenvalues (hartree) for nkpt=   2  k points:
 kpt#   1, nband=  4, wtk=  0.25000, kpt=  0.2500  0.2500  0.2500 (reduced coord)
  -0.15180   0.11760   0.23745   0.23745
 kpt#   2, nband=  4, wtk=  0.75000, kpt=  0.2500  0.5000  0.5000 (reduced coord)
  -0.08002   0.02603   0.13045   0.18179
 Fermi (or HOMO) energy (eV) =   6.46122   Average Vxc (eV)=  -9.54380
 Eigenvalues (   eV  ) for nkpt=   2  k points:
 kpt#   1, nband=  4, wtk=  0.25000, kpt=  0.2500  0.2500  0.2500 (reduced coord)
  -4.13060   3.20018   6.46122   6.46122
 kpt#   2, nband=  4, wtk=  0.75000, kpt=  0.2500  0.5000  0.5000 (reduced coord)
  -2.17746   0.70833   3.54973   4.94669

 ETOT  7  -8.5878404919944    -7.407E-09 5.349E-11 3.173E-08 1.312E-28 0.000E+00

 cartesian forces (ha/bohr); non-corrected avg=  0.00E+00  0.00E+00  0.00E+00
    1     0.00000000000E+00    0.00000000000E+00    0.00000000000E+00
    2     0.00000000000E+00    0.00000000000E+00    0.00000000000E+00
 prteigrs : about to open file t03o_EIG
 Fermi (or HOMO) energy (hartree) =   0.23746   Average Vxc (hartree)=  -0.35073
 Eigenvalues (hartree) for nkpt=   2  k points:
 kpt#   1, nband=  4, wtk=  0.25000, kpt=  0.2500  0.2500  0.2500 (reduced coord)
  -0.15179   0.11762   0.23746   0.23746
 kpt#   2, nband=  4, wtk=  0.75000, kpt=  0.2500  0.5000  0.5000 (reduced coord)
  -0.08001   0.02604   0.13046   0.18180
 Fermi (or HOMO) energy (eV) =   6.46162   Average Vxc (eV)=  -9.54390
 Eigenvalues (   eV  ) for nkpt=   2  k points:
 kpt#   1, nband=  4, wtk=  0.25000, kpt=  0.2500  0.2500  0.2500 (reduced coord)
  -4.13032   3.20049   6.46162   6.46162
 kpt#   2, nband=  4, wtk=  0.75000, kpt=  0.2500  0.5000  0.5000 (reduced coord)
  -2.17710   0.70868   3.54988   4.94700

 ETOT  8  -8.5878404920493    -5.488E-11 1.037E-12 3.828E-09 5.739E-30 5.739E-30

 cartesian forces (ha/bohr); non-corrected avg=  0.00E+00  0.00E+00  0.00E+00
    1     0.00000000000E+00    0.00000000000E+00    0.00000000000E+00
    2     0.00000000000E+00    0.00000000000E+00    0.00000000000E+00
 prteigrs : about to open file t03o_EIG
 Fermi (or HOMO) energy (hartree) =   0.23746   Average Vxc (hartree)=  -0.35073
 Eigenvalues (hartree) for nkpt=   2  k points:
 kpt#   1, nband=  4, wtk=  0.25000, kpt=  0.2500  0.2500  0.2500 (reduced coord)
  -0.15179   0.11761   0.23746   0.23746
 kpt#   2, nband=  4, wtk=  0.75000, kpt=  0.2500  0.5000  0.5000 (reduced coord)
  -0.08001   0.02604   0.13045   0.18180
 Fermi (or HOMO) energy (eV) =   6.46152   Average Vxc (eV)=  -9.54390
 Eigenvalues (   eV  ) for nkpt=   2  k points:
 kpt#   1, nband=  4, wtk=  0.25000, kpt=  0.2500  0.2500  0.2500 (reduced coord)
  -4.13042   3.20038   6.46152   6.46152
 kpt#   2, nband=  4, wtk=  0.75000, kpt=  0.2500  0.5000  0.5000 (reduced coord)
  -2.17720   0.70857   3.54978   4.94690

 ETOT  9  -8.5878404920561    -6.773E-12 6.728E-14 9.348E-10 5.739E-30 0.000E+00

 cartesian forces (ha/bohr); non-corrected avg=  0.00E+00  0.00E+00  0.00E+00
    1     0.00000000000E+00    0.00000000000E+00    0.00000000000E+00
    2     0.00000000000E+00    0.00000000000E+00    0.00000000000E+00
 prteigrs : about to open file t03o_EIG
 Fermi (or HOMO) energy (hartree) =   0.23746   Average Vxc (hartree)=  -0.35073
 Eigenvalues (hartree) for nkpt=   2  k points:
 kpt#   1, nband=  4, wtk=  0.25000, kpt=  0.2500  0.2500  0.2500 (reduced coord)
  -0.15179   0.11761   0.23746   0.23746
 kpt#   2, nband=  4, wtk=  0.75000, kpt=  0.2500  0.5000  0.5000 (reduced coord)
  -0.08001   0.02604   0.13045   0.18180
 Fermi (or HOMO) energy (eV) =   6.46152   Average Vxc (eV)=  -9.54390
 Eigenvalues (   eV  ) for nkpt=   2  k points:
 kpt#   1, nband=  4, wtk=  0.25000, kpt=  0.2500  0.2500  0.2500 (reduced coord)
  -4.13042   3.20038   6.46152   6.46152
 kpt#   2, nband=  4, wtk=  0.75000, kpt=  0.2500  0.5000  0.5000 (reduced coord)
  -2.17720   0.70858   3.54978   4.94690

 ETOT 10  -8.5878404920570    -8.988E-13 6.822E-15 5.749E-11 1.230E-30 1.230E-30

 cartesian forces (ha/bohr); non-corrected avg=  0.00E+00  0.00E+00  0.00E+00
    1     0.00000000000E+00    0.00000000000E+00    0.00000000000E+00
    2     0.00000000000E+00    0.00000000000E+00    0.00000000000E+00
 prteigrs : about to open file t03o_EIG
 Fermi (or HOMO) energy (hartree) =   0.23746   Average Vxc (hartree)=  -0.35073
 Eigenvalues (hartree) for nkpt=   2  k points:
 kpt#   1, nband=  4, wtk=  0.25000, kpt=  0.2500  0.2500  0.2500 (reduced coord)
  -0.15179   0.11761   0.23746   0.23746
 kpt#   2, nband=  4, wtk=  0.75000, kpt=  0.2500  0.5000  0.5000 (reduced coord)
  -0.08001   0.02604   0.13045   0.18180
 Fermi (or HOMO) energy (eV) =   6.46152   Average Vxc (eV)=  -9.54390
 Eigenvalues (   eV  ) for nkpt=   2  k points:
 kpt#   1, nband=  4, wtk=  0.25000, kpt=  0.2500  0.2500  0.2500 (reduced coord)
  -4.13042   3.20038   6.46152   6.46152
 kpt#   2, nband=  4, wtk=  0.75000, kpt=  0.2500  0.5000  0.5000 (reduced coord)
  -2.17720   0.70858   3.54978   4.94690

 At SCF step   10   max residual=  6.82E-15 < tolwfr=  1.00E-14 =>converged.

 Cartesian components of stress tensor (hartree/bohr^3)
  sigma(1 1)= -3.10729231E-05  sigma(3 2)=  0.00000000E+00
  sigma(2 2)= -3.10729231E-05  sigma(3 1)=  0.00000000E+00
  sigma(3 3)= -3.10729231E-05  sigma(2 1)=  0.00000000E+00

================================================================================

 ----iterations are completed or convergence reached----

 Mean square residual over all n,k,spin=   3.9898E-15; max=  6.8215E-15
   0.2500  0.2500  0.2500    1  6.82151E-15 kpt; spin; max resid(k); each band:
 2.03E-15 2.92E-15 6.82E-15 6.82E-15
   0.2500  0.5000  0.5000    1  5.73013E-15 kpt; spin; max resid(k); each band:
 2.81E-15 2.99E-15 1.80E-15 5.73E-15
 reduced coordinates (array xred) for    2 atoms
       0.000000000000      0.000000000000      0.000000000000
       0.250000000000      0.250000000000      0.250000000000
 rms dE/dt=  7.6814E-30; max dE/dt=  0.0000E+00; dE/dt below (all hartree)
    1       0.000000000000      0.000000000000      0.000000000000
    2      -0.000000000000     -0.000000000000      0.000000000000

 cartesian coordinates (angstrom) at end:
    1      0.00000000000000     0.00000000000000     0.00000000000000
    2      1.35775097531303     1.35775097531303     1.35775097531303

 cartesian forces (hartree/bohr) at end:
    1     -0.00000000000000     0.00000000000000    -0.00000000000000
    2      0.00000000000000    -0.00000000000000     0.00000000000000
 frms,max,avg= 7.8497512E-31 1.2298197E-30   0.000E+00  0.000E+00  0.000E+00 h/b

 cartesian forces (eV/Angstrom) at end:
    1     -0.00000000000000     0.00000000000000    -0.00000000000000
    2      0.00000000000000    -0.00000000000000     0.00000000000000
 frms,max,avg= 4.0365040E-29 6.3239864E-29   0.000E+00  0.000E+00  0.000E+00 e/A
 length scales= 10.263110000000 10.263110000000 10.263110000000 bohr
              =  5.431003901252  5.431003901252  5.431003901252 angstroms
 prteigrs : about to open file t03o_EIG
 Fermi (or HOMO) energy (hartree) =   0.23746   Average Vxc (hartree)=  -0.35073
 Eigenvalues (hartree) for nkpt=   2  k points:
 kpt#   1, nband=  4, wtk=  0.25000, kpt=  0.2500  0.2500  0.2500 (reduced coord)
  -0.15179   0.11761   0.23746   0.23746
 kpt#   2, nband=  4, wtk=  0.75000, kpt=  0.2500  0.5000  0.5000 (reduced coord)
  -0.08001   0.02604   0.13045   0.18180
 Fermi (or HOMO) energy (eV) =   6.46152   Average Vxc (eV)=  -9.54390
 Eigenvalues (   eV  ) for nkpt=   2  k points:
 kpt#   1, nband=  4, wtk=  0.25000, kpt=  0.2500  0.2500  0.2500 (reduced coord)
  -4.13042   3.20038   6.46152   6.46152
 kpt#   2, nband=  4, wtk=  0.75000, kpt=  0.2500  0.5000  0.5000 (reduced coord)
  -2.17720   0.70858   3.54978   4.94690
 Total charge density [el/Bohr^3]
,     Maximum=    8.8616E-02  at reduced coord.    0.1250    0.1250    0.6250
,Next maximum=    8.8616E-02  at reduced coord.    0.1250    0.6250    0.1250
,     Minimum=    3.2389E-03  at reduced coord.    0.7500    0.7500    0.7500
,Next minimum=    3.2389E-03  at reduced coord.    0.5000    0.5000    0.5000

--------------------------------------------------------------------------------
 Components of total free energy (in Hartree) :

    Kinetic energy  =  2.96592938186700E+00
    Hartree energy  =  5.19867102046788E-01
    XC energy       = -3.30418310288963E+00
    Ewald energy    = -8.39791921808003E+00
    PspCore energy  = -2.35213740360010E-01
    Loc. psp. energy= -2.03259262373589E+00
    NL   psp  energy=  1.89627170909480E+00
    >>>>>>>>> Etotal= -8.58784049205697E+00

 Other information on the energy :
    Total energy(eV)= -2.33687024157814E+02 ; Band energy (Ha)=   6.0778230428E-01
--------------------------------------------------------------------------------

          ===> extra information on forces <===
 ewald contribution to reduced grads
    1      -0.000000000000     -0.000000000000     -0.000000000000
    2       0.000000000000      0.000000000000      0.000000000000
 nonlocal contribution to red. grads
    1       0.000000000000      0.000000000000      0.000000000000
    2       0.000000000000      0.000000000000      0.000000000000
 local psp contribution to red. grads
    1      -0.000000000002     -0.000000000002     -0.000000000002
    2       0.000000000002      0.000000000002      0.000000000002
 core charge xc contribution to reduced grads
    1       0.000000000002      0.000000000002      0.000000000002
    2      -0.000000000002     -0.000000000002     -0.000000000002
 residual contribution to red. grads
    1       0.000000000000      0.000000000000      0.000000000000
    2       0.000000000000      0.000000000000      0.000000000000

 Cartesian components of stress tensor (hartree/bohr^3)
  sigma(1 1)= -3.10729231E-05  sigma(3 2)=  0.00000000E+00
  sigma(2 2)= -3.10729231E-05  sigma(3 1)=  0.00000000E+00
  sigma(3 3)= -3.10729231E-05  sigma(2 1)=  0.00000000E+00

-Cartesian components of stress tensor (GPa)         [Pressure=  9.1420E-01 GPa]
- sigma(1 1)= -9.14196806E-01  sigma(3 2)=  0.00000000E+00
- sigma(2 2)= -9.14196806E-01  sigma(3 1)=  0.00000000E+00
- sigma(3 3)= -9.14196806E-01  sigma(2 1)=  0.00000000E+00

== END DATASET(S) ==============================================================
================================================================================
  
 -outvars: echo values of variables after computation  --------
     acell    1.0263110000E+01  1.0263110000E+01  1.0263110000E+01 Bohr
       amu    2.80855000E+01
    diemac    1.20000000E+01
      ecut    5.80000000E+00 Hartree
    enunit         2
    etotal   -8.5878404921E+00
     fcart   -4.0993988773E-31  4.0993988773E-31 -1.2298196632E-30
              4.0993988773E-31 -4.0993988773E-31  1.2298196632E-30
     intxc         1
      iscf         5
       kpt    1.00000000E+00  1.00000000E+00  1.00000000E+00
              1.00000000E+00  2.00000000E+00  2.00000000E+00
    kptnrm    4.00000000E+00
P    mkmem         2
     natom         2
     nband         4
     ngfft        16      16      16
      nkpt         2
     nline         3
     nstep        10
      nsym        24
    ntypat         1
       occ    2.000000  2.000000  2.000000  2.000000
    occopt         0
    prtvol        10
     rprim    0.0000000000E+00  5.0000000000E-01  5.0000000000E-01
              5.0000000000E-01  0.0000000000E+00  5.0000000000E-01
              5.0000000000E-01  5.0000000000E-01  0.0000000000E+00
   spgroup       216
    strten   -3.1072923098E-05 -3.1072923098E-05 -3.1072923098E-05
              0.0000000000E+00  0.0000000000E+00  0.0000000000E+00
    symrel    1  0  0   0  1  0   0  0  1       0  1 -1   1  0 -1   0  0 -1
              0 -1  1   0 -1  0   1 -1  0      -1  0  0  -1  0  1  -1  1  0
              0  1  0   0  0  1   1  0  0       1  0 -1   0  0 -1   0  1 -1
              0 -1  0   1 -1  0   0 -1  1      -1  0  1  -1  1  0  -1  0  0
              0  0  1   1  0  0   0  1  0       0  0 -1   0  1 -1   1  0 -1
              1 -1  0   0 -1  1   0 -1  0      -1  1  0  -1  0  0  -1  0  1
              1  0 -1   0  1 -1   0  0 -1       0  1  0   1  0  0   0  0  1
             -1  0  1  -1  0  0  -1  1  0       0 -1  0   0 -1  1   1 -1  0
             -1  1  0  -1  0  1  -1  0  0       1 -1  0   0 -1  0   0 -1  1
              0  0 -1   1  0 -1   0  1 -1       0  0  1   0  1  0   1  0  0
              0 -1  1   1 -1  0   0 -1  0      -1  0  0  -1  1  0  -1  0  1
              1  0  0   0  0  1   0  1  0       0  1 -1   0  0 -1   1  0 -1
    timopt        -1
    tolmxf    1.00000000E-04
    tolwfr    1.00000000E-14
     typat    1  1
       wtk      0.25000    0.75000
    xangst    0.0000000000E+00  0.0000000000E+00  0.0000000000E+00
              1.3577509753E+00  1.3577509753E+00  1.3577509753E+00
     xcart    0.0000000000E+00  0.0000000000E+00  0.0000000000E+00
              2.5657775000E+00  2.5657775000E+00  2.5657775000E+00
      xred    0.0000000000E+00  0.0000000000E+00  0.0000000000E+00
              2.5000000000E-01  2.5000000000E-01  2.5000000000E-01
     znucl     14.00000

================================================================================

 Test the timer : 
  a combined call timab(*,1,tsec) + timab(*,2,tsec) is 
- CPU time =    5.7585E-06 sec,    Wall time =    5.7701E-06 sec

- Total cpu        time (s,m,h):          1.5        0.03      0.000
- Total wall clock time (s,m,h):          1.5        0.03      0.000

- For major independent code sections, cpu and wall times (sec),
- as well as % of the total time and number of calls 

- routine                 cpu     %       wall     %      number of calls 
-                                                          (-1=no count)
- timing timab           0.498  32.9      0.499  32.9             12
- pspini                 0.429  28.3      0.430  28.4              1
- invars2                0.118   7.8      0.119   7.9              1
- fourwf(pot)            0.070   4.6      0.070   4.6            372
- abinit(2)              0.034   2.2      0.034   2.2              1
- forces                 0.026   1.7      0.027   1.8             10
- nonlop(apply)          0.015   1.0      0.008   0.5            372
- mkcore                 0.012   0.8      0.013   0.9             12
- fourdp                 0.011   0.7      0.009   0.6             95
- xc:pot/=fourdp         0.010   0.7      0.012   0.8             11
- fourwf(den)            0.010   0.7      0.008   0.5             80
- getghc-other           0.010   0.7      0.007   0.5             -1
- symrhg(no FFT)         0.009   0.6      0.009   0.6             10
- scfcv-scprqt           0.008   0.5      0.009   0.6             10
- vtowfk(ssdiag)         0.005   0.3      0.006   0.4             -1
- status                 0.005   0.3      0.005   0.3            713
- nonlop(forces)         0.004   0.3      0.004   0.3             80
- projbd                 0.003   0.2      0.004   0.3            552
- stress                 0.003   0.2      0.004   0.3              1
- vtorho-kpt loop        0.003   0.2      0.006   0.4             10
- vtowfk(contrib)        0.002   0.1      0.004   0.3             20
- ewald                  0.001   0.1      0.001   0.1              1
- inwffil                0.001   0.1      0.000   0.0              1
- nonlop(forstr)         0.001   0.1      0.001   0.1              8
- setsym                 0.001   0.1      0.001   0.1              1
- vtorho  (1)            0.001   0.1      0.001   0.1             10
- ewald2                 0.001   0.1      0.001   0.1              1
- vtorho(4)-mkrho-       0.001   0.1      0.001   0.1             10
- rwwf                   0.000   0.0      0.001   0.1              2
- kpgsph                 0.000   0.0      0.000   0.0              4
- vtowfk  (1)            0.000   0.0      0.000   0.0             20
- vtowfk3(contrib)       0.000   0.0      0.000   0.0             -1
- cgwf3-O(npw)           0.000   0.0      0.000   0.0             -1
- 37   others            0.000   0.0      0.000   0.0

- subtotal               1.292  85.3      1.294  85.4

 Partitioning of abinit 
- abinit                 1.514 100.0      1.515 100.0              1
 
- abinit(1)              0.012   0.8      0.012   0.8              1
- abinit(2)              0.034   2.2      0.034   2.2              1
- invars2m               0.119   7.9      0.120   7.9              1
- abinit(4)              0.001   0.1      0.000   0.0              1
- abinit(5)              0.200  13.2      0.200  13.2              1
- driver                 0.649  42.9      0.649  42.8              1
- abinit(6)              0.000   0.0      0.001   0.1              1
- timing timab           0.498  32.9      0.499  32.9             12

- subtotal               1.513  99.9      1.515 100.0

 Partitioning of driver 
- driver                 0.649  42.9      0.649  42.8              1
 
- gstate                 0.649  42.9      0.648  42.8              1

- subtotal               0.649  42.9      0.648  42.8

 Partitioning of gstate 
- gstate                 0.649  42.9      0.648  42.8              1
 
- gstate->kpgsph         0.003   0.2      0.001   0.1              2
- pspini                 0.429  28.3      0.430  28.4              1
- gstate  (2)            0.000   0.0      0.001   0.1              1
- test_ionmov            0.215  14.2      0.214  14.1              1
- gstate  (3)            0.002   0.1      0.002   0.1              1

- subtotal               0.649  42.9      0.648  42.8

 Partitioning of scfcv 
- scfcv                  0.215  14.2      0.214  14.1              1
 
- scfcv   (1)            0.000   0.0      0.000   0.0              1
- setvtr                 0.003   0.2      0.004   0.3              2
- setvtr:mkcore          0.001   0.1      0.001   0.1              1
- stress-mkcore          0.001   0.1      0.002   0.1              1
- scfcv-read             0.001   0.1      0.000   0.0             10
- vtorho                 0.143   9.4      0.144   9.5             10
- etotfor/=forces        0.026   1.7      0.027   1.8             20
- scfcv-scprqt           0.008   0.5      0.009   0.6             10
- newvtr/newrho          0.008   0.5      0.006   0.4              9
- scfcv   (6)            0.005   0.3      0.005   0.3              2
- stress                 0.003   0.2      0.004   0.3              1

- subtotal               0.199  13.1      0.202  13.3

 Partitioning of etotfor/rhotov 
- etotfor/=forces        0.026   1.7      0.027   1.8             20
- rhotov                 0.019   1.3      0.018   1.2             10
- forces-mkcore          0.010   0.7      0.010   0.7             10
- forces                 0.026   1.7      0.027   1.8             10

- subtotal               0.081   5.4      0.082   5.4

 Partitioning of vtorho 
- vtorho                 0.143   9.4      0.144   9.5             10
 
- vtorho  (1)            0.001   0.1      0.001   0.1             10
- vtowfk                 0.128   8.5      0.125   8.3             20
- vtorho-kpt loop        0.003   0.2      0.006   0.4             10
- vtorho  (4)            0.001   0.1      0.001   0.1             10
- vtorho(symrhg)         0.010   0.7      0.011   0.7             10

- subtotal               0.143   9.4      0.144   9.5

 Partitioning of vtowfk 
- vtowfk                 0.128   8.5      0.125   8.3             20
 
- cgwf                   0.107   7.1      0.103   6.8             24
- subdiago               0.003   0.2      0.000   0.0             24
- orthon                 0.000   0.0      0.003   0.2             24
- nonlop%vtowfk          0.004   0.3      0.004   0.3             80
- fourwf%vtowfk          0.010   0.7      0.008   0.5             80
- nonlocalpart           0.000   0.0      0.000   0.0             20

- subtotal               0.124   8.2      0.118   7.8

 Partitioning of cgwf 
- cgwf                   0.107   7.1      0.103   6.8             24
 
- getghc%cgwf            0.095   6.3      0.085   5.6            372
- cgwf-O(npw)            0.009   0.6      0.014   0.9             -1
- projbd%cgwf            0.003   0.2      0.004   0.3            552

- subtotal               0.107   7.1      0.103   6.8

 Partitioning of getghc 
- getghc                 0.095   6.3      0.085   5.6            372
 
- fourwf%getghc          0.070   4.6      0.070   4.6            372
- nonlop%getghc          0.015   1.0      0.008   0.5            372
- getghc-other           0.010   0.7      0.007   0.5             -1

- subtotal               0.095   6.3      0.085   5.6

 Partitioning of fourwf 
- fourwf(total )         0.080   5.3      0.078   5.1            452
 
- fourwf%getghc          0.070   4.6      0.070   4.6            372
- fourwf%vtowfk          0.010   0.7      0.008   0.5             80

- subtotal               0.080   5.3      0.078   5.1

 Partitioning of sg_fourwf (disabled) 



 Additional information 
- total timab            0.519  34.3      0.520  34.3          90111
- fourwf(total )         0.080   5.3      0.078   5.1            452
- mklocl(2)              0.002   0.1      0.003   0.2             10
- status                 0.005   0.3      0.005   0.3            713
- nonlop(forstr)         0.001   0.1      0.001   0.1              8
- nonlop(total)          0.020   1.3      0.013   0.9            460
- xc:fourdp              0.006   0.4      0.005   0.3             44


 Detailed analysis of some time consuming routines 
                          tcpu    ncalls  tcpu/ncalls    ndata tcpu/ncalls/ndata
                         (sec)                (msec)              (microsec)
- fourwf(pot)            0.070       372       0.188      8192       0.023
- fourwf(den)            0.010        80       0.125      4096       0.031
- fourdp                 0.011        95       0.116      4096       0.028
- nonlop(apply)          0.015       372       0.040       360       0.112
- nonlop(forces)         0.004        80       0.050       360       0.139
- nonlop(forstr)         0.001         8       0.125       360       0.347
- projbd                 0.003       552       0.005       722       0.008
- xc:pot/=fourdp         0.010        11       0.909      4096       0.222

================================================================================

 Calculation completed.
.Delivered    5 WARNINGs and   0 COMMENTs to log file.
+Overall time at end (sec) : cpu=          1.5  wall=          1.5
