
.Version 5.6.3  of ABINIT 
.(sequential version, prepared for a x86_64_linux_gcc4.3 computer) 

.Copyright (C) 1998-2008 ABINIT group . 
 ABINIT comes with ABSOLUTELY NO WARRANTY.
 It is free software, and you are welcome to redistribute it
 under certain conditions (GNU General Public License,
 see ~abinit/COPYING or http://www.gnu.org/copyleft/gpl.txt).

 ABINIT is a project of the Universite Catholique de Louvain,
 Corning Inc. and other collaborators, see ~abinit/doc/developers/contributors.txt .
 Please read ~abinit/doc/users/acknowledgments.html for suggested
 acknowledgments of the ABINIT effort.
 For more information, see http://www.abinit.org .

.Starting date : Thu  6 Nov 2008.
  
- input  file    -> /home/gonze/ABINIT/ABINITv5.6.3/test_gcc43/5.6.3-private/tests/fast/Input/t17.in
- output file    -> t17.out
- root for input  files -> t17i
- root for output files -> t17o


 Symmetries : space group P1 (#  1); Bravais aP (primitive triclinic)
================================================================================
 Values of the parameters that define the memory need of the present run
   intxc =         1  ionmov =         0    iscf =         5 xclevel =         1
  lmnmax =         2   lnmax =         2   mband =         5  mffmem =         1
P  mgfft =        24   mkmem =         1 mpssoang=         3     mpw =       152
  mqgrid =      3001   natom =         2    nfft =      6144    nkpt =         1
  nloalg =         4  nspden =         2 nspinor =         1  nsppol =         2
    nsym =         1  n1xccc =      2501  ntypat =         1  occopt =         2
================================================================================
P This job should need less than                       2.637 Mbytes of memory.
  Rough estimation (10% accuracy) of disk space for files :
  WF disk file :      0.021 Mbytes ; DEN or POT disk file :      0.096 Mbytes.
================================================================================

 -outvars: echo values of preprocessed input variables --------
     acell    1.0000000000E+01  6.0000000000E+00  6.0000000000E+00 Bohr
       amu    2.80855000E+01
    diemac    1.00000000E+00
    diemix    3.33333333E-01
      ecut    7.00000000E+00 Hartree
    enunit         2
     intxc         1
      iscf         5
    isecur        -2
    istwfk      2
P    mkmem         1
     natom         2
     nband      5    3
     ngfft        24      16      16
      nkpt         1
    nspden         2
    nsppol         2
     nstep        25
      nsym         1
    ntypat         1
       occ    1.000000  1.000000  1.000000  1.000000  1.000000
              1.000000  1.000000  1.000000
    occopt         2
   spgroup         1
    tolwfr    1.00000000E-13
     typat    1  1
    xangst   -1.1229140366E+00  0.0000000000E+00  0.0000000000E+00
              1.1229140366E+00  0.0000000000E+00  0.0000000000E+00
     xcart   -2.1220000000E+00  0.0000000000E+00  0.0000000000E+00
              2.1220000000E+00  0.0000000000E+00  0.0000000000E+00
      xred   -2.1220000000E-01  0.0000000000E+00  0.0000000000E+00
              2.1220000000E-01  0.0000000000E+00  0.0000000000E+00
     znucl     14.00000

================================================================================

 chkinp: Checking input parameters for consistency.

================================================================================
== DATASET  1 ==================================================================

 Real(R)+Recip(G) space primitive vectors, cartesian coordinates (Bohr,Bohr^-1):
 R(1)= 10.0000000  0.0000000  0.0000000  G(1)=  0.1000000  0.0000000  0.0000000
 R(2)=  0.0000000  6.0000000  0.0000000  G(2)=  0.0000000  0.1666667  0.0000000
 R(3)=  0.0000000  0.0000000  6.0000000  G(3)=  0.0000000  0.0000000  0.1666667
 Unit cell volume ucvol=  3.6000000E+02 bohr^3
 Angles (23,13,12)=  9.00000000E+01  9.00000000E+01  9.00000000E+01 degrees

 getcut: wavevector=  0.0000  0.0000  0.0000  ngfft=  24  16  16
         ecut(hartree)=      7.000   => boxcut(ratio)=   2.01510

--- Pseudopotential description ------------------------------------------------
- pspini: atom type   1  psp file is /home/gonze/ABINIT/ABINITv5.6.3/test_gcc43/5.6.3-private/tests/Psps_for_tests/14si.pspnc
- pspatm: opening atomic psp file    /home/gonze/ABINIT/ABINITv5.6.3/test_gcc43/5.6.3-private/tests/Psps_for_tests/14si.pspnc
  Troullier-Martins psp for element  Si        Thu Oct 27 17:31:21 EDT 1994
  14.00000   4.00000    940714                znucl, zion, pspdat
    1    1    2    2      2001   0.00000      pspcod,pspxc,lmax,lloc,mmax,r2well
    0   5.907  14.692    1   2.0872718        l,e99.0,e99.9,nproj,rcpsp
   0.00000000   0.00000000   0.00000000   0.00000000     rms, ekb1, ekb2, epsatm
    1   2.617   4.181    1   2.0872718        l,e99.0,e99.9,nproj,rcpsp
   0.00000000   0.00000000   0.00000000   0.00000000     rms, ekb1, ekb2, epsatm
    2   0.000   0.000    0   2.0872718        l,e99.0,e99.9,nproj,rcpsp
   0.00000000   0.00000000   0.00000000   0.00000000     rms, ekb1, ekb2, epsatm
    1.80626423934776    0.22824404341771    1.17378968127746   rchrg,fchrg,qchrg
 pspatm: epsatm=    1.43386982
         --- l  ekb(1:nproj) -->
             0    3.287949
             1    1.849886
 pspatm: atomic psp has been read  and splines computed

   2.29419171E+01                                ecore*ucvol(ha*bohr**3)
--------------------------------------------------------------------------------

P newkpt: treating      5 bands with npw=     152 for ikpt=   1
P newkpt: treating      3 bands with npw=     152 for ikpt=   1

 setup2: Arith. and geom. avg. npw (full set) are     303.000     303.000

================================================================================

     iter   Etot(hartree)      deltaE(h)  residm     vres2    diffor    maxfor
 ETOT  1  -8.7867796212485    -8.787E+00 9.024E-04 7.892E+00 1.699E-02 1.699E-02
 ETOT  2  -8.7907330489612    -3.953E-03 4.498E-09 1.693E+00 9.941E-03 2.693E-02
 ETOT  3  -8.7912027165613    -4.697E-04 2.318E-05 1.296E+00 4.297E-03 3.123E-02
 ETOT  4  -8.7916214841886    -4.188E-04 3.545E-06 3.640E-01 1.422E-03 3.265E-02
 ETOT  5  -8.7917153545030    -9.387E-05 2.811E-06 2.287E-01 2.594E-03 3.524E-02
 ETOT  6  -8.7917529193018    -3.756E-05 2.951E-06 1.626E-01 1.761E-04 3.507E-02
 ETOT  7  -8.7918096124672    -5.669E-05 6.584E-07 2.817E-02 7.667E-04 3.583E-02
 ETOT  8  -8.7918172688463    -7.656E-06 1.371E-07 9.537E-03 3.503E-04 3.548E-02
 ETOT  9  -8.7918214706004    -4.202E-06 3.081E-07 1.683E-04 4.213E-04 3.506E-02
 ETOT 10  -8.7918215636983    -9.310E-08 4.308E-09 1.750E-05 6.172E-05 3.500E-02
 ETOT 11  -8.7918215697829    -6.085E-09 2.636E-10 6.719E-06 9.095E-06 3.499E-02
 ETOT 12  -8.7918215710979    -1.315E-09 1.044E-10 5.166E-06 3.101E-06 3.499E-02
 ETOT 13  -8.7918215726244    -1.526E-09 1.843E-11 1.418E-06 1.320E-07 3.499E-02
 ETOT 14  -8.7918215732548    -6.305E-10 2.139E-11 5.117E-07 1.437E-06 3.499E-02
 ETOT 15  -8.7918215736851    -4.303E-10 3.752E-11 8.471E-08 3.111E-06 3.498E-02
 ETOT 16  -8.7918215737238    -3.876E-11 1.551E-12 9.648E-09 3.818E-07 3.498E-02
 ETOT 17  -8.7918215737290    -5.150E-12 3.225E-13 2.436E-09 9.112E-09 3.498E-02
 ETOT 18  -8.7918215737299    -9.184E-13 7.053E-14 2.448E-10 9.483E-08 3.498E-02

 At SCF step   18   max residual=  7.05E-14 < tolwfr=  1.00E-13 =>converged.

 Cartesian components of stress tensor (hartree/bohr^3)
  sigma(1 1)= -1.61410152E-04  sigma(3 2)= -4.66127716E-12
  sigma(2 2)=  6.72433992E-04  sigma(3 1)= -2.49013746E-11
  sigma(3 3)=  6.72433960E-04  sigma(2 1)=  1.57811912E-11

================================================================================

 ----iterations are completed or convergence reached----

 Mean square residual over all n,k,spin=   3.4411E-14; max=  7.0526E-14
   0.0000  0.0000  0.0000    1  7.05262E-14 kpt; spin; max resid(k); each band:
 2.13E-14 1.66E-14 4.99E-14 7.05E-14 6.57E-14
   0.0000  0.0000  0.0000    2  2.03503E-14 kpt; spin; max resid(k); each band:
 1.95E-14 1.14E-14 2.04E-14
 reduced coordinates (array xred) for    2 atoms
      -0.212200000000      0.000000000000      0.000000000000
       0.212200000000      0.000000000000      0.000000000000
 rms dE/dt=  2.0197E-01; max dE/dt=  3.4983E-01; dE/dt below (all hartree)
    1       0.349830535009      0.000000347766     -0.000000203562
    2      -0.349830678512      0.000000300427     -0.000000116370

 cartesian coordinates (angstrom) at end:
    1     -1.12291403662798     0.00000000000000     0.00000000000000
    2      1.12291403662798     0.00000000000000     0.00000000000000

 cartesian forces (hartree/bohr) at end:
    1     -0.03498306067604    -0.00000000394487     0.00000000726599
    2      0.03498306067604     0.00000000394487    -0.00000000726599
 frms,max,avg= 2.0197479E-02 3.4983061E-02   7.175E-09 -5.402E-08  2.666E-08 h/b

 cartesian forces (eV/Angstrom) at end:
    1     -1.79890115674090    -0.00000020285317     0.00000037363216
    2      1.79890115674090     0.00000020285317    -0.00000037363216
 frms,max,avg= 1.0385961E+00 1.7989012E+00   3.690E-07 -2.778E-06  1.371E-06 e/A
 length scales= 10.000000000000  6.000000000000  6.000000000000 bohr
              =  5.291772085900  3.175063251540  3.175063251540 angstroms
 prteigrs : about to open file t17o_EIG
 Fermi (or HOMO) energy (hartree) =   0.20067   Average Vxc (hartree)=  -0.32032
 Eigenvalues (hartree) for nkpt=   1  k points, SPIN UP:
 kpt#   1, nband=  5, wtk=  1.00000, kpt=  0.0000  0.0000  0.0000 (reduced coord)
  -0.27817  -0.09996  -0.02674   0.20067   0.20067
 Eigenvalues (hartree) for nkpt=   1  k points, SPIN DOWN:
 kpt#   1, nband=  3, wtk=  1.00000, kpt=  0.0000  0.0000  0.0000 (reduced coord)
  -0.24114  -0.06588  -0.00432
 Fermi (or HOMO) energy (eV) =   5.46063   Average Vxc (eV)=  -8.71648
 Eigenvalues (   eV  ) for nkpt=   1  k points, SPIN UP:
 kpt#   1, nband=  5, wtk=  1.00000, kpt=  0.0000  0.0000  0.0000 (reduced coord)
  -7.56936  -2.72005  -0.72771   5.46063   5.46063
 Eigenvalues (   eV  ) for nkpt=   1  k points, SPIN DOWN:
 kpt#   1, nband=  3, wtk=  1.00000, kpt=  0.0000  0.0000  0.0000 (reduced coord)
  -6.56188  -1.79264  -0.11744
 Total charge density [el/Bohr^3]
,     Maximum=    7.7261E-02  at reduced coord.    0.0000    0.0000    0.0000
,Next maximum=    7.5218E-02  at reduced coord.    0.9583    0.0000    0.0000
,     Minimum=    2.6458E-03  at reduced coord.    0.0000    0.5000    0.5000
,Next minimum=    2.7199E-03  at reduced coord.    0.0417    0.5000    0.5000
 Spin up density      [el/Bohr^3]
,     Maximum=    4.1065E-02  at reduced coord.    0.1250    0.8750    0.1250
,Next maximum=    4.1065E-02  at reduced coord.    0.1250    0.1250    0.8750
,     Minimum=    1.2642E-03  at reduced coord.    0.0000    0.5000    0.5000
,Next minimum=    1.3014E-03  at reduced coord.    0.0417    0.5000    0.5000
 Spin down density    [el/Bohr^3]
,     Maximum=    3.8888E-02  at reduced coord.    0.0000    0.0000    0.0000
,Next maximum=    3.7834E-02  at reduced coord.    0.9583    0.0000    0.0000
,     Minimum=    1.3816E-03  at reduced coord.    0.0000    0.5000    0.5000
,Next minimum=    1.4184E-03  at reduced coord.    0.0417    0.5000    0.5000
 Magnetization (spin up - spin down) [el/Bohr^3]
,     Maximum=    2.4887E-02  at reduced coord.    0.1667    0.8125    0.1250
,Next maximum=    2.4887E-02  at reduced coord.    0.1667    0.8750    0.1875
,     Minimum=   -1.3129E-03  at reduced coord.    0.6250    0.0000    0.0000
,Next minimum=   -1.3129E-03  at reduced coord.    0.3750    0.0000    0.0000
 Relative magnetization (=zeta, between -1 and 1)
,     Maximum=    4.7898E-01  at reduced coord.    0.1250    0.7500    0.2500
,Next maximum=    4.7898E-01  at reduced coord.    0.1250    0.7500    0.7500
,     Minimum=   -4.4372E-02  at reduced coord.    0.0000    0.5000    0.5000
,Next minimum=   -4.3020E-02  at reduced coord.    0.0417    0.5000    0.5000

--------------------------------------------------------------------------------
 Components of total free energy (in Hartree) :

    Kinetic energy  =  2.67300713251282E+00
    Hartree energy  =  5.35425141988411E-01
    XC energy       = -3.35526117993655E+00
    Ewald energy    = -7.74556193811080E+00
    PspCore energy  =  6.37275476169690E-02
    Loc. psp. energy= -2.86566023053778E+00
    NL   psp  energy=  1.90250195273702E+00
    >>>>>>>>> Etotal= -8.79182157372991E+00

 Other information on the energy :
    Total energy(eV)= -2.39237631671394E+02 ; Band energy (Ha)=  -3.1486140119E-01
--------------------------------------------------------------------------------

 Cartesian components of stress tensor (hartree/bohr^3)
  sigma(1 1)= -1.61410152E-04  sigma(3 2)= -4.66127716E-12
  sigma(2 2)=  6.72433992E-04  sigma(3 1)= -2.49013746E-11
  sigma(3 3)=  6.72433960E-04  sigma(2 1)=  1.57811912E-11

-Cartesian components of stress tensor (GPa)         [Pressure= -1.1606E+01 GPa]
- sigma(1 1)= -4.74884981E+00  sigma(3 2)= -1.37139486E-07
- sigma(2 2)=  1.97836877E+01  sigma(3 1)= -7.32623610E-07
- sigma(3 3)=  1.97836868E+01  sigma(2 1)=  4.64298598E-07

== END DATASET(S) ==============================================================
================================================================================
  
 -outvars: echo values of variables after computation  --------
     acell    1.0000000000E+01  6.0000000000E+00  6.0000000000E+00 Bohr
       amu    2.80855000E+01
    diemac    1.00000000E+00
    diemix    3.33333333E-01
      ecut    7.00000000E+00 Hartree
    enunit         2
    etotal   -8.7918215737E+00
     fcart   -3.4983060676E-02 -3.9448663977E-09  7.2659893244E-09
              3.4983060676E-02  3.9448663977E-09 -7.2659893244E-09
     intxc         1
      iscf         5
    isecur        -2
    istwfk      2
P    mkmem         1
     natom         2
     nband      5    3
     ngfft        24      16      16
      nkpt         1
    nspden         2
    nsppol         2
     nstep        25
      nsym         1
    ntypat         1
       occ    1.000000  1.000000  1.000000  1.000000  1.000000
              1.000000  1.000000  1.000000
    occopt         2
   spgroup         1
    strten   -1.6141015151E-04  6.7243399193E-04  6.7243395957E-04
             -4.6612771565E-12 -2.4901374573E-11  1.5781191234E-11
    tolwfr    1.00000000E-13
     typat    1  1
    xangst   -1.1229140366E+00  0.0000000000E+00  0.0000000000E+00
              1.1229140366E+00  0.0000000000E+00  0.0000000000E+00
     xcart   -2.1220000000E+00  0.0000000000E+00  0.0000000000E+00
              2.1220000000E+00  0.0000000000E+00  0.0000000000E+00
      xred   -2.1220000000E-01  0.0000000000E+00  0.0000000000E+00
              2.1220000000E-01  0.0000000000E+00  0.0000000000E+00
     znucl     14.00000

================================================================================

- Total cpu        time (s,m,h):          1.3        0.02      0.000
- Total wall clock time (s,m,h):          1.3        0.02      0.000

- For major independent code sections, cpu and wall times (sec),
- as well as % of the total time and number of calls 

- routine                 cpu     %       wall     %      number of calls 
-                                                          (-1=no count)
- timing timab           0.362  28.5      0.362  28.6             11
- pspini                 0.226  17.8      0.226  17.8              1
- fourwf(pot)            0.135  10.6      0.128  10.1            750
- invars2                0.103   8.1      0.104   8.2              1
- xc:pot/=fourdp         0.101   8.0      0.102   8.1             19
- forces                 0.066   5.2      0.063   5.0             18
- fourdp                 0.031   2.4      0.032   2.5            192
- abinit(2)              0.030   2.4      0.030   2.4              1
- mkcore                 0.025   2.0      0.026   2.1             20
- fourwf(den)            0.014   1.1      0.018   1.4            144
- nonlop(apply)          0.011   0.9      0.011   0.9            750
- vtowfk(ssdiag)         0.011   0.9      0.009   0.7             -1
- getghc-other           0.009   0.7      0.013   1.0             -1
- vtorho(4)-mkrho-       0.008   0.6      0.010   0.8             18
- stress                 0.007   0.6      0.007   0.6              1
- projbd                 0.007   0.6      0.009   0.7           1180
- vtowfk  (1)            0.002   0.2      0.007   0.6             36
- 53   others            0.034   2.7      0.035   2.8

- subtotal               1.182  93.2      1.192  94.1

================================================================================

 Calculation completed.
.Delivered   10 WARNINGs and   1 COMMENTs to log file.
+Overall time at end (sec) : cpu=          1.3  wall=          1.3
