
.Version 5.6.3  of ABINIT 
.(sequential version, prepared for a x86_64_linux_gcc4.3 computer) 

.Copyright (C) 1998-2008 ABINIT group . 
 ABINIT comes with ABSOLUTELY NO WARRANTY.
 It is free software, and you are welcome to redistribute it
 under certain conditions (GNU General Public License,
 see ~abinit/COPYING or http://www.gnu.org/copyleft/gpl.txt).

 ABINIT is a project of the Universite Catholique de Louvain,
 Corning Inc. and other collaborators, see ~abinit/doc/developers/contributors.txt .
 Please read ~abinit/doc/users/acknowledgments.html for suggested
 acknowledgments of the ABINIT effort.
 For more information, see http://www.abinit.org .

.Starting date : Tue 11 Nov 2008.
  
- input  file    -> /home/gonze/ABINIT/ABINITv5.6.3/5.6.3-private/tests/fast/Input/t23.in
- output file    -> t23.out
- root for input  files -> t23i
- root for output files -> t23o


 Symmetries : space group P1 (#  1); Bravais aP (primitive triclinic)
================================================================================
 Values of the parameters that define the memory need of the present run
   intxc =         1  ionmov =         0    iscf =        -2 xclevel =         1
  lmnmax =         2   lnmax =         2   mband =         8  mffmem =         1
P  mgfft =        24   mkmem =         2 mpssoang=         3     mpw =       162
  mqgrid =      3001   natom =         2    nfft =      6144    nkpt =         2
  nloalg =         4  nspden =         2 nspinor =         1  nsppol =         2
    nsym =         1  n1xccc =      2501  ntypat =         1  occopt =         2
================================================================================
P This job should need less than                       1.684 Mbytes of memory.
P Max. in main chain + fourwf.f
P          9 blocks of mpw  integer numbers, for      0.006 Mbytes.
P        103 blocks of mpw  real(dp)  numbers, for      0.127 Mbytes.
P         21 blocks of nfft real(dp)  numbers, for      0.984 Mbytes.
P            Additional     real(dp)  numbers, for      0.330 Mbytes.
P            With residue estimated to be             0.237 Mbytes.
P
P Comparison of the memory needs of different chains
P Main chain + fourwf.f                 1.684 Mbytes.
P Main chain + nonlop.f + opernl.f      1.552 Mbytes.
P XC chain                              1.664 Mbytes.
P mkrho chain                           1.139 Mbytes.
P fourdp chain                          1.139 Mbytes.
P newvtr chain                          1.139 Mbytes.
  Rough estimation (10% accuracy) of disk space for files :
  WF disk file :      0.081 Mbytes ; DEN or POT disk file :      0.096 Mbytes.
================================================================================

 -outvars: echo values of preprocessed input variables --------
     acell    1.0000000000E+01  6.0000000000E+00  6.0000000000E+00 Bohr
       amu    2.80855000E+01
      ecut    7.00000000E+00 Hartree
    enunit         2
     intxc         1
    irdwfk         1
      iscf        -2
    istwfk      2    3
       kpt    0.00000000E+00  0.00000000E+00  0.00000000E+00
              5.00000000E-01  0.00000000E+00  0.00000000E+00
P    mkmem         2
     natom         2
     nband      8    8    8    8
     ngfft        24      16      16
      nkpt         2
     nline         8
    nspden         2
    nsppol         2
     nstep        50
      nsym         1
     ntime        10
    ntypat         1
    occopt         2
    prtvol        10
   spgroup         1
    timopt        -1
    tolwfr    1.00000000E-10
     typat    1  1
    xangst   -1.1229140366E+00  0.0000000000E+00  0.0000000000E+00
              1.1229140366E+00  0.0000000000E+00  0.0000000000E+00
     xcart   -2.1220000000E+00  0.0000000000E+00  0.0000000000E+00
              2.1220000000E+00  0.0000000000E+00  0.0000000000E+00
      xred   -2.1220000000E-01  0.0000000000E+00  0.0000000000E+00
              2.1220000000E-01  0.0000000000E+00  0.0000000000E+00
     znucl     14.00000

================================================================================

 chkinp: Checking input parameters for consistency.

================================================================================
== DATASET  1 ==================================================================

 Real(R)+Recip(G) space primitive vectors, cartesian coordinates (Bohr,Bohr^-1):
 R(1)= 10.0000000  0.0000000  0.0000000  G(1)=  0.1000000  0.0000000  0.0000000
 R(2)=  0.0000000  6.0000000  0.0000000  G(2)=  0.0000000  0.1666667  0.0000000
 R(3)=  0.0000000  0.0000000  6.0000000  G(3)=  0.0000000  0.0000000  0.1666667
 Unit cell volume ucvol=  3.6000000E+02 bohr^3
 Angles (23,13,12)=  9.00000000E+01  9.00000000E+01  9.00000000E+01 degrees

 getcut: wavevector=  0.0000  0.0000  0.0000  ngfft=  24  16  16
         ecut(hartree)=      7.000   => boxcut(ratio)=   2.01510

--- Pseudopotential description ------------------------------------------------
- pspini: atom type   1  psp file is /home/gonze/ABINIT/ABINITv5.6.3/5.6.3-private/tests/Psps_for_tests/14si.pspnc
- pspatm: opening atomic psp file    /home/gonze/ABINIT/ABINITv5.6.3/5.6.3-private/tests/Psps_for_tests/14si.pspnc
  Troullier-Martins psp for element  Si        Thu Oct 27 17:31:21 EDT 1994
  14.00000   4.00000    940714                znucl, zion, pspdat
    1    1    2    2      2001   0.00000      pspcod,pspxc,lmax,lloc,mmax,r2well
    0   5.907  14.692    1   2.0872718        l,e99.0,e99.9,nproj,rcpsp
   0.00000000   0.00000000   0.00000000   0.00000000     rms, ekb1, ekb2, epsatm
    1   2.617   4.181    1   2.0872718        l,e99.0,e99.9,nproj,rcpsp
   0.00000000   0.00000000   0.00000000   0.00000000     rms, ekb1, ekb2, epsatm
    2   0.000   0.000    0   2.0872718        l,e99.0,e99.9,nproj,rcpsp
   0.00000000   0.00000000   0.00000000   0.00000000     rms, ekb1, ekb2, epsatm
    1.80626423934776    0.22824404341771    1.17378968127746   rchrg,fchrg,qchrg
 pspatm: epsatm=    1.43386982
         --- l  ekb(1:nproj) -->
             0    3.287949
             1    1.849886
 pspatm: atomic psp has been read  and splines computed

--------------------------------------------------------------------------------

-inwffil : will read wavefunctions from disk file t23i_WFK
- newkpt: read input wf with ikpt,npw=   1     152, make ikpt,npw=   1     152
- newkpt: read input wf with ikpt,npw=   2     162, make ikpt,npw=   2     162
- newkpt: read input wf with ikpt,npw=   1     152, make ikpt,npw=   1     152
- newkpt: read input wf with ikpt,npw=   2     162, make ikpt,npw=   2     162


================================================================================
 prteigrs : about to open file t23o_EIG

 SPIN UP channel
 Non-SCF case, kpt    1 (  0.00000  0.00000  0.00000), residuals and eigenvalues=
  3.59E-14  3.16E-14  6.07E-14  9.20E-14  9.46E-14  4.72E-11  3.73E-11  8.79E-11
 -2.7817E-01 -9.9960E-02 -2.6743E-02  2.0067E-01  2.0067E-01  3.2987E-01
  3.2987E-01  3.3381E-01
 Non-SCF case, kpt    2 (  0.50000  0.00000  0.00000), residuals and eigenvalues=
  3.45E-11  4.31E-11  2.77E-11  8.11E-12  3.37E-11  4.80E-11  2.47E-11  7.05E-11
 -2.6261E-01 -1.7170E-01  1.1636E-01  2.0760E-01  2.1353E-01  2.1353E-01
  2.9008E-01  2.9008E-01

 SPIN DOWN channel
 Non-SCF case, kpt    1 (  0.00000  0.00000  0.00000), residuals and eigenvalues=
  5.08E-14  3.78E-14  3.21E-14  1.07E-11  5.59E-11  3.36E-11  9.79E-11  5.72E-11
 -2.4114E-01 -6.5878E-02 -4.3157E-03  2.4494E-01  2.4494E-01  3.5990E-01
  3.6244E-01  3.7125E-01
 Non-SCF case, kpt    2 (  0.50000  0.00000  0.00000), residuals and eigenvalues=
  5.46E-11  8.42E-11  2.47E-11  9.25E-11  4.62E-11  5.05E-11  8.67E-11  5.27E-11
 -2.2225E-01 -1.4607E-01  1.4417E-01  2.3575E-01  2.6060E-01  2.6060E-01
  3.2573E-01  3.2573E-01
================================================================================

 ----iterations are completed or convergence reached----

 Mean square residual over all n,k,spin=   3.7824E-11; max=  9.7884E-11
   0.0000  0.0000  0.0000    1  8.78622E-11 kpt; spin; max resid(k); each band:
 3.59E-14 3.16E-14 6.07E-14 9.20E-14 9.46E-14 4.72E-11 3.73E-11 8.79E-11
   0.5000  0.0000  0.0000    1  7.05239E-11 kpt; spin; max resid(k); each band:
 3.45E-11 4.31E-11 2.77E-11 8.11E-12 3.37E-11 4.80E-11 2.47E-11 7.05E-11
   0.0000  0.0000  0.0000    2  9.78840E-11 kpt; spin; max resid(k); each band:
 5.08E-14 3.78E-14 3.21E-14 1.07E-11 5.59E-11 3.36E-11 9.79E-11 5.72E-11
   0.5000  0.0000  0.0000    2  9.24687E-11 kpt; spin; max resid(k); each band:
 5.46E-11 8.42E-11 2.47E-11 9.25E-11 4.62E-11 5.05E-11 8.67E-11 5.27E-11
 reduced coordinates (array xred) for    2 atoms
      -0.212200000000      0.000000000000      0.000000000000
       0.212200000000      0.000000000000      0.000000000000

 cartesian coordinates (angstrom) at end:
    1     -1.12291403662798     0.00000000000000     0.00000000000000
    2      1.12291403662798     0.00000000000000     0.00000000000000
 length scales= 10.000000000000  6.000000000000  6.000000000000 bohr
              =  5.291772085900  3.175063251540  3.175063251540 angstroms
 prteigrs : about to open file t23o_EIG
 Eigenvalues (hartree) for nkpt=   2  k points, SPIN UP:
 kpt#   1, nband=  8, wtk=  1.00000, kpt=  0.0000  0.0000  0.0000 (reduced coord)
  -0.27817  -0.09996  -0.02674   0.20067   0.20067   0.32987   0.32987   0.33381
 kpt#   2, nband=  8, wtk=  1.00000, kpt=  0.5000  0.0000  0.0000 (reduced coord)
  -0.26261  -0.17170   0.11636   0.20760   0.21353   0.21353   0.29008   0.29008
 Eigenvalues (hartree) for nkpt=   2  k points, SPIN DOWN:
 kpt#   1, nband=  8, wtk=  1.00000, kpt=  0.0000  0.0000  0.0000 (reduced coord)
  -0.24114  -0.06588  -0.00432   0.24494   0.24494   0.35990   0.36244   0.37125
 kpt#   2, nband=  8, wtk=  1.00000, kpt=  0.5000  0.0000  0.0000 (reduced coord)
  -0.22225  -0.14607   0.14417   0.23575   0.26060   0.26060   0.32573   0.32573
 Eigenvalues (   eV  ) for nkpt=   2  k points, SPIN UP:
 kpt#   1, nband=  8, wtk=  1.00000, kpt=  0.0000  0.0000  0.0000 (reduced coord)
  -7.56936  -2.72005  -0.72771   5.46063   5.46063   8.97631   8.97631   9.08341
 kpt#   2, nband=  8, wtk=  1.00000, kpt=  0.5000  0.0000  0.0000 (reduced coord)
  -7.14601  -4.67225   3.16620   5.64905   5.81052   5.81052   7.89349   7.89349
 Eigenvalues (   eV  ) for nkpt=   2  k points, SPIN DOWN:
 kpt#   1, nband=  8, wtk=  1.00000, kpt=  0.0000  0.0000  0.0000 (reduced coord)
  -6.56188  -1.79264  -0.11744   6.66503   6.66503   9.79328   9.86237  10.10216
 kpt#   2, nband=  8, wtk=  1.00000, kpt=  0.5000  0.0000  0.0000 (reduced coord)
  -6.04771  -3.97464   3.92317   6.41509   7.09142   7.09142   8.86344   8.86344
 Total charge density [el/Bohr^3]
,     Maximum=    7.7261E-02  at reduced coord.    0.0000    0.0000    0.0000
,Next maximum=    7.5218E-02  at reduced coord.    0.9583    0.0000    0.0000
,     Minimum=    2.6458E-03  at reduced coord.    0.0000    0.5000    0.5000
,Next minimum=    2.7199E-03  at reduced coord.    0.0417    0.5000    0.5000
 Spin up density      [el/Bohr^3]
,     Maximum=    4.1065E-02  at reduced coord.    0.1250    0.8750    0.1250
,Next maximum=    4.1065E-02  at reduced coord.    0.1250    0.1250    0.8750
,     Minimum=    1.2642E-03  at reduced coord.    0.0000    0.5000    0.5000
,Next minimum=    1.3014E-03  at reduced coord.    0.0417    0.5000    0.5000
 Spin down density    [el/Bohr^3]
,     Maximum=    3.8888E-02  at reduced coord.    0.0000    0.0000    0.0000
,Next maximum=    3.7834E-02  at reduced coord.    0.9583    0.0000    0.0000
,     Minimum=    1.3816E-03  at reduced coord.    0.0000    0.5000    0.5000
,Next minimum=    1.4184E-03  at reduced coord.    0.0417    0.5000    0.5000
 Magnetization (spin up - spin down) [el/Bohr^3]
,     Maximum=    2.4887E-02  at reduced coord.    0.1667    0.8125    0.1250
,Next maximum=    2.4887E-02  at reduced coord.    0.1667    0.8750    0.1875
,     Minimum=   -1.3129E-03  at reduced coord.    0.6250    0.0000    0.0000
,Next minimum=   -1.3129E-03  at reduced coord.    0.3750    0.0000    0.0000
 Relative magnetization (=zeta, between -1 and 1)
,     Maximum=    4.7898E-01  at reduced coord.    0.1250    0.7500    0.2500
,Next maximum=    4.7898E-01  at reduced coord.    0.1250    0.7500    0.7500
,     Minimum=   -4.4372E-02  at reduced coord.    0.0000    0.5000    0.5000
,Next minimum=   -4.3020E-02  at reduced coord.    0.0417    0.5000    0.5000

== END DATASET(S) ==============================================================
================================================================================
  
 -outvars: echo values of variables after computation  --------
     acell    1.0000000000E+01  6.0000000000E+00  6.0000000000E+00 Bohr
       amu    2.80855000E+01
      ecut    7.00000000E+00 Hartree
    enunit         2
     intxc         1
    irdwfk         1
      iscf        -2
    istwfk      2    3
       kpt    0.00000000E+00  0.00000000E+00  0.00000000E+00
              5.00000000E-01  0.00000000E+00  0.00000000E+00
P    mkmem         2
     natom         2
     nband      8    8    8    8
     ngfft        24      16      16
      nkpt         2
     nline         8
    nspden         2
    nsppol         2
     nstep        50
      nsym         1
     ntime        10
    ntypat         1
    occopt         2
    prtvol        10
   spgroup         1
    timopt        -1
    tolwfr    1.00000000E-10
     typat    1  1
    xangst   -1.1229140366E+00  0.0000000000E+00  0.0000000000E+00
              1.1229140366E+00  0.0000000000E+00  0.0000000000E+00
     xcart   -2.1220000000E+00  0.0000000000E+00  0.0000000000E+00
              2.1220000000E+00  0.0000000000E+00  0.0000000000E+00
      xred   -2.1220000000E-01  0.0000000000E+00  0.0000000000E+00
              2.1220000000E-01  0.0000000000E+00  0.0000000000E+00
     znucl     14.00000

================================================================================

 Test the timer : 
  a combined call timab(*,1,tsec) + timab(*,2,tsec) is 
- CPU time =    5.9088E-06 sec,    Wall time =    5.9088E-06 sec

- Total cpu        time (s,m,h):          1.1        0.02      0.000
- Total wall clock time (s,m,h):          1.1        0.02      0.000

- For major independent code sections, cpu and wall times (sec),
- as well as % of the total time and number of calls 

- routine                 cpu     %       wall     %      number of calls 
-                                                          (-1=no count)
- timing timab           0.511  44.9      0.511  44.9             12
- pspini                 0.226  19.9      0.227  20.0              1
- fourwf(pot)            0.125  11.0      0.121  10.6            634
- invars2                0.103   9.1      0.103   9.1              1
- abinit(2)              0.030   2.6      0.029   2.6              1
- vtowfk(ssdiag)         0.010   0.9      0.007   0.6             -1
- projbd                 0.010   0.9      0.007   0.6            948
- xc:pot/=fourdp         0.007   0.6      0.005   0.4              1
- ewald                  0.006   0.5      0.005   0.4              1
- nonlop(apply)          0.005   0.4      0.015   1.3            634
- status                 0.005   0.4      0.006   0.5            533
- inwffil                0.003   0.3      0.002   0.2              1
- getghc-other           0.003   0.3      0.006   0.5             -1
- fourdp                 0.002   0.2      0.003   0.3             11
- vtowfk(contrib)        0.001   0.1      0.001   0.1              4
- rwwf                   0.001   0.1      0.001   0.1              8
- mkcore                 0.001   0.1      0.002   0.2              1
- vtorho  (1)            0.000   0.0      0.000   0.0              1
- kpgsph                 0.000   0.0      0.000   0.0              8
- vtorho-kpt loop        0.000   0.0      0.000   0.0              2
- vtowfk  (1)            0.000   0.0      0.000   0.0              4
- vtorho(4)-mkrho-       0.000   0.0      0.000   0.0              1
- vtowfk3(contrib)       0.000   0.0      0.000   0.0             -1
- cgwf3-O(npw)           0.000   0.0      0.000   0.0             -1
- 46   others            0.000   0.0      0.000   0.0

- subtotal               1.049  92.2      1.051  92.4

 Partitioning of abinit 
- abinit                 1.138 100.0      1.137 100.0              1
 
- abinit(1)              0.011   1.0      0.010   0.9              1
- abinit(2)              0.030   2.6      0.029   2.6              1
- invars2m               0.103   9.1      0.104   9.1              1
- abinit(4)              0.001   0.1      0.000   0.0              1
- abinit(5)              0.054   4.7      0.054   4.7              1
- driver                 0.427  37.5      0.428  37.6              1
- abinit(6)              0.001   0.1      0.000   0.0              1
- timing timab           0.511  44.9      0.511  44.9             12

- subtotal               1.138 100.0      1.136  99.9

 Partitioning of driver 
- driver                 0.427  37.5      0.428  37.6              1
 
- gstate                 0.427  37.5      0.427  37.6              1

- subtotal               0.427  37.5      0.427  37.6

 Partitioning of gstate 
- gstate                 0.427  37.5      0.427  37.6              1
 
- gstate->kpgsph         0.004   0.4      0.002   0.2              2
- pspini                 0.226  19.9      0.227  20.0              1
- gstate  (2)            0.001   0.1      0.002   0.2              1
- test_ionmov            0.194  17.0      0.194  17.1              1
- gstate  (3)            0.002   0.2      0.002   0.2              1

- subtotal               0.427  37.5      0.427  37.6

 Partitioning of scfcv 
- scfcv                  0.194  17.0      0.194  17.1              1
 
- scfcv   (1)            0.000   0.0      0.000   0.0              1
- setvtr                 0.015   1.3      0.013   1.1              2
- setvtr:mkcore          0.001   0.1      0.002   0.2              1
- scfcv-read             0.000   0.0      0.001   0.1              1
- vtorho                 0.177  15.6      0.177  15.6              1
- scfcv   (6)            0.000   0.0      0.000   0.0              2

- subtotal               0.193  17.0      0.193  17.0

 Partitioning of vtorho 
- vtorho                 0.177  15.6      0.177  15.6              1
 
- vtorho  (1)            0.000   0.0      0.000   0.0              1
- vtowfk                 0.176  15.5      0.176  15.5              4
- vtorho-kpt loop        0.000   0.0      0.000   0.0              2
- vtorho  (4)            0.000   0.0      0.000   0.0              1

- subtotal               0.176  15.5      0.176  15.5

 Partitioning of vtowfk 
- vtowfk                 0.176  15.5      0.176  15.5              4
 
- cgwf                   0.165  14.5      0.168  14.8             20
- subdiago               0.002   0.2      0.002   0.2             20
- orthon                 0.007   0.6      0.003   0.3             20
- nonlocalpart           0.000   0.0      0.000   0.0              4

- subtotal               0.174  15.3      0.173  15.2

 Partitioning of cgwf 
- cgwf                   0.165  14.5      0.168  14.8             20
 
- getghc%cgwf            0.133  11.7      0.142  12.5            634
- cgwf-O(npw)            0.022   1.9      0.019   1.7             -1
- projbd%cgwf            0.010   0.9      0.007   0.6            948

- subtotal               0.165  14.5      0.168  14.8

 Partitioning of getghc 
- getghc                 0.133  11.7      0.142  12.5            634
 
- fourwf%getghc          0.125  11.0      0.121  10.6            634
- nonlop%getghc          0.005   0.4      0.015   1.3            634
- getghc-other           0.003   0.3      0.006   0.5             -1

- subtotal               0.133  11.7      0.142  12.5

 Partitioning of fourwf 
- fourwf(total )         0.125  11.0      0.121  10.6            634
 
- fourwf%getghc          0.125  11.0      0.121  10.6            634

- subtotal               0.125  11.0      0.121  10.6

 Partitioning of sg_fourwf (disabled) 



 Additional information 
- total timab            0.540  47.4      0.540  47.5          91365
- fourwf(total )         0.125  11.0      0.121  10.6            634
- status                 0.005   0.4      0.006   0.5            533
- nonlop(total)          0.005   0.4      0.015   1.3            634
- xc:fourdp              0.001   0.1      0.002   0.2              8


 Detailed analysis of some time consuming routines 
                          tcpu    ncalls  tcpu/ncalls    ndata tcpu/ncalls/ndata
                         (sec)                (msec)              (microsec)
- fourwf(pot)            0.125       634       0.197     12288       0.016
- fourwf(den)            0.000         0
- fourdp                 0.002        11       0.182      6144       0.030
- nonlop(apply)          0.005       634       0.008       626       0.013
- nonlop(forces)         0.000         0
- nonlop(forstr)         0.000         0
- projbd                 0.010       948       0.011      2508       0.004
- xc:pot/=fourdp         0.007         1       7.000     12288       0.570

================================================================================

 Calculation completed.
.Delivered    7 WARNINGs and   1 COMMENTs to log file.
+Overall time at end (sec) : cpu=          1.1  wall=          1.1
