
.Version 5.6.3  of ABINIT 
.(sequential version, prepared for a x86_64_linux_gcc4.3 computer) 

.Copyright (C) 1998-2008 ABINIT group . 
 ABINIT comes with ABSOLUTELY NO WARRANTY.
 It is free software, and you are welcome to redistribute it
 under certain conditions (GNU General Public License,
 see ~abinit/COPYING or http://www.gnu.org/copyleft/gpl.txt).

 ABINIT is a project of the Universite Catholique de Louvain,
 Corning Inc. and other collaborators, see ~abinit/doc/developers/contributors.txt .
 Please read ~abinit/doc/users/acknowledgments.html for suggested
 acknowledgments of the ABINIT effort.
 For more information, see http://www.abinit.org .

.Starting date : Thu  6 Nov 2008.
  
- input  file    -> /home/gonze/ABINIT/ABINITv5.6.3/test_gcc43/5.6.3-private/tests/fast/Input/t25.in
- output file    -> t25.out
- root for input  files -> t25i
- root for output files -> t25o


 Symmetries : space group F-4 3 m (#216); Bravais cF (face-center cubic)
================================================================================
 Values of the parameters that define the memory need of the present run
   intxc =         1  ionmov =         0    iscf =         3 xclevel =         1
  lmnmax =         2   lnmax =         2   mband =         7  mffmem =         0
P  mgfft =        24   mkmem =         0 mpssoang=         3     mpw =       637
  mqgrid =      3001   natom =         2    nfft =     13824    nkpt =         2
  nloalg =         4  nspden =         1 nspinor =         1  nsppol =         1
    nsym =        24  n1xccc =      2501  ntypat =         2  occopt =         0
================================================================================
P This job should need less than                       3.226 Mbytes of memory.
  Rough estimation (10% accuracy) of disk space for files :
  WF disk file :      0.138 Mbytes ; DEN or POT disk file :      0.107 Mbytes.
  mkmem==0 => use of 2 WF temporary disk files
  mffmem==0, iscf==3 => use of 1 FFT temporary disk file,
                       4 times bigger than a DEN file.
================================================================================

 -outvars: echo values of preprocessed input variables --------
     acell    1.1890000000E+01  1.1890000000E+01  1.1890000000E+01 Bohr
       amu    3.90983000E+01  3.54527000E+01
      ecut    1.00000000E+01 Hartree
    enunit         2
     intxc         1
      iscf         3
       kpt    1.00000000E+00  1.00000000E+00  1.00000000E+00
              1.00000000E+00  2.00000000E+00  2.00000000E+00
    kptnrm    4.00000000E+00
    mffmem         0
P    mkmem         0
     natom         2
     nband         7
     ngfft        24      24      24
      nkpt         2
     nline        12
      nsym        24
    ntypat         2
       occ    2.000000  2.000000  2.000000  2.000000  2.000000  2.000000
              2.000000
    occopt         0
     rprim    0.0000000000E+00  5.0000000000E-01  5.0000000000E-01
              5.0000000000E-01  0.0000000000E+00  5.0000000000E-01
              5.0000000000E-01  5.0000000000E-01  0.0000000000E+00
   spgroup       216
    symrel    1  0  0   0  1  0   0  0  1       0  1 -1   1  0 -1   0  0 -1
              0 -1  1   0 -1  0   1 -1  0      -1  0  0  -1  0  1  -1  1  0
              0  1  0   0  0  1   1  0  0       1  0 -1   0  0 -1   0  1 -1
              0 -1  0   1 -1  0   0 -1  1      -1  0  1  -1  1  0  -1  0  0
              0  0  1   1  0  0   0  1  0       0  0 -1   0  1 -1   1  0 -1
              1 -1  0   0 -1  1   0 -1  0      -1  1  0  -1  0  0  -1  0  1
              1  0 -1   0  1 -1   0  0 -1       0  1  0   1  0  0   0  0  1
             -1  0  1  -1  0  0  -1  1  0       0 -1  0   0 -1  1   1 -1  0
             -1  1  0  -1  0  1  -1  0  0       1 -1  0   0 -1  0   0 -1  1
              0  0 -1   1  0 -1   0  1 -1       0  0  1   0  1  0   1  0  0
              0 -1  1   1 -1  0   0 -1  0      -1  0  0  -1  1  0  -1  0  1
              1  0  0   0  0  1   0  1  0       0  1 -1   0  0 -1   1  0 -1
    tolwfr    1.00000000E-15
     typat    1  2
       wtk      0.25000    0.75000
    xangst    0.0000000000E+00  0.0000000000E+00  0.0000000000E+00
              3.1459585051E+00  3.1459585051E+00  3.1459585051E+00
     xcart    0.0000000000E+00  0.0000000000E+00  0.0000000000E+00
              5.9450000000E+00  5.9450000000E+00  5.9450000000E+00
      xred    0.0000000000E+00  0.0000000000E+00  0.0000000000E+00
              5.0000000000E-01  5.0000000000E-01  5.0000000000E-01
     znucl     19.00000   17.00000

================================================================================

 chkinp: Checking input parameters for consistency.

================================================================================
== DATASET  1 ==================================================================

 Real(R)+Recip(G) space primitive vectors, cartesian coordinates (Bohr,Bohr^-1):
 R(1)=  0.0000000  5.9450000  5.9450000  G(1)= -0.0841043  0.0841043  0.0841043
 R(2)=  5.9450000  0.0000000  5.9450000  G(2)=  0.0841043 -0.0841043  0.0841043
 R(3)=  5.9450000  5.9450000  0.0000000  G(3)=  0.0841043  0.0841043 -0.0841043
 Unit cell volume ucvol=  4.2022857E+02 bohr^3
 Angles (23,13,12)=  6.00000000E+01  6.00000000E+01  6.00000000E+01 degrees

 getcut: wavevector=  0.0000  0.0000  0.0000  ngfft=  24  24  24
         ecut(hartree)=     10.000   => boxcut(ratio)=   2.00530

--- Pseudopotential description ------------------------------------------------
- pspini: atom type   1  psp file is /home/gonze/ABINIT/ABINITv5.6.3/test_gcc43/5.6.3-private/tests/Psps_for_tests/19k.pspnc
- pspatm: opening atomic psp file    /home/gonze/ABINIT/ABINITv5.6.3/test_gcc43/5.6.3-private/tests/Psps_for_tests/19k.pspnc
  Troullier-Martins psp for element  K         Thu Oct 27 17:32:43 EDT 1994
  19.00000   7.00000    940714                znucl, zion, pspdat
    1    1    2    0      2001   0.00000      pspcod,pspxc,lmax,lloc,mmax,r2well
    0   2.017   4.951    0   3.1756741        l,e99.0,e99.9,nproj,rcpsp
   0.00000000   0.00000000   0.00000000   0.00000000     rms, ekb1, ekb2, epsatm
    1   8.562  11.578    1   2.0248520        l,e99.0,e99.9,nproj,rcpsp
   0.00000000   0.00000000   0.00000000   0.00000000     rms, ekb1, ekb2, epsatm
    2  13.022  17.050    1   2.2944752        l,e99.0,e99.9,nproj,rcpsp
   0.00000000   0.00000000   0.00000000   0.00000000     rms, ekb1, ekb2, epsatm
    1.21940820299569    1.35146748512357    2.13845404453136   rchrg,fchrg,qchrg
 pspatm: epsatm=   99.37320054
         --- l  ekb(1:nproj) -->
             1   -3.733361
             2   -4.430113
 pspatm: atomic psp has been read  and splines computed

- pspini: atom type   2  psp file is /home/gonze/ABINIT/ABINITv5.6.3/test_gcc43/5.6.3-private/tests/Psps_for_tests/17cl.pspnc
- pspatm: opening atomic psp file    /home/gonze/ABINIT/ABINITv5.6.3/test_gcc43/5.6.3-private/tests/Psps_for_tests/17cl.pspnc
  Troullier-Martins psp for element  Cl        Thu Oct 27 17:32:09 EDT 1994
  17.00000   7.00000    940714                znucl, zion, pspdat
    1    1    2    2      2001   0.00000      pspcod,pspxc,lmax,lloc,mmax,r2well
    0  10.493  25.212    1   1.6350894        l,e99.0,e99.9,nproj,rcpsp
   0.00000000   0.00000000   0.00000000   0.00000000     rms, ekb1, ekb2, epsatm
    1   5.554   8.510    1   1.6350894        l,e99.0,e99.9,nproj,rcpsp
   0.00000000   0.00000000   0.00000000   0.00000000     rms, ekb1, ekb2, epsatm
    2   0.000   0.000    0   1.6350894        l,e99.0,e99.9,nproj,rcpsp
   0.00000000   0.00000000   0.00000000   0.00000000     rms, ekb1, ekb2, epsatm
    1.23315314129373    1.11669953786602    1.82740311420084   rchrg,fchrg,qchrg
 pspatm: epsatm=    2.73037554
         --- l  ekb(1:nproj) -->
             0    6.290146
             1    3.746067
 pspatm: atomic psp has been read  and splines computed

   1.42945007E+03                                ecore*ucvol(ha*bohr**3)
--------------------------------------------------------------------------------

P newkpt: treating      7 bands with npw=     631 for ikpt=   1
P newkpt: treating      7 bands with npw=     637 for ikpt=   2

 setup2: Arith. and geom. avg. npw (full set) are     635.500     635.495

================================================================================

     iter   Etot(hartree)      deltaE(h)  residm     vres2    diffor    maxfor
 ETOT  1  -33.671813890242    -3.367E+01 2.332E-03 2.146E+02 5.308E-31 5.308E-31
 ETOT  2  -33.790083515270    -1.183E-01 3.811E-07 5.009E+00 8.846E-31 7.077E-31
 ETOT  3  -33.795046945181    -4.963E-03 2.892E-05 2.609E+00 8.846E-31 1.769E-31
 ETOT  4  -33.796571743126    -1.525E-03 1.161E-05 1.458E-01 3.538E-31 1.769E-31
 ETOT  5  -33.796598374025    -2.663E-05 4.310E-07 2.639E-02 3.538E-31 1.769E-31
 ETOT  6  -33.796610524672    -1.215E-05 3.765E-07 3.300E-03 2.212E-31 1.327E-31
 ETOT  7  -33.796613772051    -3.247E-06 4.392E-08 2.637E-04 1.327E-31 0.000E+00
 ETOT  8  -33.796613918912    -1.469E-07 9.029E-10 1.906E-05 0.000E+00 0.000E+00
 ETOT  9  -33.796613923020    -4.108E-09 2.894E-12 1.490E-06 1.327E-31 1.327E-31
 ETOT 10  -33.796613923578    -5.579E-10 1.809E-12 1.470E-07 1.327E-31 0.000E+00
 ETOT 11  -33.796613923671    -9.310E-11 1.438E-12 8.789E-09 0.000E+00 0.000E+00
 ETOT 12  -33.796613923674    -3.624E-12 8.724E-15 2.060E-09 7.740E-32 7.740E-32
 ETOT 13  -33.796613923675    -4.974E-13 2.423E-14 1.750E-10 1.106E-32 6.635E-32
 ETOT 14  -33.796613923675     2.416E-13 8.789E-16 5.852E-11 6.635E-32 0.000E+00

 At SCF step   14   max residual=  8.79E-16 < tolwfr=  1.00E-15 =>converged.

 Cartesian components of stress tensor (hartree/bohr^3)
  sigma(1 1)=  3.86331163E-04  sigma(3 2)=  0.00000000E+00
  sigma(2 2)=  3.86331163E-04  sigma(3 1)=  0.00000000E+00
  sigma(3 3)=  3.86331163E-04  sigma(2 1)=  0.00000000E+00

================================================================================

 ----iterations are completed or convergence reached----

 Mean square residual over all n,k,spin=   4.0383E-16; max=  8.7887E-16
   0.2500  0.2500  0.2500    1  7.64609E-16 kpt; spin; max resid(k); each band:
 4.63E-16 7.65E-16 7.65E-16 9.65E-17 2.92E-16 1.63E-16 1.63E-16
   0.2500  0.5000  0.5000    1  8.78868E-16 kpt; spin; max resid(k); each band:
 2.48E-16 2.62E-16 8.20E-16 1.81E-16 8.79E-16 3.49E-16 2.07E-16
 reduced coordinates (array xred) for    2 atoms
       0.000000000000      0.000000000000      0.000000000000
       0.500000000000      0.500000000000      0.500000000000
 rms dE/dt=  0.0000E+00; max dE/dt=  0.0000E+00; dE/dt below (all hartree)
    1       0.000000000000      0.000000000000      0.000000000000
    2       0.000000000000      0.000000000000      0.000000000000

 cartesian coordinates (angstrom) at end:
    1      0.00000000000000     0.00000000000000     0.00000000000000
    2      3.14595850506755     3.14595850506755     3.14595850506755

 cartesian forces (hartree/bohr) at end:
    1     -0.00000000000000    -0.00000000000000    -0.00000000000000
    2     -0.00000000000000    -0.00000000000000    -0.00000000000000
 frms,max,avg= 0.0000000E+00 0.0000000E+00   0.000E+00  0.000E+00  0.000E+00 h/b

 cartesian forces (eV/Angstrom) at end:
    1     -0.00000000000000    -0.00000000000000    -0.00000000000000
    2     -0.00000000000000    -0.00000000000000    -0.00000000000000
 frms,max,avg= 0.0000000E+00 0.0000000E+00   0.000E+00  0.000E+00  0.000E+00 e/A
 length scales= 11.890000000000 11.890000000000 11.890000000000 bohr
              =  6.291917010135  6.291917010135  6.291917010135 angstroms
 prteigrs : about to open file t25o_EIG
 Fermi (or HOMO) energy (hartree) =  -0.23664   Average Vxc (hartree)=  -0.29667
 Eigenvalues (hartree) for nkpt=   2  k points:
 kpt#   1, nband=  7, wtk=  0.25000, kpt=  0.2500  0.2500  0.2500 (reduced coord)
  -0.67207  -0.58324  -0.58324  -0.58044  -0.25670  -0.23664  -0.23664
 kpt#   2, nband=  7, wtk=  0.75000, kpt=  0.2500  0.5000  0.5000 (reduced coord)
  -0.66955  -0.58661  -0.58425  -0.58233  -0.26143  -0.24481  -0.24018
 Fermi (or HOMO) energy (eV) =  -6.43930   Average Vxc (eV)=  -8.07289
 Eigenvalues (   eV  ) for nkpt=   2  k points:
 kpt#   1, nband=  7, wtk=  0.25000, kpt=  0.2500  0.2500  0.2500 (reduced coord)
 -18.28799 -15.87079 -15.87079 -15.79456  -6.98522  -6.43930  -6.43930
 kpt#   2, nband=  7, wtk=  0.75000, kpt=  0.2500  0.5000  0.5000 (reduced coord)
 -18.21941 -15.96256 -15.89836 -15.84604  -7.11377  -6.66158  -6.53575
 Total charge density [el/Bohr^3]
,     Maximum=    3.8549E-01  at reduced coord.    0.0833    0.9167    0.9583
,Next maximum=    3.8549E-01  at reduced coord.    0.0417    0.9167    0.9583
,     Minimum=    2.8754E-05  at reduced coord.    0.0000    0.0000    0.0000
,Next minimum=    9.5964E-04  at reduced coord.    0.7500    0.7500    0.7500

--------------------------------------------------------------------------------
 Components of total free energy (in Hartree) :

    Kinetic energy  =  1.41782840655944E+01
    Hartree energy  =  6.57316542818081E+00
    XC energy       = -9.08943282352530E+00
    Ewald energy    = -2.33856310335660E+01
    PspCore energy  =  3.40160135824191E+00
    Loc. psp. energy= -1.30943724486223E+01
    NL   psp  energy= -1.23802284699781E+01
    >>>>>>>>> Etotal= -3.37966139236746E+01

 Other information on the energy :
    Total energy(eV)= -9.19652634645329E+02 ; Band energy (Ha)=  -6.3282405894E+00
--------------------------------------------------------------------------------

 Cartesian components of stress tensor (hartree/bohr^3)
  sigma(1 1)=  3.86331163E-04  sigma(3 2)=  0.00000000E+00
  sigma(2 2)=  3.86331163E-04  sigma(3 1)=  0.00000000E+00
  sigma(3 3)=  3.86331163E-04  sigma(2 1)=  0.00000000E+00

-Cartesian components of stress tensor (GPa)         [Pressure= -1.1366E+01 GPa]
- sigma(1 1)=  1.13662533E+01  sigma(3 2)=  0.00000000E+00
- sigma(2 2)=  1.13662533E+01  sigma(3 1)=  0.00000000E+00
- sigma(3 3)=  1.13662533E+01  sigma(2 1)=  0.00000000E+00

== END DATASET(S) ==============================================================
================================================================================
  
 -outvars: echo values of variables after computation  --------
     acell    1.1890000000E+01  1.1890000000E+01  1.1890000000E+01 Bohr
       amu    3.90983000E+01  3.54527000E+01
      ecut    1.00000000E+01 Hartree
    enunit         2
    etotal   -3.3796613924E+01
     fcart   -0.0000000000E+00 -0.0000000000E+00 -0.0000000000E+00
             -0.0000000000E+00 -0.0000000000E+00 -0.0000000000E+00
     intxc         1
      iscf         3
       kpt    1.00000000E+00  1.00000000E+00  1.00000000E+00
              1.00000000E+00  2.00000000E+00  2.00000000E+00
    kptnrm    4.00000000E+00
    mffmem         0
P    mkmem         0
     natom         2
     nband         7
     ngfft        24      24      24
      nkpt         2
     nline        12
      nsym        24
    ntypat         2
       occ    2.000000  2.000000  2.000000  2.000000  2.000000  2.000000
              2.000000
    occopt         0
     rprim    0.0000000000E+00  5.0000000000E-01  5.0000000000E-01
              5.0000000000E-01  0.0000000000E+00  5.0000000000E-01
              5.0000000000E-01  5.0000000000E-01  0.0000000000E+00
   spgroup       216
    strten    3.8633116349E-04  3.8633116349E-04  3.8633116349E-04
              0.0000000000E+00  0.0000000000E+00  0.0000000000E+00
    symrel    1  0  0   0  1  0   0  0  1       0  1 -1   1  0 -1   0  0 -1
              0 -1  1   0 -1  0   1 -1  0      -1  0  0  -1  0  1  -1  1  0
              0  1  0   0  0  1   1  0  0       1  0 -1   0  0 -1   0  1 -1
              0 -1  0   1 -1  0   0 -1  1      -1  0  1  -1  1  0  -1  0  0
              0  0  1   1  0  0   0  1  0       0  0 -1   0  1 -1   1  0 -1
              1 -1  0   0 -1  1   0 -1  0      -1  1  0  -1  0  0  -1  0  1
              1  0 -1   0  1 -1   0  0 -1       0  1  0   1  0  0   0  0  1
             -1  0  1  -1  0  0  -1  1  0       0 -1  0   0 -1  1   1 -1  0
             -1  1  0  -1  0  1  -1  0  0       1 -1  0   0 -1  0   0 -1  1
              0  0 -1   1  0 -1   0  1 -1       0  0  1   0  1  0   1  0  0
              0 -1  1   1 -1  0   0 -1  0      -1  0  0  -1  1  0  -1  0  1
              1  0  0   0  0  1   0  1  0       0  1 -1   0  0 -1   1  0 -1
    tolwfr    1.00000000E-15
     typat    1  2
       wtk      0.25000    0.75000
    xangst    0.0000000000E+00  0.0000000000E+00  0.0000000000E+00
              3.1459585051E+00  3.1459585051E+00  3.1459585051E+00
     xcart    0.0000000000E+00  0.0000000000E+00  0.0000000000E+00
              5.9450000000E+00  5.9450000000E+00  5.9450000000E+00
      xred    0.0000000000E+00  0.0000000000E+00  0.0000000000E+00
              5.0000000000E-01  5.0000000000E-01  5.0000000000E-01
     znucl     19.00000   17.00000

================================================================================

- Total cpu        time (s,m,h):          2.9        0.05      0.001
- Total wall clock time (s,m,h):          2.9        0.05      0.001

- For major independent code sections, cpu and wall times (sec),
- as well as % of the total time and number of calls 

- routine                 cpu     %       wall     %      number of calls 
-                                                          (-1=no count)
- fourwf(pot)            0.847  29.0      0.892  30.5           1212
- pspini                 0.482  16.5      0.482  16.5              1
- timing timab           0.345  11.8      0.345  11.8             11
- forces                 0.164   5.6      0.165   5.6             14
- nonlop(apply)          0.134   4.6      0.114   3.9           1212
- invars2                0.118   4.0      0.118   4.0              1
- fourwf(den)            0.082   2.8      0.085   2.9            196
- projbd                 0.071   2.4      0.068   2.3           1976
- xc:pot/=fourdp         0.053   1.8      0.047   1.6             15
- fourdp                 0.050   1.7      0.064   2.2            131
- symrhg(no FFT)         0.041   1.4      0.042   1.4             14
- abinit(2)              0.034   1.2      0.034   1.2              1
- rwwf                   0.033   1.1      0.028   1.0             64
- getghc-other           0.027   0.9      0.022   0.8             -1
- vtowfk(ssdiag)         0.026   0.9      0.023   0.8             -1
- newvtr/rho(3):io       0.022   0.8      0.025   0.9             25
- mkcore                 0.020   0.7      0.017   0.6             16
- nonlop(forces)         0.018   0.6      0.019   0.7            196
- 52   others            0.052   1.8      0.058   2.0

- subtotal               2.619  89.7      2.648  90.7

================================================================================

 Calculation completed.
.Delivered    5 WARNINGs and   0 COMMENTs to log file.
+Overall time at end (sec) : cpu=          2.9  wall=          2.9
