
.Version 5.6.3  of ABINIT 
.(sequential version, prepared for a x86_64_linux_gcc4.3 computer) 

.Copyright (C) 1998-2008 ABINIT group . 
 ABINIT comes with ABSOLUTELY NO WARRANTY.
 It is free software, and you are welcome to redistribute it
 under certain conditions (GNU General Public License,
 see ~abinit/COPYING or http://www.gnu.org/copyleft/gpl.txt).

 ABINIT is a project of the Universite Catholique de Louvain,
 Corning Inc. and other collaborators, see ~abinit/doc/developers/contributors.txt .
 Please read ~abinit/doc/users/acknowledgments.html for suggested
 acknowledgments of the ABINIT effort.
 For more information, see http://www.abinit.org .

.Starting date : Thu  6 Nov 2008.
  
- input  file    -> /home/gonze/ABINIT/ABINITv5.6.3/test_gcc43/5.6.3-private/tests/v1/Input/t24.in
- output file    -> t24.out
- root for input  files -> t23o
- root for output files -> t24o


 Symmetries : space group Pm m m (# 47); Bravais oP (primitive ortho.)
================================================================================
 Values of the parameters that define the memory need of the present run
   intxc =         1  ionmov =         0    iscf =         3 xclevel =         2
  lmnmax =         1   lnmax =         1   mband =         1  mffmem =         1
P  mgfft =        54   mkmem =         1 mpssoang=         1     mpw =      9633
  mqgrid =      3001   natom =         1    nfft =    157464    nkpt =         1
  nloalg =         4  nspden =         2 nspinor =         1  nsppol =         2
    nsym =         8  n1xccc =         0  ntypat =         1  occopt =         1
================================================================================
P This job should need less than                      52.526 Mbytes of memory.
P Max. in XC chain
P          3 blocks of mpw  integer numbers, for      0.110 Mbytes.
P          4 blocks of mpw  real(dp)  numbers, for      0.294 Mbytes.
P          2 blocks of nfft integer numbers, for      1.201 Mbytes.
P         42 blocks of nfft real(dp)  numbers, for     50.457 Mbytes.
P            Additional     real(dp)  numbers, for      0.232 Mbytes.
P            With residue estimated to be             0.231 Mbytes.
P
P Comparison of the memory needs of different chains
P Main chain + fourwf.f                41.030 Mbytes.
P Main chain + nonlop.f + opernl.f     36.198 Mbytes.
P XC chain                             52.526 Mbytes.
P mkrho chain                          31.139 Mbytes.
P fourdp chain                         30.992 Mbytes.
P newvtr chain                         38.020 Mbytes.
  Rough estimation (10% accuracy) of disk space for files :
  WF disk file :      0.296 Mbytes ; DEN or POT disk file :      2.405 Mbytes.
================================================================================

 -outvars: echo values of preprocessed input variables --------
     acell    7.0000000000E+00  7.0000000000E+00  7.0000000000E+00 Bohr
       amu    1.00794000E+00
    diemac    1.00000000E+00
    diemix    5.00000000E-01
      ecut    7.00000000E+01 Hartree
     intxc         1
    irdwfk         1
      iscf         3
       ixc        11
       kpt    2.50000000E-01  2.50000000E-01  2.50000000E-01
P    mkmem         1
     natom         1
     nband         1
     ngfft        54      54      54
      nkpt         1
     nline         2
    nspden         2
    nsppol         2
     nstep         2
      nsym         8
    ntypat         1
       occ    1.000000
              0.000000
    prtvol        10
   spgroup        47
    symrel    1  0  0   0  1  0   0  0  1      -1  0  0   0  1  0   0  0  1
              1  0  0   0 -1  0   0  0  1      -1  0  0   0 -1  0   0  0  1
              1  0  0   0  1  0   0  0 -1      -1  0  0   0  1  0   0  0 -1
              1  0  0   0 -1  0   0  0 -1      -1  0  0   0 -1  0   0  0 -1
    tolwfr    1.00000000E-14
     typat    1
     znucl      1.00000

================================================================================

 chkinp: Checking input parameters for consistency.

================================================================================
== DATASET  1 ==================================================================

 Real(R)+Recip(G) space primitive vectors, cartesian coordinates (Bohr,Bohr^-1):
 R(1)=  7.0000000  0.0000000  0.0000000  G(1)=  0.1428571  0.0000000  0.0000000
 R(2)=  0.0000000  7.0000000  0.0000000  G(2)=  0.0000000  0.1428571  0.0000000
 R(3)=  0.0000000  0.0000000  7.0000000  G(3)=  0.0000000  0.0000000  0.1428571
 Unit cell volume ucvol=  3.4300000E+02 bohr^3
 Angles (23,13,12)=  9.00000000E+01  9.00000000E+01  9.00000000E+01 degrees

 getcut: wavevector=  0.0000  0.0000  0.0000  ngfft=  54  54  54
         ecut(hartree)=     70.000   => boxcut(ratio)=   2.04824

--- Pseudopotential description ------------------------------------------------
- pspini: atom type   1  psp file is /home/gonze/ABINIT/ABINITv5.6.3/test_gcc43/5.6.3-private/tests/Psps_for_tests/01h.bare
- pspatm: opening atomic psp file    /home/gonze/ABINIT/ABINITv5.6.3/test_gcc43/5.6.3-private/tests/Psps_for_tests/01h.bare
 Bare (erfc) Goedecker-Teter-Hutter  Wed May  8 14:27:44 EDT 1996
   1.00000   1.00000    960508                znucl, zion, pspdat
    2    1    0    0      2001   0.00000      pspcod,pspxc,lmax,lloc,mmax,r2well
 rloc=   0.0050000
  cc1=   0.0000000; cc2=   0.0000000; cc3=   0.0000000; cc4=   0.0000000
  rrs=   0.0000000; h1s=   0.0000000; h2s=   0.0000000
  rrp=   0.0000000; h1p=   0.0000000
-  Local part computed in reciprocal space.

 pspatm : COMMENT -
  the projectors are not normalized,
  so that the KB energies are not consistent with
  definition in PRB44, 8503 (1991).
  However, this does not influence the results obtained hereafter.
 pspatm: epsatm=    0.00015708
         --- l  ekb(1:nproj) -->
 pspatm: atomic psp has been read  and splines computed

   1.57079633E-04                                ecore*ucvol(ha*bohr**3)
--------------------------------------------------------------------------------

-inwffil : will read wavefunctions from disk file t23o_WFK
P newkpt: treating      1 bands with npw=    9633 for ikpt=   1
P newkpt: treating      1 bands with npw=    9633 for ikpt=   1

 setup2: Arith. and geom. avg. npw (full set) are    9633.000    9633.000

================================================================================

     iter   Etot(hartree)      deltaE(h)  residm     vres2    diffor    maxfor

 ETOT  1 -0.49958827014518    -4.996E-01 4.084E-08 6.469E-01 0.000E+00 0.000E+00

 cartesian forces (ha/bohr); non-corrected avg=  0.00E+00  0.00E+00  0.00E+00
    1     0.00000000000E+00    0.00000000000E+00    0.00000000000E+00
 prteigrs : about to open file t24o_EIG
 Fermi (or HOMO) energy (hartree) =  -0.25954   Average Vxc (hartree)=   0.02626
 Eigenvalues (hartree) for nkpt=   1  k points, SPIN UP:
 kpt#   1, nband=  1, wtk=  1.00000, kpt=  0.2500  0.2500  0.2500 (reduced coord)
  -0.25954
 Eigenvalues (hartree) for nkpt=   1  k points, SPIN DOWN:
 kpt#   1, nband=  1, wtk=  1.00000, kpt=  0.2500  0.2500  0.2500 (reduced coord)
   0.20318

 ETOT  2 -0.49958835229570    -8.215E-08 1.741E-10 1.354E-01 0.000E+00 0.000E+00

 cartesian forces (ha/bohr); non-corrected avg=  0.00E+00  0.00E+00  0.00E+00
    1     0.00000000000E+00    0.00000000000E+00    0.00000000000E+00
 prteigrs : about to open file t24o_EIG
 Fermi (or HOMO) energy (hartree) =  -0.25981   Average Vxc (hartree)=   0.02612
 Eigenvalues (hartree) for nkpt=   1  k points, SPIN UP:
 kpt#   1, nband=  1, wtk=  1.00000, kpt=  0.2500  0.2500  0.2500 (reduced coord)
  -0.25981
 Eigenvalues (hartree) for nkpt=   1  k points, SPIN DOWN:
 kpt#   1, nband=  1, wtk=  1.00000, kpt=  0.2500  0.2500  0.2500 (reduced coord)
   0.20637

 Cartesian components of stress tensor (hartree/bohr^3)
  sigma(1 1)=  5.64417346E-06  sigma(3 2)=  0.00000000E+00
  sigma(2 2)=  5.64417327E-06  sigma(3 1)=  0.00000000E+00
  sigma(3 3)=  5.64417373E-06  sigma(2 1)=  0.00000000E+00


 scprqt:  WARNING -
  nstep=    2 was not enough SCF cycles to converge;
  maximum residual=  1.741E-10 exceeds tolwfr=  1.000E-14

================================================================================

 ----iterations are completed or convergence reached----

 Mean square residual over all n,k,spin=   1.1428E-10; max=  1.7410E-10
   0.2500  0.2500  0.2500    1  1.74102E-10 kpt; spin; max resid(k); each band:
 1.74E-10
   0.2500  0.2500  0.2500    2  5.44523E-11 kpt; spin; max resid(k); each band:
 5.45E-11
 reduced coordinates (array xred) for    1 atoms
       0.000000000000      0.000000000000      0.000000000000
 rms dE/dt=  0.0000E+00; max dE/dt=  0.0000E+00; dE/dt below (all hartree)
    1       0.000000000000      0.000000000000      0.000000000000

 cartesian coordinates (angstrom) at end:
    1      0.00000000000000     0.00000000000000     0.00000000000000

 cartesian forces (hartree/bohr) at end:
    1     -0.00000000000000    -0.00000000000000    -0.00000000000000
 frms,max,avg= 0.0000000E+00 0.0000000E+00   0.000E+00  0.000E+00  0.000E+00 h/b

 cartesian forces (eV/Angstrom) at end:
    1     -0.00000000000000    -0.00000000000000    -0.00000000000000
 frms,max,avg= 0.0000000E+00 0.0000000E+00   0.000E+00  0.000E+00  0.000E+00 e/A
 length scales=  7.000000000000  7.000000000000  7.000000000000 bohr
              =  3.704240460130  3.704240460130  3.704240460130 angstroms
 prteigrs : about to open file t24o_EIG
 Fermi (or HOMO) energy (hartree) =  -0.25981   Average Vxc (hartree)=   0.02612
 Eigenvalues (hartree) for nkpt=   1  k points, SPIN UP:
 kpt#   1, nband=  1, wtk=  1.00000, kpt=  0.2500  0.2500  0.2500 (reduced coord)
  -0.25981
 Eigenvalues (hartree) for nkpt=   1  k points, SPIN DOWN:
 kpt#   1, nband=  1, wtk=  1.00000, kpt=  0.2500  0.2500  0.2500 (reduced coord)
   0.20637
 Total charge density [el/Bohr^3]
,     Maximum=    2.5580E-01  at reduced coord.    0.0000    0.0000    0.0000
,Next maximum=    2.3707E-01  at reduced coord.    0.0000    0.0000    0.9815
,     Minimum=    2.7757E-05  at reduced coord.    0.5000    0.5000    0.5000
,Next minimum=    2.7915E-05  at reduced coord.    0.5000    0.5000    0.4815
 Spin up density      [el/Bohr^3]
,     Maximum=    2.5580E-01  at reduced coord.    0.0000    0.0000    0.0000
,Next maximum=    2.3707E-01  at reduced coord.    0.0000    0.0000    0.9815
,     Minimum=    2.7757E-05  at reduced coord.    0.5000    0.5000    0.5000
,Next minimum=    2.7915E-05  at reduced coord.    0.5000    0.5000    0.4815
 Spin down density    [el/Bohr^3]
,     Maximum=    0.0000E+00  at reduced coord.    0.9815    0.9815    0.9815
,Next maximum=    0.0000E+00  at reduced coord.    0.9630    0.9815    0.9815
,     Minimum=    0.0000E+00  at reduced coord.    0.0000    0.0000    0.0000
,Next minimum=    0.0000E+00  at reduced coord.    0.0185    0.0000    0.0000
 Magnetization (spin up - spin down) [el/Bohr^3]
,     Maximum=    2.5580E-01  at reduced coord.    0.0000    0.0000    0.0000
,Next maximum=    2.3707E-01  at reduced coord.    0.0000    0.0000    0.9815
,     Minimum=    2.7757E-05  at reduced coord.    0.5000    0.5000    0.5000
,Next minimum=    2.7915E-05  at reduced coord.    0.5000    0.5000    0.4815
 Relative magnetization (=zeta, between -1 and 1)
,     Maximum=    1.0000E+00  at reduced coord.    0.9815    0.9815    0.9815
,Next maximum=    1.0000E+00  at reduced coord.    0.9630    0.9815    0.9815
,     Minimum=    1.0000E+00  at reduced coord.    0.0000    0.0000    0.0000
,Next minimum=    1.0000E+00  at reduced coord.    0.0185    0.0000    0.0000

--------------------------------------------------------------------------------
 Components of total free energy (in Hartree) :

    Kinetic energy  =  4.88468572075562E-01
    Hartree energy  =  1.22352312471042E-01
    XC energy       = -3.06391862737363E-01
    Ewald energy    = -2.02664105677187E-01
    PspCore energy  =  4.57958112768191E-07
    Loc. psp. energy= -6.01353726385864E-01
    NL   psp  energy=  0.00000000000000E+00
    >>>>>>>>> Etotal= -4.99588352295698E-01

 Other information on the energy :
    Total energy(eV)= -1.35944904263032E+01 ; Band energy (Ha)=  -2.5980582955E-01
--------------------------------------------------------------------------------

          ===> extra information on forces <===
 ewald contribution to reduced grads
    1       0.000000000000     -0.000000000000      0.000000000000
 nonlocal contribution to red. grads
    1       0.000000000000      0.000000000000      0.000000000000
 local psp contribution to red. grads
    1      -0.000000000000     -0.000000000000     -0.000000000000
 residual contribution to red. grads
    1       0.000000000000      0.000000000000      0.000000000000

 Cartesian components of stress tensor (hartree/bohr^3)
  sigma(1 1)=  5.64417346E-06  sigma(3 2)=  0.00000000E+00
  sigma(2 2)=  5.64417327E-06  sigma(3 1)=  0.00000000E+00
  sigma(3 3)=  5.64417373E-06  sigma(2 1)=  0.00000000E+00

-Cartesian components of stress tensor (GPa)         [Pressure= -1.6606E-01 GPa]
- sigma(1 1)=  1.66057288E-01  sigma(3 2)=  0.00000000E+00
- sigma(2 2)=  1.66057283E-01  sigma(3 1)=  0.00000000E+00
- sigma(3 3)=  1.66057296E-01  sigma(2 1)=  0.00000000E+00

== END DATASET(S) ==============================================================
================================================================================
  
 -outvars: echo values of variables after computation  --------
     acell    7.0000000000E+00  7.0000000000E+00  7.0000000000E+00 Bohr
       amu    1.00794000E+00
    diemac    1.00000000E+00
    diemix    5.00000000E-01
      ecut    7.00000000E+01 Hartree
    etotal   -4.9958835230E-01
     fcart   -0.0000000000E+00 -0.0000000000E+00 -0.0000000000E+00
     intxc         1
    irdwfk         1
      iscf         3
       ixc        11
       kpt    2.50000000E-01  2.50000000E-01  2.50000000E-01
P    mkmem         1
     natom         1
     nband         1
     ngfft        54      54      54
      nkpt         1
     nline         2
    nspden         2
    nsppol         2
     nstep         2
      nsym         8
    ntypat         1
       occ    1.000000
              0.000000
    prtvol        10
   spgroup        47
    strten    5.6441734648E-06  5.6441732677E-06  5.6441737333E-06
              0.0000000000E+00  0.0000000000E+00  0.0000000000E+00
    symrel    1  0  0   0  1  0   0  0  1      -1  0  0   0  1  0   0  0  1
              1  0  0   0 -1  0   0  0  1      -1  0  0   0 -1  0   0  0  1
              1  0  0   0  1  0   0  0 -1      -1  0  0   0  1  0   0  0 -1
              1  0  0   0 -1  0   0  0 -1      -1  0  0   0 -1  0   0  0 -1
    tolwfr    1.00000000E-14
     typat    1
     znucl      1.00000

================================================================================

- Total cpu        time (s,m,h):          3.7        0.06      0.001
- Total wall clock time (s,m,h):          3.7        0.06      0.001

- For major independent code sections, cpu and wall times (sec),
- as well as % of the total time and number of calls 

- routine                 cpu     %       wall     %      number of calls 
-                                                          (-1=no count)
- xc:pot/=fourdp         1.172  31.9      1.166  31.7              3
- fourdp                 0.898  24.4      0.906  24.7            124
- timing timab           0.506  13.8      0.507  13.8             12
- fourwf(pot)            0.290   7.9      0.288   7.8             24
- symrhg(no FFT)         0.216   5.9      0.212   5.8              9
- invars2                0.109   3.0      0.108   2.9              1
- setsym                 0.033   0.9      0.033   0.9              1
- forces                 0.031   0.8      0.030   0.8              2
- abinit(2)              0.030   0.8      0.031   0.8              1
- vtorho(4)-mkrho-       0.022   0.6      0.021   0.6              2
- stress                 0.021   0.6      0.022   0.6              1
- fourwf(den)            0.019   0.5      0.021   0.6              3
- mkrho/=                0.018   0.5      0.019   0.5              2
- 57   others            0.042   1.1      0.045   1.2

- subtotal               3.407  92.8      3.409  92.8

================================================================================

 Calculation completed.
.Delivered    5 WARNINGs and   4 COMMENTs to log file.
+Overall time at end (sec) : cpu=          3.9  wall=          3.9
