
.Version 5.6.3  of ABINIT 
.(sequential version, prepared for a x86_64_linux_gcc4.3 computer) 

.Copyright (C) 1998-2008 ABINIT group . 
 ABINIT comes with ABSOLUTELY NO WARRANTY.
 It is free software, and you are welcome to redistribute it
 under certain conditions (GNU General Public License,
 see ~abinit/COPYING or http://www.gnu.org/copyleft/gpl.txt).

 ABINIT is a project of the Universite Catholique de Louvain,
 Corning Inc. and other collaborators, see ~abinit/doc/developers/contributors.txt .
 Please read ~abinit/doc/users/acknowledgments.html for suggested
 acknowledgments of the ABINIT effort.
 For more information, see http://www.abinit.org .

.Starting date : Thu  6 Nov 2008.
  
- input  file    -> /home/gonze/ABINIT/ABINITv5.6.3/test_gcc43/5.6.3-private/tests/v1/Input/t33.in
- output file    -> t33.out
- root for input  files -> t33i
- root for output files -> t33o


 Symmetries : space group Pm (#  6); Bravais mP (primitive monocl.)
================================================================================
 Values of the parameters that define the memory need of the present run
   intxc =         0  ionmov =         0    iscf =         5 xclevel =         1
  lmnmax =         1   lnmax =         1   mband =         4  mffmem =         1
P  mgfft =        36   mkmem =         1 mpssoang=         2     mpw =      1449
  mqgrid =      3001   natom =         1    nfft =     46656    nkpt =         1
  nloalg =         4  nspden =         2 nspinor =         1  nsppol =         2
    nsym =         2  n1xccc =      2501  ntypat =         1  occopt =         2
================================================================================
P This job should need less than                      16.850 Mbytes of memory.
  Rough estimation (10% accuracy) of disk space for files :
  WF disk file :      0.113 Mbytes ; DEN or POT disk file :      0.714 Mbytes.
================================================================================

 -outvars: echo values of preprocessed input variables --------
     acell    9.0000000000E+00  9.0000000000E+00  9.0000000000E+00 Bohr
       amu    1.20110000E+01
    diemac    1.00000000E+00
    diemix    2.00000000E-01
      ecut    1.90000000E+01 Hartree
      iscf         5
    isecur         1
    istwfk      2
P    mkmem         1
     natom         1
     nband      4    1
     ngfft        36      36      36
      nkpt         1
     nline         5
    nnsclo         2
    nspden         2
    nsppol         2
     nstep        20
      nsym         2
    ntypat         1
       occ    1.000000  1.000000  1.000000  0.000000
              1.000000
    occopt         2
   spgroup         6
    symrel    1  0  0   0  1  0   0  0  1       1  0  0   0 -1  0   0  0  1
    tolwfr    1.00000000E-16
     typat    1
     znucl      6.00000

================================================================================

 chkinp: Checking input parameters for consistency.

================================================================================
== DATASET  1 ==================================================================

 Real(R)+Recip(G) space primitive vectors, cartesian coordinates (Bohr,Bohr^-1):
 R(1)=  9.0000000  0.0000000  0.0000000  G(1)=  0.1111111  0.0000000  0.0000000
 R(2)=  0.0000000  9.0000000  0.0000000  G(2)=  0.0000000  0.1111111  0.0000000
 R(3)=  0.0000000  0.0000000  9.0000000  G(3)=  0.0000000  0.0000000  0.1111111
 Unit cell volume ucvol=  7.2900000E+02 bohr^3
 Angles (23,13,12)=  9.00000000E+01  9.00000000E+01  9.00000000E+01 degrees

 getcut: wavevector=  0.0000  0.0000  0.0000  ngfft=  36  36  36
         ecut(hartree)=     19.000   => boxcut(ratio)=   2.03853

--- Pseudopotential description ------------------------------------------------
- pspini: atom type   1  psp file is /home/gonze/ABINIT/ABINITv5.6.3/test_gcc43/5.6.3-private/tests/Psps_for_tests/6c.pspnc
- pspatm: opening atomic psp file    /home/gonze/ABINIT/ABINITv5.6.3/test_gcc43/5.6.3-private/tests/Psps_for_tests/6c.pspnc
  Troullier-Martins psp for element  C         Thu Oct 27 17:29:33 EDT 1994
   6.00000   4.00000    940714                znucl, zion, pspdat
    1    1    1    1      2001   0.00000      pspcod,pspxc,lmax,lloc,mmax,r2well
    0  10.372  24.987    1   1.4850707        l,e99.0,e99.9,nproj,rcpsp
   0.00000000   0.00000000   0.00000000   0.00000000     rms, ekb1, ekb2, epsatm
    1  15.431  21.987    0   1.4850707        l,e99.0,e99.9,nproj,rcpsp
   0.00000000   0.00000000   0.00000000   0.00000000     rms, ekb1, ekb2, epsatm
    0.83985002509544    0.99012430797080    0.51184907750884   rchrg,fchrg,qchrg
 pspatm: epsatm=    0.92590353
         --- l  ekb(1:nproj) -->
             0    4.921466
 pspatm: atomic psp has been read  and splines computed

   3.70361412E+00                                ecore*ucvol(ha*bohr**3)
--------------------------------------------------------------------------------

P newkpt: treating      4 bands with npw=    1449 for ikpt=   1
P newkpt: treating      1 bands with npw=    1449 for ikpt=   1

 setup2: Arith. and geom. avg. npw (full set) are    2897.000    2897.000

================================================================================

     iter   Etot(hartree)      deltaE(h)  residm     vres2    diffor    maxfor
 ETOT  1  -5.6996954175466    -5.700E+00 5.211E-04 2.317E+01 0.000E+00 0.000E+00
 ETOT  2  -5.7004367966429    -7.414E-04 1.096E-09 2.482E+01 0.000E+00 0.000E+00
 ETOT  3  -5.7002733194859     1.635E-04 6.747E-12 2.556E+01 0.000E+00 0.000E+00
 ETOT  4  -5.7012517218498    -9.784E-04 9.411E-10 2.108E+01 0.000E+00 0.000E+00
 ETOT  5  -5.7019400473162    -6.883E-04 1.191E-10 1.348E+01 0.000E+00 0.000E+00
 ETOT  6  -5.7003946675246     1.545E-03 2.209E-09 2.713E+01 0.000E+00 0.000E+00
 ETOT  7  -5.7026921699570    -2.298E-03 4.047E-09 6.031E+00 0.000E+00 0.000E+00
 ETOT  8  -5.7013815545438     1.311E-03 7.168E-10 1.766E+01 0.000E+00 0.000E+00
 ETOT  9  -5.7031058105077    -1.724E-03 2.908E-10 2.608E+00 0.000E+00 0.000E+00
 ETOT 10  -5.7032432853588    -1.375E-04 1.298E-10 1.376E+00 0.000E+00 0.000E+00
 ETOT 11  -5.7034036531929    -1.604E-04 1.084E-09 3.913E-01 0.000E+00 0.000E+00
 ETOT 12  -5.7034234556972    -1.980E-05 2.817E-11 1.842E-02 0.000E+00 0.000E+00
 ETOT 13  -5.7034232107711     2.449E-07 4.745E-13 3.412E-02 0.000E+00 0.000E+00
 ETOT 14  -5.7034314587856    -8.248E-06 2.664E-12 6.429E-02 0.000E+00 0.000E+00
 ETOT 15  -5.7034402831418    -8.824E-06 1.114E-10 3.807E-02 0.000E+00 0.000E+00
 ETOT 16  -5.7034426606231    -2.377E-06 3.084E-12 1.654E-02 0.000E+00 0.000E+00
 ETOT 17  -5.7034493149277    -6.654E-06 1.709E-11 1.959E-02 0.000E+00 0.000E+00
 ETOT 18  -5.7034611248118    -1.181E-05 1.139E-10 2.178E-02 0.000E+00 0.000E+00
 ETOT 19  -5.7034656444574    -4.520E-06 4.036E-11 1.137E-02 0.000E+00 0.000E+00
 ETOT 20  -5.7034668359598    -1.192E-06 2.620E-11 2.708E-03 0.000E+00 0.000E+00

 Cartesian components of stress tensor (hartree/bohr^3)
  sigma(1 1)=  3.71333397E-05  sigma(3 2)=  0.00000000E+00
  sigma(2 2)=  2.31920561E-05  sigma(3 1)= -1.75533081E-05
  sigma(3 3)=  4.22538866E-05  sigma(2 1)=  0.00000000E+00


 scprqt:  WARNING -
  nstep=   20 was not enough SCF cycles to converge;
  maximum residual=  2.620E-11 exceeds tolwfr=  1.000E-16

================================================================================

 ----iterations are completed or convergence reached----

 Mean square residual over all n,k,spin=   5.2692E-12; max=  2.6195E-11
   0.0000  0.0000  0.0000    1  1.18348E-13 kpt; spin; max resid(k); each band:
 1.18E-13 5.68E-15 7.15E-15 1.94E-14
   0.0000  0.0000  0.0000    2  2.61953E-11 kpt; spin; max resid(k); each band:
 2.62E-11
 reduced coordinates (array xred) for    1 atoms
       0.000000000000      0.000000000000      0.000000000000
 rms dE/dt=  3.8420E-06; max dE/dt=  4.8395E-06; dE/dt below (all hartree)
    1       0.000004567405      0.000000000000      0.000004839537

 cartesian coordinates (angstrom) at end:
    1      0.00000000000000     0.00000000000000     0.00000000000000

 cartesian forces (hartree/bohr) at end:
    1      0.00000000000000    -0.00000000000000     0.00000000000000
 frms,max,avg= 0.0000000E+00 0.0000000E+00  -5.075E-07  0.000E+00 -5.377E-07 h/b

 cartesian forces (eV/Angstrom) at end:
    1      0.00000000000000    -0.00000000000000     0.00000000000000
 frms,max,avg= 0.0000000E+00 0.0000000E+00  -2.610E-05  0.000E+00 -2.765E-05 e/A
 length scales=  9.000000000000  9.000000000000  9.000000000000 bohr
              =  4.762594877310  4.762594877310  4.762594877310 angstroms
 prteigrs : about to open file t33o_EIG
 Fermi (or HOMO) energy (hartree) =  -0.17642   Average Vxc (hartree)=  -0.11700
 Eigenvalues (hartree) for nkpt=   1  k points, SPIN UP:
 kpt#   1, nband=  4, wtk=  1.00000, kpt=  0.0000  0.0000  0.0000 (reduced coord)
  -0.48843  -0.17691  -0.17642  -0.17407
 Eigenvalues (hartree) for nkpt=   1  k points, SPIN DOWN:
 kpt#   1, nband=  1, wtk=  1.00000, kpt=  0.0000  0.0000  0.0000 (reduced coord)
  -0.39423
 Total charge density [el/Bohr^3]
,     Maximum=    2.8972E-01  at reduced coord.    0.0278    0.9444    0.9722
,Next maximum=    2.8972E-01  at reduced coord.    0.0278    0.0556    0.9722
,     Minimum=    2.3988E-06  at reduced coord.    0.5000    0.5000    0.5000
,Next minimum=    2.5524E-06  at reduced coord.    0.4722    0.5000    0.4722
 Spin up density      [el/Bohr^3]
,     Maximum=    2.4505E-01  at reduced coord.    0.0278    0.9444    0.9722
,Next maximum=    2.4505E-01  at reduced coord.    0.0278    0.0556    0.9722
,     Minimum=    5.8353E-07  at reduced coord.    0.5000    0.5000    0.5000
,Next minimum=    6.3507E-07  at reduced coord.    0.4722    0.5000    0.4722
 Spin down density    [el/Bohr^3]
,     Maximum=    5.0445E-02  at reduced coord.    0.0556    0.0000    0.0556
,Next maximum=    5.0444E-02  at reduced coord.    0.9444    0.0000    0.9444
,     Minimum=    1.8153E-06  at reduced coord.    0.5000    0.5000    0.5000
,Next minimum=    1.8753E-06  at reduced coord.    0.5000    0.5000    0.5278
 Magnetization (spin up - spin down) [el/Bohr^3]
,     Maximum=    2.0037E-01  at reduced coord.    0.0278    0.9444    0.9722
,Next maximum=    2.0037E-01  at reduced coord.    0.0278    0.0556    0.9722
,     Minimum=   -1.6155E-03  at reduced coord.    0.1111    0.0000    0.1389
,Next minimum=   -1.6133E-03  at reduced coord.    0.8889    0.0000    0.8611
 Relative magnetization (=zeta, between -1 and 1)
,     Maximum=    7.2429E-01  at reduced coord.    0.2778    0.7500    0.7500
,Next maximum=    7.2429E-01  at reduced coord.    0.2778    0.2500    0.7500
,     Minimum=   -5.1349E-01  at reduced coord.    0.5000    0.5000    0.5000
,Next minimum=   -5.0238E-01  at reduced coord.    0.4722    0.5000    0.4722

--------------------------------------------------------------------------------
 Components of total free energy (in Hartree) :

    Kinetic energy  =  3.25261112624394E+00
    Hartree energy  =  2.08255293869846E+00
    XC energy       = -1.84872756481936E+00
    Ewald energy    = -2.52204220398277E+00
    PspCore energy  =  5.08040345474202E-03
    Loc. psp. energy= -7.62493916327921E+00
    NL   psp  energy=  9.51997627724434E-01
    >>>>>>>>> Etotal= -5.70346683595976E+00

 Other information on the energy :
    Total energy(eV)= -1.55199225406081E+02 ; Band energy (Ha)=  -1.2359940712E+00
--------------------------------------------------------------------------------

 Cartesian components of stress tensor (hartree/bohr^3)
  sigma(1 1)=  3.71333397E-05  sigma(3 2)=  0.00000000E+00
  sigma(2 2)=  2.31920561E-05  sigma(3 1)= -1.75533081E-05
  sigma(3 3)=  4.22538866E-05  sigma(2 1)=  0.00000000E+00

-Cartesian components of stress tensor (GPa)         [Pressure= -1.0060E+00 GPa]
- sigma(1 1)=  1.09250039E+00  sigma(3 2)=  0.00000000E+00
- sigma(2 2)=  6.82333732E-01  sigma(3 1)= -5.16436068E-01
- sigma(3 3)=  1.24315205E+00  sigma(2 1)=  0.00000000E+00

== END DATASET(S) ==============================================================
================================================================================
  
 -outvars: echo values of variables after computation  --------
     acell    9.0000000000E+00  9.0000000000E+00  9.0000000000E+00 Bohr
       amu    1.20110000E+01
    diemac    1.00000000E+00
    diemix    2.00000000E-01
      ecut    1.90000000E+01 Hartree
    etotal   -5.7034668360E+00
     fcart    0.0000000000E+00 -0.0000000000E+00  0.0000000000E+00
      iscf         5
    isecur         1
    istwfk      2
P    mkmem         1
     natom         1
     nband      4    1
     ngfft        36      36      36
      nkpt         1
     nline         5
    nnsclo         2
    nspden         2
    nsppol         2
     nstep        20
      nsym         2
    ntypat         1
       occ    1.000000  1.000000  1.000000  0.000000
              1.000000
    occopt         2
   spgroup         6
    strten    3.7133339717E-05  2.3192056072E-05  4.2253886615E-05
              0.0000000000E+00 -1.7553308133E-05  0.0000000000E+00
    symrel    1  0  0   0  1  0   0  0  1       1  0  0   0 -1  0   0  0  1
    tolwfr    1.00000000E-16
     typat    1
     znucl      6.00000

================================================================================

- Total cpu        time (s,m,h):          4.6        0.08      0.001
- Total wall clock time (s,m,h):          4.6        0.08      0.001

- For major independent code sections, cpu and wall times (sec),
- as well as % of the total time and number of calls 

- routine                 cpu     %       wall     %      number of calls 
-                                                          (-1=no count)
- fourwf(pot)            1.672  36.5      1.679  36.6           1052
- timing timab           0.498  10.9      0.498  10.9             12
- symrhg(no FFT)         0.449   9.8      0.448   9.8             60
- xc:pot/=fourdp         0.417   9.1      0.418   9.1             21
- fourdp                 0.183   4.0      0.191   4.2            104
- forces                 0.136   3.0      0.133   2.9             20
- pspini                 0.128   2.8      0.128   2.8              1
- status                 0.110   2.4      0.105   2.3           1208
- invars2                0.105   2.3      0.104   2.3              1
- vtowfk(contrib)        0.102   2.2      0.099   2.2             40
- fourwf(den)            0.072   1.6      0.078   1.7             80
- nonlop(apply)          0.063   1.4      0.060   1.3           1052
- projbd                 0.054   1.2      0.053   1.2           1704
- vtorho(4)-mkrho-       0.054   1.2      0.052   1.1             20
- vtorho  (1)            0.031   0.7      0.028   0.6             20
- abinit(2)              0.029   0.6      0.030   0.7              1
- vtowfk(ssdiag)         0.027   0.6      0.023   0.5             -1
- mkcore                 0.027   0.6      0.030   0.7             22
- getghc-other           0.024   0.5      0.033   0.7             -1
- 51   others            0.055   1.2      0.056   1.2

- subtotal               4.236  92.4      4.246  92.6

================================================================================

 Calculation completed.
.Delivered    6 WARNINGs and   1 COMMENTs to log file.
+Overall time at end (sec) : cpu=          4.6  wall=          4.6
