
.Version 5.6.4  of ABINIT 
.(sequential version, prepared for a x86_64_linux_gcc4.3 computer) 

.Copyright (C) 1998-2008 ABINIT group . 
 ABINIT comes with ABSOLUTELY NO WARRANTY.
 It is free software, and you are welcome to redistribute it
 under certain conditions (GNU General Public License,
 see ~abinit/COPYING or http://www.gnu.org/copyleft/gpl.txt).

 ABINIT is a project of the Universite Catholique de Louvain,
 Corning Inc. and other collaborators, see ~abinit/doc/developers/contributors.txt .
 Please read ~abinit/doc/users/acknowledgments.html for suggested
 acknowledgments of the ABINIT effort.
 For more information, see http://www.abinit.org .

.Starting date : Wed 19 Nov 2008.
  
- input  file    -> /home/gonze/ABINIT/ABINITv5.6.4/trunk/5.6.4-private/tests/v1/Input/t38.in
- output file    -> t38.out
- root for input  files -> t38i
- root for output files -> t38o


 Symmetries : space group F-4 3 m (#216); Bravais cF (face-center cubic)
================================================================================
 Values of the parameters that define the memory need of the present run
   intxc =         1  ionmov =         0    iscf =         3 xclevel =         1
  lmnmax =         4   lnmax =         4   mband =         8  mffmem =         1
P  mgfft =        18   mkmem =         2 mpssoang=         4     mpw =       274
  mqgrid =      3001   natom =         1    nfft =      5832    nkpt =         2
  nloalg =         4  nspden =         1 nspinor =         1  nsppol =         1
    nsym =        24  n1xccc =      2501  ntypat =         1  occopt =         0
================================================================================
P This job should need less than                       1.882 Mbytes of memory.
P Max. in main chain + fourwf.f
P          9 blocks of mpw  integer numbers, for      0.009 Mbytes.
P         75 blocks of mpw  real(dp)  numbers, for      0.157 Mbytes.
P          2 blocks of nfft integer numbers, for      0.044 Mbytes.
P         23 blocks of nfft real(dp)  numbers, for      1.023 Mbytes.
P            Additional     real(dp)  numbers, for      0.416 Mbytes.
P            With residue estimated to be             0.231 Mbytes.
P
P Comparison of the memory needs of different chains
P Main chain + fourwf.f                 1.882 Mbytes.
P Main chain + nonlop.f + opernl.f      1.757 Mbytes.
P XC chain                              1.774 Mbytes.
P mkrho chain                           1.566 Mbytes.
P fourdp chain                          1.562 Mbytes.
P newvtr chain                          1.542 Mbytes.
  Rough estimation (10% accuracy) of disk space for files :
  WF disk file :      0.069 Mbytes ; DEN or POT disk file :      0.046 Mbytes.
================================================================================

 -outvars: echo values of preprocessed input variables --------
     acell    1.0000000000E+01  1.0000000000E+01  1.0000000000E+01 Bohr
       amu    1.73040000E+02
    dielng    8.00000000E-01 Bohr
      ecut    8.00000000E+00 Hartree
    enunit         2
     intxc         1
      iscf         3
       kpt    1.00000000E+00  1.00000000E+00  1.00000000E+00
              1.00000000E+00  2.00000000E+00  2.00000000E+00
    kptnrm    4.00000000E+00
P    mkmem         2
     natom         1
     nband         8
     ngfft        18      18      18
      nkpt         2
     nline         3
     nstep         1
      nsym        24
    ntypat         1
       occ    2.000000  2.000000  2.000000  2.000000  2.000000  2.000000
              2.000000  2.000000
    occopt         0
    prtvol        10
     rprim    0.0000000000E+00  5.0000000000E-01  5.0000000000E-01
              5.0000000000E-01  0.0000000000E+00  5.0000000000E-01
              5.0000000000E-01  5.0000000000E-01  0.0000000000E+00
   spgroup       216
    symrel    1  0  0   0  1  0   0  0  1       0  1 -1   1  0 -1   0  0 -1
              0 -1  1   0 -1  0   1 -1  0      -1  0  0  -1  0  1  -1  1  0
              0  1  0   0  0  1   1  0  0       1  0 -1   0  0 -1   0  1 -1
              0 -1  0   1 -1  0   0 -1  1      -1  0  1  -1  1  0  -1  0  0
              0  0  1   1  0  0   0  1  0       0  0 -1   0  1 -1   1  0 -1
              1 -1  0   0 -1  1   0 -1  0      -1  1  0  -1  0  0  -1  0  1
              1  0 -1   0  1 -1   0  0 -1       0  1  0   1  0  0   0  0  1
             -1  0  1  -1  0  0  -1  1  0       0 -1  0   0 -1  1   1 -1  0
             -1  1  0  -1  0  1  -1  0  0       1 -1  0   0 -1  0   0 -1  1
              0  0 -1   1  0 -1   0  1 -1       0  0  1   0  1  0   1  0  0
              0 -1  1   1 -1  0   0 -1  0      -1  0  0  -1  1  0  -1  0  1
              1  0  0   0  0  1   0  1  0       0  1 -1   0  0 -1   1  0 -1
    tolwfr    1.00000000E-14
     typat    1
       wtk      0.25000    0.75000
     znucl     70.00000

================================================================================

 chkinp: Checking input parameters for consistency.

================================================================================
== DATASET  1 ==================================================================

 Real(R)+Recip(G) space primitive vectors, cartesian coordinates (Bohr,Bohr^-1):
 R(1)=  0.0000000  5.0000000  5.0000000  G(1)= -0.1000000  0.1000000  0.1000000
 R(2)=  5.0000000  0.0000000  5.0000000  G(2)=  0.1000000 -0.1000000  0.1000000
 R(3)=  5.0000000  5.0000000  0.0000000  G(3)=  0.1000000  0.1000000 -0.1000000
 Unit cell volume ucvol=  2.5000000E+02 bohr^3
 Angles (23,13,12)=  6.00000000E+01  6.00000000E+01  6.00000000E+01 degrees

 getcut: wavevector=  0.0000  0.0000  0.0000  ngfft=  18  18  18
         ecut(hartree)=      8.000   => boxcut(ratio)=   2.00546

--- Pseudopotential description ------------------------------------------------
- pspini: atom type   1  psp file is /home/gonze/ABINIT/ABINITv5.6.4/trunk/5.6.4-private/tests/Psps_for_tests/70yb.pho
- pspatm: opening atomic psp file    /home/gonze/ABINIT/ABINITv5.6.4/trunk/5.6.4-private/tests/Psps_for_tests/70yb.pho
 From G. Zerah, transmitted August 99, translated from 70yb.pspnc to format 5.
  70.00000  16.00000    940714                znucl, zion, pspdat
    5    1    3    0       800   0.00000      pspcod,pspxc,lmax,lloc,mmax,r2well
    2.616520E-04    1.608719E-02              r1 and al (Hamman grid)
    0   0.000   0.000    1   2.6885220        l,e99.0,e99.9,nproj,rcpsp
   0.00000000   0.00000000   0.00000000   0.00000000     rms, ekb1, ekb2, epsatm
    1   0.000   0.000    1   3.4092570        l,e99.0,e99.9,nproj,rcpsp
   0.00000000   0.00000000   0.00000000   0.00000000     rms, ekb1, ekb2, epsatm
    2   0.000   0.000    1   2.4942562        l,e99.0,e99.9,nproj,rcpsp
   0.00000000   0.00000000   0.00000000   0.00000000     rms, ekb1, ekb2, epsatm
    3   0.000   0.000    1   2.7912571        l,e99.0,e99.9,nproj,rcpsp
   0.00000000   0.00000000   0.00000000   0.00000000     rms, ekb1, ekb2, epsatm
    3.64900785408910    0.04847921662178    2.05554491768585   rchrg,fchrg,qchrg
 pspatm: epsatm=  122.42823458
         --- l  ekb(1:nproj) -->
             0    0.000000
             1    0.714859
             2   -2.528312
             3  -10.177023
 pspatm: atomic psp has been read  and splines computed

   1.95885175E+03                                ecore*ucvol(ha*bohr**3)
--------------------------------------------------------------------------------

P newkpt: treating      8 bands with npw=     274 for ikpt=   1
P newkpt: treating      8 bands with npw=     265 for ikpt=   2

 setup2: Arith. and geom. avg. npw (full set) are     267.250     267.222

================================================================================

     iter   Etot(hartree)      deltaE(h)  residm     vres2    diffor    maxfor

 ETOT  1  -70.718639974456    -7.072E+01 2.583E-01 1.447E+01 0.000E+00 0.000E+00

 cartesian forces (ha/bohr); non-corrected avg=  0.00E+00  0.00E+00  0.00E+00
    1     0.00000000000E+00    0.00000000000E+00    0.00000000000E+00
 prteigrs : about to open file t38o_EIG
 Fermi (or HOMO) energy (hartree) =   0.07380   Average Vxc (hartree)=  -0.39820
 Eigenvalues (hartree) for nkpt=   2  k points:
 kpt#   1, nband=  8, wtk=  0.25000, kpt=  0.2500  0.2500  0.2500 (reduced coord)
  -0.68441  -0.66659  -0.66547  -0.66532  -0.65895  -0.65877  -0.15293   0.07380
 kpt#   2, nband=  8, wtk=  0.75000, kpt=  0.2500  0.5000  0.5000 (reduced coord)
  -0.67793  -0.67045  -0.66107  -0.65650  -0.64789  -0.63323  -0.12086  -0.00681
 Fermi (or HOMO) energy (eV) =   2.00814   Average Vxc (eV)= -10.83554
 Eigenvalues (   eV  ) for nkpt=   2  k points:
 kpt#   1, nband=  8, wtk=  0.25000, kpt=  0.2500  0.2500  0.2500 (reduced coord)
 -18.62382 -18.13883 -18.10823 -18.10415 -17.93094 -17.92593  -4.16140   2.00814
 kpt#   2, nband=  8, wtk=  0.75000, kpt=  0.2500  0.5000  0.5000 (reduced coord)
 -18.44742 -18.24388 -17.98872 -17.86424 -17.62996 -17.23109  -3.28874  -0.18534

 Cartesian components of stress tensor (hartree/bohr^3)
  sigma(1 1)=  8.85959458E-03  sigma(3 2)=  0.00000000E+00
  sigma(2 2)=  8.85959458E-03  sigma(3 1)=  0.00000000E+00
  sigma(3 3)=  8.85959458E-03  sigma(2 1)=  0.00000000E+00


 scprqt:  WARNING -
  nstep=    1 was not enough SCF cycles to converge;
  maximum residual=  2.583E-01 exceeds tolwfr=  1.000E-14

================================================================================

 ----iterations are completed or convergence reached----

 Mean square residual over all n,k,spin=   2.1140E-02; max=  2.5829E-01
   0.2500  0.2500  0.2500    1  5.04543E-03 kpt; spin; max resid(k); each band:
 6.04E-04 6.28E-04 5.01E-04 9.37E-04 2.80E-03 4.83E-03 5.05E-03 1.08E-03
   0.2500  0.5000  0.5000    1  2.58286E-01 kpt; spin; max resid(k); each band:
 2.68E-04 1.01E-03 2.00E-03 4.35E-03 2.97E-03 2.58E-01 4.40E-02 8.95E-03
 reduced coordinates (array xred) for    1 atoms
       0.000000000000      0.000000000000      0.000000000000
 rms dE/dt=  0.0000E+00; max dE/dt=  0.0000E+00; dE/dt below (all hartree)
    1       0.000000000000      0.000000000000      0.000000000000

 cartesian coordinates (angstrom) at end:
    1      0.00000000000000     0.00000000000000     0.00000000000000

 cartesian forces (hartree/bohr) at end:
    1     -0.00000000000000    -0.00000000000000    -0.00000000000000
 frms,max,avg= 0.0000000E+00 0.0000000E+00   0.000E+00  0.000E+00  0.000E+00 h/b

 cartesian forces (eV/Angstrom) at end:
    1     -0.00000000000000    -0.00000000000000    -0.00000000000000
 frms,max,avg= 0.0000000E+00 0.0000000E+00   0.000E+00  0.000E+00  0.000E+00 e/A
 length scales= 10.000000000000 10.000000000000 10.000000000000 bohr
              =  5.291772085900  5.291772085900  5.291772085900 angstroms
 prteigrs : about to open file t38o_EIG
 Fermi (or HOMO) energy (hartree) =   0.07380   Average Vxc (hartree)=  -0.39820
 Eigenvalues (hartree) for nkpt=   2  k points:
 kpt#   1, nband=  8, wtk=  0.25000, kpt=  0.2500  0.2500  0.2500 (reduced coord)
  -0.68441  -0.66659  -0.66547  -0.66532  -0.65895  -0.65877  -0.15293   0.07380
 kpt#   2, nband=  8, wtk=  0.75000, kpt=  0.2500  0.5000  0.5000 (reduced coord)
  -0.67793  -0.67045  -0.66107  -0.65650  -0.64789  -0.63323  -0.12086  -0.00681
 Fermi (or HOMO) energy (eV) =   2.00814   Average Vxc (eV)= -10.83554
 Eigenvalues (   eV  ) for nkpt=   2  k points:
 kpt#   1, nband=  8, wtk=  0.25000, kpt=  0.2500  0.2500  0.2500 (reduced coord)
 -18.62382 -18.13883 -18.10823 -18.10415 -17.93094 -17.92593  -4.16140   2.00814
 kpt#   2, nband=  8, wtk=  0.75000, kpt=  0.2500  0.5000  0.5000 (reduced coord)
 -18.44742 -18.24388 -17.98872 -17.86424 -17.62996 -17.23109  -3.28874  -0.18534
 Total charge density [el/Bohr^3]
,     Maximum=    4.4700E-01  at reduced coord.    0.1111    0.8889    0.8889
,Next maximum=    4.4700E-01  at reduced coord.    0.8889    0.1111    0.8889
,     Minimum=    6.4294E-03  at reduced coord.    0.5000    0.5000    0.5000
,Next minimum=    6.7715E-03  at reduced coord.    0.5000    0.5000    0.4444

--------------------------------------------------------------------------------
 Components of total free energy (in Hartree) :

    Kinetic energy  =  2.30215574256962E+01
    Hartree energy  =  1.18666256799791E+01
    XC energy       = -8.71120056458578E+00
    Ewald energy    = -5.86862345486569E+01
    PspCore energy  =  7.83540701326491E+00
    Loc. psp. energy= -2.66398422153377E+01
    NL   psp  energy= -1.94049527648155E+01
    >>>>>>>>> Etotal= -7.07186399744556E+01

 Other information on the energy :
    Total energy(eV)= -1.92435205840205E+03 ; Band energy (Ha)=  -8.1514283078E+00
--------------------------------------------------------------------------------

          ===> extra information on forces <===
 ewald contribution to reduced grads
    1      -0.000000000000     -0.000000000000      0.000000000000
 nonlocal contribution to red. grads
    1       0.000000000000      0.000000000000      0.000000000000
 local psp contribution to red. grads
    1      -0.000000000007     -0.000000000007     -0.000000000007
 core charge xc contribution to reduced grads
    1       0.000000000000     -0.000000000000     -0.000000000000
 residual contribution to red. grads
    1       0.000000000007      0.000000000007      0.000000000007

 Cartesian components of stress tensor (hartree/bohr^3)
  sigma(1 1)=  8.85959458E-03  sigma(3 2)=  0.00000000E+00
  sigma(2 2)=  8.85959458E-03  sigma(3 1)=  0.00000000E+00
  sigma(3 3)=  8.85959458E-03  sigma(2 1)=  0.00000000E+00

-Cartesian components of stress tensor (GPa)         [Pressure= -2.6066E+02 GPa]
- sigma(1 1)=  2.60658228E+02  sigma(3 2)=  0.00000000E+00
- sigma(2 2)=  2.60658228E+02  sigma(3 1)=  0.00000000E+00
- sigma(3 3)=  2.60658228E+02  sigma(2 1)=  0.00000000E+00

== END DATASET(S) ==============================================================
================================================================================
  
 -outvars: echo values of variables after computation  --------
     acell    1.0000000000E+01  1.0000000000E+01  1.0000000000E+01 Bohr
       amu    1.73040000E+02
    dielng    8.00000000E-01 Bohr
      ecut    8.00000000E+00 Hartree
    enunit         2
    etotal   -7.0718639974E+01
     fcart   -0.0000000000E+00 -0.0000000000E+00 -0.0000000000E+00
     intxc         1
      iscf         3
       kpt    1.00000000E+00  1.00000000E+00  1.00000000E+00
              1.00000000E+00  2.00000000E+00  2.00000000E+00
    kptnrm    4.00000000E+00
P    mkmem         2
     natom         1
     nband         8
     ngfft        18      18      18
      nkpt         2
     nline         3
     nstep         1
      nsym        24
    ntypat         1
       occ    2.000000  2.000000  2.000000  2.000000  2.000000  2.000000
              2.000000  2.000000
    occopt         0
    prtvol        10
     rprim    0.0000000000E+00  5.0000000000E-01  5.0000000000E-01
              5.0000000000E-01  0.0000000000E+00  5.0000000000E-01
              5.0000000000E-01  5.0000000000E-01  0.0000000000E+00
   spgroup       216
    strten    8.8595945819E-03  8.8595945819E-03  8.8595945819E-03
              0.0000000000E+00  0.0000000000E+00  0.0000000000E+00
    symrel    1  0  0   0  1  0   0  0  1       0  1 -1   1  0 -1   0  0 -1
              0 -1  1   0 -1  0   1 -1  0      -1  0  0  -1  0  1  -1  1  0
              0  1  0   0  0  1   1  0  0       1  0 -1   0  0 -1   0  1 -1
              0 -1  0   1 -1  0   0 -1  1      -1  0  1  -1  1  0  -1  0  0
              0  0  1   1  0  0   0  1  0       0  0 -1   0  1 -1   1  0 -1
              1 -1  0   0 -1  1   0 -1  0      -1  1  0  -1  0  0  -1  0  1
              1  0 -1   0  1 -1   0  0 -1       0  1  0   1  0  0   0  0  1
             -1  0  1  -1  0  0  -1  1  0       0 -1  0   0 -1  1   1 -1  0
             -1  1  0  -1  0  1  -1  0  0       1 -1  0   0 -1  0   0 -1  1
              0  0 -1   1  0 -1   0  1 -1       0  0  1   0  1  0   1  0  0
              0 -1  1   1 -1  0   0 -1  0      -1  0  0  -1  1  0  -1  0  1
              1  0  0   0  0  1   0  1  0       0  1 -1   0  0 -1   1  0 -1
    tolwfr    1.00000000E-14
     typat    1
       wtk      0.25000    0.75000
     znucl     70.00000

================================================================================

- Total cpu        time (s,m,h):          1.2        0.02      0.000
- Total wall clock time (s,m,h):          1.2        0.02      0.000

- For major independent code sections, cpu and wall times (sec),
- as well as % of the total time and number of calls 

- routine                 cpu     %       wall     %      number of calls 
-                                                          (-1=no count)
- pspini                 0.623  51.9      0.623  51.9              1
- invars2                0.117   9.7      0.117   9.8              1
- timing timab           0.102   8.5      0.101   8.4              8
- fourwf(pot)            0.040   3.3      0.043   3.6            128
- abinit(2)              0.033   2.8      0.033   2.8              1
- mkcore                 0.025   2.1      0.024   2.0              3
- stress                 0.012   1.0      0.011   0.9              1
- nonlop(apply)          0.011   0.9      0.007   0.6            128
- forces                 0.010   0.8      0.010   0.8              1
- 61   others            0.029   2.4      0.027   2.2

- subtotal               1.002  83.5      0.996  83.0

================================================================================

 Calculation completed.
.Delivered    2 WARNINGs and   0 COMMENTs to log file.
+Overall time at end (sec) : cpu=          1.2  wall=          1.2
