
.Version 5.6.3  of ABINIT 
.(sequential version, prepared for a x86_64_linux_gcc4.3 computer) 

.Copyright (C) 1998-2008 ABINIT group . 
 ABINIT comes with ABSOLUTELY NO WARRANTY.
 It is free software, and you are welcome to redistribute it
 under certain conditions (GNU General Public License,
 see ~abinit/COPYING or http://www.gnu.org/copyleft/gpl.txt).

 ABINIT is a project of the Universite Catholique de Louvain,
 Corning Inc. and other collaborators, see ~abinit/doc/developers/contributors.txt .
 Please read ~abinit/doc/users/acknowledgments.html for suggested
 acknowledgments of the ABINIT effort.
 For more information, see http://www.abinit.org .

.Starting date : Thu  6 Nov 2008.
  
- input  file    -> /home/gonze/ABINIT/ABINITv5.6.3/test_gcc43/5.6.3-private/tests/v1/Input/t81.in
- output file    -> t81.out
- root for input  files -> t81i
- root for output files -> t81o


 Symmetries : space group P1 (#  1); Bravais aP (primitive triclinic)
================================================================================
 Values of the parameters that define the memory need of the present run
   intxc =         1  ionmov =         2    iscf =         3 xclevel =         1
  lmnmax =         2   lnmax =         2   mband =         1  mffmem =         1
P  mgfft =        12   mkmem =        16 mpssoang=         3     mpw =        53
  mqgrid =      3001   natom =         1    nfft =      1728    nkpt =        16
  nloalg =         4  nspden =         1 nspinor =         1  nsppol =         1
    nsym =         1  n1xccc =      2501  ntypat =         1  occopt =         1
================================================================================
P This job should need less than                       0.863 Mbytes of memory.
  Rough estimation (10% accuracy) of disk space for files :
  WF disk file :      0.015 Mbytes ; DEN or POT disk file :      0.015 Mbytes.
================================================================================

 -outvars: echo values of preprocessed input variables --------
     acell    8.5000000000E+00  8.5000000000E+00  8.5000000000E+00 Bohr
       amu    2.43050000E+01
   dilatmx    1.05000000E+00
      ecut    3.00000000E+00 Hartree
    ecutsm    1.00000000E+00 Hartree
     intxc         1
    ionmov         2
      iscf         3
       kpt    2.50000000E-01  2.50000000E-01  2.50000000E-01
              0.00000000E+00  0.00000000E+00  2.50000000E-01
              0.00000000E+00  2.50000000E-01  0.00000000E+00
              2.50000000E-01  0.00000000E+00  0.00000000E+00
              5.00000000E-01  5.00000000E-01  2.50000000E-01
              5.00000000E-01  2.50000000E-01  5.00000000E-01
              2.50000000E-01  5.00000000E-01  5.00000000E-01
              5.00000000E-01  2.50000000E-01  0.00000000E+00
              2.50000000E-01  0.00000000E+00  5.00000000E-01
              0.00000000E+00  5.00000000E-01  2.50000000E-01
              0.00000000E+00  2.50000000E-01  5.00000000E-01
              2.50000000E-01  5.00000000E-01  0.00000000E+00
              5.00000000E-01  0.00000000E+00  2.50000000E-01
              2.50000000E-01  2.50000000E-01 -2.50000000E-01
              2.50000000E-01 -2.50000000E-01  2.50000000E-01
             -2.50000000E-01  2.50000000E-01  2.50000000E-01
P    mkmem        16
     natom         1
     nband         1
     ngfft        12      12      12
      nkpt        16
     nline         3
     nstep         8
      nsym         1
     ntime        10
    ntypat         1
       occ    2.000000
   optcell         3
     rprim    0.0000000000E+00  5.1000000000E-01  5.2000000000E-01
              5.1000000000E-01  0.0000000000E+00  5.3000000000E-01
              5.2000000000E-01  5.3000000000E-01  0.0000000000E+00
   spgroup         1
    toldfe    1.00000000E-10 Hartree
    tolmxf    5.00000000E-06
     typat    1
       wtk      0.06250    0.06250    0.06250    0.06250    0.06250    0.06250
                0.06250    0.06250    0.06250    0.06250    0.06250    0.06250
                0.06250    0.06250    0.06250    0.06250
     znucl     12.00000

================================================================================

 chkinp: Checking input parameters for consistency.

================================================================================
== DATASET  1 ==================================================================

 Real(R)+Recip(G) space primitive vectors, cartesian coordinates (Bohr,Bohr^-1):
 R(1)=  0.0000000  4.3350000  4.4200000  G(1)= -0.1175583  0.1153403  0.1131222
 R(2)=  4.3350000  0.0000000  4.5050000  G(2)=  0.1153403 -0.1131640  0.1109878
 R(3)=  4.4200000  4.5050000  0.0000000  G(3)=  0.1131222  0.1109878 -0.1088534
 Unit cell volume ucvol=  1.7263791E+02 bohr^3
 Angles (23,13,12)=  6.09480476E+01  6.00122334E+01  5.90397190E+01 degrees

 getcut: wavevector=  0.0000  0.0000  0.0000  ngfft=  12  12  12
         ecut(hartree)=      3.308   => boxcut(ratio)=   2.32306

 getcut : COMMENT -
  Note that boxcut > 2.2 ; recall that boxcut=Gcut(box)/Gcut(sphere) = 2
  is sufficient for exact treatment of convolution.
  Such a large boxcut is a waste : you could raise ecut
  e.g. ecut=    4.462321 Hartrees makes boxcut=2


--- Pseudopotential description ------------------------------------------------
- pspini: atom type   1  psp file is /home/gonze/ABINIT/ABINITv5.6.3/test_gcc43/5.6.3-private/tests/Psps_for_tests/12mg.pspnc
- pspatm: opening atomic psp file    /home/gonze/ABINIT/ABINITv5.6.3/test_gcc43/5.6.3-private/tests/Psps_for_tests/12mg.pspnc
  Troullier-Martins psp for element  Mg        Thu Oct 27 17:30:49 EDT 1994
  12.00000   2.00000    940714                znucl, zion, pspdat
    1    1    2    2      2001   0.00000      pspcod,pspxc,lmax,lloc,mmax,r2well
    0   3.352   8.820    1   2.5922174        l,e99.0,e99.9,nproj,rcpsp
   0.00000000   0.00000000   0.00000000   0.00000000     rms, ekb1, ekb2, epsatm
    1   1.127   1.670    1   2.5922174        l,e99.0,e99.9,nproj,rcpsp
   0.00000000   0.00000000   0.00000000   0.00000000     rms, ekb1, ekb2, epsatm
    2   0.000   0.000    0   2.5922174        l,e99.0,e99.9,nproj,rcpsp
   0.00000000   0.00000000   0.00000000   0.00000000     rms, ekb1, ekb2, epsatm
    2.54196289048337    0.05499530377757    0.78827945413088   rchrg,fchrg,qchrg
 pspatm: epsatm=   -1.54393848
         --- l  ekb(1:nproj) -->
             0    1.755924
             1    0.853613
 pspatm: atomic psp has been read  and splines computed

  -3.08787695E+00                                ecore*ucvol(ha*bohr**3)
--------------------------------------------------------------------------------

P newkpt: treating      1 bands with npw=      53 for ikpt=   1
P newkpt: treating      1 bands with npw=      52 for ikpt=   2
P newkpt: treating      1 bands with npw=      51 for ikpt=   3
P newkpt: treating      1 bands with npw=      53 for ikpt=   4
P newkpt: treating      1 bands with npw=      48 for ikpt=   5
P newkpt: treating      1 bands with npw=      49 for ikpt=   6
P newkpt: treating      1 bands with npw=      49 for ikpt=   7
P newkpt: treating      1 bands with npw=      48 for ikpt=   8
P newkpt: treating      1 bands with npw=      50 for ikpt=   9
P newkpt: treating      1 bands with npw=      47 for ikpt=  10
P newkpt: treating      1 bands with npw=      50 for ikpt=  11
P newkpt: treating      1 bands with npw=      49 for ikpt=  12
P newkpt: treating      1 bands with npw=      47 for ikpt=  13
P newkpt: treating      1 bands with npw=      50 for ikpt=  14
P newkpt: treating      1 bands with npw=      48 for ikpt=  15
P newkpt: treating      1 bands with npw=      47 for ikpt=  16

 setup2: Arith. and geom. avg. npw (full set) are      49.438      49.400

================================================================================

 BROYDEN STEP NUMBER   0  ------------------------------------------------------

     iter   Etot(hartree)      deltaE(h)  residm     vres2    diffor    maxfor
 ETOT  1  -1.1033273243287    -1.103E+00 9.663E-07 8.598E-02 0.000E+00 0.000E+00
 ETOT  2  -1.1033988585039    -7.153E-05 3.225E-12 7.962E-03 0.000E+00 0.000E+00
 ETOT  3  -1.1034075854006    -8.727E-06 9.207E-09 3.331E-05 0.000E+00 0.000E+00
 ETOT  4  -1.1034076298866    -4.449E-08 8.757E-11 1.276E-06 0.000E+00 0.000E+00
 ETOT  5  -1.1034076315399    -1.653E-09 2.501E-12 5.137E-08 0.000E+00 0.000E+00
 ETOT  6  -1.1034076315961    -5.623E-11 6.837E-14 3.167E-09 0.000E+00 0.000E+00
 ETOT  7  -1.1034076315992    -3.072E-12 1.353E-15 1.185E-10 0.000E+00 0.000E+00

 At SCF step    7, etot is converged :
  for the second time, diff in etot=  3.072E-12 < toldfe=  1.000E-10

 Cartesian components of stress tensor (hartree/bohr^3)
  sigma(1 1)=  1.37875399E-04  sigma(3 2)= -4.21347560E-05
  sigma(2 2)=  1.60132826E-04  sigma(3 1)=  1.14651016E-06
  sigma(3 3)=  1.84597756E-04  sigma(2 1)=  4.49301037E-05

 Unit cell characteristics :
  acell=  6.1910116298E+00  6.2519796865E+00  6.3112142255E+00
  rprim= -2.3245419032E-16  7.0020866689E-01  7.1393824860E-01
          6.9338037188E-01 -2.3094205611E-16  7.2057175901E-01
          7.0034067013E-01  7.1380875994E-01 -4.0371975193E-17
  ucvol=  1.7263790700E+02 Bohr^3
  lengths=  6.1910116298E+00  6.2519796865E+00  6.3112142255E+00 Bohr
  angles (23,13,12)=  60.94804757  60.01223344  59.03971899 degrees
 Cartesian coordinates (bohr)
  0.00000000000000E+00  0.00000000000000E+00  0.00000000000000E+00
 Cartesian forces (hart/bohr); max,rms= 0.00000E+00 0.00000E+00 (free atoms)
  0.00000000000000E+00  0.00000000000000E+00  0.00000000000000E+00

 At the end of Broyden step  0, total energy= -1.10340763159919E+00 Ha.


 BROYDEN STEP NUMBER   1  ------------------------------------------------------

     iter   Etot(hartree)      deltaE(h)  residm     vres2    diffor    maxfor
 ETOT  1  -1.1034845579510    -1.103E+00 6.582E-09 2.445E-05 0.000E+00 0.000E+00
 ETOT  2  -1.1034846061950    -4.824E-08 6.018E-15 1.506E-06 0.000E+00 0.000E+00
 ETOT  3  -1.1034846099255    -3.730E-09 8.921E-12 1.188E-08 0.000E+00 0.000E+00
 ETOT  4  -1.1034846099497    -2.420E-11 4.282E-14 2.747E-10 0.000E+00 0.000E+00
 ETOT  5  -1.1034846099501    -3.526E-13 1.177E-15 2.643E-12 0.000E+00 0.000E+00

 At SCF step    5, etot is converged :
  for the second time, diff in etot=  3.526E-13 < toldfe=  1.000E-10

 Cartesian components of stress tensor (hartree/bohr^3)
  sigma(1 1)=  1.40078476E-04  sigma(3 2)= -3.47818031E-05
  sigma(2 2)=  1.61177949E-04  sigma(3 1)=  6.52946503E-07
  sigma(3 3)=  1.83428715E-04  sigma(2 1)=  3.65938511E-05

 Unit cell characteristics :
  acell=  6.2045220926E+00  6.2513434806E+00  6.2964494761E+00
  rprim= -1.9325309587E-03  7.0050364432E-01  7.1364620760E-01
          6.9388297885E-01 -4.7557270352E-05  7.2008777896E-01
          7.0054165062E-01  7.1360934433E-01  1.7605195403E-03
  ucvol=  1.7263790700E+02 Bohr^3
  lengths=  6.2045220926E+00  6.2513434806E+00  6.2964494761E+00 Bohr
  angles (23,13,12)=  60.83490891  60.01399068  59.16859189 degrees
 Cartesian coordinates (bohr)
  0.00000000000000E+00  0.00000000000000E+00  0.00000000000000E+00
 Cartesian forces (hart/bohr); max,rms= 0.00000E+00 0.00000E+00 (free atoms)
  0.00000000000000E+00  0.00000000000000E+00  0.00000000000000E+00

 At the end of Broyden step  1, total energy= -1.10348460995006E+00 Ha.


 BROYDEN STEP NUMBER   2  ------------------------------------------------------

     iter   Etot(hartree)      deltaE(h)  residm     vres2    diffor    maxfor
 ETOT  1  -1.1036509770466    -1.104E+00 1.630E-09 5.213E-04 0.000E+00 0.000E+00
 ETOT  2  -1.1036519911232    -1.014E-06 1.389E-13 3.193E-05 0.000E+00 0.000E+00
 ETOT  3  -1.1036520699782    -7.885E-08 1.401E-10 2.629E-07 0.000E+00 0.000E+00
 ETOT  4  -1.1036520705236    -5.455E-10 4.840E-13 6.040E-09 0.000E+00 0.000E+00
 ETOT  5  -1.1036520705316    -8.004E-12 3.271E-14 5.072E-11 0.000E+00 0.000E+00
 ETOT  6  -1.1036520705317    -6.550E-14 1.008E-16 2.999E-12 0.000E+00 0.000E+00

 At SCF step    6, etot is converged :
  for the second time, diff in etot=  6.550E-14 < toldfe=  1.000E-10

 Cartesian components of stress tensor (hartree/bohr^3)
  sigma(1 1)=  1.50305218E-04  sigma(3 2)=  1.17797837E-06
  sigma(2 2)=  1.63077158E-04  sigma(3 1)= -2.85957974E-07
  sigma(3 3)=  1.75332282E-04  sigma(2 1)= -2.56556959E-06

 Unit cell characteristics :
  acell=  6.2690380768E+00  6.2498190481E+00  6.2290989212E+00
  rprim= -1.0888862136E-02  7.0198929722E-01  7.1210424748E-01
          6.9658767277E-01 -1.5648831959E-04  7.1747166470E-01
          7.0165807934E-01  7.1243819791E-01  1.0380455975E-02
  ucvol=  1.7263790700E+02 Bohr^3
  lengths=  6.2690380768E+00  6.2498190481E+00  6.2290989212E+00 Bohr
  angles (23,13,12)=  60.25751908  60.00822338  59.78675546 degrees
 Cartesian coordinates (bohr)
  0.00000000000000E+00  0.00000000000000E+00  0.00000000000000E+00
 Cartesian forces (hart/bohr); max,rms= 0.00000E+00 0.00000E+00 (free atoms)
  0.00000000000000E+00  0.00000000000000E+00  0.00000000000000E+00

 At the end of Broyden step  2, total energy= -1.10365207053171E+00 Ha.


 BROYDEN STEP NUMBER   3  ------------------------------------------------------

     iter   Etot(hartree)      deltaE(h)  residm     vres2    diffor    maxfor
 ETOT  1  -1.1036537851208    -1.104E+00 5.254E-14 3.584E-08 0.000E+00 0.000E+00
 ETOT  2  -1.1036537851523    -3.151E-11 8.663E-18 1.380E-09 0.000E+00 0.000E+00
 ETOT  3  -1.1036537851545    -2.168E-12 2.423E-15 1.486E-11 0.000E+00 0.000E+00

 At SCF step    3, etot is converged :
  for the second time, diff in etot=  2.168E-12 < toldfe=  1.000E-10

 Cartesian components of stress tensor (hartree/bohr^3)
  sigma(1 1)=  1.51268280E-04  sigma(3 2)=  1.17346082E-06
  sigma(2 2)=  1.63084310E-04  sigma(3 1)= -2.45965200E-07
  sigma(3 3)=  1.74377942E-04  sigma(2 1)= -2.30189076E-06

 Unit cell characteristics :
  acell=  6.2677603064E+00  6.2498485844E+00  6.2308431469E+00
  rprim= -1.0822430536E-02  7.0212623389E-01  7.1197024284E-01
          6.9687065055E-01 -1.0182465706E-04  7.1719682517E-01
          7.0180346114E-01  7.1229491749E-01  1.0385203232E-02
  ucvol=  1.7263790700E+02 Bohr^3
  lengths=  6.2677603064E+00  6.2498485844E+00  6.2308431469E+00 Bohr
  angles (23,13,12)=  60.23512148  60.00531350  59.80069454 degrees
 Cartesian coordinates (bohr)
  0.00000000000000E+00  0.00000000000000E+00  0.00000000000000E+00
 Cartesian forces (hart/bohr); max,rms= 0.00000E+00 0.00000E+00 (free atoms)
  0.00000000000000E+00  0.00000000000000E+00  0.00000000000000E+00

 At the end of Broyden step  3, total energy= -1.10365378515445E+00 Ha.


 BROYDEN STEP NUMBER   4  ------------------------------------------------------

     iter   Etot(hartree)      deltaE(h)  residm     vres2    diffor    maxfor
 ETOT  1  -1.1036635807446    -1.104E+00 9.046E-12 4.945E-06 0.000E+00 0.000E+00
 ETOT  2  -1.1036635849485    -4.204E-09 1.241E-15 1.879E-07 0.000E+00 0.000E+00
 ETOT  3  -1.1036635852362    -2.876E-10 2.857E-13 2.007E-09 0.000E+00 0.000E+00
 ETOT  4  -1.1036635852407    -4.536E-12 4.523E-15 8.463E-11 0.000E+00 0.000E+00
 ETOT  5  -1.1036635852409    -1.856E-13 2.373E-16 2.583E-13 0.000E+00 0.000E+00

 At SCF step    5, etot is converged :
  for the second time, diff in etot=  1.856E-13 < toldfe=  1.000E-10

 Cartesian components of stress tensor (hartree/bohr^3)
  sigma(1 1)=  1.62706604E-04  sigma(3 2)=  8.41461216E-07
  sigma(2 2)=  1.63089164E-04  sigma(3 1)=  1.89203154E-07
  sigma(3 3)=  1.63024324E-04  sigma(2 1)=  7.26279466E-07

 Unit cell characteristics :
  acell=  6.2520633346E+00  6.2502600301E+00  6.2514843105E+00
  rprim= -1.0057437619E-02  7.0375237400E-01  7.1037415778E-01
          7.0022668854E-01  4.6576001566E-04  7.1392042115E-01
          7.0352736342E-01  7.1059255400E-01  1.0366828145E-02
  ucvol=  1.7263790700E+02 Bohr^3
  lengths=  6.2520633346E+00  6.2502600301E+00  6.2514843105E+00 Bohr
  angles (23,13,12)=  59.97613395  59.97552849  59.97115614 degrees
 Cartesian coordinates (bohr)
  0.00000000000000E+00  0.00000000000000E+00  0.00000000000000E+00
 Cartesian forces (hart/bohr); max,rms= 0.00000E+00 0.00000E+00 (free atoms)
  0.00000000000000E+00  0.00000000000000E+00  0.00000000000000E+00

 At the end of Broyden step  4, total energy= -1.10366358524090E+00 Ha.


 BROYDEN STEP NUMBER   5  ------------------------------------------------------

     iter   Etot(hartree)      deltaE(h)  residm     vres2    diffor    maxfor
 ETOT  1  -1.1036636096535    -1.104E+00 4.158E-15 7.475E-09 0.000E+00 0.000E+00
 ETOT  2  -1.1036636096680    -1.449E-11 2.971E-18 4.569E-10 0.000E+00 0.000E+00
 ETOT  3  -1.1036636096691    -1.127E-12 2.050E-15 3.786E-12 0.000E+00 0.000E+00

 At SCF step    3, etot is converged :
  for the second time, diff in etot=  1.127E-12 < toldfe=  1.000E-10

 Cartesian components of stress tensor (hartree/bohr^3)
  sigma(1 1)=  1.62761110E-04  sigma(3 2)=  6.77796523E-07
  sigma(2 2)=  1.63078595E-04  sigma(3 1)=  1.56436048E-07
  sigma(3 3)=  1.62980919E-04  sigma(2 1)=  6.15867942E-07

 Unit cell characteristics :
  acell=  6.2516586491E+00  6.2502038143E+00  6.2513045450E+00
  rprim= -1.0091250018E-02  7.0375641541E-01  7.1036967449E-01
          7.0024123508E-01  4.0119089884E-04  7.1390619253E-01
          7.0353723974E-01  7.1058344838E-01  1.0320619717E-02
  ucvol=  1.7263790700E+02 Bohr^3
  lengths=  6.2516586491E+00  6.2502038143E+00  6.2513045450E+00 Bohr
  angles (23,13,12)=  59.98022828  59.97951852  59.97662040 degrees
 Cartesian coordinates (bohr)
  0.00000000000000E+00  0.00000000000000E+00  0.00000000000000E+00
 Cartesian forces (hart/bohr); max,rms= 0.00000E+00 0.00000E+00 (free atoms)
  0.00000000000000E+00  0.00000000000000E+00  0.00000000000000E+00

 At the end of Broyden step  5, total energy= -1.10366360966911E+00 Ha.


 BROYDEN STEP NUMBER   6  ------------------------------------------------------

     iter   Etot(hartree)      deltaE(h)  residm     vres2    diffor    maxfor
 ETOT  1  -1.1036636600937    -1.104E+00 9.884E-14 1.603E-07 0.000E+00 0.000E+00
 ETOT  2  -1.1036636604056    -3.120E-10 5.370E-17 9.824E-09 0.000E+00 0.000E+00
 ETOT  3  -1.1036636604299    -2.426E-11 4.515E-14 8.080E-11 0.000E+00 0.000E+00
 ETOT  4  -1.1036636604301    -1.674E-13 1.476E-16 1.857E-12 0.000E+00 0.000E+00

 At SCF step    4, etot is converged :
  for the second time, diff in etot=  1.674E-13 < toldfe=  1.000E-10

 Cartesian components of stress tensor (hartree/bohr^3)
  sigma(1 1)=  1.62904166E-04  sigma(3 2)= -6.31114016E-09
  sigma(2 2)=  1.63022903E-04  sigma(3 1)= -4.04022686E-10
  sigma(3 3)=  1.62894654E-04  sigma(2 1)=  6.31494597E-10

 Unit cell characteristics :
  acell=  6.2500855612E+00  6.2499463273E+00  6.2501144105E+00
  rprim= -1.0272485720E-02  7.0375796928E-01  7.1036553739E-01
          7.0027559559E-01  9.6644590839E-05  7.1387259429E-01
          7.0356697133E-01  7.1055684273E-01  1.0123739137E-02
  ucvol=  1.7263790700E+02 Bohr^3
  lengths=  6.2500855612E+00  6.2499463273E+00  6.2501144105E+00 Bohr
  angles (23,13,12)=  60.00089240  59.99839797  60.00099686 degrees
 Cartesian coordinates (bohr)
  0.00000000000000E+00  0.00000000000000E+00  0.00000000000000E+00
 Cartesian forces (hart/bohr); max,rms= 0.00000E+00 0.00000E+00 (free atoms)
  0.00000000000000E+00  0.00000000000000E+00  0.00000000000000E+00

 At the end of Broyden step  6, total energy= -1.10366366043007E+00 Ha.


 BROYDEN STEP NUMBER   7  ------------------------------------------------------

     iter   Etot(hartree)      deltaE(h)  residm     vres2    diffor    maxfor
 ETOT  1  -1.1036636604835    -1.104E+00 5.547E-18 4.396E-12 0.000E+00 0.000E+00
 ETOT  2  -1.1036636604835    -5.551E-15 1.141E-21 2.361E-13 0.000E+00 0.000E+00
 ETOT  3  -1.1036636604835    -1.554E-15 9.427E-19 2.489E-15 0.000E+00 0.000E+00

 At SCF step    3, etot is converged :
  for the second time, diff in etot=  1.554E-15 < toldfe=  1.000E-10

 Cartesian components of stress tensor (hartree/bohr^3)
  sigma(1 1)=  1.62903781E-04  sigma(3 2)= -3.49767599E-09
  sigma(2 2)=  1.63016896E-04  sigma(3 1)= -5.25112028E-10
  sigma(3 3)=  1.62901047E-04  sigma(2 1)= -2.54194038E-09

 Unit cell characteristics :
  acell=  6.2500923583E+00  6.2499539807E+00  6.2500998737E+00
  rprim= -1.0273203386E-02  7.0375619445E-01  7.1036728532E-01
          7.0027459830E-01  9.6646194551E-05  7.1387357259E-01
          7.0356778159E-01  7.1055603071E-01  1.0124422236E-02
  ucvol=  1.7263790700E+02 Bohr^3
  lengths=  6.2500923583E+00  6.2499539807E+00  6.2500998737E+00 Bohr
  angles (23,13,12)=  60.00086830  59.99851990  60.00090084 degrees
 Cartesian coordinates (bohr)
  0.00000000000000E+00  0.00000000000000E+00  0.00000000000000E+00
 Cartesian forces (hart/bohr); max,rms= 0.00000E+00 0.00000E+00 (free atoms)
  0.00000000000000E+00  0.00000000000000E+00  0.00000000000000E+00

 At the end of Broyden step  7, total energy= -1.10366366048354E+00 Ha.


 BROYDEN STEP NUMBER   8  ------------------------------------------------------

     iter   Etot(hartree)      deltaE(h)  residm     vres2    diffor    maxfor
 ETOT  1  -1.1036636607638    -1.104E+00 2.179E-16 1.074E-10 0.000E+00 0.000E+00
 ETOT  2  -1.1036636607639    -9.326E-14 2.068E-20 4.136E-12 0.000E+00 0.000E+00
 ETOT  3  -1.1036636607639    -7.772E-15 1.130E-17 4.474E-14 0.000E+00 0.000E+00

 At SCF step    3, etot is converged :
  for the second time, diff in etot=  7.772E-15 < toldfe=  1.000E-10

 Cartesian components of stress tensor (hartree/bohr^3)
  sigma(1 1)=  1.62922395E-04  sigma(3 2)=  8.19031628E-09
  sigma(2 2)=  1.62957394E-04  sigma(3 1)= -4.82979372E-10
  sigma(3 3)=  1.62941937E-04  sigma(2 1)= -9.74772761E-09

 Unit cell characteristics :
  acell=  6.2500938287E+00  6.2500309970E+00  6.2500319601E+00
  rprim= -1.0274791369E-02  7.0374177784E-01  7.1038154452E-01
          7.0027131929E-01  9.7798116451E-05  7.1387678896E-01
          7.0357929656E-01  7.1054458907E-01  1.0127210699E-02
  ucvol=  1.7263790700E+02 Bohr^3
  lengths=  6.2500938287E+00  6.2500309970E+00  6.2500319601E+00 Bohr
  angles (23,13,12)=  60.00029952  59.99967149  60.00009402 degrees
 Cartesian coordinates (bohr)
  0.00000000000000E+00  0.00000000000000E+00  0.00000000000000E+00
 Cartesian forces (hart/bohr); max,rms= 0.00000E+00 0.00000E+00 (free atoms)
  0.00000000000000E+00  0.00000000000000E+00  0.00000000000000E+00

 At the end of Broyden step  8, total energy= -1.10366366076392E+00 Ha.


 At Broyd/MD step   8, gradients are converged :
  max grad (force/stress) = 1.8180E-06 < tolmxf= 5.0000E-06 ha/bohr (free atoms)

================================================================================

 ----iterations are completed or convergence reached----

 Mean square residual over all n,k,spin=   3.0446E-18; max=  1.1301E-17
   0.2500  0.2500  0.2500    1  1.26617E-19 kpt; spin; max resid(k); each band:
 1.27E-19
   0.0000  0.0000  0.2500    1  1.08421E-18 kpt; spin; max resid(k); each band:
 1.08E-18
   0.0000  0.2500  0.0000    1  1.10756E-19 kpt; spin; max resid(k); each band:
 1.11E-19
   0.2500  0.0000  0.0000    1  1.00869E-18 kpt; spin; max resid(k); each band:
 1.01E-18
   0.5000  0.5000  0.2500    1  1.44641E-18 kpt; spin; max resid(k); each band:
 1.45E-18
   0.5000  0.2500  0.5000    1  8.91762E-19 kpt; spin; max resid(k); each band:
 8.92E-19
   0.2500  0.5000  0.5000    1  2.07569E-18 kpt; spin; max resid(k); each band:
 2.08E-18
   0.5000  0.2500  0.0000    1  6.73485E-18 kpt; spin; max resid(k); each band:
 6.73E-18
   0.2500  0.0000  0.5000    1  1.13012E-17 kpt; spin; max resid(k); each band:
 1.13E-17
   0.0000  0.5000  0.2500    1  1.93282E-18 kpt; spin; max resid(k); each band:
 1.93E-18
   0.0000  0.2500  0.5000    1  3.47673E-18 kpt; spin; max resid(k); each band:
 3.48E-18
   0.2500  0.5000  0.0000    1  6.75787E-19 kpt; spin; max resid(k); each band:
 6.76E-19
   0.5000  0.0000  0.2500    1  8.08394E-18 kpt; spin; max resid(k); each band:
 8.08E-18
   0.2500  0.2500 -0.2500    1  5.05107E-18 kpt; spin; max resid(k); each band:
 5.05E-18
   0.2500 -0.2500  0.2500    1  8.86085E-19 kpt; spin; max resid(k); each band:
 8.86E-19
  -0.2500  0.2500  0.2500    1  3.82778E-18 kpt; spin; max resid(k); each band:
 3.83E-18
 reduced coordinates (array xred) for    1 atoms
       0.000000000000      0.000000000000      0.000000000000
 rms dE/dt=  2.1985E-15; max dE/dt=  3.0613E-15; dE/dt below (all hartree)
    1       0.000000000000      0.000000000000      0.000000000000

 cartesian coordinates (angstrom) at end:
    1      0.00000000000000     0.00000000000000     0.00000000000000

 cartesian forces (hartree/bohr) at end:
    1      0.00000000000000     0.00000000000000     0.00000000000000
 frms,max,avg= 0.0000000E+00 0.0000000E+00   0.000E+00  0.000E+00  0.000E+00 h/b

 cartesian forces (eV/Angstrom) at end:
    1      0.00000000000000     0.00000000000000     0.00000000000000
 frms,max,avg= 0.0000000E+00 0.0000000E+00   0.000E+00  0.000E+00  0.000E+00 e/A
 length scales=  6.250093828714  6.250030997040  6.250031960065 bohr
              =  3.307407205704  3.307373956615  3.307374466225 angstroms
 prteigrs : about to open file t81o_EIG
 Fermi (or HOMO) energy (hartree) =   0.04648   Average Vxc (hartree)=  -0.29133
 Eigenvalues (hartree) for nkpt=  16  k points:
 kpt#   1, nband=  1, wtk=  0.06250, kpt=  0.2500  0.2500  0.2500 (reduced coord)
  -0.07605
 kpt#   2, nband=  1, wtk=  0.06250, kpt=  0.0000  0.0000  0.2500 (reduced coord)
  -0.07605
 kpt#   3, nband=  1, wtk=  0.06250, kpt=  0.0000  0.2500  0.0000 (reduced coord)
  -0.07605
 kpt#   4, nband=  1, wtk=  0.06250, kpt=  0.2500  0.0000  0.0000 (reduced coord)
  -0.07605
 kpt#   5, nband=  1, wtk=  0.06250, kpt=  0.5000  0.5000  0.2500 (reduced coord)
   0.04648
 kpt#   6, nband=  1, wtk=  0.06250, kpt=  0.5000  0.2500  0.5000 (reduced coord)
   0.04648
 kpt#   7, nband=  1, wtk=  0.06250, kpt=  0.2500  0.5000  0.5000 (reduced coord)
   0.04648
 kpt#   8, nband=  1, wtk=  0.06250, kpt=  0.5000  0.2500  0.0000 (reduced coord)
   0.04648
 kpt#   9, nband=  1, wtk=  0.06250, kpt=  0.2500  0.0000  0.5000 (reduced coord)
   0.04648
 kpt#  10, nband=  1, wtk=  0.06250, kpt=  0.0000  0.5000  0.2500 (reduced coord)
   0.04648
 kpt#  11, nband=  1, wtk=  0.06250, kpt=  0.0000  0.2500  0.5000 (reduced coord)
   0.04648
 kpt#  12, nband=  1, wtk=  0.06250, kpt=  0.2500  0.5000  0.0000 (reduced coord)
   0.04648
 kpt#  13, nband=  1, wtk=  0.06250, kpt=  0.5000  0.0000  0.2500 (reduced coord)
   0.04648
 kpt#  14, nband=  1, wtk=  0.06250, kpt=  0.2500  0.2500 -0.2500 (reduced coord)
   0.04648
 kpt#  15, nband=  1, wtk=  0.06250, kpt=  0.2500 -0.2500  0.2500 (reduced coord)
   0.04648
 kpt#  16, nband=  1, wtk=  0.06250, kpt= -0.2500  0.2500  0.2500 (reduced coord)
   0.04648
 Total charge density [el/Bohr^3]
,     Maximum=    1.3323E-02  at reduced coord.    0.0000    0.0000    0.5000
,Next maximum=    1.3323E-02  at reduced coord.    0.0000    0.5000    0.0000
,     Minimum=    3.2695E-03  at reduced coord.    0.0000    0.0000    0.0000
,Next minimum=    4.3146E-03  at reduced coord.    0.0000    0.0833    0.0000

--------------------------------------------------------------------------------
 Components of total free energy (in Hartree) :

    Kinetic energy  =  3.02518561916797E-01
    Hartree energy  =  1.16367073999143E-03
    XC energy       = -6.55694067770074E-01
    Ewald energy    = -1.03742701549470E+00
    PspCore energy  = -1.78864364389044E-02
    Loc. psp. energy=  8.02665018861794E-02
    NL   psp  energy=  2.23395124396790E-01
    >>>>>>>>> Etotal= -1.10366366076392E+00

 Other information on the energy :
    Total energy(eV)= -3.00322155253798E+01 ; Band energy (Ha)=   3.1694686466E-02
--------------------------------------------------------------------------------

 Cartesian components of stress tensor (hartree/bohr^3)
  sigma(1 1)=  1.62922395E-04  sigma(3 2)=  8.19031628E-09
  sigma(2 2)=  1.62957394E-04  sigma(3 1)= -4.82979372E-10
  sigma(3 3)=  1.62941937E-04  sigma(2 1)= -9.74772761E-09

-Cartesian components of stress tensor (GPa)         [Pressure= -4.7939E+00 GPa]
- sigma(1 1)=  4.79334156E+00  sigma(3 2)=  2.40967384E-04
- sigma(2 2)=  4.79437125E+00  sigma(3 1)= -1.42097413E-05
- sigma(3 3)=  4.79391649E+00  sigma(2 1)= -2.86787999E-04

== END DATASET(S) ==============================================================
================================================================================
  
 -outvars: echo values of variables after computation  --------
     acell    6.2500938287E+00  6.2500309970E+00  6.2500319601E+00 Bohr
       amu    2.43050000E+01
   dilatmx    1.05000000E+00
      ecut    3.00000000E+00 Hartree
    ecutsm    1.00000000E+00 Hartree
    etotal   -1.1036636608E+00
     fcart    0.0000000000E+00  0.0000000000E+00  0.0000000000E+00
     intxc         1
    ionmov         2
      iscf         3
       kpt    2.50000000E-01  2.50000000E-01  2.50000000E-01
              0.00000000E+00  0.00000000E+00  2.50000000E-01
              0.00000000E+00  2.50000000E-01  0.00000000E+00
              2.50000000E-01  0.00000000E+00  0.00000000E+00
              5.00000000E-01  5.00000000E-01  2.50000000E-01
              5.00000000E-01  2.50000000E-01  5.00000000E-01
              2.50000000E-01  5.00000000E-01  5.00000000E-01
              5.00000000E-01  2.50000000E-01  0.00000000E+00
              2.50000000E-01  0.00000000E+00  5.00000000E-01
              0.00000000E+00  5.00000000E-01  2.50000000E-01
              0.00000000E+00  2.50000000E-01  5.00000000E-01
              2.50000000E-01  5.00000000E-01  0.00000000E+00
              5.00000000E-01  0.00000000E+00  2.50000000E-01
              2.50000000E-01  2.50000000E-01 -2.50000000E-01
              2.50000000E-01 -2.50000000E-01  2.50000000E-01
             -2.50000000E-01  2.50000000E-01  2.50000000E-01
P    mkmem        16
     natom         1
     nband         1
     ngfft        12      12      12
      nkpt        16
     nline         3
     nstep         8
      nsym         1
     ntime        10
    ntypat         1
       occ    2.000000
   optcell         3
     rprim   -1.0274791369E-02  7.0374177784E-01  7.1038154452E-01
              7.0027131929E-01  9.7798116451E-05  7.1387678896E-01
              7.0357929656E-01  7.1054458907E-01  1.0127210699E-02
   spgroup         1
    strten    1.6292239545E-04  1.6295739415E-04  1.6294193708E-04
              8.1903162758E-09 -4.8297937229E-10 -9.7477276068E-09
    toldfe    1.00000000E-10 Hartree
    tolmxf    5.00000000E-06
     typat    1
       wtk      0.06250    0.06250    0.06250    0.06250    0.06250    0.06250
                0.06250    0.06250    0.06250    0.06250    0.06250    0.06250
                0.06250    0.06250    0.06250    0.06250
     znucl     12.00000

================================================================================

- Total cpu        time (s,m,h):          2.0        0.03      0.001
- Total wall clock time (s,m,h):          2.0        0.03      0.001

- For major independent code sections, cpu and wall times (sec),
- as well as % of the total time and number of calls 

- routine                 cpu     %       wall     %      number of calls 
-                                                          (-1=no count)
- timing timab           0.340  17.0      0.339  17.0             11
- vtowfk(contrib)        0.312  15.6      0.321  16.1            624
- fourwf(pot)            0.289  14.5      0.282  14.1           3586
- pspini                 0.232  11.6      0.233  11.7              1
- invars2                0.111   5.6      0.111   5.6              1
- vtowfk(ssdiag)         0.099   5.0      0.094   4.7             -1
- status                 0.075   3.8      0.070   3.5          12374
- forces                 0.075   3.8      0.076   3.8             39
- mkcore                 0.062   3.1      0.063   3.2             57
- getghc-other           0.049   2.5      0.048   2.4             -1
- vtorho-kpt loop        0.048   2.4      0.059   3.0             39
- nonlop(apply)          0.039   2.0      0.040   2.0           3586
- vtowfk  (1)            0.035   1.8      0.029   1.5            624
- abinit(2)              0.033   1.7      0.032   1.6              1
- fourwf(den)            0.030   1.5      0.021   1.1            624
- fourdp                 0.023   1.2      0.020   1.0            357
- stress                 0.020   1.0      0.020   1.0              9
- xc:pot/=fourdp         0.017   0.9      0.018   0.9             48
- nonlop(forces)         0.013   0.7      0.013   0.7            624
- projbd                 0.013   0.7      0.022   1.1           5348
- 50   others            0.028   1.4      0.019   1.0

- subtotal               1.943  97.3      1.930  96.6

================================================================================

 Calculation completed.
.Delivered    5 WARNINGs and  10 COMMENTs to log file.
+Overall time at end (sec) : cpu=          2.0  wall=          2.0
