
.Version 5.6.3  of ABINIT 
.(sequential version, prepared for a x86_64_linux_gcc4.3 computer) 

.Copyright (C) 1998-2008 ABINIT group . 
 ABINIT comes with ABSOLUTELY NO WARRANTY.
 It is free software, and you are welcome to redistribute it
 under certain conditions (GNU General Public License,
 see ~abinit/COPYING or http://www.gnu.org/copyleft/gpl.txt).

 ABINIT is a project of the Universite Catholique de Louvain,
 Corning Inc. and other collaborators, see ~abinit/doc/developers/contributors.txt .
 Please read ~abinit/doc/users/acknowledgments.html for suggested
 acknowledgments of the ABINIT effort.
 For more information, see http://www.abinit.org .

.Starting date : Thu  6 Nov 2008.
  
- input  file    -> /home/gonze/ABINIT/ABINITv5.6.3/test_gcc43/5.6.3-private/tests/v1/Input/t86.in
- output file    -> t86.out
- root for input  files -> t86i
- root for output files -> t86o


 Symmetries : space group Pm (#  6); Bravais mP (primitive monocl.)
================================================================================
 Values of the parameters that define the memory need of the present run
   intxc =         1  ionmov =         1    iscf =         5 xclevel =         1
  lmnmax =         2   lnmax =         2   mband =         4  mffmem =         1
P  mgfft =        24   mkmem =         1 mpssoang=         3     mpw =       258
  mqgrid =      3001   natom =         5    nfft =     13824    nkpt =         1
  nloalg =         4  nspden =         1 nspinor =         1  nsppol =         1
    nsym =         2  n1xccc =      2501  ntypat =         2  occopt =         1
================================================================================
P This job should need less than                       4.124 Mbytes of memory.
  Rough estimation (10% accuracy) of disk space for files :
  WF disk file :      0.018 Mbytes ; DEN or POT disk file :      0.107 Mbytes.
================================================================================

 -outvars: echo values of preprocessed input variables --------
     acell    8.0000000000E+00  8.0000000000E+00  8.0000000000E+00 Bohr
       amu    1.00000000E+00  1.00000000E+00
      ecut    8.00000000E+00 Hartree
    iatfix      1    4    5
   iatfixy      2    3
   iatfixz      2    3
     intxc         1
    ionmov         1
      iscf         5
    isecur        -2
    istwfk      2
P    mkmem         1
    natfix         3
   natfixy         2
   natfixz         2
     natom         5
     nband         4
     ngfft        24      24      24
      nkpt         1
     nline         5
     nstep        25
      nsym         2
     ntime         5
    ntypat         2
       occ    2.000000  2.000000  2.000000  2.000000
   spgroup         6
    symrel    1  0  0   0  1  0   0  0  1       1  0  0   0 -1  0   0  0  1
    toldff    5.00000000E-06
    tolmxf    1.00000000E-04
     typat    1  2  2  2  2
    xangst    0.0000000000E+00  0.0000000000E+00  0.0000000000E+00
              1.4287784632E+00  0.0000000000E+00  0.0000000000E+00
             -9.0489302669E-01  0.0000000000E+00  1.3229430215E+00
             -7.9376581288E-01  1.0583544172E+00  6.8793037117E-01
             -7.9376581288E-01 -1.0583544172E+00  6.8793037117E-01
     xcart    0.0000000000E+00  0.0000000000E+00  0.0000000000E+00
              2.7000000000E+00  0.0000000000E+00  0.0000000000E+00
             -1.7100000000E+00  0.0000000000E+00  2.5000000000E+00
             -1.5000000000E+00  2.0000000000E+00  1.3000000000E+00
             -1.5000000000E+00 -2.0000000000E+00  1.3000000000E+00
      xred    0.0000000000E+00  0.0000000000E+00  0.0000000000E+00
              3.3750000000E-01  0.0000000000E+00  0.0000000000E+00
             -2.1375000000E-01  0.0000000000E+00  3.1250000000E-01
             -1.8750000000E-01  2.5000000000E-01  1.6250000000E-01
             -1.8750000000E-01 -2.5000000000E-01  1.6250000000E-01
     znucl     14.00000    1.00000

================================================================================

 chkinp: Checking input parameters for consistency.

================================================================================
== DATASET  1 ==================================================================

 Real(R)+Recip(G) space primitive vectors, cartesian coordinates (Bohr,Bohr^-1):
 R(1)=  8.0000000  0.0000000  0.0000000  G(1)=  0.1250000  0.0000000  0.0000000
 R(2)=  0.0000000  8.0000000  0.0000000  G(2)=  0.0000000  0.1250000  0.0000000
 R(3)=  0.0000000  0.0000000  8.0000000  G(3)=  0.0000000  0.0000000  0.1250000
 Unit cell volume ucvol=  5.1200000E+02 bohr^3
 Angles (23,13,12)=  9.00000000E+01  9.00000000E+01  9.00000000E+01 degrees

 getcut: wavevector=  0.0000  0.0000  0.0000  ngfft=  24  24  24
         ecut(hartree)=      8.000   => boxcut(ratio)=   2.35619

 getcut : COMMENT -
  Note that boxcut > 2.2 ; recall that boxcut=Gcut(box)/Gcut(sphere) = 2
  is sufficient for exact treatment of convolution.
  Such a large boxcut is a waste : you could raise ecut
  e.g. ecut=   11.103305 Hartrees makes boxcut=2


--- Pseudopotential description ------------------------------------------------
- pspini: atom type   1  psp file is /home/gonze/ABINIT/ABINITv5.6.3/test_gcc43/5.6.3-private/tests/Psps_for_tests/14si.pspnc
- pspatm: opening atomic psp file    /home/gonze/ABINIT/ABINITv5.6.3/test_gcc43/5.6.3-private/tests/Psps_for_tests/14si.pspnc
  Troullier-Martins psp for element  Si        Thu Oct 27 17:31:21 EDT 1994
  14.00000   4.00000    940714                znucl, zion, pspdat
    1    1    2    2      2001   0.00000      pspcod,pspxc,lmax,lloc,mmax,r2well
    0   5.907  14.692    1   2.0872718        l,e99.0,e99.9,nproj,rcpsp
   0.00000000   0.00000000   0.00000000   0.00000000     rms, ekb1, ekb2, epsatm
    1   2.617   4.181    1   2.0872718        l,e99.0,e99.9,nproj,rcpsp
   0.00000000   0.00000000   0.00000000   0.00000000     rms, ekb1, ekb2, epsatm
    2   0.000   0.000    0   2.0872718        l,e99.0,e99.9,nproj,rcpsp
   0.00000000   0.00000000   0.00000000   0.00000000     rms, ekb1, ekb2, epsatm
    1.80626423934776    0.22824404341771    1.17378968127746   rchrg,fchrg,qchrg
 pspatm: epsatm=    1.43386982
         --- l  ekb(1:nproj) -->
             0    3.287949
             1    1.849886
 pspatm: atomic psp has been read  and splines computed

- pspini: atom type   2  psp file is /home/gonze/ABINIT/ABINITv5.6.3/test_gcc43/5.6.3-private/tests/Psps_for_tests/1h.pspnc
- pspatm: opening atomic psp file    /home/gonze/ABINIT/ABINITv5.6.3/test_gcc43/5.6.3-private/tests/Psps_for_tests/1h.pspnc
  Troullier-Martins psp for element  H         Thu Oct 27 17:28:54 EDT 1994
   1.00000   1.00000    940714                znucl, zion, pspdat
    1    1    0    0      2001   0.00000      pspcod,pspxc,lmax,lloc,mmax,r2well
    0   7.740  11.990    0   1.5855604        l,e99.0,e99.9,nproj,rcpsp
   0.00000000   0.00000000   0.00000000   0.00000000     rms, ekb1, ekb2, epsatm
    0.00000000000000    0.00000000000000    0.00000000000000   rchrg,fchrg,qchrg
 Note: local psp for atom with Z=  1.0
 pspatm: epsatm=    0.04198703
         --- l  ekb(1:nproj) -->
 pspatm: atomic psp has been read  and splines computed

   1.28145435E+01                                ecore*ucvol(ha*bohr**3)
--------------------------------------------------------------------------------

P newkpt: treating      4 bands with npw=     258 for ikpt=   1

 setup2: Arith. and geom. avg. npw (full set) are     515.000     515.000

================================================================================

 TIME STEP NUMBER   1  ------------------------------------------------------
 (initialisation period : icalls=1)

     iter   Etot(hartree)      deltaE(h)  residm     vres2    diffor    maxfor
 ETOT  1  -6.4097617792476    -6.410E+00 9.228E-04 3.649E+01 3.715E-02 3.715E-02
 ETOT  2  -6.4351970124220    -2.544E-02 1.068E-07 4.850E+00 3.904E-02 3.660E-03
 ETOT  3  -6.4375935745222    -2.397E-03 2.177E-05 5.291E+00 1.121E-02 9.317E-03
 ETOT  4  -6.4392610658346    -1.667E-03 2.922E-05 1.705E+00 5.536E-03 5.362E-03
 ETOT  5  -6.4400540080332    -7.929E-04 7.377E-06 6.251E-01 4.878E-03 1.015E-03
 ETOT  6  -6.4401277350599    -7.373E-05 7.411E-07 2.301E-01 3.893E-04 9.873E-04
 ETOT  7  -6.4401605410581    -3.281E-05 1.129E-07 3.385E-02 9.837E-04 2.652E-04
 ETOT  8  -6.4401623006221    -1.760E-06 1.768E-08 2.837E-02 3.095E-05 2.437E-04
 ETOT  9  -6.4401658997291    -3.599E-06 3.796E-08 9.546E-03 1.461E-04 9.761E-05
 ETOT 10  -6.4401674602999    -1.561E-06 5.190E-09 2.523E-04 1.657E-04 1.348E-04
 ETOT 11  -6.4401674899350    -2.964E-08 9.485E-11 2.326E-05 4.440E-05 1.792E-04
 ETOT 12  -6.4401674937445    -3.810E-09 1.863E-11 2.464E-05 8.455E-06 1.708E-04
 ETOT 13  -6.4401674937914    -4.692E-11 9.119E-13 2.639E-05 2.709E-06 1.680E-04
 ETOT 14  -6.4401674984406    -4.649E-09 1.487E-11 8.334E-06 2.895E-06 1.691E-04

 At SCF step   14, forces are converged :
  for the second time, max diff in force=  2.895E-06 < toldff=  5.000E-06

 Cartesian components of stress tensor (hartree/bohr^3)
  sigma(1 1)= -1.15323056E-04  sigma(3 2)=  0.00000000E+00
  sigma(2 2)= -3.31344290E-04  sigma(3 1)= -1.24928104E-04
  sigma(3 3)= -3.30115650E-04  sigma(2 1)=  0.00000000E+00

 Cartesian coordinates (bohr)
  0.00000000000000E+00  0.00000000000000E+00  0.00000000000000E+00
  2.70000000000000E+00  0.00000000000000E+00  0.00000000000000E+00
 -1.71000000000000E+00  0.00000000000000E+00  2.50000000000000E+00
 -1.50000000000000E+00  2.00000000000000E+00  1.30000000000000E+00
 -1.50000000000000E+00 -2.00000000000000E+00  1.30000000000000E+00
 Velocities (bohr/(atomic time unit))
  0.00000000000000E+00  0.00000000000000E+00  0.00000000000000E+00
  0.00000000000000E+00  0.00000000000000E+00  0.00000000000000E+00
  0.00000000000000E+00  0.00000000000000E+00  0.00000000000000E+00
  0.00000000000000E+00  0.00000000000000E+00  0.00000000000000E+00
  0.00000000000000E+00  0.00000000000000E+00  0.00000000000000E+00
 Cartesian forces (hart/bohr); max,rms= 1.69107E-04 1.19630E-04 (free atoms)
 -7.59318603853188E-03 -0.00000000000000E+00 -1.33760498761335E-02
  1.69106872066505E-04 -0.00000000000000E+00  3.46650589404917E-02
  5.07617826061581E-06 -0.00000000000000E+00 -6.11117497665536E-03
  3.70950149410238E-03  5.27941908348457E-03 -7.58891704385139E-03
  3.70950149410238E-03 -5.27941908348457E-03 -7.58891704385139E-03


 TIME STEP NUMBER   1  ------------------------------------------------------
 (initialisation period : icalls=2)

     iter   Etot(hartree)      deltaE(h)  residm     vres2    diffor    maxfor
 ETOT  1  -6.4401674989384    -6.440E+00 7.553E-15 1.145E-06 4.973E-06 1.651E-04
 ETOT  2  -6.4401674998585    -9.201E-10 4.451E-16 1.136E-07 4.685E-06 1.697E-04
 ETOT  3  -6.4401674999833    -1.248E-10 1.832E-12 4.454E-08 1.185E-06 1.686E-04

 At SCF step    3, forces are converged :
  for the second time, max diff in force=  1.185E-06 < toldff=  5.000E-06

 Cartesian components of stress tensor (hartree/bohr^3)
  sigma(1 1)= -1.15309592E-04  sigma(3 2)=  0.00000000E+00
  sigma(2 2)= -3.31299811E-04  sigma(3 1)= -1.24953236E-04
  sigma(3 3)= -3.30044371E-04  sigma(2 1)=  0.00000000E+00

 Cartesian coordinates (bohr)
  0.00000000000000E+00  0.00000000000000E+00  0.00000000000000E+00
  2.70000000000000E+00  0.00000000000000E+00  0.00000000000000E+00
 -1.71000000000000E+00  0.00000000000000E+00  2.50000000000000E+00
 -1.50000000000000E+00  2.00000000000000E+00  1.30000000000000E+00
 -1.50000000000000E+00 -2.00000000000000E+00  1.30000000000000E+00
 Cartesian forces (hart/bohr); max,rms= 1.68555E-04 1.19383E-04 (free atoms)
 -7.59980153058406E-03 -0.00000000000000E+00 -1.33621171091038E-02
  1.68554643023636E-04 -0.00000000000000E+00  3.46552346609372E-02
  9.68595658792778E-06 -0.00000000000000E+00 -6.11600347007830E-03
  3.71078046548625E-03  5.27959868374360E-03 -7.58855704087756E-03
  3.71078046548625E-03 -5.27959868374360E-03 -7.58855704087756E-03


 TIME STEP NUMBER   1  ------------------------------------------------------
 (initialisation period : icalls=3)

     iter   Etot(hartree)      deltaE(h)  residm     vres2    diffor    maxfor
 ETOT  1  -6.4401675301782    -6.440E+00 1.748E-14 2.878E-06 3.274E-05 1.358E-04
 ETOT  2  -6.4401675326882    -2.510E-09 1.257E-15 1.326E-07 2.066E-05 1.152E-04
 ETOT  3  -6.4401675327280    -3.982E-11 3.834E-13 1.355E-07 2.336E-06 1.175E-04
 ETOT  4  -6.4401675328189    -9.087E-11 1.403E-12 3.488E-08 1.647E-06 1.158E-04

 At SCF step    4, forces are converged :
  for the second time, max diff in force=  1.647E-06 < toldff=  5.000E-06

 Cartesian components of stress tensor (hartree/bohr^3)
  sigma(1 1)= -1.15137730E-04  sigma(3 2)=  0.00000000E+00
  sigma(2 2)= -3.31291474E-04  sigma(3 1)= -1.24934598E-04
  sigma(3 3)= -3.30039432E-04  sigma(2 1)=  0.00000000E+00

 Cartesian coordinates (bohr)
  0.00000000000000E+00  0.00000000000000E+00  0.00000000000000E+00
  2.70023192158150E+00  0.00000000000000E+00  0.00000000000000E+00
 -1.70999303827647E+00  0.00000000000000E+00  2.50000000000000E+00
 -1.50000000000000E+00  2.00000000000000E+00  1.30000000000000E+00
 -1.50000000000000E+00 -2.00000000000000E+00  1.30000000000000E+00
 Cartesian forces (hart/bohr); max,rms= 1.15847E-04 8.19246E-05 (free atoms)
 -7.54181513720938E-03 -0.00000000000000E+00 -1.33636039779479E-02
  1.15846714708876E-04 -0.00000000000000E+00  3.46549143484622E-02
  1.68323246917748E-06 -0.00000000000000E+00 -6.11493069231872E-03
  3.71214259501566E-03  5.27867416787366E-03 -7.58818983909784E-03
  3.71214259501566E-03 -5.27867416787366E-03 -7.58818983909784E-03


 TIME STEP NUMBER   1  ------------------------------------------------------
 (initialisation period : icalls=4)

     iter   Etot(hartree)      deltaE(h)  residm     vres2    diffor    maxfor
 ETOT  1  -6.4401672352800    -6.440E+00 3.545E-13 6.075E-05 1.474E-04 2.633E-04
 ETOT  2  -6.4401672842582    -4.898E-08 8.326E-15 3.677E-06 8.948E-05 3.527E-04
 ETOT  3  -6.4401672856725    -1.414E-09 2.064E-11 3.606E-06 1.296E-05 3.398E-04
 ETOT  4  -6.4401672878453    -2.173E-09 4.212E-11 8.356E-07 9.098E-06 3.489E-04
 ETOT  5  -6.4401672882410    -3.957E-10 5.143E-12 2.839E-07 5.815E-06 3.547E-04
 ETOT  6  -6.4401672883106    -6.967E-11 2.053E-13 1.175E-07 1.607E-06 3.532E-04
 ETOT  7  -6.4401672883345    -2.384E-11 1.033E-13 2.160E-08 7.478E-07 3.539E-04

 At SCF step    7, forces are converged :
  for the second time, max diff in force=  7.478E-07 < toldff=  5.000E-06

 Cartesian components of stress tensor (hartree/bohr^3)
  sigma(1 1)= -1.15899988E-04  sigma(3 2)=  0.00000000E+00
  sigma(2 2)= -3.31366437E-04  sigma(3 1)= -1.25008230E-04
  sigma(3 3)= -3.30108706E-04  sigma(2 1)=  0.00000000E+00

 Cartesian coordinates (bohr)
  0.00000000000000E+00  0.00000000000000E+00  0.00000000000000E+00
  2.69919005325196E+00  0.00000000000000E+00  0.00000000000000E+00
 -1.71001162301070E+00  0.00000000000000E+00  2.50000000000000E+00
 -1.50000000000000E+00  2.00000000000000E+00  1.30000000000000E+00
 -1.50000000000000E+00 -2.00000000000000E+00  1.30000000000000E+00
 Cartesian forces (hart/bohr); max,rms= 3.53937E-04 2.51514E-04 (free atoms)
 -7.79596146021434E-03 -0.00000000000000E+00 -1.33652563975672E-02
  3.53937133530642E-04 -0.00000000000000E+00  3.46636405525937E-02
  3.53118460043911E-05 -0.00000000000000E+00 -6.11978323479968E-03
  3.70335624033965E-03  5.27977556768079E-03 -7.58930046011338E-03
  3.70335624033965E-03 -5.27977556768079E-03 -7.58930046011338E-03


 TIME STEP NUMBER   1  ------------------------------------------------------
 (initialisation period : icalls=5)

     iter   Etot(hartree)      deltaE(h)  residm     vres2    diffor    maxfor
 ETOT  1  -6.4401674359522    -6.440E+00 8.273E-13 1.340E-04 2.097E-04 1.442E-04
 ETOT  2  -6.4401675544311    -1.185E-07 5.432E-14 6.549E-06 1.384E-04 1.784E-05
 ETOT  3  -6.4401675560392    -1.608E-09 1.362E-11 6.799E-06 1.464E-05 2.627E-05
 ETOT  4  -6.4401675605251    -4.486E-09 6.689E-11 1.619E-06 1.208E-05 1.592E-05
 ETOT  5  -6.4401675612842    -7.591E-10 6.869E-12 6.410E-07 7.230E-06 1.244E-05
 ETOT  6  -6.4401675614561    -1.719E-10 8.386E-13 2.661E-07 2.703E-06 1.514E-05
 ETOT  7  -6.4401675615067    -5.061E-11 1.274E-13 5.967E-08 1.273E-06 1.445E-05

 At SCF step    7, forces are converged :
  for the second time, max diff in force=  1.273E-06 < toldff=  5.000E-06

 Cartesian components of stress tensor (hartree/bohr^3)
  sigma(1 1)= -1.14779112E-04  sigma(3 2)=  0.00000000E+00
  sigma(2 2)= -3.31264780E-04  sigma(3 1)= -1.24896689E-04
  sigma(3 3)= -3.30013238E-04  sigma(2 1)=  0.00000000E+00

 Cartesian coordinates (bohr)
  0.00000000000000E+00  0.00000000000000E+00  0.00000000000000E+00
  2.70073108496190E+00  0.00000000000000E+00  0.00000000000000E+00
 -1.70998706729176E+00  0.00000000000000E+00  2.50000000000000E+00
 -1.50000000000000E+00  2.00000000000000E+00  1.30000000000000E+00
 -1.50000000000000E+00 -2.00000000000000E+00  1.30000000000000E+00
 Cartesian forces (hart/bohr); max,rms= 1.44480E-05 1.02283E-05 (free atoms)
 -7.41955298570452E-03 -0.00000000000000E+00 -1.33620287988919E-02
  7.01111541179530E-07 -0.00000000000000E+00  3.46503697294017E-02
 -1.44480268435956E-05 -0.00000000000000E+00 -6.11284142956762E-03
  3.71664995050347E-03  5.27780761233742E-03 -7.58774975047109E-03
  3.71664995050347E-03 -5.27780761233742E-03 -7.58774975047109E-03


 TIME STEP NUMBER   2  ------------------------------------------------------

     iter   Etot(hartree)      deltaE(h)  residm     vres2    diffor    maxfor
 ETOT  1  -6.4401675613903    -6.440E+00 3.440E-15 9.872E-08 8.122E-06 1.165E-05
 ETOT  2  -6.4401675614671    -7.684E-11 2.452E-17 5.510E-09 3.267E-06 1.267E-05
 ETOT  3  -6.4401675614709    -3.766E-12 6.097E-14 1.373E-09 1.765E-07 1.279E-05

 At SCF step    3, forces are converged :
  for the second time, max diff in force=  1.765E-07 < toldff=  5.000E-06

 Cartesian components of stress tensor (hartree/bohr^3)
  sigma(1 1)= -1.14828073E-04  sigma(3 2)=  0.00000000E+00
  sigma(2 2)= -3.31269046E-04  sigma(3 1)= -1.24902496E-04
  sigma(3 3)= -3.30015440E-04  sigma(2 1)=  0.00000000E+00

 Cartesian coordinates (bohr)
  0.00000000000000E+00  0.00000000000000E+00  0.00000000000000E+00
  2.70072903183304E+00  0.00000000000000E+00  0.00000000000000E+00
 -1.71000198790297E+00  0.00000000000000E+00  2.50000000000000E+00
 -1.50000000000000E+00  2.00000000000000E+00  1.30000000000000E+00
 -1.50000000000000E+00 -2.00000000000000E+00  1.30000000000000E+00
 Velocities (bohr/(atomic time unit))
  0.00000000000000E+00  0.00000000000000E+00  0.00000000000000E+00
 -2.05947426215218E-09  0.00000000000000E+00  0.00000000000000E+00
 -1.43196261749141E-07  0.00000000000000E+00  0.00000000000000E+00
  0.00000000000000E+00  0.00000000000000E+00  0.00000000000000E+00
  0.00000000000000E+00  0.00000000000000E+00  0.00000000000000E+00
 Cartesian forces (hart/bohr); max,rms= 1.27927E-05 1.25322E-05 (free atoms)
 -7.43317110496389E-03 -0.00000000000000E+00 -1.33622958589422E-02
  1.22661677364314E-05 -0.00000000000000E+00  3.46514363679937E-02
 -1.27926907418525E-05 -0.00000000000000E+00 -6.11365704668350E-03
  3.71684881398465E-03  5.27743548685616E-03 -7.58774173118402E-03
  3.71684881398465E-03 -5.27743548685616E-03 -7.58774173118402E-03


 TIME STEP NUMBER   3  ------------------------------------------------------

     iter   Etot(hartree)      deltaE(h)  residm     vres2    diffor    maxfor
 ETOT  1  -6.4401675616101    -6.440E+00 1.312E-15 3.086E-07 7.497E-06 1.923E-05
 ETOT  2  -6.4401675618871    -2.770E-10 1.132E-16 1.480E-08 6.223E-06 1.548E-05
 ETOT  3  -6.4401675618990    -1.184E-11 2.408E-13 4.130E-09 2.894E-07 1.519E-05
 ETOT  4  -6.4401675619012    -2.228E-12 1.946E-14 1.498E-09 3.548E-07 1.501E-05

 At SCF step    4, forces are converged :
  for the second time, max diff in force=  3.548E-07 < toldff=  5.000E-06

 Cartesian components of stress tensor (hartree/bohr^3)
  sigma(1 1)= -1.14781399E-04  sigma(3 2)=  0.00000000E+00
  sigma(2 2)= -3.31261872E-04  sigma(3 1)= -1.24897294E-04
  sigma(3 3)= -3.30007542E-04  sigma(2 1)=  0.00000000E+00

 Cartesian coordinates (bohr)
  0.00000000000000E+00  0.00000000000000E+00  0.00000000000000E+00
  2.70073805224483E+00  0.00000000000000E+00  0.00000000000000E+00
 -1.71001529680930E+00  0.00000000000000E+00  2.50000000000000E+00
 -1.50000000000000E+00  2.00000000000000E+00  1.30000000000000E+00
 -1.50000000000000E+00 -2.00000000000000E+00  1.30000000000000E+00
 Velocities (bohr/(atomic time unit))
  0.00000000000000E+00  0.00000000000000E+00  0.00000000000000E+00
  2.16543697372000E-08  0.00000000000000E+00  0.00000000000000E+00
 -1.43840310481699E-07  0.00000000000000E+00  0.00000000000000E+00
  0.00000000000000E+00  0.00000000000000E+00  0.00000000000000E+00
  0.00000000000000E+00  0.00000000000000E+00  0.00000000000000E+00
 Cartesian forces (hart/bohr); max,rms= 1.50132E-05 1.07013E-05 (free atoms)
 -7.41747393088756E-03 -0.00000000000000E+00 -1.33621715041388E-02
 -1.90841784532042E-06 -0.00000000000000E+00  3.46509902830254E-02
 -1.50131507620177E-05 -0.00000000000000E+00 -6.11356172128522E-03
  3.71719774974745E-03  5.27743565486268E-03 -7.58762852880068E-03
  3.71719774974745E-03 -5.27743565486268E-03 -7.58762852880068E-03


 TIME STEP NUMBER   4  ------------------------------------------------------

     iter   Etot(hartree)      deltaE(h)  residm     vres2    diffor    maxfor
 ETOT  1  -6.4401675621463    -6.440E+00 1.216E-16 1.002E-08 3.264E-06 1.590E-05
 ETOT  2  -6.4401675621558    -9.458E-12 7.943E-18 4.009E-10 7.777E-07 1.512E-05
 ETOT  3  -6.4401675621560    -1.998E-13 2.345E-15 1.041E-10 6.040E-08 1.506E-05

 At SCF step    3, forces are converged :
  for the second time, max diff in force=  6.040E-08 < toldff=  5.000E-06

 Cartesian components of stress tensor (hartree/bohr^3)
  sigma(1 1)= -1.14795147E-04  sigma(3 2)=  0.00000000E+00
  sigma(2 2)= -3.31262387E-04  sigma(3 1)= -1.24898469E-04
  sigma(3 3)= -3.30006335E-04  sigma(2 1)=  0.00000000E+00

 Cartesian coordinates (bohr)
  0.00000000000000E+00  0.00000000000000E+00  0.00000000000000E+00
  2.70073638123265E+00  0.00000000000000E+00  0.00000000000000E+00
 -1.71003043323304E+00  0.00000000000000E+00  2.50000000000000E+00
 -1.50000000000000E+00  2.00000000000000E+00  1.30000000000000E+00
 -1.50000000000000E+00 -2.00000000000000E+00  1.30000000000000E+00
 Velocities (bohr/(atomic time unit))
  0.00000000000000E+00  0.00000000000000E+00  0.00000000000000E+00
 -6.38902112122243E-10  0.00000000000000E+00  0.00000000000000E+00
 -1.51793524855161E-07  0.00000000000000E+00  0.00000000000000E+00
  0.00000000000000E+00  0.00000000000000E+00  0.00000000000000E+00
  0.00000000000000E+00  0.00000000000000E+00  0.00000000000000E+00
 Cartesian forces (hart/bohr); max,rms= 1.50627E-05 1.07108E-05 (free atoms)
 -7.42056449427437E-03 -0.00000000000000E+00 -1.33621329033790E-02
  1.59943012788766E-06 -0.00000000000000E+00  3.46512993159592E-02
 -1.50626792523354E-05 -0.00000000000000E+00 -6.11408984976581E-03
  3.71701387169941E-03  5.27727662351510E-03 -7.58753828140717E-03
  3.71701387169941E-03 -5.27727662351510E-03 -7.58753828140717E-03


 TIME STEP NUMBER   5  ------------------------------------------------------

     iter   Etot(hartree)      deltaE(h)  residm     vres2    diffor    maxfor
 ETOT  1  -6.4401675623650    -6.440E+00 1.427E-16 2.116E-08 2.193E-06 1.726E-05
 ETOT  2  -6.4401675623850    -1.999E-11 1.606E-17 9.989E-10 1.451E-06 1.580E-05
 ETOT  3  -6.4401675623856    -6.084E-13 1.192E-14 2.662E-10 1.324E-07 1.567E-05

 At SCF step    3, forces are converged :
  for the second time, max diff in force=  1.324E-07 < toldff=  5.000E-06

 Cartesian components of stress tensor (hartree/bohr^3)
  sigma(1 1)= -1.14792088E-04  sigma(3 2)=  0.00000000E+00
  sigma(2 2)= -3.31259735E-04  sigma(3 1)= -1.24897804E-04
  sigma(3 3)= -3.30002191E-04  sigma(2 1)=  0.00000000E+00

 Cartesian coordinates (bohr)
  0.00000000000000E+00  0.00000000000000E+00  0.00000000000000E+00
  2.70073785241089E+00  0.00000000000000E+00  0.00000000000000E+00
 -1.71004566203809E+00  0.00000000000000E+00  2.50000000000000E+00
 -1.50000000000000E+00  2.00000000000000E+00  1.30000000000000E+00
 -1.50000000000000E+00 -2.00000000000000E+00  1.30000000000000E+00
 Velocities (bohr/(atomic time unit))
  0.00000000000000E+00  0.00000000000000E+00  0.00000000000000E+00
  9.52383103441510E-09  0.00000000000000E+00  0.00000000000000E+00
 -1.55285871173610E-07  0.00000000000000E+00  0.00000000000000E+00
  0.00000000000000E+00  0.00000000000000E+00  0.00000000000000E+00
  0.00000000000000E+00  0.00000000000000E+00  0.00000000000000E+00
 Cartesian forces (hart/bohr); max,rms= 1.56721E-05 1.10870E-05 (free atoms)
 -7.41863895015423E-03 -0.00000000000000E+00 -1.33621249631307E-02
  4.80577391026266E-07 -0.00000000000000E+00  3.46514286908737E-02
 -1.56720883673936E-05 -0.00000000000000E+00 -6.11444780367460E-03
  3.71691523056530E-03  5.27722441119199E-03 -7.58742796203422E-03
  3.71691523056530E-03 -5.27722441119199E-03 -7.58742796203422E-03

================================================================================

 ----iterations are completed or convergence reached----

 Mean square residual over all n,k,spin=   6.1355E-15; max=  1.1923E-14
   0.0000  0.0000  0.0000    1  1.19229E-14 kpt; spin; max resid(k); each band:
 1.19E-14 4.13E-15 5.23E-17 8.43E-15
 reduced coordinates (array xred) for    5 atoms
       0.000000000000      0.000000000000      0.000000000000
       0.337592231551      0.000000000000      0.000000000000
      -0.213755707755      0.000000000000      0.312500000000
      -0.187500000000      0.250000000000      0.162500000000
      -0.187500000000     -0.250000000000      0.162500000000
 rms dE/dt=  8.4416E-02; max dE/dt=  1.0690E-01; dE/dt below (all hartree)
    1       0.059349126459      0.000000000000      0.106897014854
    2      -0.000003829762      0.000000000000     -0.277211414378
    3       0.000125391565      0.000000000000      0.048915597579
    4      -0.029735306987     -0.042217795290      0.060699438845
    5      -0.029735306987      0.042217795290      0.060699438845

 cartesian coordinates (angstrom) at end:
    1      0.00000000000000     0.00000000000000     0.00000000000000
    2      1.42916891787215     0.00000000000000     0.00000000000000
    3     -0.90491718999876     0.00000000000000     1.32294302147500
    4     -0.79376581288500     1.05835441718000     0.68793037116700
    5     -0.79376581288500    -1.05835441718000     0.68793037116700

 cartesian forces (hartree/bohr) at end:
    1     -0.00741863895015    -0.00000000000000    -0.01336212496313
    2      0.00000048057739    -0.00000000000000     0.03465142869087
    3     -0.00001567208837    -0.00000000000000    -0.00611444780367
    4      0.00371691523057     0.00527722441119    -0.00758742796203
    5      0.00371691523057    -0.00527722441119    -0.00758742796203
 frms,max,avg= 1.1087049E-05 1.5672088E-05  -1.857E-09  0.000E+00 -1.894E-09 h/b

 cartesian forces (eV/Angstrom) at end:
    1     -0.38148172089513    -0.00000000000000    -0.68710803423651
    2      0.00002471228097    -0.00000000000000     1.78184795584297
    3     -0.00080589111838    -0.00000000000000    -0.31441752134611
    4      0.19113144986627     0.27136576715186    -0.39016120013018
    5      0.19113144986627    -0.27136576715186    -0.39016120013018
 frms,max,avg= 5.7011893E-04 8.0589112E-04  -9.550E-08  0.000E+00 -9.738E-08 e/A
 length scales=  8.000000000000  8.000000000000  8.000000000000 bohr
              =  4.233417668720  4.233417668720  4.233417668720 angstroms
 prteigrs : about to open file t86o_EIG
 Fermi (or HOMO) energy (hartree) =  -0.01751   Average Vxc (hartree)=  -0.23528
 Eigenvalues (hartree) for nkpt=   1  k points:
 kpt#   1, nband=  4, wtk=  1.00000, kpt=  0.0000  0.0000  0.0000 (reduced coord)
  -0.42229  -0.21114  -0.13903  -0.01751
 Total charge density [el/Bohr^3]
,     Maximum=    2.1894E-01  at reduced coord.    0.2917    0.0000    0.0000
,Next maximum=    2.0819E-01  at reduced coord.    0.3333    0.0000    0.0000
,     Minimum=    6.9276E-05  at reduced coord.    0.4167    0.5000    0.4167
,Next minimum=    7.0553E-05  at reduced coord.    0.4167    0.5000    0.4583

--------------------------------------------------------------------------------
 Components of total free energy (in Hartree) :

    Kinetic energy  =  3.81505612646993E+00
    Hartree energy  =  2.13423341405100E+00
    XC energy       = -3.08939196578169E+00
    Ewald energy    = -3.04346583949817E+00
    PspCore energy  =  2.50284053246253E-02
    Loc. psp. energy= -7.22888276545057E+00
    NL   psp  energy=  9.47255062499281E-01
    >>>>>>>>> Etotal= -6.44016756238560E+00

 Other information on the energy :
    Total energy(eV)= -1.75245871662795E+02 ; Band energy (Ha)=  -1.5799603118E+00
--------------------------------------------------------------------------------
 rms coord change=  2.3860E-05   atom, delta coord (reduced):
     1        0.000000000000      0.000000000000      0.000000000000
     2        0.000092231551      0.000000000000      0.000000000000
     3       -0.000005707755      0.000000000000      0.000000000000
     4        0.000000000000      0.000000000000      0.000000000000
     5        0.000000000000      0.000000000000      0.000000000000

 Cartesian components of stress tensor (hartree/bohr^3)
  sigma(1 1)= -1.14792088E-04  sigma(3 2)=  0.00000000E+00
  sigma(2 2)= -3.31259735E-04  sigma(3 1)= -1.24897804E-04
  sigma(3 3)= -3.30002191E-04  sigma(2 1)=  0.00000000E+00

-Cartesian components of stress tensor (GPa)         [Pressure=  7.6108E+00 GPa]
- sigma(1 1)= -3.37729926E+00  sigma(3 2)=  0.00000000E+00
- sigma(2 2)= -9.74599624E+00  sigma(3 1)= -3.67461965E+00
- sigma(3 3)= -9.70899803E+00  sigma(2 1)=  0.00000000E+00

== END DATASET(S) ==============================================================
================================================================================
  
 -outvars: echo values of variables after computation  --------
     acell    8.0000000000E+00  8.0000000000E+00  8.0000000000E+00 Bohr
       amu    1.00000000E+00  1.00000000E+00
      ecut    8.00000000E+00 Hartree
    etotal   -6.4401675624E+00
     fcart   -7.4186389502E-03 -0.0000000000E+00 -1.3362124963E-02
              4.8057739103E-07 -0.0000000000E+00  3.4651428691E-02
             -1.5672088367E-05 -0.0000000000E+00 -6.1144478037E-03
              3.7169152306E-03  5.2772244112E-03 -7.5874279620E-03
              3.7169152306E-03 -5.2772244112E-03 -7.5874279620E-03
    iatfix      1    4    5
   iatfixy      2    3
   iatfixz      2    3
     intxc         1
    ionmov         1
      iscf         5
    isecur        -2
    istwfk      2
P    mkmem         1
    natfix         3
   natfixy         2
   natfixz         2
     natom         5
     nband         4
     ngfft        24      24      24
      nkpt         1
     nline         5
     nstep        25
      nsym         2
     ntime         5
    ntypat         2
       occ    2.000000  2.000000  2.000000  2.000000
   spgroup         6
    strten   -1.1479208786E-04 -3.3125973485E-04 -3.3000219117E-04
              0.0000000000E+00 -1.2489780431E-04  0.0000000000E+00
    symrel    1  0  0   0  1  0   0  0  1       1  0  0   0 -1  0   0  0  1
    toldff    5.00000000E-06
    tolmxf    1.00000000E-04
     typat    1  2  2  2  2
       vel    0.0000000000E+00  0.0000000000E+00  0.0000000000E+00
              9.5238310344E-09  0.0000000000E+00  0.0000000000E+00
             -1.5528587117E-07  0.0000000000E+00  0.0000000000E+00
              0.0000000000E+00  0.0000000000E+00  0.0000000000E+00
              0.0000000000E+00  0.0000000000E+00  0.0000000000E+00
    xangst    0.0000000000E+00  0.0000000000E+00  0.0000000000E+00
              1.4291689179E+00  0.0000000000E+00  0.0000000000E+00
             -9.0491719000E-01  0.0000000000E+00  1.3229430215E+00
             -7.9376581288E-01  1.0583544172E+00  6.8793037117E-01
             -7.9376581288E-01 -1.0583544172E+00  6.8793037117E-01
     xcart    0.0000000000E+00  0.0000000000E+00  0.0000000000E+00
              2.7007378524E+00  0.0000000000E+00  0.0000000000E+00
             -1.7100456620E+00  0.0000000000E+00  2.5000000000E+00
             -1.5000000000E+00  2.0000000000E+00  1.3000000000E+00
             -1.5000000000E+00 -2.0000000000E+00  1.3000000000E+00
      xred    0.0000000000E+00  0.0000000000E+00  0.0000000000E+00
              3.3759223155E-01  0.0000000000E+00  0.0000000000E+00
             -2.1375570775E-01  0.0000000000E+00  3.1250000000E-01
             -1.8750000000E-01  2.5000000000E-01  1.6250000000E-01
             -1.8750000000E-01 -2.5000000000E-01  1.6250000000E-01
     znucl     14.00000    1.00000

================================================================================

- Total cpu        time (s,m,h):          3.1        0.05      0.001
- Total wall clock time (s,m,h):          3.1        0.05      0.001

- For major independent code sections, cpu and wall times (sec),
- as well as % of the total time and number of calls 

- routine                 cpu     %       wall     %      number of calls 
-                                                          (-1=no count)
- fourwf(pot)            0.569  18.3      0.563  18.1           1440
- timing timab           0.353  11.3      0.354  11.4             11
- status                 0.337  10.8      0.334  10.7           1662
- pspini                 0.279   9.0      0.279   9.0              1
- forces                 0.250   8.0      0.249   8.0             48
- fourdp                 0.227   7.3      0.203   6.5            477
- xc:pot/=fourdp         0.175   5.6      0.183   5.9             57
- symrhg(no FFT)         0.150   4.8      0.153   4.9             48
- invars2                0.108   3.5      0.108   3.5              1
- stress                 0.082   2.6      0.085   2.7              9
- mkcore                 0.081   2.6      0.087   2.8             66
- ewald                  0.073   2.3      0.075   2.4              9
- nonlop(apply)          0.055   1.8      0.061   2.0           1440
- ewald2                 0.045   1.4      0.048   1.5              9
- fourwf(den)            0.040   1.3      0.045   1.4            192
- abinit(2)              0.032   1.0      0.032   1.0              1
- getghc-other           0.026   0.8      0.027   0.9             -1
- vtowfk(ssdiag)         0.019   0.6      0.016   0.5             -1
- vtorho-kpt loop        0.013   0.4      0.016   0.5             48
- 51   others            0.063   2.0      0.053   1.7

- subtotal               2.977  95.6      2.971  95.4

================================================================================

 Calculation completed.
.Delivered    5 WARNINGs and  11 COMMENTs to log file.
+Overall time at end (sec) : cpu=          3.1  wall=          3.1
