
.Version 5.6.3  of ABINIT 
.(sequential version, prepared for a x86_64_linux_gcc4.3 computer) 

.Copyright (C) 1998-2008 ABINIT group . 
 ABINIT comes with ABSOLUTELY NO WARRANTY.
 It is free software, and you are welcome to redistribute it
 under certain conditions (GNU General Public License,
 see ~abinit/COPYING or http://www.gnu.org/copyleft/gpl.txt).

 ABINIT is a project of the Universite Catholique de Louvain,
 Corning Inc. and other collaborators, see ~abinit/doc/developers/contributors.txt .
 Please read ~abinit/doc/users/acknowledgments.html for suggested
 acknowledgments of the ABINIT effort.
 For more information, see http://www.abinit.org .

.Starting date : Thu  6 Nov 2008.
  
- input  file    -> /home/gonze/ABINIT/ABINITv5.6.3/test_gcc43/5.6.3-private/tests/v1/Input/t94.in
- output file    -> t94.out
- root for input  files -> t94i
- root for output files -> t94o


 DATASET    1 : space group P4_2/m n m (#136); Bravais tP (primitive tetrag.)
================================================================================
 Values of the parameters that define the memory need for DATASET  1.
   intxc =         1  ionmov =         0    iscf =         3 xclevel =         1
  lmnmax =         3   lnmax =         3   mband =        16  mffmem =         1
P  mgfft =        10   mkmem =         1 mpssoang=         2     mpw =        29
  mqgrid =      3001   natom =         8    nfft =      1000    nkpt =         1
  nloalg =         4  nspden =         1 nspinor =         1  nsppol =         1
    nsym =        16  n1xccc =         0  ntypat =         1  occopt =         1
================================================================================
P This job should need less than                       0.772 Mbytes of memory.
P Max. in main chain + nonlop.f + opernl.f
P          6 blocks of mpw  integer numbers, for      0.001 Mbytes.
P         73 blocks of mpw  real(dp)  numbers, for      0.016 Mbytes.
P          2 blocks of nfft integer numbers, for      0.008 Mbytes.
P         18 blocks of nfft real(dp)  numbers, for      0.137 Mbytes.
P            Additional     integer numbers, for      0.002 Mbytes.
P            Additional     real(dp)  numbers, for      0.335 Mbytes.
P            With residue estimated to be             0.272 Mbytes.
P
P Comparison of the memory needs of different chains
P Main chain + fourwf.f                 0.725 Mbytes.
P Main chain + nonlop.f + opernl.f      0.772 Mbytes.
P XC chain                              0.690 Mbytes.
P mkrho chain                           0.663 Mbytes.
P fourdp chain                          0.663 Mbytes.
P newvtr chain                          0.656 Mbytes.
  Rough estimation (10% accuracy) of disk space for files :
  WF disk file :      0.009 Mbytes ; DEN or POT disk file :      0.010 Mbytes.
================================================================================


 DATASET    2 : space group P4_2/m n m (#136); Bravais tP (primitive tetrag.)
================================================================================
 Values of the parameters that define the memory need for DATASET  2.
   intxc =         1  ionmov =         0    iscf =         3 xclevel =         1
  lmnmax =         3   lnmax =         3   mband =        16  mffmem =         1
P  mgfft =        10   mkmem =         1 mpssoang=         2     mpw =        29
  mqgrid =      3001   natom =         8    nfft =      1000    nkpt =         1
  nloalg =         4  nspden =         1 nspinor =         1  nsppol =         1
    nsym =        16  n1xccc =         0  ntypat =         1  occopt =         1
================================================================================
P This job should need less than                       0.772 Mbytes of memory.
P Max. in main chain + nonlop.f + opernl.f
P          6 blocks of mpw  integer numbers, for      0.001 Mbytes.
P         73 blocks of mpw  real(dp)  numbers, for      0.016 Mbytes.
P          2 blocks of nfft integer numbers, for      0.008 Mbytes.
P         18 blocks of nfft real(dp)  numbers, for      0.137 Mbytes.
P            Additional     integer numbers, for      0.002 Mbytes.
P            Additional     real(dp)  numbers, for      0.335 Mbytes.
P            With residue estimated to be             0.272 Mbytes.
P
P Comparison of the memory needs of different chains
P Main chain + fourwf.f                 0.725 Mbytes.
P Main chain + nonlop.f + opernl.f      0.772 Mbytes.
P XC chain                              0.690 Mbytes.
P mkrho chain                           0.663 Mbytes.
P fourdp chain                          0.663 Mbytes.
P newvtr chain                          0.656 Mbytes.
  Rough estimation (10% accuracy) of disk space for files :
  WF disk file :      0.009 Mbytes ; DEN or POT disk file :      0.010 Mbytes.
================================================================================

 -outvars: echo values of preprocessed input variables --------
     acell    1.0263110000E+01  1.0263110000E+01  1.0263110000E+01 Bohr
       amu    2.80855000E+01
    diemac    1.20000000E+01
      ecut    1.00000000E+00 Hartree
    enunit         2
     intxc         1
      iscf         3
    istwfk      2
    jdtset      1    2
P    mkmem         1
     natom         8
     nband        16
    ndtset         2
     ngfft        10      10      10
      nkpt         1
     nline         1
     nstep         1
      nsym        16
    ntypat         1
       occ    2.000000  2.000000  2.000000  2.000000  2.000000  2.000000
              2.000000  2.000000  2.000000  2.000000  2.000000  2.000000
              2.000000  2.000000  2.000000  2.000000
    prtvol        10
   spgroup       136
    symrel    1  0  0   0  1  0   0  0  1       0  1  0  -1  0  0   0  0  1
             -1  0  0   0  1  0   0  0 -1      -1  0  0   0 -1  0   0  0  1
              0 -1  0  -1  0  0   0  0 -1       0  1  0   1  0  0   0  0 -1
              0 -1  0   1  0  0   0  0  1       1  0  0   0 -1  0   0  0 -1
             -1  0  0   0 -1  0   0  0 -1       0 -1  0   1  0  0   0  0 -1
              1  0  0   0 -1  0   0  0  1       1  0  0   0  1  0   0  0 -1
              0  1  0   1  0  0   0  0  1       0 -1  0  -1  0  0   0  0  1
              0  1  0  -1  0  0   0  0 -1      -1  0  0   0  1  0   0  0  1
     tnons    0.0000000  0.0000000  0.0000000     0.5000000  0.5000000  0.5000000
              0.5000000  0.5000000  0.5000000     0.0000000  0.0000000  0.0000000
              0.0000000  0.0000000  0.0000000     0.0000000  0.0000000  0.0000000
              0.5000000  0.5000000  0.5000000     0.5000000  0.5000000  0.5000000
             -0.0000000 -0.0000000 -0.0000000     0.5000000  0.5000000  0.5000000
              0.5000000  0.5000000  0.5000000    -0.0000000 -0.0000000 -0.0000000
             -0.0000000 -0.0000000 -0.0000000    -0.0000000 -0.0000000 -0.0000000
              0.5000000  0.5000000  0.5000000     0.5000000  0.5000000  0.5000000
    tolwfr    1.00000000E-13
     typat    1  1  1  1  1  1  1  1
    xangst    1.6293011704E+00  1.6293011704E+00  5.4310039013E-01
              1.0862007803E+00  4.3448031210E+00  3.2586023408E+00
              1.0862007803E+00  4.3448031210E+00  2.1724015605E+00
              3.8017027309E+00  3.8017027309E+00  5.4310039013E-01
              3.8017027309E+00  3.8017027309E+00  4.8879035111E+00
              1.6293011704E+00  1.6293011704E+00  4.8879035111E+00
              4.3448031210E+00  1.0862007803E+00  3.2586023408E+00
              4.3448031210E+00  1.0862007803E+00  2.1724015605E+00
     xcart    3.0789330000E+00  3.0789330000E+00  1.0263110000E+00
              2.0526220000E+00  8.2104880000E+00  6.1578660000E+00
              2.0526220000E+00  8.2104880000E+00  4.1052440000E+00
              7.1841770000E+00  7.1841770000E+00  1.0263110000E+00
              7.1841770000E+00  7.1841770000E+00  9.2367990000E+00
              3.0789330000E+00  3.0789330000E+00  9.2367990000E+00
              8.2104880000E+00  2.0526220000E+00  6.1578660000E+00
              8.2104880000E+00  2.0526220000E+00  4.1052440000E+00
      xred    3.0000000000E-01  3.0000000000E-01  1.0000000000E-01
              2.0000000000E-01  8.0000000000E-01  6.0000000000E-01
              2.0000000000E-01  8.0000000000E-01  4.0000000000E-01
              7.0000000000E-01  7.0000000000E-01  1.0000000000E-01
              7.0000000000E-01  7.0000000000E-01  9.0000000000E-01
              3.0000000000E-01  3.0000000000E-01  9.0000000000E-01
              8.0000000000E-01  2.0000000000E-01  6.0000000000E-01
              8.0000000000E-01  2.0000000000E-01  4.0000000000E-01
     znucl     14.00000

================================================================================

 chkinp: Checking input parameters for consistency, jdtset= 1.

 chkinp: Checking input parameters for consistency, jdtset= 2.

================================================================================
== DATASET  1 ==================================================================

 Real(R)+Recip(G) space primitive vectors, cartesian coordinates (Bohr,Bohr^-1):
 R(1)= 10.2631100  0.0000000  0.0000000  G(1)=  0.0974364  0.0000000  0.0000000
 R(2)=  0.0000000 10.2631100  0.0000000  G(2)=  0.0000000  0.0974364  0.0000000
 R(3)=  0.0000000  0.0000000 10.2631100  G(3)=  0.0000000  0.0000000  0.0974364
 Unit cell volume ucvol=  1.0810280E+03 bohr^3
 Angles (23,13,12)=  9.00000000E+01  9.00000000E+01  9.00000000E+01 degrees

 getcut: wavevector=  0.0000  0.0000  0.0000  ngfft=  10  10  10
         ecut(hartree)=      1.000   => boxcut(ratio)=   2.16449

--- Pseudopotential description ------------------------------------------------
- pspini: atom type   1  psp file is /home/gonze/ABINIT/ABINITv5.6.3/test_gcc43/5.6.3-private/tests/Psps_for_tests/14si.pspgth
- pspatm: opening atomic psp file    /home/gonze/ABINIT/ABINITv5.6.3/test_gcc43/5.6.3-private/tests/Psps_for_tests/14si.pspgth
 Goedecker-Teter-Hutter  Fri May 31 17:22:04 EDT 1996
  14.00000   4.00000    960531                znucl, zion, pspdat
    2    1    1    0      2001   0.00000      pspcod,pspxc,lmax,lloc,mmax,r2well
 rloc=   0.4400000
  cc1=  -6.9136286; cc2=   0.0000000; cc3=   0.0000000; cc4=   0.0000000
  rrs=   0.4243338; h1s=   3.2081318; h2s=   2.5888808
  rrp=   0.4853587; h1p=   2.6562230
-  Local part computed in reciprocal space.

 pspatm : COMMENT -
  the projectors are not normalized,
  so that the KB energies are not consistent with
  definition in PRB44, 8503 (1991).
  However, this does not influence the results obtained hereafter.
 pspatm: epsatm=   -4.40972757
         --- l  ekb(1:nproj) -->
             0    0.868920    0.186986
             1    0.169080
 pspatm: atomic psp has been read  and splines computed

  -1.12889026E+03                                ecore*ucvol(ha*bohr**3)
--------------------------------------------------------------------------------

P newkpt: treating     16 bands with npw=      29 for ikpt=   1

 setup2: Arith. and geom. avg. npw (full set) are      57.000      57.000

================================================================================

     iter   Etot(hartree)      deltaE(h)  residm     vres2    diffor    maxfor

 ETOT  1  -21.030141624276    -2.103E+01 9.942E-03 3.807E+00 3.003E+00 3.003E+00

 cartesian forces (ha/bohr); non-corrected avg=  0.00E+00  0.00E+00  0.00E+00
    1     1.45126533099E-02    1.45126533099E-02    3.00285387385E+00
    2    -1.45126533099E-02    1.45126533099E-02    3.00285387385E+00
    3    -1.45126533099E-02    1.45126533099E-02   -3.00285387385E+00
    4    -1.45126533099E-02   -1.45126533099E-02    3.00285387385E+00
    5    -1.45126533099E-02   -1.45126533099E-02   -3.00285387385E+00
    6     1.45126533099E-02    1.45126533099E-02   -3.00285387385E+00
    7     1.45126533099E-02   -1.45126533099E-02    3.00285387385E+00
    8     1.45126533099E-02   -1.45126533099E-02   -3.00285387385E+00
 prteigrs : about to open file t94o_DS1_EIG
 Fermi (or HOMO) energy (hartree) =   0.33708   Average Vxc (hartree)=  -0.34777
 Eigenvalues (hartree) for nkpt=   1  k points:
 kpt#   1, nband= 16, wtk=  1.00000, kpt=  0.0000  0.0000  0.0000 (reduced coord)
  -0.23044  -0.14573  -0.13769  -0.13717   0.06354   0.06622   0.10382   0.12196
   0.16740   0.17041   0.18349   0.18576   0.23442   0.26359   0.28579   0.33708
 Fermi (or HOMO) energy (eV) =   9.17243   Average Vxc (eV)=  -9.46337
 Eigenvalues (   eV  ) for nkpt=   1  k points:
 kpt#   1, nband= 16, wtk=  1.00000, kpt=  0.0000  0.0000  0.0000 (reduced coord)
  -6.27071  -3.96553  -3.74669  -3.73258   1.72890   1.80182   2.82515   3.31875
   4.55507   4.63715   4.99305   5.05473   6.37901   7.17264   7.77671   9.17243

 Cartesian components of stress tensor (hartree/bohr^3)
  sigma(1 1)=  3.96377495E-03  sigma(3 2)=  0.00000000E+00
  sigma(2 2)=  3.96377495E-03  sigma(3 1)=  0.00000000E+00
  sigma(3 3)= -1.88139229E-02  sigma(2 1)=  0.00000000E+00


 scprqt:  WARNING -
  nstep=    1 was not enough SCF cycles to converge;
  maximum residual=  9.942E-03 exceeds tolwfr=  1.000E-13

================================================================================

 ----iterations are completed or convergence reached----

 Mean square residual over all n,k,spin=   4.2704E-03; max=  9.9417E-03
   0.0000  0.0000  0.0000    1  9.94166E-03 kpt; spin; max resid(k); each band:
 9.94E-03 6.03E-03 4.77E-03 7.99E-03 4.12E-04 4.59E-03 1.60E-03 5.22E-03
 2.90E-03 2.11E-03 1.82E-03 6.72E-03 3.99E-03 4.16E-03 4.74E-03 1.35E-03
 reduced coordinates (array xred) for    8 atoms
       0.300000000000      0.300000000000      0.100000000000
       0.200000000000      0.800000000000      0.600000000000
       0.200000000000      0.800000000000      0.400000000000
       0.700000000000      0.700000000000      0.100000000000
       0.700000000000      0.700000000000      0.900000000000
       0.300000000000      0.300000000000      0.900000000000
       0.800000000000      0.200000000000      0.600000000000
       0.800000000000      0.200000000000      0.400000000000
 rms dE/dt=  1.7794E+01; max dE/dt=  3.0819E+01; dE/dt below (all hartree)
    1      -0.148944957312     -0.148944957312    -30.818619621243
    2       0.148944957312     -0.148944957312    -30.818619621243
    3       0.148944957312     -0.148944957312     30.818619621243
    4       0.148944957312      0.148944957312    -30.818619621243
    5       0.148944957312      0.148944957312     30.818619621243
    6      -0.148944957312     -0.148944957312     30.818619621243
    7      -0.148944957312      0.148944957312    -30.818619621243
    8      -0.148944957312      0.148944957312     30.818619621243

 cartesian coordinates (angstrom) at end:
    1      1.62930117037563     1.62930117037563     0.54310039012521
    2      1.08620078025042     4.34480312100169     3.25860234075127
    3      1.08620078025042     4.34480312100169     2.17240156050085
    4      3.80170273087648     3.80170273087648     0.54310039012521
    5      3.80170273087648     3.80170273087648     4.88790351112690
    6      1.62930117037563     1.62930117037563     4.88790351112690
    7      4.34480312100169     1.08620078025042     3.25860234075127
    8      4.34480312100169     1.08620078025042     2.17240156050085

 cartesian forces (hartree/bohr) at end:
    1      0.01451265330994     0.01451265330994     3.00285387384944
    2     -0.01451265330994     0.01451265330994     3.00285387384944
    3     -0.01451265330994     0.01451265330994    -3.00285387384944
    4     -0.01451265330994    -0.01451265330994     3.00285387384944
    5     -0.01451265330994    -0.01451265330994    -3.00285387384944
    6      0.01451265330994     0.01451265330994    -3.00285387384944
    7      0.01451265330994    -0.01451265330994     3.00285387384944
    8      0.01451265330994    -0.01451265330994    -3.00285387384944
 frms,max,avg= 1.7337390E+00 3.0028539E+00   0.000E+00  0.000E+00  0.000E+00 h/b

 cartesian forces (eV/Angstrom) at end:
    1      0.74627057559050     0.74627057559050   154.41294165810245
    2     -0.74627057559050     0.74627057559050   154.41294165810248
    3     -0.74627057559050     0.74627057559050  -154.41294165810245
    4     -0.74627057559050    -0.74627057559050   154.41294165810248
    5     -0.74627057559050    -0.74627057559050  -154.41294165810248
    6      0.74627057559050     0.74627057559050  -154.41294165810248
    7      0.74627057559050    -0.74627057559050   154.41294165810245
    8      0.74627057559050    -0.74627057559050  -154.41294165810245
 frms,max,avg= 8.9152436E+01 1.5441294E+02   0.000E+00  0.000E+00  0.000E+00 e/A
 length scales= 10.263110000000 10.263110000000 10.263110000000 bohr
              =  5.431003901252  5.431003901252  5.431003901252 angstroms
 prteigrs : about to open file t94o_DS1_EIG
 Fermi (or HOMO) energy (hartree) =   0.33708   Average Vxc (hartree)=  -0.34777
 Eigenvalues (hartree) for nkpt=   1  k points:
 kpt#   1, nband= 16, wtk=  1.00000, kpt=  0.0000  0.0000  0.0000 (reduced coord)
  -0.23044  -0.14573  -0.13769  -0.13717   0.06354   0.06622   0.10382   0.12196
   0.16740   0.17041   0.18349   0.18576   0.23442   0.26359   0.28579   0.33708
 Fermi (or HOMO) energy (eV) =   9.17243   Average Vxc (eV)=  -9.46337
 Eigenvalues (   eV  ) for nkpt=   1  k points:
 kpt#   1, nband= 16, wtk=  1.00000, kpt=  0.0000  0.0000  0.0000 (reduced coord)
  -6.27071  -3.96553  -3.74669  -3.73258   1.72890   1.80182   2.82515   3.31875
   4.55507   4.63715   4.99305   5.05473   6.37901   7.17264   7.77671   9.17243
 Total charge density [el/Bohr^3]
,     Maximum=    5.9428E-02  at reduced coord.    0.3000    0.7000    0.5000
,Next maximum=    5.9428E-02  at reduced coord.    0.7000    0.3000    0.5000
,     Minimum=    4.8365E-03  at reduced coord.    0.0000    0.0000    0.0000
,Next minimum=    4.8365E-03  at reduced coord.    0.5000    0.5000    0.5000

--------------------------------------------------------------------------------
 Components of total free energy (in Hartree) :

    Kinetic energy  =  1.07245551480638E+01
    Hartree energy  =  1.18217227287328E+00
    XC energy       = -9.09165918412752E+00
    Ewald energy    = -2.36214634505183E+01
    PspCore energy  = -1.04427474204814E+00
    Loc. psp. energy= -1.29338086276480E+01
    NL   psp  energy=  1.37543369591286E+01
    >>>>>>>>> Etotal= -2.10301416242763E+01

 Other information on the energy :
    Total energy(eV)= -5.72259256368346E+02 ; Band energy (Ha)=   3.0648861675E+00
--------------------------------------------------------------------------------

          ===> extra information on forces <===
 ewald contribution to reduced grads
    1       1.160386733823      1.160386733823    -34.690522863752
    2      -1.160386733823      1.160386733823    -34.690522863752
    3      -1.160386733823      1.160386733823     34.690522863752
    4      -1.160386733823     -1.160386733823    -34.690522863752
    5      -1.160386733823     -1.160386733823     34.690522863752
    6       1.160386733823      1.160386733823     34.690522863752
    7       1.160386733823     -1.160386733823    -34.690522863752
    8       1.160386733823     -1.160386733823     34.690522863752
 nonlocal contribution to red. grads
    1       0.072780088389      0.072780088389     -0.991790682728
    2      -0.072780088389      0.072780088389     -0.991790682728
    3      -0.072780088389      0.072780088389      0.991790682728
    4      -0.072780088389     -0.072780088389     -0.991790682728
    5      -0.072780088389     -0.072780088389      0.991790682728
    6       0.072780088389      0.072780088389      0.991790682728
    7       0.072780088389     -0.072780088389     -0.991790682728
    8       0.072780088389     -0.072780088389      0.991790682728
 local psp contribution to red. grads
    1      -1.408025166686     -1.408025166686      4.387836155403
    2       1.408025166686     -1.408025166686      4.387836155403
    3       1.408025166686     -1.408025166686     -4.387836155403
    4       1.408025166686      1.408025166686      4.387836155403
    5       1.408025166686      1.408025166686     -4.387836155403
    6      -1.408025166686     -1.408025166686     -4.387836155403
    7      -1.408025166686      1.408025166686      4.387836155403
    8      -1.408025166686      1.408025166686     -4.387836155403
 residual contribution to red. grads
    1       0.025913387162      0.025913387161      0.475857769834
    2      -0.025913387161      0.025913387161      0.475857769834
    3      -0.025913387161      0.025913387161     -0.475857769834
    4      -0.025913387161     -0.025913387161      0.475857769834
    5      -0.025913387161     -0.025913387161     -0.475857769834
    6       0.025913387162      0.025913387161     -0.475857769834
    7       0.025913387161     -0.025913387161      0.475857769834
    8       0.025913387161     -0.025913387161     -0.475857769834

 Cartesian components of stress tensor (hartree/bohr^3)
  sigma(1 1)=  3.96377495E-03  sigma(3 2)=  0.00000000E+00
  sigma(2 2)=  3.96377495E-03  sigma(3 1)=  0.00000000E+00
  sigma(3 3)= -1.88139229E-02  sigma(2 1)=  0.00000000E+00

-Cartesian components of stress tensor (GPa)         [Pressure=  1.0676E+02 GPa]
- sigma(1 1)=  1.16618266E+02  sigma(3 2)=  0.00000000E+00
- sigma(2 2)=  1.16618266E+02  sigma(3 1)=  0.00000000E+00
- sigma(3 3)= -5.53524627E+02  sigma(2 1)=  0.00000000E+00

================================================================================
== DATASET  2 ==================================================================

 Real(R)+Recip(G) space primitive vectors, cartesian coordinates (Bohr,Bohr^-1):
 R(1)= 10.2631100  0.0000000  0.0000000  G(1)=  0.0974364  0.0000000  0.0000000
 R(2)=  0.0000000 10.2631100  0.0000000  G(2)=  0.0000000  0.0974364  0.0000000
 R(3)=  0.0000000  0.0000000 10.2631100  G(3)=  0.0000000  0.0000000  0.0974364
 Unit cell volume ucvol=  1.0810280E+03 bohr^3
 Angles (23,13,12)=  9.00000000E+01  9.00000000E+01  9.00000000E+01 degrees

 getcut: wavevector=  0.0000  0.0000  0.0000  ngfft=  10  10  10
         ecut(hartree)=      1.000   => boxcut(ratio)=   2.16449
--------------------------------------------------------------------------------

P newkpt: treating     16 bands with npw=      29 for ikpt=   1

 setup2: Arith. and geom. avg. npw (full set) are      57.000      57.000

================================================================================

     iter   Etot(hartree)      deltaE(h)  residm     vres2    diffor    maxfor

 ETOT  1  -21.030141624276    -2.103E+01 9.942E-03 3.807E+00 3.003E+00 3.003E+00

 cartesian forces (ha/bohr); non-corrected avg=  0.00E+00  0.00E+00  0.00E+00
    1     1.45126533099E-02    1.45126533099E-02    3.00285387385E+00
    2    -1.45126533099E-02    1.45126533099E-02    3.00285387385E+00
    3    -1.45126533099E-02    1.45126533099E-02   -3.00285387385E+00
    4    -1.45126533099E-02   -1.45126533099E-02    3.00285387385E+00
    5    -1.45126533099E-02   -1.45126533099E-02   -3.00285387385E+00
    6     1.45126533099E-02    1.45126533099E-02   -3.00285387385E+00
    7     1.45126533099E-02   -1.45126533099E-02    3.00285387385E+00
    8     1.45126533099E-02   -1.45126533099E-02   -3.00285387385E+00
 prteigrs : about to open file t94o_DS2_EIG
 Fermi (or HOMO) energy (hartree) =   0.33708   Average Vxc (hartree)=  -0.34777
 Eigenvalues (hartree) for nkpt=   1  k points:
 kpt#   1, nband= 16, wtk=  1.00000, kpt=  0.0000  0.0000  0.0000 (reduced coord)
  -0.23044  -0.14573  -0.13769  -0.13717   0.06354   0.06622   0.10382   0.12196
   0.16740   0.17041   0.18349   0.18576   0.23442   0.26359   0.28579   0.33708
 Fermi (or HOMO) energy (eV) =   9.17243   Average Vxc (eV)=  -9.46337
 Eigenvalues (   eV  ) for nkpt=   1  k points:
 kpt#   1, nband= 16, wtk=  1.00000, kpt=  0.0000  0.0000  0.0000 (reduced coord)
  -6.27071  -3.96553  -3.74669  -3.73258   1.72890   1.80182   2.82515   3.31875
   4.55507   4.63715   4.99305   5.05473   6.37901   7.17264   7.77671   9.17243

 Cartesian components of stress tensor (hartree/bohr^3)
  sigma(1 1)=  3.96377495E-03  sigma(3 2)=  0.00000000E+00
  sigma(2 2)=  3.96377495E-03  sigma(3 1)=  0.00000000E+00
  sigma(3 3)= -1.88139229E-02  sigma(2 1)=  0.00000000E+00


 scprqt:  WARNING -
  nstep=    1 was not enough SCF cycles to converge;
  maximum residual=  9.942E-03 exceeds tolwfr=  1.000E-13

================================================================================

 ----iterations are completed or convergence reached----

 Mean square residual over all n,k,spin=   4.2704E-03; max=  9.9417E-03
   0.0000  0.0000  0.0000    1  9.94166E-03 kpt; spin; max resid(k); each band:
 9.94E-03 6.03E-03 4.77E-03 7.99E-03 4.12E-04 4.59E-03 1.60E-03 5.22E-03
 2.90E-03 2.11E-03 1.82E-03 6.72E-03 3.99E-03 4.16E-03 4.74E-03 1.35E-03
 reduced coordinates (array xred) for    8 atoms
       0.300000000000      0.300000000000      0.100000000000
       0.200000000000      0.800000000000      0.600000000000
       0.200000000000      0.800000000000      0.400000000000
       0.700000000000      0.700000000000      0.100000000000
       0.700000000000      0.700000000000      0.900000000000
       0.300000000000      0.300000000000      0.900000000000
       0.800000000000      0.200000000000      0.600000000000
       0.800000000000      0.200000000000      0.400000000000
 rms dE/dt=  1.7794E+01; max dE/dt=  3.0819E+01; dE/dt below (all hartree)
    1      -0.148944957312     -0.148944957312    -30.818619621243
    2       0.148944957312     -0.148944957312    -30.818619621243
    3       0.148944957312     -0.148944957312     30.818619621243
    4       0.148944957312      0.148944957312    -30.818619621243
    5       0.148944957312      0.148944957312     30.818619621243
    6      -0.148944957312     -0.148944957312     30.818619621243
    7      -0.148944957312      0.148944957312    -30.818619621243
    8      -0.148944957312      0.148944957312     30.818619621243

 cartesian coordinates (angstrom) at end:
    1      1.62930117037563     1.62930117037563     0.54310039012521
    2      1.08620078025042     4.34480312100169     3.25860234075127
    3      1.08620078025042     4.34480312100169     2.17240156050085
    4      3.80170273087648     3.80170273087648     0.54310039012521
    5      3.80170273087648     3.80170273087648     4.88790351112690
    6      1.62930117037563     1.62930117037563     4.88790351112690
    7      4.34480312100169     1.08620078025042     3.25860234075127
    8      4.34480312100169     1.08620078025042     2.17240156050085

 cartesian forces (hartree/bohr) at end:
    1      0.01451265330994     0.01451265330994     3.00285387384944
    2     -0.01451265330994     0.01451265330994     3.00285387384944
    3     -0.01451265330994     0.01451265330994    -3.00285387384944
    4     -0.01451265330994    -0.01451265330994     3.00285387384944
    5     -0.01451265330994    -0.01451265330994    -3.00285387384944
    6      0.01451265330994     0.01451265330994    -3.00285387384944
    7      0.01451265330994    -0.01451265330994     3.00285387384944
    8      0.01451265330994    -0.01451265330994    -3.00285387384944
 frms,max,avg= 1.7337390E+00 3.0028539E+00   0.000E+00  0.000E+00  0.000E+00 h/b

 cartesian forces (eV/Angstrom) at end:
    1      0.74627057559050     0.74627057559050   154.41294165810245
    2     -0.74627057559050     0.74627057559050   154.41294165810248
    3     -0.74627057559050     0.74627057559050  -154.41294165810245
    4     -0.74627057559050    -0.74627057559050   154.41294165810248
    5     -0.74627057559050    -0.74627057559050  -154.41294165810248
    6      0.74627057559050     0.74627057559050  -154.41294165810248
    7      0.74627057559050    -0.74627057559050   154.41294165810245
    8      0.74627057559050    -0.74627057559050  -154.41294165810245
 frms,max,avg= 8.9152436E+01 1.5441294E+02   0.000E+00  0.000E+00  0.000E+00 e/A
 length scales= 10.263110000000 10.263110000000 10.263110000000 bohr
              =  5.431003901252  5.431003901252  5.431003901252 angstroms
 prteigrs : about to open file t94o_DS2_EIG
 Fermi (or HOMO) energy (hartree) =   0.33708   Average Vxc (hartree)=  -0.34777
 Eigenvalues (hartree) for nkpt=   1  k points:
 kpt#   1, nband= 16, wtk=  1.00000, kpt=  0.0000  0.0000  0.0000 (reduced coord)
  -0.23044  -0.14573  -0.13769  -0.13717   0.06354   0.06622   0.10382   0.12196
   0.16740   0.17041   0.18349   0.18576   0.23442   0.26359   0.28579   0.33708
 Fermi (or HOMO) energy (eV) =   9.17243   Average Vxc (eV)=  -9.46337
 Eigenvalues (   eV  ) for nkpt=   1  k points:
 kpt#   1, nband= 16, wtk=  1.00000, kpt=  0.0000  0.0000  0.0000 (reduced coord)
  -6.27071  -3.96553  -3.74669  -3.73258   1.72890   1.80182   2.82515   3.31875
   4.55507   4.63715   4.99305   5.05473   6.37901   7.17264   7.77671   9.17243
 Total charge density [el/Bohr^3]
,     Maximum=    5.9428E-02  at reduced coord.    0.3000    0.7000    0.5000
,Next maximum=    5.9428E-02  at reduced coord.    0.7000    0.3000    0.5000
,     Minimum=    4.8365E-03  at reduced coord.    0.0000    0.0000    0.0000
,Next minimum=    4.8365E-03  at reduced coord.    0.5000    0.5000    0.5000

--------------------------------------------------------------------------------
 Components of total free energy (in Hartree) :

    Kinetic energy  =  1.07245551480638E+01
    Hartree energy  =  1.18217227287328E+00
    XC energy       = -9.09165918412752E+00
    Ewald energy    = -2.36214634505183E+01
    PspCore energy  = -1.04427474204814E+00
    Loc. psp. energy= -1.29338086276480E+01
    NL   psp  energy=  1.37543369591286E+01
    >>>>>>>>> Etotal= -2.10301416242763E+01

 Other information on the energy :
    Total energy(eV)= -5.72259256368346E+02 ; Band energy (Ha)=   3.0648861675E+00
--------------------------------------------------------------------------------

          ===> extra information on forces <===
 ewald contribution to reduced grads
    1       1.160386733823      1.160386733823    -34.690522863752
    2      -1.160386733823      1.160386733823    -34.690522863752
    3      -1.160386733823      1.160386733823     34.690522863752
    4      -1.160386733823     -1.160386733823    -34.690522863752
    5      -1.160386733823     -1.160386733823     34.690522863752
    6       1.160386733823      1.160386733823     34.690522863752
    7       1.160386733823     -1.160386733823    -34.690522863752
    8       1.160386733823     -1.160386733823     34.690522863752
 nonlocal contribution to red. grads
    1       0.072780088389      0.072780088389     -0.991790682728
    2      -0.072780088389      0.072780088389     -0.991790682728
    3      -0.072780088389      0.072780088389      0.991790682728
    4      -0.072780088389     -0.072780088389     -0.991790682728
    5      -0.072780088389     -0.072780088389      0.991790682728
    6       0.072780088389      0.072780088389      0.991790682728
    7       0.072780088389     -0.072780088389     -0.991790682728
    8       0.072780088389     -0.072780088389      0.991790682728
 local psp contribution to red. grads
    1      -1.408025166686     -1.408025166686      4.387836155403
    2       1.408025166686     -1.408025166686      4.387836155403
    3       1.408025166686     -1.408025166686     -4.387836155403
    4       1.408025166686      1.408025166686      4.387836155403
    5       1.408025166686      1.408025166686     -4.387836155403
    6      -1.408025166686     -1.408025166686     -4.387836155403
    7      -1.408025166686      1.408025166686      4.387836155403
    8      -1.408025166686      1.408025166686     -4.387836155403
 residual contribution to red. grads
    1       0.025913387162      0.025913387161      0.475857769834
    2      -0.025913387161      0.025913387161      0.475857769834
    3      -0.025913387161      0.025913387161     -0.475857769834
    4      -0.025913387161     -0.025913387161      0.475857769834
    5      -0.025913387161     -0.025913387161     -0.475857769834
    6       0.025913387162      0.025913387161     -0.475857769834
    7       0.025913387161     -0.025913387161      0.475857769834
    8       0.025913387161     -0.025913387161     -0.475857769834

 Cartesian components of stress tensor (hartree/bohr^3)
  sigma(1 1)=  3.96377495E-03  sigma(3 2)=  0.00000000E+00
  sigma(2 2)=  3.96377495E-03  sigma(3 1)=  0.00000000E+00
  sigma(3 3)= -1.88139229E-02  sigma(2 1)=  0.00000000E+00

-Cartesian components of stress tensor (GPa)         [Pressure=  1.0676E+02 GPa]
- sigma(1 1)=  1.16618266E+02  sigma(3 2)=  0.00000000E+00
- sigma(2 2)=  1.16618266E+02  sigma(3 1)=  0.00000000E+00
- sigma(3 3)= -5.53524627E+02  sigma(2 1)=  0.00000000E+00

== END DATASET(S) ==============================================================
================================================================================
  
 -outvars: echo values of variables after computation  --------
     acell    1.0263110000E+01  1.0263110000E+01  1.0263110000E+01 Bohr
       amu    2.80855000E+01
    diemac    1.20000000E+01
      ecut    1.00000000E+00 Hartree
    enunit         2
    etotal1  -2.1030141624E+01
    etotal2  -2.1030141624E+01
     fcart1   1.4512653310E-02  1.4512653310E-02  3.0028538738E+00
             -1.4512653310E-02  1.4512653310E-02  3.0028538738E+00
             -1.4512653310E-02  1.4512653310E-02 -3.0028538738E+00
             -1.4512653310E-02 -1.4512653310E-02  3.0028538738E+00
             -1.4512653310E-02 -1.4512653310E-02 -3.0028538738E+00
              1.4512653310E-02  1.4512653310E-02 -3.0028538738E+00
              1.4512653310E-02 -1.4512653310E-02  3.0028538738E+00
              1.4512653310E-02 -1.4512653310E-02 -3.0028538738E+00
     fcart2   1.4512653310E-02  1.4512653310E-02  3.0028538738E+00
             -1.4512653310E-02  1.4512653310E-02  3.0028538738E+00
             -1.4512653310E-02  1.4512653310E-02 -3.0028538738E+00
             -1.4512653310E-02 -1.4512653310E-02  3.0028538738E+00
             -1.4512653310E-02 -1.4512653310E-02 -3.0028538738E+00
              1.4512653310E-02  1.4512653310E-02 -3.0028538738E+00
              1.4512653310E-02 -1.4512653310E-02  3.0028538738E+00
              1.4512653310E-02 -1.4512653310E-02 -3.0028538738E+00
     intxc         1
      iscf         3
    istwfk      2
    jdtset      1    2
P    mkmem         1
     natom         8
     nband        16
    ndtset         2
     ngfft        10      10      10
      nkpt         1
     nline         1
     nstep         1
      nsym        16
    ntypat         1
       occ    2.000000  2.000000  2.000000  2.000000  2.000000  2.000000
              2.000000  2.000000  2.000000  2.000000  2.000000  2.000000
              2.000000  2.000000  2.000000  2.000000
    prtvol        10
   spgroup       136
    strten1   3.9637749462E-03  3.9637749462E-03 -1.8813922851E-02
              0.0000000000E+00  0.0000000000E+00  0.0000000000E+00
    strten2   3.9637749462E-03  3.9637749462E-03 -1.8813922851E-02
              0.0000000000E+00  0.0000000000E+00  0.0000000000E+00
    symrel    1  0  0   0  1  0   0  0  1       0  1  0  -1  0  0   0  0  1
             -1  0  0   0  1  0   0  0 -1      -1  0  0   0 -1  0   0  0  1
              0 -1  0  -1  0  0   0  0 -1       0  1  0   1  0  0   0  0 -1
              0 -1  0   1  0  0   0  0  1       1  0  0   0 -1  0   0  0 -1
             -1  0  0   0 -1  0   0  0 -1       0 -1  0   1  0  0   0  0 -1
              1  0  0   0 -1  0   0  0  1       1  0  0   0  1  0   0  0 -1
              0  1  0   1  0  0   0  0  1       0 -1  0  -1  0  0   0  0  1
              0  1  0  -1  0  0   0  0 -1      -1  0  0   0  1  0   0  0  1
     tnons    0.0000000  0.0000000  0.0000000     0.5000000  0.5000000  0.5000000
              0.5000000  0.5000000  0.5000000     0.0000000  0.0000000  0.0000000
              0.0000000  0.0000000  0.0000000     0.0000000  0.0000000  0.0000000
              0.5000000  0.5000000  0.5000000     0.5000000  0.5000000  0.5000000
             -0.0000000 -0.0000000 -0.0000000     0.5000000  0.5000000  0.5000000
              0.5000000  0.5000000  0.5000000    -0.0000000 -0.0000000 -0.0000000
             -0.0000000 -0.0000000 -0.0000000    -0.0000000 -0.0000000 -0.0000000
              0.5000000  0.5000000  0.5000000     0.5000000  0.5000000  0.5000000
    tolwfr    1.00000000E-13
     typat    1  1  1  1  1  1  1  1
    xangst    1.6293011704E+00  1.6293011704E+00  5.4310039013E-01
              1.0862007803E+00  4.3448031210E+00  3.2586023408E+00
              1.0862007803E+00  4.3448031210E+00  2.1724015605E+00
              3.8017027309E+00  3.8017027309E+00  5.4310039013E-01
              3.8017027309E+00  3.8017027309E+00  4.8879035111E+00
              1.6293011704E+00  1.6293011704E+00  4.8879035111E+00
              4.3448031210E+00  1.0862007803E+00  3.2586023408E+00
              4.3448031210E+00  1.0862007803E+00  2.1724015605E+00
     xcart    3.0789330000E+00  3.0789330000E+00  1.0263110000E+00
              2.0526220000E+00  8.2104880000E+00  6.1578660000E+00
              2.0526220000E+00  8.2104880000E+00  4.1052440000E+00
              7.1841770000E+00  7.1841770000E+00  1.0263110000E+00
              7.1841770000E+00  7.1841770000E+00  9.2367990000E+00
              3.0789330000E+00  3.0789330000E+00  9.2367990000E+00
              8.2104880000E+00  2.0526220000E+00  6.1578660000E+00
              8.2104880000E+00  2.0526220000E+00  4.1052440000E+00
      xred    3.0000000000E-01  3.0000000000E-01  1.0000000000E-01
              2.0000000000E-01  8.0000000000E-01  6.0000000000E-01
              2.0000000000E-01  8.0000000000E-01  4.0000000000E-01
              7.0000000000E-01  7.0000000000E-01  1.0000000000E-01
              7.0000000000E-01  7.0000000000E-01  9.0000000000E-01
              3.0000000000E-01  3.0000000000E-01  9.0000000000E-01
              8.0000000000E-01  2.0000000000E-01  6.0000000000E-01
              8.0000000000E-01  2.0000000000E-01  4.0000000000E-01
     znucl     14.00000

================================================================================

- Total cpu        time (s,m,h):          0.7        0.01      0.000
- Total wall clock time (s,m,h):          0.7        0.01      0.000

- For major independent code sections, cpu and wall times (sec),
- as well as % of the total time and number of calls 

- routine                 cpu     %       wall     %      number of calls 
-                                                          (-1=no count)
- timing timab           0.350  49.0      0.351  49.1             11
- invars2                0.149  20.9      0.150  21.0              2
- abinit(2)              0.044   6.2      0.044   6.2              1
- ewald                  0.028   3.9      0.030   4.2              2
- stress                 0.020   2.8      0.018   2.5              2
- ewald2                 0.017   2.4      0.018   2.5              2
- fourwf(pot)            0.006   0.8      0.004   0.6            128
- vtowfk(ssdiag)         0.005   0.7      0.004   0.6             -1
- nonlop(apply)          0.003   0.4      0.005   0.7            128
- 61   others            0.018   2.5      0.023   3.2

- subtotal               0.640  89.6      0.647  90.5

================================================================================

 Calculation completed.
.Delivered    4 WARNINGs and   3 COMMENTs to log file.
+Overall time at end (sec) : cpu=          0.7  wall=          0.7
