
.Version 5.6.3  of ABINIT 
.(sequential version, prepared for a x86_64_linux_gcc4.3 computer) 

.Copyright (C) 1998-2008 ABINIT group . 
 ABINIT comes with ABSOLUTELY NO WARRANTY.
 It is free software, and you are welcome to redistribute it
 under certain conditions (GNU General Public License,
 see ~abinit/COPYING or http://www.gnu.org/copyleft/gpl.txt).

 ABINIT is a project of the Universite Catholique de Louvain,
 Corning Inc. and other collaborators, see ~abinit/doc/developers/contributors.txt .
 Please read ~abinit/doc/users/acknowledgments.html for suggested
 acknowledgments of the ABINIT effort.
 For more information, see http://www.abinit.org .

.Starting date : Thu  6 Nov 2008.
  
- input  file    -> /home/gonze/ABINIT/ABINITv5.6.3/test_gcc43/5.6.3-private/tests/bigdft/Input/t05.in
- output file    -> t05.out
- root for input  files -> t05i
- root for output files -> t05o


 Symmetries : space group P1 (#  1); Bravais aP (primitive triclinic)
================================================================================
 Values of the parameters that define the memory need for DATASET  1 (WVL).
  wvl_hgrid =  0.500   nwfshist =      0 wvl_crmult =  6.000 wvl_frmult = 10.000
  tl_radius =  0.000  tl_nprccg =     30 wvl_cpmult = 10.000 wvl_fpmult = 10.000
      natom =      8     ntypat =      3    nstates =      6     nsppol =      1
================================================================================
================================================================================

 -outvars: echo values of preprocessed input variables --------
     acell    1.0000000000E+01  1.0000000000E+01  1.0000000000E+01 Bohr
       amu    6.97230000E+01  1.08110000E+01  1.00794000E+00
      ecut    1.00000000E+01 Hartree
  icoulomb         1
      iscf         2
    istwfk      2
P    mkmem         1
     natom         8
     nband         6
     ngfft        30      30      30
      nkpt         1
 nscforder        14
     nstep        20
      nsym         1
    ntypat         3
       occ    2.000000  2.000000  2.000000  2.000000  2.000000  2.000000
 optforces         0
 optstress         0
    prteig         0
   spgroup         1
    toldfe    1.00000000E-06 Hartree
     typat    1  2  3  3  3  3  3  3
    usewvl         1
 wvl_nprcc         5
    xangst    0.0000000000E+00  0.0000000000E+00  0.0000000000E+00
              1.1599564412E+00  0.0000000000E+00  0.0000000000E+00
              7.6075743145E-01  5.5272262745E-01  0.0000000000E+00
              7.6075743145E-01 -5.5272262745E-01  0.0000000000E+00
             -3.4641828572E-01  0.0000000000E+00  7.4289641112E-01
             -3.4641828572E-01  0.0000000000E+00 -7.4289641112E-01
              1.4756106462E+00  0.0000000000E+00  5.4672912055E-01
              1.4756106462E+00  0.0000000000E+00 -5.4672912055E-01
     xcart    0.0000000000E+00  0.0000000000E+00  0.0000000000E+00
              2.1920000000E+00  0.0000000000E+00  0.0000000000E+00
              1.4376231990E+00  1.0444943933E+00  0.0000000000E+00
              1.4376231990E+00 -1.0444943933E+00  0.0000000000E+00
             -6.5463568744E-01  0.0000000000E+00  1.4038707621E+00
             -6.5463568744E-01  0.0000000000E+00 -1.4038707621E+00
              2.7885000000E+00  0.0000000000E+00  1.0331683067E+00
              2.7885000000E+00  0.0000000000E+00 -1.0331683067E+00
      xred    0.0000000000E+00  0.0000000000E+00  0.0000000000E+00
              2.1920000000E-01  0.0000000000E+00  0.0000000000E+00
              1.4376231990E-01  1.0444943933E-01  0.0000000000E+00
              1.4376231990E-01 -1.0444943933E-01  0.0000000000E+00
             -6.5463568744E-02  0.0000000000E+00  1.4038707621E-01
             -6.5463568744E-02  0.0000000000E+00 -1.4038707621E-01
              2.7885000000E-01  0.0000000000E+00  1.0331683067E-01
              2.7885000000E-01  0.0000000000E+00 -1.0331683067E-01
     znucl     31.00000    5.00000    1.00000

================================================================================

 chkinp: Checking input parameters for consistency.

================================================================================
== DATASET  1 ==================================================================

 Real(R)+Recip(G) space primitive vectors, cartesian coordinates (Bohr,Bohr^-1):
 R(1)= 10.0000000  0.0000000  0.0000000  G(1)=  0.1000000  0.0000000  0.0000000
 R(2)=  0.0000000 10.0000000  0.0000000  G(2)=  0.0000000  0.1000000  0.0000000
 R(3)=  0.0000000  0.0000000 10.0000000  G(3)=  0.0000000  0.0000000  0.1000000
 Unit cell volume ucvol=  1.0000000E+03 bohr^3
 Angles (23,13,12)=  9.00000000E+01  9.00000000E+01  9.00000000E+01 degrees

 getcut: wavevector=  0.0000  0.0000  0.0000  ngfft=  30  30  30
         ecut(hartree)=     10.000   => boxcut(ratio)=   2.10744

--- Pseudopotential description ------------------------------------------------
- pspini: atom type   1  psp file is /home/gonze/ABINIT/ABINITv5.6.3/test_gcc43/5.6.3-private/tests/Psps_for_tests/31ga.hgh
- pspatm: opening atomic psp file    /home/gonze/ABINIT/ABINITv5.6.3/test_gcc43/5.6.3-private/tests/Psps_for_tests/31ga.hgh
 Hartwigsen-Goedecker-Hutter psp for ga, from PRB58, 3641 (1998) paper
  31.00000   3.00000      1124                znucl, zion, pspdat
    3    1    2    0      2001   0.00000      pspcod,pspxc,lmax,lloc,mmax,r2well
 rloc=   0.5600000
 cc1 =   0.0000000; cc2 =   0.0000000; cc3 =   0.0000000; cc4 =   0.0000000
 rrs =   0.6107910; h11s=   2.3693250; h22s=  -0.2490150; h33s=  -0.5517960
 rrp =   0.7045960; h11p=   0.7463050; h22p=  -0.5131320; h33p=   0.0000000
                    k11p=   0.0296070; k22p=  -0.0008730; k33p=   0.0000000
 rrd =   0.9825800; h11d=   0.0754370; h22d=   0.0000000; h33d=   0.0000000
                    k11d=   0.0014860; k22d=   0.0000000; k33d=   0.0000000
  radii_cf(1)=   1.7000000; radii_cf(2)=   0.5600000; rad_cov=   2.1000000
-  Local part computed in reciprocal space.

 pspatm : COMMENT -
  the projectors are not normalized,
  so that the KB energies are not consistent with
  definition in PRB44, 8503 (1991).
  However, this does not influence the results obtained hereafter.
 pspatm: epsatm=    5.91122074
         --- l  ekb(1:nproj) -->
             0   -0.636687   -0.017197    1.920868
             1   -0.676457    0.963544
             2    0.945855
 pspatm: atomic psp has been read  and splines computed

- pspini: atom type   2  psp file is /home/gonze/ABINIT/ABINITv5.6.3/test_gcc43/5.6.3-private/tests/Psps_for_tests/HGH/5b.3.hgh
- pspatm: opening atomic psp file    /home/gonze/ABINIT/ABINITv5.6.3/test_gcc43/5.6.3-private/tests/Psps_for_tests/HGH/5b.3.hgh
 Hartwigsen-Goedecker-Hutter psp for B,  from PRB58, 3641 (1998)
   5.00000   3.00000     10605                znucl, zion, pspdat
    3    1    1    0      2001   0.00000      pspcod,pspxc,lmax,lloc,mmax,r2well
 rloc=   0.4339300
 cc1 =  -5.5786420; cc2 =   0.8042510; cc3 =   0.0000000; cc4 =   0.0000000
 rrs =   0.3738430; h11s=   6.2339280; h22s=   0.0000000; h33s=   0.0000000
 rrp =   0.3603930; h11p=   0.0000000; h22p=   0.0000000; h33p=   0.0000000
                    k11p=   0.0008780; k22p=   0.0000000; k33p=   0.0000000
  radii_cf(1)=   1.5000000; radii_cf(2)=   0.4339000; rad_cov=   2.1000000
-  Local part computed in reciprocal space.

 pspatm : COMMENT -
  the projectors are not normalized,
  so that the KB energies are not consistent with
  definition in PRB44, 8503 (1991).
  However, this does not influence the results obtained hereafter.
 pspatm: epsatm=   -0.52475100
         --- l  ekb(1:nproj) -->
             0    1.154608
 pspatm: atomic psp has been read  and splines computed

- pspini: atom type   3  psp file is /home/gonze/ABINIT/ABINITv5.6.3/test_gcc43/5.6.3-private/tests/Psps_for_tests/1h.psphgh
- pspatm: opening atomic psp file    /home/gonze/ABINIT/ABINITv5.6.3/test_gcc43/5.6.3-private/tests/Psps_for_tests/1h.psphgh
 Hartwigsen-Goedecker-Hutter psp for Hydrogen,  from PRB58, 3641 (1998) paper
   1.00000   1.00000    991006                znucl, zion, pspdat
    3    1    0    0      2001   0.00000      pspcod,pspxc,lmax,lloc,mmax,r2well
 rloc=   0.2000000
 cc1 =  -4.1802370; cc2 =   0.7250750; cc3 =   0.0000000; cc4 =   0.0000000
 rrs =   0.0000000; h11s=   0.0000000; h22s=   0.0000000; h33s=   0.0000000
  radii_cf(1)=   1.3600000; radii_cf(2)=   0.2000000; rad_cov=   0.6000000
-  Local part computed in reciprocal space.

 pspatm : COMMENT -
  the projectors are not normalized,
  so that the KB energies are not consistent with
  definition in PRB44, 8503 (1991).
  However, this does not influence the results obtained hereafter.
 pspatm: epsatm=   -0.00129784
         --- l  ekb(1:nproj) -->
 pspatm: atomic psp has been read  and splines computed

   6.45441922E+01                                ecore*ucvol(ha*bohr**3)
--------------------------------------------------------------------------------


 setup2: nwvl coarse and fine are   36831    6129

================================================================================

     iter   Etot(hartree)      deltaE(h)  grdnorm    vres2
 ETOT  1  -4.6969117106995    -4.697E+00 4.422E-01 1.102E+02
 ETOT  2  -5.3055911102610    -6.087E-01 1.618E-01 5.442E+00
 ETOT  3  -5.3765096465919    -7.092E-02 6.098E-02 8.514E-01
 ETOT  4  -5.3888585162018    -1.235E-02 2.777E-02 1.784E-01
 ETOT  5  -5.3919812768933    -3.123E-03 1.433E-02 4.218E-02
 ETOT  6  -5.3929197646225    -9.385E-04 7.899E-03 1.068E-02
 ETOT  7  -5.3932294084792    -3.096E-04 4.562E-03 2.938E-03
 ETOT  8  -5.3933378764095    -1.085E-04 2.716E-03 8.719E-04
 ETOT  9  -5.3933775219093    -3.965E-05 1.654E-03 2.776E-04
 ETOT 10  -5.3933924678295    -1.495E-05 1.024E-03 9.353E-05
 ETOT 11  -5.3933982407836    -5.773E-06 6.406E-04 3.318E-05
 ETOT 12  -5.3934005129268    -2.272E-06 4.052E-04 1.217E-05
 ETOT 13  -5.3934014214756    -9.085E-07 2.575E-04 4.618E-06
 ETOT 14  -5.3934017895762    -3.681E-07 1.652E-04 1.789E-06

 At SCF step   14, etot is converged :
  for the second time, diff in etot=  3.681E-07 < toldfe=  1.000E-06
================================================================================

 ----iterations are completed or convergence reached----

 Mean square residual over all n,k,spin=   0.0000E+00; max=  0.0000E+00
   0.0000  0.0000  0.0000    1  0.00000E+00 kpt; spin; max resid(k); each band:
 0.00E+00 0.00E+00 0.00E+00 0.00E+00 0.00E+00 0.00E+00
 reduced coordinates (array xred) for    8 atoms
       0.476380952381      0.500000000000      0.500000000000
       0.580761904762      0.500000000000      0.500000000000
       0.544839199953      0.552224719666      0.500000000000
       0.544839199953      0.447775280334      0.500000000000
       0.445207824408      0.500000000000      0.570193538106
       0.445207824408      0.500000000000      0.429806461894
       0.609166666667      0.500000000000      0.551658415336
       0.609166666667      0.500000000000      0.448341584664
 rms dE/dt=  0.0000E+00; max dE/dt=  0.0000E+00; dE/dt below (all hartree)
    1       0.000000000000      0.000000000000      0.000000000000
    2       0.000000000000      0.000000000000      0.000000000000
    3       0.000000000000      0.000000000000      0.000000000000
    4       0.000000000000      0.000000000000      0.000000000000
    5       0.000000000000      0.000000000000      0.000000000000
    6       0.000000000000      0.000000000000      0.000000000000
    7       0.000000000000      0.000000000000      0.000000000000
    8       0.000000000000      0.000000000000      0.000000000000

 cartesian coordinates (angstrom) at end:
    1      5.29388879473436     5.29177208590000     5.29177208590000
    2      6.45384523596364     5.29177208590000     5.29177208590000
    3      6.05464622618767     5.84449471334695     5.29177208590000
    4      6.05464622618767     4.73904945845305     5.29177208590000
    5      4.94747050901340     5.29177208590000     6.03466849701966
    6      4.94747050901340     5.29177208590000     4.54887567478034
    7      6.76949944088757     5.29177208590000     5.83850120645101
    8      6.76949944088757     5.29177208590000     4.74504296534899
 length scales= 21.000000000000 20.000000000000 20.000000000000 bohr
              = 11.112721380390 10.583544171800 10.583544171800 angstroms
 Fermi (or HOMO) energy (hartree) =   0.00000   Average Vxc (hartree)=  -0.00875
 Eigenvalues (hartree) for nkpt=   1  k points:
 kpt#   1, nband=  6, wtk=  1.00000, kpt=  0.0000  0.0000  0.0000 (reduced coord)
  -0.80028  -0.54123  -0.48509  -0.44243  -0.33200  -0.24024
 Total charge density [el/Bohr^3]
,     Maximum=    9.0541E-01  at reduced coord.    0.5217    0.4505    0.4865
,Next maximum=    9.0541E-01  at reduced coord.    0.5217    0.5225    0.4865
,     Minimum=    1.0000E-20  at reduced coord.    0.0000    0.0000    0.0000
,Next minimum=    1.0000E-20  at reduced coord.    0.0087    0.0000    0.0000

--------------------------------------------------------------------------------
 Components of total free energy (in Hartree) :

    Kinetic energy  =  1.21902877109016E+01
    Hartree energy  =  3.21003332739695E+01
    XC energy       = -5.17508972944935E+00
    Ion-ion energy  =  3.07911585008009E+01
    PspCore energy  =  0.00000000000000E+00
    Loc. psp. energy= -8.35719164108555E+01
    NL   psp  energy=  1.49841048516060E+00
    XC pot. energy  = -6.77341422902099E+00
    >>>>>>>>> Etotal= -5.39340194045124E+00

 Other information on the energy :
    Total energy(eV)= -1.46761930512887E+02 ; Band energy (Ha)=   0.0000000000E+00
--------------------------------------------------------------------------------

== END DATASET(S) ==============================================================
================================================================================
  
 -outvars: echo values of variables after computation  --------
     acell    2.1000000000E+01  2.0000000000E+01  2.0000000000E+01 Bohr
       amu    6.97230000E+01  1.08110000E+01  1.00794000E+00
      ecut    1.00000000E+01 Hartree
    etotal   -5.3934019405E+00
     fcart    9.9999999999E+99  9.9999999999E+99  9.9999999999E+99
              9.9999999999E+99  9.9999999999E+99  9.9999999999E+99
              9.9999999999E+99  9.9999999999E+99  9.9999999999E+99
              9.9999999999E+99  9.9999999999E+99  9.9999999999E+99
              9.9999999999E+99  9.9999999999E+99  9.9999999999E+99
              9.9999999999E+99  9.9999999999E+99  9.9999999999E+99
              9.9999999999E+99  9.9999999999E+99  9.9999999999E+99
              9.9999999999E+99  9.9999999999E+99  9.9999999999E+99
  icoulomb         1
      iscf         2
    istwfk      2
P    mkmem         1
     natom         8
     nband         6
     ngfft        30      30      30
      nkpt         1
 nscforder        14
     nstep        20
      nsym         1
    ntypat         3
       occ    2.000000  2.000000  2.000000  2.000000  2.000000  2.000000
 optforces         0
 optstress         0
    prteig         0
   spgroup         1
    strten    9.9999999999E+99  9.9999999999E+99  9.9999999999E+99
              9.9999999999E+99  9.9999999999E+99  9.9999999999E+99
    toldfe    1.00000000E-06 Hartree
     typat    1  2  3  3  3  3  3  3
    usewvl         1
 wvl_nprcc         5
    xangst    5.2938887947E+00  5.2917720859E+00  5.2917720859E+00
              6.4538452360E+00  5.2917720859E+00  5.2917720859E+00
              6.0546462262E+00  5.8444947133E+00  5.2917720859E+00
              6.0546462262E+00  4.7390494585E+00  5.2917720859E+00
              4.9474705090E+00  5.2917720859E+00  6.0346684970E+00
              4.9474705090E+00  5.2917720859E+00  4.5488756748E+00
              6.7694994409E+00  5.2917720859E+00  5.8385012065E+00
              6.7694994409E+00  5.2917720859E+00  4.7450429653E+00
     xcart    1.0004000000E+01  1.0000000000E+01  1.0000000000E+01
              1.2196000000E+01  1.0000000000E+01  1.0000000000E+01
              1.1441623199E+01  1.1044494393E+01  1.0000000000E+01
              1.1441623199E+01  8.9555056067E+00  1.0000000000E+01
              9.3493643126E+00  1.0000000000E+01  1.1403870762E+01
              9.3493643126E+00  1.0000000000E+01  8.5961292379E+00
              1.2792500000E+01  1.0000000000E+01  1.1033168307E+01
              1.2792500000E+01  1.0000000000E+01  8.9668316933E+00
      xred    4.7638095238E-01  5.0000000000E-01  5.0000000000E-01
              5.8076190476E-01  5.0000000000E-01  5.0000000000E-01
              5.4483919995E-01  5.5222471967E-01  5.0000000000E-01
              5.4483919995E-01  4.4777528033E-01  5.0000000000E-01
              4.4520782441E-01  5.0000000000E-01  5.7019353811E-01
              4.4520782441E-01  5.0000000000E-01  4.2980646189E-01
              6.0916666667E-01  5.0000000000E-01  5.5165841534E-01
              6.0916666667E-01  5.0000000000E-01  4.4834158466E-01
     znucl     31.00000    5.00000    1.00000

================================================================================

- Total cpu        time (s,m,h):         51.5        0.86      0.014
- Total wall clock time (s,m,h):         51.5        0.86      0.014

- For major independent code sections, cpu and wall times (sec),
- as well as % of the total time and number of calls 

- routine                 cpu     %       wall     %      number of calls 
-                                                          (-1=no count)
- inwffil                7.887  15.3      7.887  15.3              1
- timing timab           0.500   1.0      0.500   1.0             12
- 68   others            0.153   0.3      0.147   0.3

- subtotal               8.540  16.6      8.534  16.6

================================================================================

 Calculation completed.
.Delivered    1 WARNINGs and   5 COMMENTs to log file.
+Overall time at end (sec) : cpu=         51.5  wall=         51.5
