
.Version 5.6.3  of ABINIT 
.(sequential version, prepared for a x86_64_linux_gcc4.3 computer) 

.Copyright (C) 1998-2008 ABINIT group . 
 ABINIT comes with ABSOLUTELY NO WARRANTY.
 It is free software, and you are welcome to redistribute it
 under certain conditions (GNU General Public License,
 see ~abinit/COPYING or http://www.gnu.org/copyleft/gpl.txt).

 ABINIT is a project of the Universite Catholique de Louvain,
 Corning Inc. and other collaborators, see ~abinit/doc/developers/contributors.txt .
 Please read ~abinit/doc/users/acknowledgments.html for suggested
 acknowledgments of the ABINIT effort.
 For more information, see http://www.abinit.org .

.Starting date : Thu  6 Nov 2008.
  
- input  file    -> /home/gonze/ABINIT/ABINITv5.6.3/test_gcc43/5.6.3-private/tests/bigdft/Input/t12.in
- output file    -> t12.out
- root for input  files -> t12i
- root for output files -> t12o


 Symmetries : space group P1 (#  1); Bravais aP (primitive triclinic)
================================================================================
 Values of the parameters that define the memory need for DATASET  1 (WVL).
  wvl_hgrid =  0.450   nwfshist =      6 wvl_crmult =  5.000 wvl_frmult = 10.000
  tl_radius =  0.000  tl_nprccg =     30 wvl_cpmult = 12.000 wvl_fpmult = 10.000
      natom =      1     ntypat =      1    nstates =     18     nsppol =      2
================================================================================
================================================================================

 -outvars: echo values of preprocessed input variables --------
     acell    2.0000000000E+01  2.0000000000E+01  2.0000000000E+01 Bohr
       amu    1.95080000E+02
  icoulomb         1
      iscf         2
    istwfk      2
       ixc        11
P    mkmem         1
     natom         1
     nband         9
     ngfft         2       2       2
      nkpt         1
 nscforder        14
    nspden         2
    nsppol         2
     nstep        20
      nsym         1
    ntypat         1
  nwfshist         6
       occ    1.000000  1.000000  1.000000  1.000000  1.000000  1.000000
              1.000000  1.000000  1.000000
              1.000000  1.000000  1.000000  1.000000  1.000000  1.000000
              1.000000  1.000000  1.000000
 optforces         0
 optstress         0
    prtden         0
    prteig         0
     prtwf         0
   spgroup         1
    tolwfr    5.00000000E-03
     typat    1
    usewvl         1
 wvl_crmul    5.00000000E+00
 wvl_cpmul    1.20000000E+01
 wvl_hgrid    4.50000000E-01
 wvl_nprcc        15
    xangst    5.2917720859E+00  5.2917720859E+00  5.2917720859E+00
     xcart    1.0000000000E+01  1.0000000000E+01  1.0000000000E+01
      xred    5.0000000000E-01  5.0000000000E-01  5.0000000000E-01
     znucl     78.00000

================================================================================

 chkinp: Checking input parameters for consistency.

================================================================================
== DATASET  1 ==================================================================

 Real(R)+Recip(G) space primitive vectors, cartesian coordinates (Bohr,Bohr^-1):
 R(1)= 20.0000000  0.0000000  0.0000000  G(1)=  0.0500000  0.0000000  0.0000000
 R(2)=  0.0000000 20.0000000  0.0000000  G(2)=  0.0000000  0.0500000  0.0000000
 R(3)=  0.0000000  0.0000000 20.0000000  G(3)=  0.0000000  0.0000000  0.0500000
 Unit cell volume ucvol=  8.0000000E+03 bohr^3
 Angles (23,13,12)=  9.00000000E+01  9.00000000E+01  9.00000000E+01 degrees

--- Pseudopotential description ------------------------------------------------
- pspini: atom type   1  psp file is /home/gonze/ABINIT/ABINITv5.6.3/test_gcc43/5.6.3-private/tests/Psps_for_tests/78pt.18.khgh
- pspatm: opening atomic psp file    /home/gonze/ABINIT/ABINITv5.6.3/test_gcc43/5.6.3-private/tests/Psps_for_tests/78pt.18.khgh
 Goedecker pseudopotential for Pt
  78.00000  18.00000     70301                znucl, zion, pspdat
   10   11    2    2      2001   0.00000      pspcod,pspxc,lmax,lloc,mmax,r2well
 rloc=   0.5000000
 cc(1:2)=   8.8143232  -0.2925094
 for angular momentum l =  0 r(l) =   0.2980022
   h11, h12, h13 =  -5.9683850  24.2128997 -13.7896793
        h22, h23 =             -53.6876341  35.6047989
             h33 =                         -28.2604330
 for angular momentum l =  1 r(l) =   0.3601718
   h11, h12, h13 =  -6.6686590   7.1706592   0.7669037
        h22, h23 =              -7.2076607  -1.8148254
             h33 =                           1.2898060
   k11, k12, k13 =   0.3515669   2.3890644  -2.0606411
        k22, k23 =              -6.2574324   4.8763670
             k33 =                          -3.4656599
 for angular momentum l =  2 r(l) =   0.3405321
   h11, h12, h13 =  -8.5899045   9.4101220   0.0000000
        h22, h23 =             -10.6700754   0.0000000
             h33 =                           0.0000000
   k11, k12, k13 =   0.1803272   0.0292095   0.0000000
        k22, k23 =              -0.0331204   0.0000000
             k33 =                           0.0000000
-
- psp10in : COMMENT -
-  the pseudo-potential does not include geometric informations,
-  values have been computed.
  radii_cf(1)=   1.7605852; radii_cf(2)=   0.2980022; rad_cov=  -1.0000000
-  Local part computed in reciprocal space.

 pspatm : COMMENT -
  the projectors are not normalized,
  so that the KB energies are not consistent with
  definition in PRB44, 8503 (1991).
  However, this does not influence the results obtained hereafter.
 pspatm: epsatm=   43.89951197
         --- l  ekb(1:nproj) -->
             0   -8.269678   -0.377669    0.399633
             1   -0.615824   -0.003164    0.078123
             2   -0.143796   -0.001224
 pspatm: atomic psp has been read  and splines computed

   7.90191215E+02                                ecore*ucvol(ha*bohr**3)
--------------------------------------------------------------------------------


 setup2: nwvl coarse and fine are   31144    1208

================================================================================

     iter   Etot(hartree)      deltaE(h)  grdnorm    vres2
 ETOT  1  -119.96097088187    -1.200E+02 6.219E-02 4.609E+02
 ETOT  2  -119.97835017143    -1.738E-02 3.167E-02 4.296E+01
 ETOT  3  -119.98361186964    -5.262E-03 3.355E-03 5.180E+00

 At SCF step    3   max grdnorm=  3.35E-03 < tolwfr=  5.00E-03 =>converged.
================================================================================

 ----iterations are completed or convergence reached----

 Mean square residual over all n,k,spin=   0.0000E+00; max=  0.0000E+00
   0.0000  0.0000  0.0000    1  0.00000E+00 kpt; spin; max resid(k); each band:
 0.00E+00 0.00E+00 0.00E+00 0.00E+00 0.00E+00 0.00E+00 0.00E+00 0.00E+00
 0.00E+00
   0.0000  0.0000  0.0000    2  0.00000E+00 kpt; spin; max resid(k); each band:
 0.00E+00 0.00E+00 0.00E+00 0.00E+00 0.00E+00 0.00E+00 0.00E+00 0.00E+00
 0.00E+00
 reduced coordinates (array xred) for    1 atoms
       0.500000000000      0.500000000000      0.500000000000
 rms dE/dt=  0.0000E+00; max dE/dt=  0.0000E+00; dE/dt below (all hartree)
    1       0.000000000000      0.000000000000      0.000000000000

 cartesian coordinates (angstrom) at end:
    1      4.64353000537725     4.64353000537725     4.64353000537725
 length scales= 17.550000000000 17.550000000000 17.550000000000 bohr
              =  9.287060010754  9.287060010754  9.287060010754 angstroms
 Fermi (or HOMO) energy (hartree) =   0.00000   Average Vxc (hartree)=  -0.01273
 Eigenvalues (hartree) for nkpt=   1  k points, SPIN UP:
 kpt#   1, nband=  9, wtk=  1.00000, kpt=  0.0000  0.0000  0.0000 (reduced coord)
  -3.64394  -1.98418  -1.98418  -1.98418  -0.16321  -0.16321  -0.16321  -0.16304
  -0.16304
 Eigenvalues (hartree) for nkpt=   1  k points, SPIN DOWN:
 kpt#   1, nband=  9, wtk=  1.00000, kpt=  0.0000  0.0000  0.0000 (reduced coord)
  -3.64394  -1.98418  -1.98418  -1.98418  -0.16321  -0.16321  -0.16321  -0.16304
  -0.16304
 Total charge density [el/Bohr^3]
,     Maximum=    7.3839E-01  at reduced coord.    0.5046    0.4862    0.5138
,Next maximum=    7.3839E-01  at reduced coord.    0.4862    0.5046    0.5138
,     Minimum=    1.0000E-20  at reduced coord.    0.0000    0.0000    0.0000
,Next minimum=    1.0000E-20  at reduced coord.    0.0092    0.0000    0.0000
 Spin up density      [el/Bohr^3]
,     Maximum=    7.3839E-01  at reduced coord.    0.5046    0.4862    0.5138
,Next maximum=    7.3839E-01  at reduced coord.    0.4862    0.5046    0.5138
,     Minimum=    1.0000E-20  at reduced coord.    0.0000    0.0000    0.0000
,Next minimum=    1.0000E-20  at reduced coord.    0.0092    0.0000    0.0000
 Spin down density    [el/Bohr^3]
,     Maximum=    0.0000E+00  at reduced coord.    0.9817    0.9908    0.9908
,Next maximum=    0.0000E+00  at reduced coord.    0.9908    0.9908    0.9908
,     Minimum=    0.0000E+00  at reduced coord.    0.0000    0.0000    0.0000
,Next minimum=    0.0000E+00  at reduced coord.    0.0092    0.0000    0.0000
 Magnetization (spin up - spin down) [el/Bohr^3]
,     Maximum=    7.3839E-01  at reduced coord.    0.5046    0.4862    0.5138
,Next maximum=    7.3839E-01  at reduced coord.    0.4862    0.5046    0.5138
,     Minimum=    1.0000E-20  at reduced coord.    0.0000    0.0000    0.0000
,Next minimum=    1.0000E-20  at reduced coord.    0.0092    0.0000    0.0000
 Relative magnetization (=zeta, between -1 and 1)
,     Maximum=    1.0000E+00  at reduced coord.    0.9817    0.9908    0.9908
,Next maximum=    1.0000E+00  at reduced coord.    0.9908    0.9908    0.9908
,     Minimum=    1.0000E+00  at reduced coord.    0.0000    0.0000    0.0000
,Next minimum=    1.0000E+00  at reduced coord.    0.0092    0.0000    0.0000

--------------------------------------------------------------------------------
 Components of total free energy (in Hartree) :

    Kinetic energy  =  3.92878328635292E+01
    Hartree energy  =  1.02693433922302E+02
    XC energy       = -1.17237363440800E+01
    Ion-ion energy  =  0.00000000000000E+00
    PspCore energy  =  0.00000000000000E+00
    Loc. psp. energy= -2.52412782642319E+02
    NL   psp  energy= -1.30862939536208E+01
    XC pot. energy  = -1.52578598521544E+01
    >>>>>>>>> Etotal= -1.19983686302034E+02

 Other information on the energy :
    Total energy(eV)= -3.26492214490248E+03 ; Band energy (Ha)=   0.0000000000E+00
--------------------------------------------------------------------------------

== END DATASET(S) ==============================================================
================================================================================
  
 -outvars: echo values of variables after computation  --------
     acell    1.7550000000E+01  1.7550000000E+01  1.7550000000E+01 Bohr
       amu    1.95080000E+02
    etotal   -1.1998368630E+02
     fcart    9.9999999999E+99  9.9999999999E+99  9.9999999999E+99
  icoulomb         1
      iscf         2
    istwfk      2
       ixc        11
P    mkmem         1
     natom         1
     nband         9
     ngfft         2       2       2
      nkpt         1
 nscforder        14
    nspden         2
    nsppol         2
     nstep        20
      nsym         1
    ntypat         1
  nwfshist         6
       occ    1.000000  1.000000  1.000000  1.000000  1.000000  1.000000
              1.000000  1.000000  1.000000
              1.000000  1.000000  1.000000  1.000000  1.000000  1.000000
              1.000000  1.000000  1.000000
 optforces         0
 optstress         0
    prtden         0
    prteig         0
     prtwf         0
   spgroup         1
    strten    9.9999999999E+99  9.9999999999E+99  9.9999999999E+99
              9.9999999999E+99  9.9999999999E+99  9.9999999999E+99
    tolwfr    5.00000000E-03
     typat    1
    usewvl         1
 wvl_crmul    5.00000000E+00
 wvl_cpmul    1.20000000E+01
 wvl_hgrid    4.50000000E-01
 wvl_nprcc        15
    xangst    4.6435300054E+00  4.6435300054E+00  4.6435300054E+00
     xcart    8.7750000000E+00  8.7750000000E+00  8.7750000000E+00
      xred    5.0000000000E-01  5.0000000000E-01  5.0000000000E-01
     znucl     78.00000

================================================================================

- Total cpu        time (s,m,h):         33.1        0.55      0.009
- Total wall clock time (s,m,h):         33.1        0.55      0.009

- For major independent code sections, cpu and wall times (sec),
- as well as % of the total time and number of calls 

- routine                 cpu     %       wall     %      number of calls 
-                                                          (-1=no count)
- inwffil                6.566  19.9      6.567  19.9              1
- timing timab           0.357   1.1      0.357   1.1             11
- 68   others            0.145   0.4      0.148   0.4

- subtotal               7.068  21.4      7.072  21.4

================================================================================

 Calculation completed.
.Delivered    1 WARNINGs and   4 COMMENTs to log file.
+Overall time at end (sec) : cpu=         33.1  wall=         33.1
