
.Version 5.6.3  of ABINIT 
.(sequential version, prepared for a x86_64_linux_gcc4.3 computer) 

.Copyright (C) 1998-2008 ABINIT group . 
 ABINIT comes with ABSOLUTELY NO WARRANTY.
 It is free software, and you are welcome to redistribute it
 under certain conditions (GNU General Public License,
 see ~abinit/COPYING or http://www.gnu.org/copyleft/gpl.txt).

 ABINIT is a project of the Universite Catholique de Louvain,
 Corning Inc. and other collaborators, see ~abinit/doc/developers/contributors.txt .
 Please read ~abinit/doc/users/acknowledgments.html for suggested
 acknowledgments of the ABINIT effort.
 For more information, see http://www.abinit.org .

.Starting date : Thu  6 Nov 2008.
  
- input  file    -> /home/gonze/ABINIT/ABINITv5.6.3/test_gcc43/5.6.3-private/tests/v4/Input/t01.in
- output file    -> t01.out
- root for input  files -> t01i
- root for output files -> t01o


 DATASET    1 : the space group has not been recognized
================================================================================
 Values of the parameters that define the memory need for DATASET  1.
   intxc =         0  ionmov =         0    iscf =         5 xclevel =         1
  lmnmax =         2   lnmax =         2   mband =        12  mffmem =         1
P  mgfft =        18   mkmem =         2 mpssoang=         3     mpw =       188
  mqgrid =      3001   natom =         2    nfft =      5832    nkpt =         2
  nloalg =         4  nspden =         1 nspinor =         1  nsppol =         1
    nsym =         2  n1xccc =      2501  ntypat =         1  occopt =         7
================================================================================
P This job should need less than                       2.766 Mbytes of memory.
  Rough estimation (10% accuracy) of disk space for files :
  WF disk file :      0.071 Mbytes ; DEN or POT disk file :      0.046 Mbytes.
================================================================================


 DATASET    2 : the space group has not been recognized
================================================================================
 Values of the parameters that define the memory need for DATASET  2.
   intxc =         0  ionmov =         0    iscf =         5 xclevel =         1
  lmnmax =         4   lnmax =         2   mband =        12  mffmem =         1
P  mgfft =        18   mkmem =         2 mpssoang=         3     mpw =       188
  mqgrid =      3001   natom =         2    nfft =      5832    nkpt =         2
  nloalg =         4  nspden =         1 nspinor =         1  nsppol =         1
    nsym =         2  n1xccc =      2501  ntypat =         1  occopt =         7
================================================================================
P This job should need less than                       2.811 Mbytes of memory.
  Rough estimation (10% accuracy) of disk space for files :
  WF disk file :      0.071 Mbytes ; DEN or POT disk file :      0.046 Mbytes.
================================================================================

 -outvars: echo values of preprocessed input variables --------
     acell    1.0263110000E+01  1.0263110000E+01  1.0263110000E+01 Bohr
       amu    2.80855000E+01
    diemac    1.20000000E+01
      ecut    6.00000000E+00 Hartree
    enunit         2
      iscf         5
    jdtset      1    2
       kpt    1.00000000E+00  1.00000000E+00  1.00000000E+00
              1.00000000E+00  2.00000000E+00  2.00000000E+00
    kptnrm    4.00000000E+00
P    mkmem         2
     natom         2
     nband        12
    ndtset         2
     ngfft        18      18      18
      nkpt         2
     nline         5
     nstep        10
      nsym         2
     ntime         5
    ntypat         1
       occ    2.000000  2.000000  2.000000  2.000000  0.000000  0.000000
              0.000000  0.000000  0.000000  0.000000  0.000000  0.000000
              2.000000  2.000000  2.000000  2.000000  0.000000  0.000000
              0.000000  0.000000  0.000000  0.000000  0.000000  0.000000
    occopt         7
     prtwf         0
     rprim    0.0000000000E+00  5.0000000000E-01  5.0000000000E-01
              5.0000000000E-01  0.0000000000E+00  5.0000000000E-01
              5.0000000000E-01  5.0000000000E-01  0.0000000000E+00
    symrel    1  0  0   0  1  0   0  0  1      -1  0  0   0 -1  0   0  0 -1
     tnons    0.0000000  0.0000000  0.0000000     0.2200000  0.2500000  0.2600000
    tolwfr    1.00000000E-12
    tsmear    1.00000000E-02 Hartree
     typat    1  1
    useylm1        0
    useylm2        1
       wtk      0.25000    0.75000
    xangst    0.0000000000E+00  0.0000000000E+00  0.0000000000E+00
              1.3849059948E+00  1.3034409363E+00  1.2762859168E+00
     xcart    0.0000000000E+00  0.0000000000E+00  0.0000000000E+00
              2.6170930500E+00  2.4631464000E+00  2.4118308500E+00
      xred    0.0000000000E+00  0.0000000000E+00  0.0000000000E+00
              2.2000000000E-01  2.5000000000E-01  2.6000000000E-01
     znucl     14.00000

================================================================================

 chkinp: Checking input parameters for consistency, jdtset= 1.

 chkinp: Checking input parameters for consistency, jdtset= 2.

================================================================================
== DATASET  1 ==================================================================

 Real(R)+Recip(G) space primitive vectors, cartesian coordinates (Bohr,Bohr^-1):
 R(1)=  0.0000000  5.1315550  5.1315550  G(1)= -0.0974364  0.0974364  0.0974364
 R(2)=  5.1315550  0.0000000  5.1315550  G(2)=  0.0974364 -0.0974364  0.0974364
 R(3)=  5.1315550  5.1315550  0.0000000  G(3)=  0.0974364  0.0974364 -0.0974364
 Unit cell volume ucvol=  2.7025701E+02 bohr^3
 Angles (23,13,12)=  6.00000000E+01  6.00000000E+01  6.00000000E+01 degrees

 getcut: wavevector=  0.0000  0.0000  0.0000  ngfft=  18  18  18
         ecut(hartree)=      6.000   => boxcut(ratio)=   2.25634

 getcut : COMMENT -
  Note that boxcut > 2.2 ; recall that boxcut=Gcut(box)/Gcut(sphere) = 2
  is sufficient for exact treatment of convolution.
  Such a large boxcut is a waste : you could raise ecut
  e.g. ecut=    7.636588 Hartrees makes boxcut=2


--- Pseudopotential description ------------------------------------------------
- pspini: atom type   1  psp file is /home/gonze/ABINIT/ABINITv5.6.3/test_gcc43/5.6.3-private/tests/Psps_for_tests/14si.pspnc
- pspatm: opening atomic psp file    /home/gonze/ABINIT/ABINITv5.6.3/test_gcc43/5.6.3-private/tests/Psps_for_tests/14si.pspnc
  Troullier-Martins psp for element  Si        Thu Oct 27 17:31:21 EDT 1994
  14.00000   4.00000    940714                znucl, zion, pspdat
    1    1    2    2      2001   0.00000      pspcod,pspxc,lmax,lloc,mmax,r2well
    0   5.907  14.692    1   2.0872718        l,e99.0,e99.9,nproj,rcpsp
   0.00000000   0.00000000   0.00000000   0.00000000     rms, ekb1, ekb2, epsatm
    1   2.617   4.181    1   2.0872718        l,e99.0,e99.9,nproj,rcpsp
   0.00000000   0.00000000   0.00000000   0.00000000     rms, ekb1, ekb2, epsatm
    2   0.000   0.000    0   2.0872718        l,e99.0,e99.9,nproj,rcpsp
   0.00000000   0.00000000   0.00000000   0.00000000     rms, ekb1, ekb2, epsatm
    1.80626423934776    0.22824404341771    1.17378968127746   rchrg,fchrg,qchrg
 pspatm: epsatm=    1.43386982
         --- l  ekb(1:nproj) -->
             0    3.287949
             1    1.849886
 pspatm: atomic psp has been read  and splines computed

   2.29419171E+01                                ecore*ucvol(ha*bohr**3)
--------------------------------------------------------------------------------

P newkpt: treating     12 bands with npw=     187 for ikpt=   1
P newkpt: treating     12 bands with npw=     188 for ikpt=   2

 setup2: Arith. and geom. avg. npw (full set) are     187.750     187.749

================================================================================

     iter   Etot(hartree)      deltaE(h)  residm     vres2    diffor    maxfor
 ETOT  1  -8.8478551795614    -8.848E+00 2.581E-03 4.401E+00 2.249E-02 2.249E-02
 ETOT  2  -8.8534278804571    -5.573E-03 8.874E-07 1.264E-01 2.380E-03 2.411E-02
 ETOT  3  -8.8534886168909    -6.074E-05 2.803E-06 3.964E-02 1.016E-04 2.415E-02
 ETOT  4  -8.8535074434541    -1.883E-05 8.861E-07 3.895E-03 2.497E-04 2.398E-02
 ETOT  5  -8.8535086916322    -1.248E-06 8.923E-08 9.221E-04 2.467E-05 2.396E-02
 ETOT  6  -8.8535091246449    -4.330E-07 4.573E-08 5.877E-05 3.694E-05 2.400E-02
 ETOT  7  -8.8535091542802    -2.964E-08 2.716E-09 6.088E-07 8.321E-06 2.399E-02
 ETOT  8  -8.8535091543938    -1.136E-10 3.360E-11 2.575E-07 3.514E-07 2.399E-02
 ETOT  9  -8.8535091545508    -1.570E-10 1.067E-11 1.107E-08 1.345E-06 2.399E-02
 ETOT 10  -8.8535091545544    -3.615E-12 8.300E-13 5.840E-10 3.116E-07 2.399E-02

 At SCF step   10   max residual=  8.30E-13 < tolwfr=  1.00E-12 =>converged.

 Cartesian components of stress tensor (hartree/bohr^3)
  sigma(1 1)=  2.37578725E-05  sigma(3 2)=  6.18672256E-04
  sigma(2 2)=  1.01365606E-04  sigma(3 1)=  7.09955210E-06
  sigma(3 3)=  1.21862176E-04  sigma(2 1)= -4.86350140E-05

================================================================================

 ----iterations are completed or convergence reached----

 Mean square residual over all n,k,spin=   5.7772E-13; max=  8.3003E-13
   0.2500  0.2500  0.2500    1  8.30026E-13 kpt; spin; max resid(k); each band:
 6.73E-13 5.77E-13 3.47E-13 2.93E-13 5.29E-13 6.94E-13 7.29E-13 6.87E-13
 4.53E-13 4.81E-13 8.08E-13 8.30E-13
   0.2500  0.5000  0.5000    1  8.18380E-13 kpt; spin; max resid(k); each band:
 6.30E-13 4.76E-13 4.89E-13 4.62E-13 3.67E-13 5.92E-13 7.79E-13 7.61E-13
 4.26E-13 4.62E-13 5.01E-13 8.18E-13
 reduced coordinates (array xred) for    2 atoms
       0.000000000000      0.000000000000      0.000000000000
       0.220000000000      0.250000000000      0.260000000000
 rms dE/dt=  1.1901E-01; max dE/dt=  1.9258E-01; dE/dt below (all hartree)
    1       0.192578623543      0.071338174465      0.017669862229
    2      -0.192578623543     -0.071338174465     -0.017669862229

 cartesian coordinates (angstrom) at end:
    1      0.00000000000000     0.00000000000000     0.00000000000000
    2      1.38490599481929     1.30344093630051     1.27628591679425

 cartesian forces (hartree/bohr) at end:
    1      0.01009154017141    -0.01353491400827    -0.02399340314761
    2     -0.01009154017141     0.01353491400827     0.02399340314761
 frms,max,avg= 1.6938285E-02 2.3993403E-02   0.000E+00  0.000E+00  0.000E+00 h/b

 cartesian forces (eV/Angstrom) at end:
    1      0.51892781640086    -0.69599320343482    -1.23379029285275
    2     -0.51892781640086     0.69599320343482     1.23379029285275
 frms,max,avg= 8.7100155E-01 1.2337903E+00   0.000E+00  0.000E+00  0.000E+00 e/A
 length scales= 10.263110000000 10.263110000000 10.263110000000 bohr
              =  5.431003901252  5.431003901252  5.431003901252 angstroms
 prteigrs : about to open file t01o_DS1_EIG
 Fermi (or HOMO) energy (hartree) =   0.22898   Average Vxc (hartree)=  -0.35154
 Eigenvalues (hartree) for nkpt=   2  k points:
 kpt#   1, nband= 12, wtk=  0.25000, kpt=  0.2500  0.2500  0.2500 (reduced coord)
  -0.19653   0.06314   0.18121   0.19998   0.28480   0.33306   0.35580   0.45763
   0.47875   0.48483   0.53268   0.64652
      occupation numbers for kpt#   1
   2.00000   2.00000   2.00000   1.99996   0.00000   0.00000   0.00000   0.00000
   0.00000   0.00000   0.00000   0.00000
 kpt#   2, nband= 12, wtk=  0.75000, kpt=  0.2500  0.5000  0.5000 (reduced coord)
  -0.12403  -0.02915   0.09368   0.13026   0.25973   0.37884   0.42557   0.44462
   0.57876   0.60169   0.65832   0.66844
      occupation numbers for kpt#   2
   2.00000   2.00000   2.00000   2.00000   0.00001   0.00000   0.00000   0.00000
   0.00000   0.00000   0.00000   0.00000
 Fermi (or HOMO) energy (eV) =   6.23076   Average Vxc (eV)=  -9.56582
 Eigenvalues (   eV  ) for nkpt=   2  k points:
 kpt#   1, nband= 12, wtk=  0.25000, kpt=  0.2500  0.2500  0.2500 (reduced coord)
  -5.34791   1.71814   4.93089   5.44160   7.74986   9.06303   9.68178  12.45274
  13.02745  13.19281  14.49502  17.59272
 kpt#   2, nband= 12, wtk=  0.75000, kpt=  0.2500  0.5000  0.5000 (reduced coord)
  -3.37508  -0.79316   2.54908   3.54464   7.06753  10.30866  11.58032  12.09878
  15.74888  16.37292  17.91392  18.18911
 Total charge density [el/Bohr^3]
,     Maximum=    9.7038E-02  at reduced coord.    0.1111    0.1111    0.6667
,Next maximum=    9.6681E-02  at reduced coord.    0.1111    0.1111    0.6111
,     Minimum=    2.8964E-03  at reduced coord.    0.4444    0.5556    0.5556
,Next minimum=    2.9393E-03  at reduced coord.    0.5000    0.5556    0.5556

--------------------------------------------------------------------------------
 Components of total free energy (in Hartree) :

    Kinetic energy  =  3.01275405970886E+00
    Hartree energy  =  5.59477188429679E-01
    XC energy       = -3.54040590458530E+00
    Ewald energy    = -8.39370254296296E+00
    PspCore energy  =  8.48892598830441E-02
    Loc. psp. energy= -2.49733017759170E+00
    NL   psp  energy=  1.92080960728887E+00
    >>>>> Internal E= -8.85350850982952E+00

    -kT*entropy     = -6.44724928271174E-07
    >>>>>>>>> Etotal= -8.85350915455444E+00

 Other information on the energy :
    Total energy(eV)= -2.40916236112605E+02 ; Band energy (Ha)=   2.3003607585E-01
--------------------------------------------------------------------------------

 Cartesian components of stress tensor (hartree/bohr^3)
  sigma(1 1)=  2.37578725E-05  sigma(3 2)=  6.18672256E-04
  sigma(2 2)=  1.01365606E-04  sigma(3 1)=  7.09955210E-06
  sigma(3 3)=  1.21862176E-04  sigma(2 1)= -4.86350140E-05

-Cartesian components of stress tensor (GPa)         [Pressure= -2.4222E+00 GPa]
- sigma(1 1)=  6.98980623E-01  sigma(3 2)=  1.82019631E+01
- sigma(2 2)=  2.98227859E+00  sigma(3 1)=  2.08875999E-01
- sigma(3 3)=  3.58530840E+00  sigma(2 1)= -1.43089127E+00

================================================================================
== DATASET  2 ==================================================================

 Real(R)+Recip(G) space primitive vectors, cartesian coordinates (Bohr,Bohr^-1):
 R(1)=  0.0000000  5.1315550  5.1315550  G(1)= -0.0974364  0.0974364  0.0974364
 R(2)=  5.1315550  0.0000000  5.1315550  G(2)=  0.0974364 -0.0974364  0.0974364
 R(3)=  5.1315550  5.1315550  0.0000000  G(3)=  0.0974364  0.0974364 -0.0974364
 Unit cell volume ucvol=  2.7025701E+02 bohr^3
 Angles (23,13,12)=  6.00000000E+01  6.00000000E+01  6.00000000E+01 degrees

 getcut: wavevector=  0.0000  0.0000  0.0000  ngfft=  18  18  18
         ecut(hartree)=      6.000   => boxcut(ratio)=   2.25634

 getcut : COMMENT -
  Note that boxcut > 2.2 ; recall that boxcut=Gcut(box)/Gcut(sphere) = 2
  is sufficient for exact treatment of convolution.
  Such a large boxcut is a waste : you could raise ecut
  e.g. ecut=    7.636588 Hartrees makes boxcut=2


--- Pseudopotential description ------------------------------------------------
- pspini: atom type   1  psp file is /home/gonze/ABINIT/ABINITv5.6.3/test_gcc43/5.6.3-private/tests/Psps_for_tests/14si.pspnc
- pspatm: opening atomic psp file    /home/gonze/ABINIT/ABINITv5.6.3/test_gcc43/5.6.3-private/tests/Psps_for_tests/14si.pspnc
  Troullier-Martins psp for element  Si        Thu Oct 27 17:31:21 EDT 1994
  14.00000   4.00000    940714                znucl, zion, pspdat
    1    1    2    2      2001   0.00000      pspcod,pspxc,lmax,lloc,mmax,r2well
    0   5.907  14.692    1   2.0872718        l,e99.0,e99.9,nproj,rcpsp
   0.00000000   0.00000000   0.00000000   0.00000000     rms, ekb1, ekb2, epsatm
    1   2.617   4.181    1   2.0872718        l,e99.0,e99.9,nproj,rcpsp
   0.00000000   0.00000000   0.00000000   0.00000000     rms, ekb1, ekb2, epsatm
    2   0.000   0.000    0   2.0872718        l,e99.0,e99.9,nproj,rcpsp
   0.00000000   0.00000000   0.00000000   0.00000000     rms, ekb1, ekb2, epsatm
    1.80626423934776    0.22824404341771    1.17378968127746   rchrg,fchrg,qchrg
 pspatm: epsatm=    1.43386982
         --- l  ekb(1:nproj) -->
             0    3.287949
             1    1.849886
 pspatm: atomic psp has been read  and splines computed

--------------------------------------------------------------------------------

P newkpt: treating     12 bands with npw=     187 for ikpt=   1
P newkpt: treating     12 bands with npw=     188 for ikpt=   2

 setup2: Arith. and geom. avg. npw (full set) are     187.750     187.749

================================================================================

     iter   Etot(hartree)      deltaE(h)  residm     vres2    diffor    maxfor
 ETOT  1  -8.8478551795614    -8.848E+00 2.581E-03 4.401E+00 2.249E-02 2.249E-02
 ETOT  2  -8.8534278804571    -5.573E-03 8.874E-07 1.264E-01 2.380E-03 2.411E-02
 ETOT  3  -8.8534886168909    -6.074E-05 2.803E-06 3.964E-02 1.016E-04 2.415E-02
 ETOT  4  -8.8535074434542    -1.883E-05 8.861E-07 3.895E-03 2.497E-04 2.398E-02
 ETOT  5  -8.8535086916322    -1.248E-06 8.923E-08 9.221E-04 2.467E-05 2.396E-02
 ETOT  6  -8.8535091246449    -4.330E-07 4.573E-08 5.877E-05 3.694E-05 2.400E-02
 ETOT  7  -8.8535091542802    -2.964E-08 2.716E-09 6.088E-07 8.321E-06 2.399E-02
 ETOT  8  -8.8535091543938    -1.136E-10 3.360E-11 2.575E-07 3.514E-07 2.399E-02
 ETOT  9  -8.8535091545508    -1.570E-10 1.067E-11 1.107E-08 1.345E-06 2.399E-02
 ETOT 10  -8.8535091545544    -3.563E-12 8.300E-13 5.840E-10 3.116E-07 2.399E-02

 At SCF step   10   max residual=  8.30E-13 < tolwfr=  1.00E-12 =>converged.

 Cartesian components of stress tensor (hartree/bohr^3)
  sigma(1 1)=  2.37578725E-05  sigma(3 2)=  6.18672256E-04
  sigma(2 2)=  1.01365606E-04  sigma(3 1)=  7.09955209E-06
  sigma(3 3)=  1.21862176E-04  sigma(2 1)= -4.86350140E-05

================================================================================

 ----iterations are completed or convergence reached----

 Mean square residual over all n,k,spin=   5.7772E-13; max=  8.3003E-13
   0.2500  0.2500  0.2500    1  8.30026E-13 kpt; spin; max resid(k); each band:
 6.73E-13 5.77E-13 3.47E-13 2.93E-13 5.29E-13 6.94E-13 7.29E-13 6.87E-13
 4.53E-13 4.81E-13 8.08E-13 8.30E-13
   0.2500  0.5000  0.5000    1  8.18380E-13 kpt; spin; max resid(k); each band:
 6.30E-13 4.76E-13 4.89E-13 4.62E-13 3.67E-13 5.92E-13 7.79E-13 7.61E-13
 4.26E-13 4.62E-13 5.01E-13 8.18E-13
 reduced coordinates (array xred) for    2 atoms
       0.000000000000      0.000000000000      0.000000000000
       0.220000000000      0.250000000000      0.260000000000
 rms dE/dt=  1.1901E-01; max dE/dt=  1.9258E-01; dE/dt below (all hartree)
    1       0.192578623547      0.071338174466      0.017669862225
    2      -0.192578623547     -0.071338174466     -0.017669862225

 cartesian coordinates (angstrom) at end:
    1      0.00000000000000     0.00000000000000     0.00000000000000
    2      1.38490599481929     1.30344093630051     1.27628591679425

 cartesian forces (hartree/bohr) at end:
    1      0.01009154017221    -0.01353491400821    -0.02399340314857
    2     -0.01009154017221     0.01353491400821     0.02399340314857
 frms,max,avg= 1.6938285E-02 2.3993403E-02   0.000E+00  0.000E+00  0.000E+00 h/b

 cartesian forces (eV/Angstrom) at end:
    1      0.51892781644223    -0.69599320343156    -1.23379029290238
    2     -0.51892781644223     0.69599320343156     1.23379029290238
 frms,max,avg= 8.7100155E-01 1.2337903E+00   0.000E+00  0.000E+00  0.000E+00 e/A
 length scales= 10.263110000000 10.263110000000 10.263110000000 bohr
              =  5.431003901252  5.431003901252  5.431003901252 angstroms
 prteigrs : about to open file t01o_DS2_EIG
 Fermi (or HOMO) energy (hartree) =   0.22898   Average Vxc (hartree)=  -0.35154
 Eigenvalues (hartree) for nkpt=   2  k points:
 kpt#   1, nband= 12, wtk=  0.25000, kpt=  0.2500  0.2500  0.2500 (reduced coord)
  -0.19653   0.06314   0.18121   0.19998   0.28480   0.33306   0.35580   0.45763
   0.47875   0.48483   0.53268   0.64652
      occupation numbers for kpt#   1
   2.00000   2.00000   2.00000   1.99996   0.00000   0.00000   0.00000   0.00000
   0.00000   0.00000   0.00000   0.00000
 kpt#   2, nband= 12, wtk=  0.75000, kpt=  0.2500  0.5000  0.5000 (reduced coord)
  -0.12403  -0.02915   0.09368   0.13026   0.25973   0.37884   0.42557   0.44462
   0.57876   0.60169   0.65832   0.66844
      occupation numbers for kpt#   2
   2.00000   2.00000   2.00000   2.00000   0.00001   0.00000   0.00000   0.00000
   0.00000   0.00000   0.00000   0.00000
 Fermi (or HOMO) energy (eV) =   6.23076   Average Vxc (eV)=  -9.56582
 Eigenvalues (   eV  ) for nkpt=   2  k points:
 kpt#   1, nband= 12, wtk=  0.25000, kpt=  0.2500  0.2500  0.2500 (reduced coord)
  -5.34791   1.71814   4.93089   5.44160   7.74986   9.06303   9.68178  12.45274
  13.02745  13.19281  14.49502  17.59272
 kpt#   2, nband= 12, wtk=  0.75000, kpt=  0.2500  0.5000  0.5000 (reduced coord)
  -3.37508  -0.79316   2.54908   3.54464   7.06753  10.30866  11.58032  12.09878
  15.74888  16.37292  17.91392  18.18911
 Total charge density [el/Bohr^3]
,     Maximum=    9.7038E-02  at reduced coord.    0.1111    0.1111    0.6667
,Next maximum=    9.6681E-02  at reduced coord.    0.1111    0.1111    0.6111
,     Minimum=    2.8964E-03  at reduced coord.    0.4444    0.5556    0.5556
,Next minimum=    2.9393E-03  at reduced coord.    0.5000    0.5556    0.5556

--------------------------------------------------------------------------------
 Components of total free energy (in Hartree) :

    Kinetic energy  =  3.01275405970865E+00
    Hartree energy  =  5.59477188429365E-01
    XC energy       = -3.54040590458522E+00
    Ewald energy    = -8.39370254296296E+00
    PspCore energy  =  8.48892598830441E-02
    Loc. psp. energy= -2.49733017759121E+00
    NL   psp  energy=  1.92080960728888E+00
    >>>>> Internal E= -8.85350850982945E+00

    -kT*entropy     = -6.44724928658142E-07
    >>>>>>>>> Etotal= -8.85350915455438E+00

 Other information on the energy :
    Total energy(eV)= -2.40916236112603E+02 ; Band energy (Ha)=   2.3003607585E-01
--------------------------------------------------------------------------------

 Cartesian components of stress tensor (hartree/bohr^3)
  sigma(1 1)=  2.37578725E-05  sigma(3 2)=  6.18672256E-04
  sigma(2 2)=  1.01365606E-04  sigma(3 1)=  7.09955209E-06
  sigma(3 3)=  1.21862176E-04  sigma(2 1)= -4.86350140E-05

-Cartesian components of stress tensor (GPa)         [Pressure= -2.4222E+00 GPa]
- sigma(1 1)=  6.98980623E-01  sigma(3 2)=  1.82019631E+01
- sigma(2 2)=  2.98227859E+00  sigma(3 1)=  2.08875999E-01
- sigma(3 3)=  3.58530840E+00  sigma(2 1)= -1.43089127E+00

== END DATASET(S) ==============================================================
================================================================================
  
 -outvars: echo values of variables after computation  --------
     acell    1.0263110000E+01  1.0263110000E+01  1.0263110000E+01 Bohr
       amu    2.80855000E+01
    diemac    1.20000000E+01
      ecut    6.00000000E+00 Hartree
    enunit         2
    etotal1  -8.8535091546E+00
    etotal2  -8.8535091546E+00
     fcart1   1.0091540171E-02 -1.3534914008E-02 -2.3993403148E-02
             -1.0091540171E-02  1.3534914008E-02  2.3993403148E-02
     fcart2   1.0091540172E-02 -1.3534914008E-02 -2.3993403149E-02
             -1.0091540172E-02  1.3534914008E-02  2.3993403149E-02
      iscf         5
    jdtset      1    2
       kpt    1.00000000E+00  1.00000000E+00  1.00000000E+00
              1.00000000E+00  2.00000000E+00  2.00000000E+00
    kptnrm    4.00000000E+00
P    mkmem         2
     natom         2
     nband        12
    ndtset         2
     ngfft        18      18      18
      nkpt         2
     nline         5
     nstep        10
      nsym         2
     ntime         5
    ntypat         1
       occ    2.000000  2.000000  2.000000  1.999959  0.000000  0.000000
              0.000000  0.000000  0.000000  0.000000  0.000000  0.000000
              2.000000  2.000000  2.000000  2.000000  0.000014  0.000000
              0.000000  0.000000  0.000000  0.000000  0.000000  0.000000
    occopt         7
     prtwf         0
     rprim    0.0000000000E+00  5.0000000000E-01  5.0000000000E-01
              5.0000000000E-01  0.0000000000E+00  5.0000000000E-01
              5.0000000000E-01  5.0000000000E-01  0.0000000000E+00
    strten1   2.3757872472E-05  1.0136560606E-04  1.2186217613E-04
              6.1867225570E-04  7.0995520958E-06 -4.8635013976E-05
    strten2   2.3757872477E-05  1.0136560606E-04  1.2186217613E-04
              6.1867225570E-04  7.0995520948E-06 -4.8635013981E-05
    symrel    1  0  0   0  1  0   0  0  1      -1  0  0   0 -1  0   0  0 -1
     tnons    0.0000000  0.0000000  0.0000000     0.2200000  0.2500000  0.2600000
    tolwfr    1.00000000E-12
    tsmear    1.00000000E-02 Hartree
     typat    1  1
    useylm1        0
    useylm2        1
       wtk      0.25000    0.75000
    xangst    0.0000000000E+00  0.0000000000E+00  0.0000000000E+00
              1.3849059948E+00  1.3034409363E+00  1.2762859168E+00
     xcart    0.0000000000E+00  0.0000000000E+00  0.0000000000E+00
              2.6170930500E+00  2.4631464000E+00  2.4118308500E+00
      xred    0.0000000000E+00  0.0000000000E+00  0.0000000000E+00
              2.2000000000E-01  2.5000000000E-01  2.6000000000E-01
     znucl     14.00000

================================================================================

- Total cpu        time (s,m,h):          2.8        0.05      0.001
- Total wall clock time (s,m,h):          2.8        0.05      0.001

- For major independent code sections, cpu and wall times (sec),
- as well as % of the total time and number of calls 

- routine                 cpu     %       wall     %      number of calls 
-                                                          (-1=no count)
- fourwf(pot)            0.739  26.1      0.746  26.3           2518
- pspini                 0.443  15.6      0.444  15.7              2
- invars2                0.419  14.8      0.420  14.8              2
- timing timab           0.340  12.0      0.340  12.0             11
- abinit(2)              0.117   4.1      0.116   4.1              1
- forces                 0.080   2.8      0.080   2.8             20
- projbd                 0.073   2.6      0.058   2.0           3884
- vtorho(4)-mkrho-       0.065   2.3      0.069   2.4             40
- nonlop(apply)          0.062   2.2      0.059   2.1           2518
- mkcore                 0.046   1.6      0.038   1.3             24
- vtowfk(ssdiag)         0.042   1.5      0.046   1.6             -1
- fourwf(den)            0.036   1.3      0.026   0.9            178
- getghc-other           0.029   1.0      0.035   1.2             -1
- symrhg(no FFT)         0.025   0.9      0.025   0.9             20
- fourdp                 0.022   0.8      0.027   1.0            102
- nonlop(forces)         0.019   0.7      0.007   0.2            480
- xc:pot/=fourdp         0.018   0.6      0.011   0.4             22
- status                 0.008   0.3      0.015   0.5           1050
- 52   others            0.037   1.3      0.043   1.5

- subtotal               2.620  92.5      2.605  91.9

================================================================================

 Calculation completed.
.Delivered    0 WARNINGs and   6 COMMENTs to log file.
+Overall time at end (sec) : cpu=          2.8  wall=          2.8
