
.Version 5.6.3  of AIM 
.(sequential version, prepared for a x86_64_linux_gcc4.3 computer) 

.Copyright (C) 1998-2008 ABINIT group . 
 AIM comes with ABSOLUTELY NO WARRANTY.
 It is free software, and you are welcome to redistribute it
 under certain conditions (GNU General Public License,
 see ~abinit/COPYING or http://www.gnu.org/copyleft/gpl.txt).

 ABINIT is a project of the Universite Catholique de Louvain,
 Corning Inc. and other collaborators, see ~abinit/doc/developers/contributors.txt .
 Please read ~abinit/doc/users/acknowledgments.html for suggested
 acknowledgments of the ABINIT effort.
 For more information, see http://www.abinit.org .

.Starting date : Thu  6 Nov 2008.
  
 ECHO of the INPUT
 ************************
 ATOM                 1
 CRIT                 2
 SURF                 1
 GPSURF               1
 IRHO                 1
 INPT                50
 NTHETA               8
 NPHI                 4
 THETAMAX  3.1415926536E+00
 PHIMAX    1.5707963268E+00
 MAXATD    1.0900000000E+01
 MAXCPD    8.0000000000E+00
 LGRAD2    1.0000000000E-04
 LSTEP2    1.0000000000E-04
 DPCLIM    5.0000000000E-02
 ===============================================================================
 ECHO of the ABINIT file header 
 
 First record :
.codvsn,headform,fform = 5.6.3    56   52
 
 Second record :
 bantot,intxc,ixc,natom  =     5     0     1     2
 ngfft(1:3),nkpt         =    40    40    60     1
 nspden,nspinor          =     1     1
 nsppol,nsym,npsp,ntypat =     1     8     2     2
 occopt,pertcase,usepaw  =     7     0     0
 ecut,ecutdg,ecutsm      =  3.0000000000E+01  3.0000000000E+01  0.0000000000E+00
 ecut_eff                =  3.0000000000E+01
 qptn(1:3)               =  0.0000000000E+00  0.0000000000E+00  0.0000000000E+00
 rprimd(1:3,1)           =  8.0000000000E+00  0.0000000000E+00  0.0000000000E+00
 rprimd(1:3,2)           =  0.0000000000E+00  8.0000000000E+00  0.0000000000E+00
 rprimd(1:3,3)           =  0.0000000000E+00  0.0000000000E+00  1.1000000000E+01
 stmbias,tphysel,tsmear  =  0.0000000000E+00  0.0000000000E+00  4.0000000000E-02

 Third record :
 istwfk=   2
 nband =   5
 npwarr= 2728
 so_psp=   1   1
 symafm=
          1  1  1  1  1  1  1  1
 symrel=
           1   0   0   0   1   0   0   0   1     1   0   0   0  -1   0   0   0   1
          -1   0   0   0  -1   0   0   0   1    -1   0   0   0   1   0   0   0   1
           0   1   0   1   0   0   0   0   1     0   1   0  -1   0   0   0   0   1
           0  -1   0  -1   0   0   0   0   1     0  -1   0   1   0   0   0   0   1
 type  =   1   2
 kptns =                 (max 50 k-points will be written)
            0.000000E+00    0.000000E+00    0.000000E+00
 wtk =
          1.00
   occ =
          2.00  1.96  1.53  1.53  0.97
 tnons =
          0.000000  0.000000  0.000000    0.000000  0.000000  0.000000
          0.000000  0.000000  0.000000    0.000000  0.000000  0.000000
          0.000000  0.000000  0.000000    0.000000  0.000000  0.000000
          0.000000  0.000000  0.000000    0.000000  0.000000  0.000000
  znucl=  8.00 12.00

 Pseudopotential info :
 title= Troullier-Martins psp for element  O         Thu Oct 27 17:29:57 EDT 1994
  znuclpsp=  8.00, zionpsp=  6.00, pspso=  0, pspdat=940714, pspcod=  1, pspxc=  1
  lmnmax  =  2
 title= Troullier-Martins psp for element  Mg        Thu Oct 27 17:30:49 EDT 1994
  znuclpsp= 12.00, zionpsp=  2.00, pspso=  0, pspdat=940714, pspcod=  1, pspxc=  1
  lmnmax  =  2
 
 Last record :
 residm,etot,fermie=    3.857195E-12   -1.758828695464E+01   -1.289868E-01
 xred =
            0.000000E+00    0.000000E+00    0.000000E+00
            0.000000E+00    0.000000E+00    3.290909E-01
 End the ECHO of the ABINIT file header 
 ===============================================================================
 INVERSE OF RPRIMD: 
      0.12500000      0.00000000      0.00000000
      0.00000000      0.12500000      0.00000000
      0.00000000      0.00000000      0.09090909

 ATOMS (index,at.number,position(xcart.))
 =======================================
   1  8.000000      0.00000000      0.00000000      0.00000000
   2 12.000000      0.00000000      0.00000000      3.62000000

 CRITICAL POINTS ANALYSIS
 ========================

 ATOM:
 inxat :           1 inxcell :         172
    0.000000E+00    0.000000E+00    0.000000E+00

 NEIGHBORING ATOMS (atindex,cellindex,distance(in bohr)):
           2   172      3.62000000
           2   171      7.38000000
           1   123      8.00000000
           1   165      8.00000000
           1   179      8.00000000
           1   221      8.00000000
           2   123      8.78091111
           2   165      8.78091111
           2   179      8.78091111
           2   221      8.78091111
           2   122     10.88413524
           2   164     10.88413524
           2   178     10.88413524
           2   220     10.88413524

 BONDING CRITICAL POINTS (BCP)
 =============================

 Bonded atom (BAT) (indxatm,indxcell,position): 
     2   172      0.00000000      0.00000000      3.62000000
%Bonding CP:      -0.00032193     -0.00032193      2.00938497
%Eigenval. of Hessian:       0.58582479     -0.10349923     -0.10485215
 Eigenvec. of Hessian:
-      0.03159861     -0.70710678      0.70640040
-      0.03159861      0.70710678      0.70640040
-      0.99900103     -0.00000000     -0.04468718

%Density and laplacian in CP:       0.06725984      0.37747341
%Relative position of BCP (AT-CP,BAT-CP,AT-BAT,relative(AT): 
      2.00938502      1.61061510      3.62000000      0.55507873
 ********************************************************************
 Bonded atom (BAT) (indxatm,indxcell,position): 
     2   171      0.00000000      0.00000000     -7.38000000
%Bonding CP:       0.00368264      0.00368264     -3.59316348
%Eigenval. of Hessian:       0.00594339     -0.00069532     -0.00071133
 Eigenvec. of Hessian:
-      0.01582521     -0.70710678      0.70692967
-      0.01582521      0.70710678      0.70692967
-      0.99974953     -0.00000000     -0.02238023

%Density and laplacian in CP:       0.00233269      0.00453673
%Relative position of BCP (AT-CP,BAT-CP,AT-BAT,relative(AT): 
      3.59316726      3.78684010      7.38000000      0.48687903
 ********************************************************************
 Number of BCP found:    2

 RING CRITICAL POINTS (RCP)
 =============================

%Ring CP:      -4.00065063      1.49961837     -0.80721826
%Eigenval. of Hessian:       0.00123421      0.00018939     -0.00017132
 Eigenvec. of Hessian:
-      0.97882519     -0.13789605      0.15128095
-     -0.15462026     -0.01377189      0.98787798
-      0.13414105      0.99035096      0.03480179

%Density and laplacian in CP:       0.00023981      0.00125228
 ********************************************************************
%Ring CP:      -3.99934938     -1.49961837     -0.80721826
%Eigenval. of Hessian:       0.00120247      0.00020001     -0.00015020
 Eigenvec. of Hessian:
-      0.99146776     -0.08757760     -0.09654974
-      0.09624799     -0.00767169      0.99532782
-      0.08790913      0.99612816     -0.00082294

%Density and laplacian in CP:       0.00023981      0.00125228
 ********************************************************************
%Ring CP:      -1.49961837     -3.99934938     -0.80721826
%Eigenval. of Hessian:       0.00120247      0.00020001     -0.00015020
 Eigenvec. of Hessian:
-      0.09624799     -0.00767169      0.99532782
-      0.99146776     -0.08757760     -0.09654974
-      0.08790913      0.99612816     -0.00082294

%Density and laplacian in CP:       0.00023981      0.00125228
 ********************************************************************
%Ring CP:      -1.49961837      4.00065062     -0.80721826
%Eigenval. of Hessian:       0.00120247      0.00020001     -0.00015020
 Eigenvec. of Hessian:
-      0.09624799     -0.00767169      0.99532782
-      0.99146776     -0.08757760     -0.09654974
-      0.08790913      0.99612816     -0.00082294

%Density and laplacian in CP:       0.00023981      0.00125228
 ********************************************************************
%Ring CP:       1.49961837     -4.00065063     -0.80721826
%Eigenval. of Hessian:       0.00123421      0.00018939     -0.00017132
 Eigenvec. of Hessian:
-     -0.15462026     -0.01377189      0.98787798
-      0.97882519     -0.13789605      0.15128095
-      0.13414105      0.99035096      0.03480179

%Density and laplacian in CP:       0.00023981      0.00125228
 ********************************************************************
%Ring CP:       1.49961836      4.00065062     -0.80721826
%Eigenval. of Hessian:       0.00120285      0.00020141     -0.00015197
 Eigenvec. of Hessian:
-     -0.09766372     -0.06301109      0.99322273
-      0.99111068     -0.09675036      0.09131810
-      0.09034060      0.99331212      0.07189997

%Density and laplacian in CP:       0.00023981      0.00125228
 ********************************************************************
%Ring CP:       3.99934937      1.49961837     -0.80721826
%Eigenval. of Hessian:       0.00123421      0.00018939     -0.00017132
 Eigenvec. of Hessian:
-      0.97882519     -0.13789605      0.15128095
-     -0.15462026     -0.01377188      0.98787798
-      0.13414105      0.99035096      0.03480179

%Density and laplacian in CP:       0.00023981      0.00125228
 ********************************************************************
%Ring CP:       4.00065062     -1.49961837     -0.80721826
%Eigenval. of Hessian:       0.00120247      0.00020001     -0.00015020
 Eigenvec. of Hessian:
-      0.99146776     -0.08757760     -0.09654974
-      0.09624799     -0.00767169      0.99532782
-      0.08790913      0.99612816     -0.00082294

%Density and laplacian in CP:       0.00023981      0.00125228
 ********************************************************************
 Number of RCP found:    8

 CAGE CRITICAL POINTS (CCP)
 =============================

%Cage CP:      -4.00002405     -4.00002405     -0.92363499
%Eigenval. of Hessian:       0.00014583      0.00014561      0.00008300
 Eigenvec. of Hessian:
-      0.70699678     -0.70710678      0.01247189
-      0.70699678      0.70710678      0.01247189
-     -0.01763792     -0.00000000      0.99984444

%Density and laplacian in CP:       0.00011395      0.00037444
 ********************************************************************
%Cage CP:      -3.99971253     -0.00809255     -0.49902173
%Eigenval. of Hessian:       0.00323135      0.00022852      0.00005826
 Eigenvec. of Hessian:
-      0.99977729     -0.02104233     -0.00160888
-      0.00009632     -0.07168608      0.99742724
-      0.02110353      0.99720526      0.07166808

%Density and laplacian in CP:       0.00020402      0.00351813
 ********************************************************************
%Cage CP:      -3.99997547      3.99997547     -0.92363312
%Eigenval. of Hessian:       0.00014585      0.00014571      0.00008288
 Eigenvec. of Hessian:
-      0.94270957     -0.33062980      0.04452648
-      0.33040876      0.94375584      0.01244891
-     -0.04613811      0.00297623      0.99893064

%Density and laplacian in CP:       0.00011395      0.00037444
 ********************************************************************
%Cage CP:      -0.00805915     -3.99971810     -0.49899204
%Eigenval. of Hessian:       0.00323141      0.00022852      0.00005825
 Eigenvec. of Hessian:
-      0.00009552     -0.07171931      0.99742485
-      0.99977738     -0.02103834     -0.00160850
-      0.02109952      0.99720295      0.07170133

%Density and laplacian in CP:       0.00020402      0.00351818
 ********************************************************************
%Cage CP:      -0.00809255      4.00028747     -0.49902173
%Eigenval. of Hessian:       0.00323135      0.00022852      0.00005826
 Eigenvec. of Hessian:
-      0.00009632     -0.07168608      0.99742724
-      0.99977729     -0.02104233     -0.00160888
-      0.02110353      0.99720526      0.07166808

%Density and laplacian in CP:       0.00020402      0.00351813
 ********************************************************************
%Cage CP:       3.99997554     -3.99997555     -0.92363311
%Eigenval. of Hessian:       0.00014585      0.00014571      0.00008288
 Eigenvec. of Hessian:
-      0.33041274      0.94375444      0.01244902
-      0.94270817     -0.33063378      0.04452640
-     -0.04613806      0.00297630      0.99893064

%Density and laplacian in CP:       0.00011395      0.00037444
 ********************************************************************
%Cage CP:       3.99973324     -0.00772685     -0.49840723
%Eigenval. of Hessian:       0.00324072      0.00021995      0.00005803
 Eigenvec. of Hessian:
-      0.99837270     -0.05675133     -0.00558862
-      0.00120719     -0.07694649      0.99703449
-      0.05701306      0.99541877      0.07675276

%Density and laplacian in CP:       0.00020402      0.00351870
 ********************************************************************
%Cage CP:       3.99997536      3.99997536     -0.92363524
%Eigenval. of Hessian:       0.00014583      0.00014561      0.00008300
 Eigenvec. of Hessian:
-      0.70699680     -0.70710678      0.01247089
-      0.70699680      0.70710678      0.01247089
-     -0.01763650     -0.00000000      0.99984446

%Density and laplacian in CP:       0.00011395      0.00037444
 ********************************************************************
 Number of CCP found:    8

BCP-RCP-CCP       2       8       8

 ===============================
 END OF CRITICAL POINTS ANALYSIS


 BADER SURFACE DETERMINATION
 ===========================

 Atom:    1   0.0000000000   0.0000000000   0.0000000000
 Theta:   8   0.0000000000   3.1415926536
 Phi:     4   0.0000000000   1.5707963268

 DEVELOPMENT OF THE RADII DETERMINATIONS
 ========================================

 Determination near the CPs:

 BCP: (index,theta,phi)   1  0.22657467E-03 -0.23561945E+01
 ATOMIC RADII (ith,iph,theta,phi,radius)
-    1  1  0.28275706E+00  0.10906329E+00  0.21271905E+01
-    1  2  0.28275706E+00  0.51837768E+00  0.21273553E+01
-    2  1  0.64903658E+00  0.10906329E+00  0.28847963E+01
-    2  2  0.64903658E+00  0.51837768E+00  0.28889589E+01

 BCP: (index,theta,phi)   2  0.31401432E+01  0.78539816E+00
 ATOMIC RADII (ith,iph,theta,phi,radius)
-   -1 -1  0.24925561E+01  0.10906329E+00  0.41688108E+01
-   -1  0  0.24925561E+01  0.51837768E+00  0.41833738E+01
-   -1  1  0.24925561E+01  0.10524187E+01  0.41833860E+01
-   -1  2  0.24925561E+01  0.14617330E+01  0.41688230E+01
-    0 -1  0.28588356E+01  0.10906329E+00  0.37060707E+01
-    0  0  0.28588356E+01  0.51837768E+00  0.37094764E+01
-    0  1  0.28588356E+01  0.10524187E+01  0.37094642E+01
-    0  2  0.28588356E+01  0.14617330E+01  0.37060585E+01

;RCP: (index,theta,phi)   1  0.17575297E+01  0.27829591E+01
 ATOMIC RADIUS (ith,iph,theta,phi,radius)
-   -1 -1  0.13863171E+01  0.10524187E+01  0.45490798E+01
-   -1  0  0.13863171E+01  0.14617330E+01  0.40872641E+01
-    0 -1  0.17552756E+01  0.10524187E+01  0.46834715E+01
-    0  0  0.17552756E+01  0.14617330E+01  0.40933694E+01
-    1 -1  0.21241371E+01  0.10524187E+01  0.47876790E+01
-    1  0  0.21241371E+01  0.14617330E+01  0.45230286E+01

;RCP: (index,theta,phi)   2  0.17575817E+01 -0.27828522E+01
 ATOMIC RADIUS (ith,iph,theta,phi,radius)
-   -1  1  0.13863171E+01  0.10906329E+00  0.40872476E+01
-   -1  2  0.13863171E+01  0.51837768E+00  0.45492659E+01
-    0  1  0.17552756E+01  0.10906329E+00  0.40934238E+01
-    0  2  0.17552756E+01  0.51837768E+00  0.46859863E+01
-    1  1  0.21241371E+01  0.10906329E+00  0.45230224E+01
-    1  2  0.21241371E+01  0.51837768E+00  0.47877079E+01

;RCP: (index,theta,phi)   3  0.17575817E+01 -0.19295368E+01
 ATOMIC RADIUS (ith,iph,theta,phi,radius)

;RCP: (index,theta,phi)   4  0.17575297E+01  0.19294299E+01
 ATOMIC RADIUS (ith,iph,theta,phi,radius)

;RCP: (index,theta,phi)   5  0.17575297E+01 -0.12121628E+01
 ATOMIC RADIUS (ith,iph,theta,phi,radius)

;RCP: (index,theta,phi)   6  0.17575297E+01  0.12121628E+01
 ATOMIC RADIUS (ith,iph,theta,phi,radius)

;RCP: (index,theta,phi)   7  0.17575817E+01  0.35874050E+00
 ATOMIC RADIUS (ith,iph,theta,phi,radius)

;RCP: (index,theta,phi)   8  0.17575297E+01 -0.35863356E+00
 ATOMIC RADIUS (ith,iph,theta,phi,radius)

 The boundary angles:
 ====================
 ATOMIC RADIUS (ith,iph,theta,phi,radius)

 The complete Bader surface:
 ===========================
 ATOMIC RADIUS (ith,iph,theta,phi,radius)
     1  1  0.28275706E+00  0.10906329E+00  0.21271905E+01
     1  2  0.28275706E+00  0.51837768E+00  0.21273553E+01
     1  3  0.28275706E+00  0.10524187E+01  0.21273492E+01
     1  4  0.28275706E+00  0.14617330E+01  0.21271844E+01
     2  1  0.64903658E+00  0.10906329E+00  0.28847963E+01
     2  2  0.64903658E+00  0.51837768E+00  0.28889589E+01
     2  3  0.64903658E+00  0.10524187E+01  0.28889711E+01
     2  4  0.64903658E+00  0.14617330E+01  0.28847841E+01
     3  1  0.10174555E+01  0.10906329E+00  0.39685661E+01
     3  2  0.10174555E+01  0.51837768E+00  0.40998039E+01
     3  3  0.10174555E+01  0.10524187E+01  0.40998161E+01
     3  4  0.10174555E+01  0.14617330E+01  0.39685783E+01
     4  1  0.13863171E+01  0.10906329E+00  0.40872476E+01
     4  2  0.13863171E+01  0.51837768E+00  0.45492659E+01
     4  3  0.13863171E+01  0.10524187E+01  0.45490798E+01
     4  4  0.13863171E+01  0.14617330E+01  0.40872641E+01
     5  1  0.17552756E+01  0.10906329E+00  0.40934238E+01
     5  2  0.17552756E+01  0.51837768E+00  0.46859863E+01
     5  3  0.17552756E+01  0.10524187E+01  0.46834715E+01
     5  4  0.17552756E+01  0.14617330E+01  0.40933694E+01
     6  1  0.21241371E+01  0.10906329E+00  0.45230224E+01
     6  2  0.21241371E+01  0.51837768E+00  0.47877079E+01
     6  3  0.21241371E+01  0.10524187E+01  0.47876790E+01
     6  4  0.21241371E+01  0.14617330E+01  0.45230286E+01
     7  1  0.24925561E+01  0.10906329E+00  0.41688108E+01
     7  2  0.24925561E+01  0.51837768E+00  0.41833738E+01
     7  3  0.24925561E+01  0.10524187E+01  0.41833860E+01
     7  4  0.24925561E+01  0.14617330E+01  0.41688230E+01
     8  1  0.28588356E+01  0.10906329E+00  0.37060707E+01
     8  2  0.28588356E+01  0.51837768E+00  0.37094764E+01
     8  3  0.28588356E+01  0.10524187E+01  0.37094642E+01
     8  4  0.28588356E+01  0.14617330E+01  0.37060585E+01

 The minimal and maximal radii:

        2.1271843974   4.7877079360

 CHARGE INTEGRATION
 ==================
 Core density contribution: 

          2.00000397

 Different density contributions: Core (only spherical part) and the rest 

            2.00000397      6.80430122

 Bader charge:    1      8.80430519


 TIME ANALYSIS
 ============

 Time needed (seconds) - total, CP analyse, SURF determination:

-               6.69600000      0.42100000      6.24300000

+Total cpu time      6.696  and wall time      6.695 sec

 aim : the run completed succesfully.
