
.Version 5.6.3  of ABINIT 
.(sequential version, prepared for a x86_64_linux_gcc4.3 computer) 

.Copyright (C) 1998-2008 ABINIT group . 
 ABINIT comes with ABSOLUTELY NO WARRANTY.
 It is free software, and you are welcome to redistribute it
 under certain conditions (GNU General Public License,
 see ~abinit/COPYING or http://www.gnu.org/copyleft/gpl.txt).

 ABINIT is a project of the Universite Catholique de Louvain,
 Corning Inc. and other collaborators, see ~abinit/doc/developers/contributors.txt .
 Please read ~abinit/doc/users/acknowledgments.html for suggested
 acknowledgments of the ABINIT effort.
 For more information, see http://www.abinit.org .

.Starting date : Thu  6 Nov 2008.
  
- input  file    -> /home/gonze/ABINIT/ABINITv5.6.3/test_gcc43/5.6.3-private/tests/v4/Input/t35.in
- output file    -> t35.out
- root for input  files -> t35i
- root for output files -> t35o


 DATASET    1 : space group Pm -3 m (#221); Bravais cP (primitive cubic)
================================================================================
 Values of the parameters that define the memory need for DATASET  1.
   intxc =         0  ionmov =         0    iscf =         3 xclevel =         1
  lmnmax =         1   lnmax =         1   mband =         1  mffmem =         1
P  mgfft =        24   mkmem =         1 mpssoang=         1     mpw =       738
  mqgrid =      3001   natom =         1    nfft =     13824    nkpt =         1
  nloalg =         4  nspden =         1 nspinor =         1  nsppol =         1
    nsym =        48  n1xccc =         0  ntypat =         1  occopt =         1
================================================================================
P This job should need less than                       3.070 Mbytes of memory.
  Rough estimation (10% accuracy) of disk space for files :
  WF disk file :      0.013 Mbytes ; DEN or POT disk file :      0.107 Mbytes.
================================================================================


 DATASET    2 : space group Pm -3 m (#221); Bravais cP (primitive cubic)
================================================================================
 Values of the parameters that define the memory need for DATASET  2.
   intxc =         0  ionmov =         0    iscf =        -3 xclevel =         1
  lmnmax =         1   lnmax =         1   mband =         1  mffmem =         1
P  mgfft =        24   mkmem =         4 mpssoang=         1     mpw =       384
  mqgrid =      3001   natom =         1    nfft =     13824    nkpt =         4
  nloalg =         4  nspden =         1 nspinor =         1  nsppol =         1
    nsym =        48  n1xccc =         0  ntypat =         1  occopt =         1
================================================================================
P This job should need less than                       2.566 Mbytes of memory.
  Rough estimation (10% accuracy) of disk space for files :
  WF disk file :      0.025 Mbytes ; DEN or POT disk file :      0.107 Mbytes.
================================================================================


 DATASET    3 : space group Pm -3 m (#221); Bravais cP (primitive cubic)
================================================================================
 Values of the parameters that define the memory need for DATASET  3.
   intxc =         0  ionmov =         0    iscf =        -3 xclevel =         1
  lmnmax =         1   lnmax =         1   mband =         1  mffmem =         1
P  mgfft =        24   mkmem =         4 mpssoang=         1     mpw =       384
  mqgrid =      3001   natom =         1    nfft =     13824    nkpt =         4
  nloalg =         4  nspden =         1 nspinor =         1  nsppol =         1
    nsym =        48  n1xccc =         0  ntypat =         1  occopt =         1
================================================================================
P This job should need less than                       2.566 Mbytes of memory.
  Rough estimation (10% accuracy) of disk space for files :
  WF disk file :      0.025 Mbytes ; DEN or POT disk file :      0.107 Mbytes.
================================================================================

 -outvars: echo values of preprocessed input variables --------
     acell    5.0000000000E+00  5.0000000000E+00  5.0000000000E+00 Bohr
       amu    4.00260200E+00
    diemac    1.00000000E+00
    diemix    5.00000000E-01
      ecut    2.50000000E+01 Hartree
    getden1        0
    getden2        1
    getden3        1
    getwfk1        0
    getwfk2        1
    getwfk3        1
    iatsph3     1
      iscf1        3
      iscf2       -3
      iscf3       -3
    istwfk2     2    3    7    9
    istwfk3     2    3    7    9
    jdtset      1    2    3
       kpt1   2.50000000E-01  2.50000000E-01  2.50000000E-01
       kpt2   0.00000000E+00  0.00000000E+00  0.00000000E+00
              5.00000000E-01  0.00000000E+00  0.00000000E+00
              5.00000000E-01  5.00000000E-01  0.00000000E+00
              5.00000000E-01  5.00000000E-01  5.00000000E-01
       kpt3   0.00000000E+00  0.00000000E+00  0.00000000E+00
              5.00000000E-01  0.00000000E+00  0.00000000E+00
              5.00000000E-01  5.00000000E-01  0.00000000E+00
              5.00000000E-01  5.00000000E-01  5.00000000E-01
   kptrlen    1.00000000E+01
    kptopt         1
  kptrlatt    2  0  0   0  2  0   0  0  2
P    mkmem1        1
P    mkmem2        4
P    mkmem3        4
     natom         1
    natsph3     1
     nband1     1
     nband2     1
     nband3     1
    nbdbuf1        0
    nbdbuf2        2
    nbdbuf3        2
    ndtset         3
     ngfft        24      24      24
      nkpt1        1
      nkpt2        4
      nkpt3        4
     nline         3
     nstep        10
      nsym        48
    ntypat         1
       occ1   2.000000
       occ2   2.000000
       occ3   2.000000
    prtdos1        0
    prtdos2        2
    prtdos3        3
    shiftk1   5.00000000E-01  5.00000000E-01  5.00000000E-01
    shiftk2   0.00000000E+00  0.00000000E+00  0.00000000E+00
    shiftk3   0.00000000E+00  0.00000000E+00  0.00000000E+00
   spgroup       221
    symrel    1  0  0   0  1  0   0  0  1      -1  0  0   0 -1  0   0  0 -1
             -1  0  0   0  1  0   0  0 -1       1  0  0   0 -1  0   0  0  1
             -1  0  0   0 -1  0   0  0  1       1  0  0   0  1  0   0  0 -1
              1  0  0   0 -1  0   0  0 -1      -1  0  0   0  1  0   0  0  1
              0  1  0   1  0  0   0  0  1       0 -1  0  -1  0  0   0  0 -1
              0 -1  0   1  0  0   0  0 -1       0  1  0  -1  0  0   0  0  1
              0 -1  0  -1  0  0   0  0  1       0  1  0   1  0  0   0  0 -1
              0  1  0  -1  0  0   0  0 -1       0 -1  0   1  0  0   0  0  1
              0  0  1   1  0  0   0  1  0       0  0 -1  -1  0  0   0 -1  0
              0  0 -1   1  0  0   0 -1  0       0  0  1  -1  0  0   0  1  0
              0  0 -1  -1  0  0   0  1  0       0  0  1   1  0  0   0 -1  0
              0  0  1  -1  0  0   0 -1  0       0  0 -1   1  0  0   0  1  0
              1  0  0   0  0  1   0  1  0      -1  0  0   0  0 -1   0 -1  0
             -1  0  0   0  0  1   0 -1  0       1  0  0   0  0 -1   0  1  0
             -1  0  0   0  0 -1   0  1  0       1  0  0   0  0  1   0 -1  0
              1  0  0   0  0 -1   0 -1  0      -1  0  0   0  0  1   0  1  0
              0  1  0   0  0  1   1  0  0       0 -1  0   0  0 -1  -1  0  0
              0 -1  0   0  0  1  -1  0  0       0  1  0   0  0 -1   1  0  0
              0 -1  0   0  0 -1   1  0  0       0  1  0   0  0  1  -1  0  0
              0  1  0   0  0 -1  -1  0  0       0 -1  0   0  0  1   1  0  0
              0  0  1   0  1  0   1  0  0       0  0 -1   0 -1  0  -1  0  0
              0  0 -1   0  1  0  -1  0  0       0  0  1   0 -1  0   1  0  0
              0  0 -1   0 -1  0   1  0  0       0  0  1   0  1  0  -1  0  0
              0  0  1   0 -1  0  -1  0  0       0  0 -1   0  1  0   1  0  0
    tolwfr    1.00000000E-14
     typat    1
       wtk1     1.00000
       wtk2     0.12500    0.37500    0.37500    0.12500
       wtk3     0.12500    0.37500    0.37500    0.12500
     znucl      2.00000

================================================================================

 chkinp: Checking input parameters for consistency, jdtset= 1.

 chkinp: Checking input parameters for consistency, jdtset= 2.

 chkinp: Checking input parameters for consistency, jdtset= 3.

================================================================================
== DATASET  1 ==================================================================

 Real(R)+Recip(G) space primitive vectors, cartesian coordinates (Bohr,Bohr^-1):
 R(1)=  5.0000000  0.0000000  0.0000000  G(1)=  0.2000000  0.0000000  0.0000000
 R(2)=  0.0000000  5.0000000  0.0000000  G(2)=  0.0000000  0.2000000  0.0000000
 R(3)=  0.0000000  0.0000000  5.0000000  G(3)=  0.0000000  0.0000000  0.2000000
 Unit cell volume ucvol=  1.2500000E+02 bohr^3
 Angles (23,13,12)=  9.00000000E+01  9.00000000E+01  9.00000000E+01 degrees

 getcut: wavevector=  0.0000  0.0000  0.0000  ngfft=  24  24  24
         ecut(hartree)=     25.000   => boxcut(ratio)=   2.13258

--- Pseudopotential description ------------------------------------------------
- pspini: atom type   1  psp file is /home/gonze/ABINIT/ABINITv5.6.3/test_gcc43/5.6.3-private/tests/Psps_for_tests/2he_ca_30t.psp
- pspatm: opening atomic psp file    /home/gonze/ABINIT/ABINITv5.6.3/test_gcc43/5.6.3-private/tests/Psps_for_tests/2he_ca_30t.psp
 Helium, fhi98PP : TM-type, LDA, l=0 local
   2.00000   2.00000       211                znucl, zion, pspdat
    6    1    0    0       415   0.00000      pspcod,pspxc,lmax,lloc,mmax,r2well
  No XC core correction.
  1.024700          amesh (Hamman grid)
 Note: local psp for atom with Z=  2.0
 pspatm: epsatm=   11.14564823
         --- l  ekb(1:nproj) -->
 pspatm: atomic psp has been read  and splines computed

   2.22912965E+01                                ecore*ucvol(ha*bohr**3)
--------------------------------------------------------------------------------

P newkpt: treating      1 bands with npw=     738 for ikpt=   1

 setup2: Arith. and geom. avg. npw (full set) are     738.000     738.000

================================================================================

     iter   Etot(hartree)      deltaE(h)  residm     vres2    diffor    maxfor
 ETOT  1  -2.5288610690640    -2.529E+00 2.569E-05 7.430E+00 0.000E+00 0.000E+00
 ETOT  2  -2.5315635154521    -2.702E-03 1.136E-08 1.301E+00 0.000E+00 0.000E+00
 ETOT  3  -2.5321447438708    -5.812E-04 1.017E-05 1.547E-02 0.000E+00 0.000E+00
 ETOT  4  -2.5321454674506    -7.236E-07 4.596E-09 3.850E-03 0.000E+00 0.000E+00
 ETOT  5  -2.5321456197075    -1.523E-07 2.191E-09 2.028E-05 0.000E+00 0.000E+00
 ETOT  6  -2.5321456244329    -4.725E-09 2.509E-11 3.026E-06 0.000E+00 0.000E+00
 ETOT  7  -2.5321456254432    -1.010E-09 1.021E-11 4.387E-07 0.000E+00 0.000E+00
 ETOT  8  -2.5321456255151    -7.197E-11 5.769E-13 9.816E-08 0.000E+00 0.000E+00
 ETOT  9  -2.5321456255202    -5.064E-12 7.029E-14 1.161E-08 0.000E+00 0.000E+00
 ETOT 10  -2.5321456255210    -7.825E-13 4.389E-15 1.599E-09 0.000E+00 0.000E+00

 At SCF step   10   max residual=  4.39E-15 < tolwfr=  1.00E-14 =>converged.

 Cartesian components of stress tensor (hartree/bohr^3)
  sigma(1 1)= -6.20412661E-05  sigma(3 2)=  0.00000000E+00
  sigma(2 2)= -6.20412661E-05  sigma(3 1)=  0.00000000E+00
  sigma(3 3)= -6.20412661E-05  sigma(2 1)=  0.00000000E+00

================================================================================

 ----iterations are completed or convergence reached----

 Mean square residual over all n,k,spin=   4.3891E-15; max=  4.3891E-15
   0.2500  0.2500  0.2500    1  4.38913E-15 kpt; spin; max resid(k); each band:
 4.39E-15
 reduced coordinates (array xred) for    1 atoms
       0.000000000000      0.000000000000      0.000000000000
 rms dE/dt=  0.0000E+00; max dE/dt=  0.0000E+00; dE/dt below (all hartree)
    1       0.000000000000      0.000000000000      0.000000000000

 cartesian coordinates (angstrom) at end:
    1      0.00000000000000     0.00000000000000     0.00000000000000

 cartesian forces (hartree/bohr) at end:
    1     -0.00000000000000    -0.00000000000000    -0.00000000000000
 frms,max,avg= 0.0000000E+00 0.0000000E+00   0.000E+00  0.000E+00  0.000E+00 h/b

 cartesian forces (eV/Angstrom) at end:
    1     -0.00000000000000    -0.00000000000000    -0.00000000000000
 frms,max,avg= 0.0000000E+00 0.0000000E+00   0.000E+00  0.000E+00  0.000E+00 e/A
 length scales=  5.000000000000  5.000000000000  5.000000000000 bohr
              =  2.645886042950  2.645886042950  2.645886042950 angstroms
 prteigrs : about to open file t35o_DS1_EIG
 Fermi (or HOMO) energy (hartree) =  -0.60637   Average Vxc (hartree)=  -0.19580
 Eigenvalues (hartree) for nkpt=   1  k points:
 kpt#   1, nband=  1, wtk=  1.00000, kpt=  0.2500  0.2500  0.2500 (reduced coord)
  -0.60637
 Total charge density [el/Bohr^3]
,     Maximum=    4.3595E-01  at reduced coord.    0.0000    0.0000    0.0000
,Next maximum=    4.1536E-01  at reduced coord.    0.0000    0.0000    0.9583
,     Minimum=    8.0524E-05  at reduced coord.    0.5000    0.5000    0.5000
,Next minimum=    8.3606E-05  at reduced coord.    0.5000    0.5000    0.4583

--------------------------------------------------------------------------------
 Components of total free energy (in Hartree) :

    Kinetic energy  =  1.56989664548663E+00
    Hartree energy  =  6.11338073008716E-01
    XC energy       = -8.06697683041149E-01
    Ewald energy    = -1.13491899179226E+00
    PspCore energy  =  1.78330371614690E-01
    Loc. psp. energy= -2.95009404079762E+00
    NL   psp  energy=  0.00000000000000E+00
    >>>>>>>>> Etotal= -2.53214562552099E+00

 Other information on the energy :
    Total energy(eV)= -6.89031866054714E+01 ; Band energy (Ha)=  -1.2127420457E+00
--------------------------------------------------------------------------------

 Cartesian components of stress tensor (hartree/bohr^3)
  sigma(1 1)= -6.20412661E-05  sigma(3 2)=  0.00000000E+00
  sigma(2 2)= -6.20412661E-05  sigma(3 1)=  0.00000000E+00
  sigma(3 3)= -6.20412661E-05  sigma(2 1)=  0.00000000E+00

-Cartesian components of stress tensor (GPa)         [Pressure=  1.8253E+00 GPa]
- sigma(1 1)= -1.82531676E+00  sigma(3 2)=  0.00000000E+00
- sigma(2 2)= -1.82531676E+00  sigma(3 1)=  0.00000000E+00
- sigma(3 3)= -1.82531676E+00  sigma(2 1)=  0.00000000E+00

================================================================================
== DATASET  2 ==================================================================

 mkfilename : getwfk/=0, take file _WFK from output of DATASET   1.

 mkfilename : getden/=0, take file _DEN from output of DATASET   1.

 Real(R)+Recip(G) space primitive vectors, cartesian coordinates (Bohr,Bohr^-1):
 R(1)=  5.0000000  0.0000000  0.0000000  G(1)=  0.2000000  0.0000000  0.0000000
 R(2)=  0.0000000  5.0000000  0.0000000  G(2)=  0.0000000  0.2000000  0.0000000
 R(3)=  0.0000000  0.0000000  5.0000000  G(3)=  0.0000000  0.0000000  0.2000000
 Unit cell volume ucvol=  1.2500000E+02 bohr^3
 Angles (23,13,12)=  9.00000000E+01  9.00000000E+01  9.00000000E+01 degrees

 getcut: wavevector=  0.0000  0.0000  0.0000  ngfft=  24  24  24
         ecut(hartree)=     25.000   => boxcut(ratio)=   2.13258
--------------------------------------------------------------------------------

-inwffil : will read wavefunctions from disk file t35o_DS1_WFK
- newkpt: read input wf with ikpt,npw=   1     370, make ikpt,npw=   1     370
- newkpt: read input wf with ikpt,npw=   2     378, make ikpt,npw=   2     378
- newkpt: read input wf with ikpt,npw=   3     384, make ikpt,npw=   3     384
- newkpt: read input wf with ikpt,npw=   4     360, make ikpt,npw=   4     360


================================================================================

     iter   Etot(hartree)      deltaE(h)  residm     vres2    diffor    maxfor
 prteigrs : about to open file t35o_DS2_EIG
 Non-SCF case, kpt    1 (  0.00000  0.00000  0.00000), residuals and eigenvalues=
  1.07E-15
 -6.3732E-01
 Non-SCF case, kpt    2 (  0.50000  0.00000  0.00000), residuals and eigenvalues=
  2.79E-15
 -6.1378E-01
 Non-SCF case, kpt    3 (  0.50000  0.50000  0.00000), residuals and eigenvalues=
  4.29E-15
 -5.9511E-01
 Non-SCF case, kpt    4 (  0.50000  0.50000  0.50000), residuals and eigenvalues=
  8.76E-15
 -5.7951E-01
================================================================================

 ----iterations are completed or convergence reached----

 Mean square residual over all n,k,spin=   4.2288E-15; max=  8.7618E-15
   0.0000  0.0000  0.0000    1  1.06773E-15 kpt; spin; max resid(k); each band:
 1.07E-15
   0.5000  0.0000  0.0000    1  2.79267E-15 kpt; spin; max resid(k); each band:
 2.79E-15
   0.5000  0.5000  0.0000    1  4.29287E-15 kpt; spin; max resid(k); each band:
 4.29E-15
   0.5000  0.5000  0.5000    1  8.76175E-15 kpt; spin; max resid(k); each band:
 8.76E-15
 reduced coordinates (array xred) for    1 atoms
       0.000000000000      0.000000000000      0.000000000000

 cartesian coordinates (angstrom) at end:
    1      0.00000000000000     0.00000000000000     0.00000000000000
 length scales=  5.000000000000  5.000000000000  5.000000000000 bohr
              =  2.645886042950  2.645886042950  2.645886042950 angstroms
 prteigrs : about to open file t35o_DS2_EIG
 Eigenvalues (hartree) for nkpt=   4  k points:
 kpt#   1, nband=  1, wtk=  0.12500, kpt=  0.0000  0.0000  0.0000 (reduced coord)
  -0.63732
 kpt#   2, nband=  1, wtk=  0.37500, kpt=  0.5000  0.0000  0.0000 (reduced coord)
  -0.61378
 kpt#   3, nband=  1, wtk=  0.37500, kpt=  0.5000  0.5000  0.0000 (reduced coord)
  -0.59511
 kpt#   4, nband=  1, wtk=  0.12500, kpt=  0.5000  0.5000  0.5000 (reduced coord)
  -0.57951
 Total charge density [el/Bohr^3]
,     Maximum=    0.0000E+00  at reduced coord.    0.9583    0.9583    0.9583
,Next maximum=    0.0000E+00  at reduced coord.    0.9167    0.9583    0.9583
,     Minimum=    0.0000E+00  at reduced coord.    0.0000    0.0000    0.0000
,Next minimum=    0.0000E+00  at reduced coord.    0.0417    0.0000    0.0000

--------------------------------------------------------------------------------
 Components of total free energy (in Hartree) :

    Kinetic energy  =  1.58468970273851E+00
    Hartree energy  =  6.11338073008716E-01
    XC energy       = -8.06697683041149E-01
    Ewald energy    = -1.13491899179226E+00
    PspCore energy  =  1.78330371614690E-01
    Loc. psp. energy= -2.95009404079762E+00
    NL   psp  energy=  0.00000000000000E+00
    >>>>>>>>> Etotal= -2.51735256826911E+00

 "Double-counting" decomposition of free energy:
    Band energy     = -1.21087880558561E+00
    Ewald energy    = -1.13491899179226E+00
    PspCore energy  =  1.78330371614690E-01
    Dble-C XC-energy= -3.62813427927749E-01
    >>>> Etotal (DC)= -2.53028085369093E+00
--------------------------------------------------------------------------------

================================================================================
== DATASET  3 ==================================================================

 mkfilename : getwfk/=0, take file _WFK from output of DATASET   1.

 mkfilename : getden/=0, take file _DEN from output of DATASET   1.

 Real(R)+Recip(G) space primitive vectors, cartesian coordinates (Bohr,Bohr^-1):
 R(1)=  5.0000000  0.0000000  0.0000000  G(1)=  0.2000000  0.0000000  0.0000000
 R(2)=  0.0000000  5.0000000  0.0000000  G(2)=  0.0000000  0.2000000  0.0000000
 R(3)=  0.0000000  0.0000000  5.0000000  G(3)=  0.0000000  0.0000000  0.2000000
 Unit cell volume ucvol=  1.2500000E+02 bohr^3
 Angles (23,13,12)=  9.00000000E+01  9.00000000E+01  9.00000000E+01 degrees

 getcut: wavevector=  0.0000  0.0000  0.0000  ngfft=  24  24  24
         ecut(hartree)=     25.000   => boxcut(ratio)=   2.13258
--------------------------------------------------------------------------------

-inwffil : will read wavefunctions from disk file t35o_DS1_WFK
- newkpt: read input wf with ikpt,npw=   1     370, make ikpt,npw=   1     370
- newkpt: read input wf with ikpt,npw=   2     378, make ikpt,npw=   2     378
- newkpt: read input wf with ikpt,npw=   3     384, make ikpt,npw=   3     384
- newkpt: read input wf with ikpt,npw=   4     360, make ikpt,npw=   4     360


================================================================================

     iter   Etot(hartree)      deltaE(h)  residm     vres2    diffor    maxfor
 prteigrs : about to open file t35o_DS3_EIG
 Non-SCF case, kpt    1 (  0.00000  0.00000  0.00000), residuals and eigenvalues=
  1.07E-15
 -6.3732E-01
 Non-SCF case, kpt    2 (  0.50000  0.00000  0.00000), residuals and eigenvalues=
  2.79E-15
 -6.1378E-01
 Non-SCF case, kpt    3 (  0.50000  0.50000  0.00000), residuals and eigenvalues=
  4.29E-15
 -5.9511E-01
 Non-SCF case, kpt    4 (  0.50000  0.50000  0.50000), residuals and eigenvalues=
  8.76E-15
 -5.7951E-01
 Real(R)+Recip(G) space primitive vectors, cartesian coordinates (Bohr,Bohr^-1):
 R(1)=  5.0000000  0.0000000  0.0000000  G(1)=  0.2000000  0.0000000  0.0000000
 R(2)=  0.0000000  5.0000000  0.0000000  G(2)=  0.0000000  0.2000000  0.0000000
 R(3)=  0.0000000  0.0000000  5.0000000  G(3)=  0.0000000  0.0000000  0.2000000
 Unit cell volume ucvol=  1.2500000E+02 bohr^3
 Angles (23,13,12)=  9.00000000E+01  9.00000000E+01  9.00000000E+01 degrees
================================================================================

 ----iterations are completed or convergence reached----

 Mean square residual over all n,k,spin=   4.2288E-15; max=  8.7618E-15
   0.0000  0.0000  0.0000    1  1.06773E-15 kpt; spin; max resid(k); each band:
 1.07E-15
   0.5000  0.0000  0.0000    1  2.79267E-15 kpt; spin; max resid(k); each band:
 2.79E-15
   0.5000  0.5000  0.0000    1  4.29287E-15 kpt; spin; max resid(k); each band:
 4.29E-15
   0.5000  0.5000  0.5000    1  8.76175E-15 kpt; spin; max resid(k); each band:
 8.76E-15
 reduced coordinates (array xred) for    1 atoms
       0.000000000000      0.000000000000      0.000000000000

 cartesian coordinates (angstrom) at end:
    1      0.00000000000000     0.00000000000000     0.00000000000000
 length scales=  5.000000000000  5.000000000000  5.000000000000 bohr
              =  2.645886042950  2.645886042950  2.645886042950 angstroms
 prteigrs : about to open file t35o_DS3_EIG
 Eigenvalues (hartree) for nkpt=   4  k points:
 kpt#   1, nband=  1, wtk=  0.12500, kpt=  0.0000  0.0000  0.0000 (reduced coord)
  -0.63732
 kpt#   2, nband=  1, wtk=  0.37500, kpt=  0.5000  0.0000  0.0000 (reduced coord)
  -0.61378
 kpt#   3, nband=  1, wtk=  0.37500, kpt=  0.5000  0.5000  0.0000 (reduced coord)
  -0.59511
 kpt#   4, nband=  1, wtk=  0.12500, kpt=  0.5000  0.5000  0.5000 (reduced coord)
  -0.57951
 Total charge density [el/Bohr^3]
,     Maximum=    0.0000E+00  at reduced coord.    0.9583    0.9583    0.9583
,Next maximum=    0.0000E+00  at reduced coord.    0.9167    0.9583    0.9583
,     Minimum=    0.0000E+00  at reduced coord.    0.0000    0.0000    0.0000
,Next minimum=    0.0000E+00  at reduced coord.    0.0417    0.0000    0.0000

--------------------------------------------------------------------------------
 Components of total free energy (in Hartree) :

    Kinetic energy  =  1.58468970273851E+00
    Hartree energy  =  6.11338073008716E-01
    XC energy       = -8.06697683041149E-01
    Ewald energy    = -1.13491899179226E+00
    PspCore energy  =  1.78330371614690E-01
    Loc. psp. energy= -2.95009404079762E+00
    NL   psp  energy=  0.00000000000000E+00
    >>>>>>>>> Etotal= -2.51735256826911E+00

 "Double-counting" decomposition of free energy:
    Band energy     = -1.21087880558561E+00
    Ewald energy    = -1.13491899179226E+00
    PspCore energy  =  1.78330371614690E-01
    Dble-C XC-energy= -3.62813427927749E-01
    >>>> Etotal (DC)= -2.53028085369093E+00
--------------------------------------------------------------------------------

== END DATASET(S) ==============================================================
================================================================================
  
 -outvars: echo values of variables after computation  --------
     acell    5.0000000000E+00  5.0000000000E+00  5.0000000000E+00 Bohr
       amu    4.00260200E+00
    diemac    1.00000000E+00
    diemix    5.00000000E-01
      ecut    2.50000000E+01 Hartree
    etotal1  -2.5321456255E+00
    etotal2  -2.5321456255E+00
    etotal3  -2.5321456255E+00
     fcart1  -0.0000000000E+00 -0.0000000000E+00 -0.0000000000E+00
    getden1        0
    getden2        1
    getden3        1
    getwfk1        0
    getwfk2        1
    getwfk3        1
    iatsph3     1
      iscf1        3
      iscf2       -3
      iscf3       -3
    istwfk2     2    3    7    9
    istwfk3     2    3    7    9
    jdtset      1    2    3
       kpt1   2.50000000E-01  2.50000000E-01  2.50000000E-01
       kpt2   0.00000000E+00  0.00000000E+00  0.00000000E+00
              5.00000000E-01  0.00000000E+00  0.00000000E+00
              5.00000000E-01  5.00000000E-01  0.00000000E+00
              5.00000000E-01  5.00000000E-01  5.00000000E-01
       kpt3   0.00000000E+00  0.00000000E+00  0.00000000E+00
              5.00000000E-01  0.00000000E+00  0.00000000E+00
              5.00000000E-01  5.00000000E-01  0.00000000E+00
              5.00000000E-01  5.00000000E-01  5.00000000E-01
   kptrlen    1.00000000E+01
    kptopt         1
  kptrlatt    2  0  0   0  2  0   0  0  2
P    mkmem1        1
P    mkmem2        4
P    mkmem3        4
     natom         1
    natsph3     1
     nband1     1
     nband2     1
     nband3     1
    nbdbuf1        0
    nbdbuf2        2
    nbdbuf3        2
    ndtset         3
     ngfft        24      24      24
      nkpt1        1
      nkpt2        4
      nkpt3        4
     nline         3
     nstep        10
      nsym        48
    ntypat         1
       occ1   2.000000
       occ2   2.000000
       occ3   2.000000
    prtdos1        0
    prtdos2        2
    prtdos3        3
    shiftk1   5.00000000E-01  5.00000000E-01  5.00000000E-01
    shiftk2   0.00000000E+00  0.00000000E+00  0.00000000E+00
    shiftk3   0.00000000E+00  0.00000000E+00  0.00000000E+00
   spgroup       221
    strten1  -6.2041266104E-05 -6.2041266104E-05 -6.2041266104E-05
              0.0000000000E+00  0.0000000000E+00  0.0000000000E+00
    symrel    1  0  0   0  1  0   0  0  1      -1  0  0   0 -1  0   0  0 -1
             -1  0  0   0  1  0   0  0 -1       1  0  0   0 -1  0   0  0  1
             -1  0  0   0 -1  0   0  0  1       1  0  0   0  1  0   0  0 -1
              1  0  0   0 -1  0   0  0 -1      -1  0  0   0  1  0   0  0  1
              0  1  0   1  0  0   0  0  1       0 -1  0  -1  0  0   0  0 -1
              0 -1  0   1  0  0   0  0 -1       0  1  0  -1  0  0   0  0  1
              0 -1  0  -1  0  0   0  0  1       0  1  0   1  0  0   0  0 -1
              0  1  0  -1  0  0   0  0 -1       0 -1  0   1  0  0   0  0  1
              0  0  1   1  0  0   0  1  0       0  0 -1  -1  0  0   0 -1  0
              0  0 -1   1  0  0   0 -1  0       0  0  1  -1  0  0   0  1  0
              0  0 -1  -1  0  0   0  1  0       0  0  1   1  0  0   0 -1  0
              0  0  1  -1  0  0   0 -1  0       0  0 -1   1  0  0   0  1  0
              1  0  0   0  0  1   0  1  0      -1  0  0   0  0 -1   0 -1  0
             -1  0  0   0  0  1   0 -1  0       1  0  0   0  0 -1   0  1  0
             -1  0  0   0  0 -1   0  1  0       1  0  0   0  0  1   0 -1  0
              1  0  0   0  0 -1   0 -1  0      -1  0  0   0  0  1   0  1  0
              0  1  0   0  0  1   1  0  0       0 -1  0   0  0 -1  -1  0  0
              0 -1  0   0  0  1  -1  0  0       0  1  0   0  0 -1   1  0  0
              0 -1  0   0  0 -1   1  0  0       0  1  0   0  0  1  -1  0  0
              0  1  0   0  0 -1  -1  0  0       0 -1  0   0  0  1   1  0  0
              0  0  1   0  1  0   1  0  0       0  0 -1   0 -1  0  -1  0  0
              0  0 -1   0  1  0  -1  0  0       0  0  1   0 -1  0   1  0  0
              0  0 -1   0 -1  0   1  0  0       0  0  1   0  1  0  -1  0  0
              0  0  1   0 -1  0  -1  0  0       0  0 -1   0  1  0   1  0  0
    tolwfr    1.00000000E-14
     typat    1
       wtk1     1.00000
       wtk2     0.12500    0.37500    0.37500    0.12500
       wtk3     0.12500    0.37500    0.37500    0.12500
     znucl      2.00000

================================================================================

- Total cpu        time (s,m,h):          1.7        0.03      0.000
- Total wall clock time (s,m,h):          1.7        0.03      0.000

- For major independent code sections, cpu and wall times (sec),
- as well as % of the total time and number of calls 

- routine                 cpu     %       wall     %      number of calls 
-                                                          (-1=no count)
- timing timab           0.374  22.2      0.375  22.2             11
- invars2                0.227  13.5      0.226  13.4              3
- fourwf(pot)            0.098   5.8      0.101   6.0            183
- abinit(2)              0.065   3.9      0.064   3.8              1
- pspini                 0.063   3.7      0.064   3.8              3
- forces                 0.039   2.3      0.037   2.2             10
- symrhg(no FFT)         0.027   1.6      0.029   1.7             10
- fourdp                 0.020   1.2      0.020   1.2             43
- xc:pot/=fourdp         0.020   1.2      0.018   1.1             13
- setsym                 0.011   0.7      0.012   0.7              3
- status                 0.004   0.2      0.009   0.5            741
- 59   others            0.051   3.0      0.048   2.8

- subtotal               0.999  59.2      1.003  59.4

================================================================================

 Calculation completed.
.Delivered    9 WARNINGs and   0 COMMENTs to log file.
+Overall time at end (sec) : cpu=          1.7  wall=          1.7
