
.Version 5.6.3  of ANADDB 
.(sequential version, prepared for a x86_64_linux_gcc4.3 computer) 

.Copyright (C) 1998-2008 ABINIT group . 
 ANADDB comes with ABSOLUTELY NO WARRANTY.
 It is free software, and you are welcome to redistribute it
 under certain conditions (GNU General Public License,
 see ~abinit/COPYING or http://www.gnu.org/copyleft/gpl.txt).

 ABINIT is a project of the Universite Catholique de Louvain,
 Corning Inc. and other collaborators, see ~abinit/doc/developers/contributors.txt .
 Please read ~abinit/doc/users/acknowledgments.html for suggested
 acknowledgments of the ABINIT effort.
 For more information, see http://www.abinit.org .

.Starting date : Thu  6 Nov 2008.
  

================================================================================

 -outvars9: echo values of input variables ----------------------

 Flags :
     dieflag         1
      nlflag         1
 Miscellaneous information :
       eivec         1
         asr         1
      chneut         2
 Frequency information :
       nfreq       100
       frmin         0.00000000E+00
       frmax         2.00000000E-03
 Non-linear response information :
      alphon         1
      prtmbm         1
     ramansr         1
 First list of wavevector (reduced coord.) :
       nph1l         1
       qph1l
                     0.00000000E+00  0.00000000E+00  0.00000000E+00    1.000E+00
 Second list of wavevector (cart. coord.) :
       nph2l         3
       qph2l
                     1.00000000E+00  0.00000000E+00  0.00000000E+00    0.000E+00
                     0.00000000E+00  1.00000000E+00  0.00000000E+00    0.000E+00
                     0.00000000E+00  0.00000000E+00  1.00000000E+00    0.000E+00

================================================================================

 read the DDB information and perform some checks

-begin at tcpu      0.024  and twall      0.023 sec

 Real(R)+Recip(G) space primitive vectors, cartesian coordinates (Bohr,Bohr^-1):
 R(1)=  0.0000000  5.3082654  5.3082654  G(1)= -0.0941927  0.0941927  0.0941927
 R(2)=  5.3082654  0.0000000  5.3082654  G(2)=  0.0941927 -0.0941927  0.0941927
 R(3)=  5.3082654  5.3082654  0.0000000  G(3)=  0.0941927  0.0941927 -0.0941927
 Unit cell volume ucvol=  2.9914923E+02 bohr^3
 Angles (23,13,12)=  6.00000000E+01  6.00000000E+01  6.00000000E+01 degrees
 Now the whole DDB is in central memory

================================================================================

 Dielectric Tensor and Effective Charges

-begin at tcpu      0.205  and twall      0.204 sec

 anaddb : Zero the imaginary part of the Dynamical Matrix at Gamma,
   and impose the ASR on the effective charges

 The violation of the charge neutrality conditions
 by the effective charges is as follows :
    atom        electric field
 displacement     direction
       1               1       -1.429246        0.000000
       1               2        0.000000        0.000000
       1               3       -0.000000        0.000000
       2               1        0.000000        0.000000
       2               2       -1.429246        0.000000
       2               3        0.000000        0.000000
       3               1       -0.000000        0.000000
       3               2        0.000000        0.000000
       3               3       -1.429246        0.000000

 Effective charge tensors after
 imposition of the charge neutrality,
 and eventual restriction to some part :
   atom    displacement
         1         1    1.992105E+00   -1.596363E-10    5.262923E-10
         1         2   -1.241505E-09    1.992105E+00   -1.284402E-09
         1         3    5.276230E-10   -2.010591E-10    1.992105E+00
         2         1   -1.992105E+00    1.596363E-10   -5.262923E-10
         2         2    1.241505E-09   -1.992105E+00    1.284402E-09
         2         3   -5.276230E-10    2.010591E-10   -1.992105E+00
 Now, the imaginary part of the dynamical matrix is zeroed
 

 Non-linear optical coefficients d (pm/V)
   -0.000015    0.000001   -0.000011   32.723384   -0.000006   -0.000013
   -0.000013    0.000003   -0.000003   -0.000005   32.723384    0.000001
   -0.000006   -0.000005   -0.000015   -0.000003   -0.000011   32.723384
 

 The violation of the Raman sum rule
 by the first-order electronic dielectric tensors is as follows
     atom
  displacement
       1       -0.000000007       -0.000000000       -0.000000000
               -0.000000000        0.000000000       -0.005003431
               -0.000000000       -0.005003431        0.000000007

       2        0.000000007       -0.000000007       -0.005003438
               -0.000000007       -0.000000014       -0.000000007
               -0.005003438       -0.000000007       -0.000000007

       3       -0.000000007       -0.005003438       -0.000000007
               -0.005003438        0.000000000       -0.000000007
               -0.000000007       -0.000000007       -0.000000007

 

  First-order change in the electronic dielectric 
  susceptibility tensor (Bohr^-1)
  induced by an atomic displacement
  (after imposing the sum over all atoms to vanish)
   atom  displacement
    1          1        0.000000009        0.000000000        0.000000000
                        0.000000000       -0.000000000       -0.192468183
                        0.000000000       -0.192468183       -0.000000009
    1          2       -0.000000009        0.000000009       -0.192468174
                        0.000000009        0.000000019        0.000000009
                       -0.192468174        0.000000009        0.000000009
    1          3        0.000000009       -0.192468174        0.000000009
                       -0.192468174       -0.000000000        0.000000009
                        0.000000009        0.000000009        0.000000009

    2          1       -0.000000009       -0.000000000       -0.000000000
                       -0.000000000       -0.000000000        0.192468183
                       -0.000000000        0.192468183        0.000000009
    2          2        0.000000009       -0.000000009        0.192468174
                       -0.000000009       -0.000000019       -0.000000009
                        0.192468174       -0.000000009       -0.000000009
    2          3       -0.000000009        0.192468174       -0.000000009
                        0.192468174       -0.000000000       -0.000000009
                       -0.000000009       -0.000000009       -0.000000009


================================================================================

 Treat the first list of vectors

-begin at tcpu      0.206  and twall      0.205 sec
 
  Phonon wavevector (reduced coordinates) :  0.00000  0.00000  0.00000
 Phonon energies in Hartree :
   0.000000E+00  0.000000E+00  0.000000E+00  1.620427E-03  1.620427E-03
   1.620427E-03
 Phonon frequencies in cm-1    :
-  0.000000E+00  0.000000E+00  0.000000E+00  3.556427E+02  3.556427E+02
-  3.556427E+02

 Eigendisplacements
 (will be given, for each mode : in cartesian coordinates
   for each atom the real part of the displacement vector,
   then the imaginary part of the displacement vector)
  Mode number    1   Energy    0.000000E+00
 Attention : low frequency mode.
   (Could be unstable or acoustic mode)
;  1  0.00000000E+00  0.00000000E+00 -2.32020410E-03
;     0.00000000E+00  0.00000000E+00  0.00000000E+00
;  2  0.00000000E+00  0.00000000E+00 -2.32020406E-03
;     0.00000000E+00  0.00000000E+00  0.00000000E+00
  Mode number    2   Energy    0.000000E+00
 Attention : low frequency mode.
   (Could be unstable or acoustic mode)
;  1  0.00000000E+00 -2.32020412E-03  0.00000000E+00
;     0.00000000E+00  0.00000000E+00  0.00000000E+00
;  2  0.00000000E+00 -2.32020408E-03  0.00000000E+00
;     0.00000000E+00  0.00000000E+00  0.00000000E+00
  Mode number    3   Energy    0.000000E+00
 Attention : low frequency mode.
   (Could be unstable or acoustic mode)
;  1  2.32020417E-03  0.00000000E+00  0.00000000E+00
;     0.00000000E+00  0.00000000E+00  0.00000000E+00
;  2  2.32020404E-03  0.00000000E+00  0.00000000E+00
;     0.00000000E+00  0.00000000E+00  0.00000000E+00
  Mode number    4   Energy    1.620427E-03
;  1  3.70821153E-03  0.00000000E+00 -1.09430147E-03
;     0.00000000E+00  0.00000000E+00  0.00000000E+00
;  2 -1.33543962E-03  0.00000000E+00  3.94091230E-04
;     0.00000000E+00  0.00000000E+00  0.00000000E+00
  Mode number    5   Energy    1.620427E-03
;  1  0.00000000E+00  3.86630687E-03  0.00000000E+00
;     0.00000000E+00  0.00000000E+00  0.00000000E+00
;  2  0.00000000E+00 -1.39237450E-03  0.00000000E+00
;     0.00000000E+00  0.00000000E+00  0.00000000E+00
  Mode number    6   Energy    1.620427E-03
;  1  1.09430149E-03  0.00000000E+00  3.70821158E-03
;     0.00000000E+00  0.00000000E+00  0.00000000E+00
;  2 -3.94091205E-04  0.00000000E+00 -1.33543957E-03
;     0.00000000E+00  0.00000000E+00  0.00000000E+00

 Analysis of degeneracies and characters (maximum tolerance=1.00E-06 a.u.)
 Symmetry characters of vibration mode #   1
       degenerate with vibration modes #   2 to    3
  3.0 -1.0 -1.0 -1.0  1.0 -1.0  1.0 -1.0  0.0 -0.0 -0.0  0.0  1.0 -1.0 -1.0  1.0
  0.0 -0.0  0.0 -0.0  1.0  1.0 -1.0 -1.0
 Symmetry characters of vibration mode #   4
       degenerate with vibration modes #   5 to    6
  3.0 -1.0 -1.0 -1.0  1.0 -1.0  1.0 -1.0  0.0  0.0 -0.0 -0.0  1.0 -1.0 -1.0  1.0
  0.0  0.0 -0.0  0.0  1.0  1.0 -1.0 -1.0

================================================================================

 Treat the second list of vectors

-begin at tcpu      0.207  and twall      0.206 sec
 
  Phonon at Gamma, with non-analyticity in the
  direction (cartesian coordinates)  1.00000  0.00000  0.00000
 Phonon energies in Hartree :
   0.000000E+00  0.000000E+00  0.000000E+00  1.620427E-03  1.620427E-03
   1.713190E-03
 Phonon frequencies in cm-1    :
-  0.000000E+00  0.000000E+00  0.000000E+00  3.556427E+02  3.556427E+02
-  3.760017E+02

 Eigendisplacements
 (will be given, for each mode : in cartesian coordinates
   for each atom the real part of the displacement vector,
   then the imaginary part of the displacement vector)
  Mode number    1   Energy    0.000000E+00
 Attention : low frequency mode.
   (Could be unstable or acoustic mode)
;  1  0.00000000E+00  0.00000000E+00 -2.32020411E-03
;     0.00000000E+00  0.00000000E+00  0.00000000E+00
;  2  0.00000000E+00  0.00000000E+00 -2.32020406E-03
;     0.00000000E+00  0.00000000E+00  0.00000000E+00
  Mode number    2   Energy    0.000000E+00
 Attention : low frequency mode.
   (Could be unstable or acoustic mode)
;  1  0.00000000E+00  2.32020412E-03  0.00000000E+00
;     0.00000000E+00  0.00000000E+00  0.00000000E+00
;  2  0.00000000E+00  2.32020408E-03  0.00000000E+00
;     0.00000000E+00  0.00000000E+00  0.00000000E+00
  Mode number    3   Energy    0.000000E+00
 Attention : low frequency mode.
   (Could be unstable or acoustic mode)
;  1  2.32020417E-03  0.00000000E+00  0.00000000E+00
;     0.00000000E+00  0.00000000E+00  0.00000000E+00
;  2  2.32020405E-03  0.00000000E+00  0.00000000E+00
;     0.00000000E+00  0.00000000E+00  0.00000000E+00
  Mode number    4   Energy    1.620427E-03
;  1  0.00000000E+00  3.86630687E-03  0.00000000E+00
;     0.00000000E+00  0.00000000E+00  0.00000000E+00
;  2  0.00000000E+00 -1.39237450E-03  0.00000000E+00
;     0.00000000E+00  0.00000000E+00  0.00000000E+00
  Mode number    5   Energy    1.620427E-03
;  1  0.00000000E+00  0.00000000E+00 -3.86630687E-03
;     0.00000000E+00  0.00000000E+00  0.00000000E+00
;  2  0.00000000E+00  0.00000000E+00  1.39237450E-03
;     0.00000000E+00  0.00000000E+00  0.00000000E+00
  Mode number    6   Energy    1.713190E-03
;  1  3.86630684E-03  0.00000000E+00  0.00000000E+00
;     0.00000000E+00  0.00000000E+00  0.00000000E+00
;  2 -1.39237453E-03  0.00000000E+00  0.00000000E+00
;     0.00000000E+00  0.00000000E+00  0.00000000E+00
 

 Raman susceptibility of zone-center phonons, with non-analyticity in the
  direction (cartesian coordinates)  1.00000  0.00000  0.00000
 -----------------------------------------------------------------------
 

 Mod  1   (   0.00 cm-1)
;         0.000000000       0.000000000      -0.000000000
;         0.000000000       0.000000000      -0.000000000
;        -0.000000000      -0.000000000      -0.000000000

 Mod  2   (   0.00 cm-1)
;        -0.000000000      -0.000000000      -0.000000000
;        -0.000000000       0.000000000       0.000000000
;        -0.000000000       0.000000000       0.000000000

 Mod  3   (   0.00 cm-1)
;         0.000000000       0.000000000      -0.000000000
;         0.000000000       0.000000000      -0.000000000
;        -0.000000000      -0.000000000       0.000000000

 Mod  4   ( 355.64 cm-1)
;        -0.000000001       0.000000001      -0.017505710
;         0.000000001       0.000000002       0.000000001
;        -0.017505710       0.000000001       0.000000001

 Mod  5   ( 355.64 cm-1)
;        -0.000000001       0.017505710      -0.000000001
;         0.017505710       0.000000000      -0.000000002
;        -0.000000001      -0.000000002      -0.000000001

 Mod  6   ( 376.00 cm-1)
;         0.000000002      -0.000000000       0.000000000
;        -0.000000000      -0.000000000      -0.020240346
;         0.000000000      -0.020240346       0.000000000

 
  Phonon at Gamma, with non-analyticity in the
  direction (cartesian coordinates)  0.00000  1.00000  0.00000
 Phonon energies in Hartree :
   0.000000E+00  0.000000E+00  0.000000E+00  1.620427E-03  1.620427E-03
   1.713190E-03
 Phonon frequencies in cm-1    :
-  0.000000E+00  0.000000E+00  0.000000E+00  3.556427E+02  3.556427E+02
-  3.760017E+02

 Eigendisplacements
 (will be given, for each mode : in cartesian coordinates
   for each atom the real part of the displacement vector,
   then the imaginary part of the displacement vector)
  Mode number    1   Energy    0.000000E+00
 Attention : low frequency mode.
   (Could be unstable or acoustic mode)
;  1  0.00000000E+00  0.00000000E+00 -2.32020411E-03
;     0.00000000E+00  0.00000000E+00  0.00000000E+00
;  2  0.00000000E+00  0.00000000E+00 -2.32020407E-03
;     0.00000000E+00  0.00000000E+00  0.00000000E+00
  Mode number    2   Energy    0.000000E+00
 Attention : low frequency mode.
   (Could be unstable or acoustic mode)
;  1  0.00000000E+00 -2.32020413E-03  0.00000000E+00
;     0.00000000E+00  0.00000000E+00  0.00000000E+00
;  2  0.00000000E+00 -2.32020409E-03  0.00000000E+00
;     0.00000000E+00  0.00000000E+00  0.00000000E+00
  Mode number    3   Energy    0.000000E+00
 Attention : low frequency mode.
   (Could be unstable or acoustic mode)
;  1  2.32020417E-03  0.00000000E+00  0.00000000E+00
;     0.00000000E+00  0.00000000E+00  0.00000000E+00
;  2  2.32020405E-03  0.00000000E+00  0.00000000E+00
;     0.00000000E+00  0.00000000E+00  0.00000000E+00
  Mode number    4   Energy    1.620427E-03
;  1  3.70821153E-03  0.00000000E+00 -1.09430147E-03
;     0.00000000E+00  0.00000000E+00  0.00000000E+00
;  2 -1.33543962E-03  0.00000000E+00  3.94091232E-04
;     0.00000000E+00  0.00000000E+00  0.00000000E+00
  Mode number    5   Energy    1.620427E-03
;  1  1.09430150E-03  0.00000000E+00  3.70821158E-03
;     0.00000000E+00  0.00000000E+00  0.00000000E+00
;  2 -3.94091207E-04  0.00000000E+00 -1.33543957E-03
;     0.00000000E+00  0.00000000E+00  0.00000000E+00
  Mode number    6   Energy    1.713190E-03
;  1  0.00000000E+00  3.86630687E-03  0.00000000E+00
;     0.00000000E+00  0.00000000E+00  0.00000000E+00
;  2  0.00000000E+00 -1.39237450E-03  0.00000000E+00
;     0.00000000E+00  0.00000000E+00  0.00000000E+00
 

 Raman susceptibility of zone-center phonons, with non-analyticity in the
  direction (cartesian coordinates)  0.00000  1.00000  0.00000
 -----------------------------------------------------------------------
 

 Mod  1   (   0.00 cm-1)
;         0.000000000       0.000000000      -0.000000000
;         0.000000000       0.000000000      -0.000000000
;        -0.000000000      -0.000000000      -0.000000000

 Mod  2   (   0.00 cm-1)
;        -0.000000000       0.000000000       0.000000000
;         0.000000000      -0.000000000      -0.000000000
;         0.000000000      -0.000000000      -0.000000000

 Mod  3   (   0.00 cm-1)
;         0.000000000       0.000000000      -0.000000000
;         0.000000000       0.000000000      -0.000000000
;        -0.000000000      -0.000000000      -0.000000000

 Mod  4   ( 355.64 cm-1)
;         0.000000001       0.004954735      -0.000000000
;         0.004954735       0.000000000      -0.016789893
;        -0.000000000      -0.016789893      -0.000000001

 Mod  5   ( 355.64 cm-1)
;         0.000000001      -0.016789892       0.000000001
;        -0.016789892       0.000000000      -0.004954734
;         0.000000001      -0.004954734       0.000000001

 Mod  6   ( 376.00 cm-1)
;         0.000000000       0.000000001      -0.020240346
;         0.000000001       0.000000001       0.000000001
;        -0.020240346       0.000000001       0.000000001

 
  Phonon at Gamma, with non-analyticity in the
  direction (cartesian coordinates)  0.00000  0.00000  1.00000
 Phonon energies in Hartree :
   0.000000E+00  0.000000E+00  0.000000E+00  1.620427E-03  1.620427E-03
   1.713190E-03
 Phonon frequencies in cm-1    :
-  0.000000E+00  0.000000E+00  0.000000E+00  3.556427E+02  3.556427E+02
-  3.760017E+02

 Eigendisplacements
 (will be given, for each mode : in cartesian coordinates
   for each atom the real part of the displacement vector,
   then the imaginary part of the displacement vector)
  Mode number    1   Energy    0.000000E+00
 Attention : low frequency mode.
   (Could be unstable or acoustic mode)
;  1  0.00000000E+00  0.00000000E+00 -2.32020408E-03
;     0.00000000E+00  0.00000000E+00  0.00000000E+00
;  2  0.00000000E+00  0.00000000E+00 -2.32020404E-03
;     0.00000000E+00  0.00000000E+00  0.00000000E+00
  Mode number    2   Energy    0.000000E+00
 Attention : low frequency mode.
   (Could be unstable or acoustic mode)
;  1  0.00000000E+00 -2.32020410E-03  0.00000000E+00
;     0.00000000E+00  0.00000000E+00  0.00000000E+00
;  2  0.00000000E+00 -2.32020406E-03  0.00000000E+00
;     0.00000000E+00  0.00000000E+00  0.00000000E+00
  Mode number    3   Energy    0.000000E+00
 Attention : low frequency mode.
   (Could be unstable or acoustic mode)
;  1  2.32020417E-03  0.00000000E+00  0.00000000E+00
;     0.00000000E+00  0.00000000E+00  0.00000000E+00
;  2  2.32020405E-03  0.00000000E+00  0.00000000E+00
;     0.00000000E+00  0.00000000E+00  0.00000000E+00
  Mode number    4   Energy    1.620427E-03
;  1  3.86630683E-03  0.00000000E+00  0.00000000E+00
;     0.00000000E+00  0.00000000E+00  0.00000000E+00
;  2 -1.39237454E-03  0.00000000E+00  0.00000000E+00
;     0.00000000E+00  0.00000000E+00  0.00000000E+00
  Mode number    5   Energy    1.620427E-03
;  1  0.00000000E+00  3.86630687E-03  0.00000000E+00
;     0.00000000E+00  0.00000000E+00  0.00000000E+00
;  2  0.00000000E+00 -1.39237450E-03  0.00000000E+00
;     0.00000000E+00  0.00000000E+00  0.00000000E+00
  Mode number    6   Energy    1.713190E-03
;  1  0.00000000E+00  0.00000000E+00  3.86630687E-03
;     0.00000000E+00  0.00000000E+00  0.00000000E+00
;  2  0.00000000E+00  0.00000000E+00 -1.39237450E-03
;     0.00000000E+00  0.00000000E+00  0.00000000E+00
 

 Raman susceptibility of zone-center phonons, with non-analyticity in the
  direction (cartesian coordinates)  0.00000  0.00000  1.00000
 -----------------------------------------------------------------------
 

 Mod  1   (   0.00 cm-1)
;         0.000000000       0.000000000      -0.000000000
;         0.000000000      -0.000000000      -0.000000000
;        -0.000000000      -0.000000000      -0.000000000

 Mod  2   (   0.00 cm-1)
;         0.000000000       0.000000000       0.000000000
;         0.000000000      -0.000000000      -0.000000000
;         0.000000000      -0.000000000      -0.000000000

 Mod  3   (   0.00 cm-1)
;         0.000000000       0.000000000      -0.000000000
;         0.000000000       0.000000000      -0.000000000
;        -0.000000000      -0.000000000      -0.000000000

 Mod  4   ( 355.64 cm-1)
;         0.000000001       0.000000002       0.000000000
;         0.000000002      -0.000000000      -0.017505711
;         0.000000000      -0.017505711      -0.000000001

 Mod  5   ( 355.64 cm-1)
;        -0.000000001       0.000000001      -0.017505710
;         0.000000001       0.000000002       0.000000001
;        -0.017505710       0.000000001       0.000000001

 Mod  6   ( 376.00 cm-1)
;         0.000000001      -0.020240346       0.000000002
;        -0.020240346       0.000000000      -0.000000000
;         0.000000002      -0.000000000       0.000000002

  
 Mode effective charges 
 Mode number.     x               y               z            length 
;   1           0.000           0.000          -0.000           0.000
;   2           0.000          -0.000          -0.000           0.000
;   3          -0.000          -0.000           0.000           0.000
;   4           2.549           0.000           0.000           2.549
;   5          -0.000           2.549           0.000           2.549
;   6           0.000          -0.000           2.549           2.549
  
 Oscillator strengths (in a.u. ; 1 a.u.=253.2638413 m3/s2)
 Mode number.       xx          yy          zz          xy          xz          yz 
;   1     Real    6.2349E-20  6.7235E-23  2.7200E-22  2.0474E-21 -4.1181E-21 -1.3523E-22
;         Imag    0.0000E+00  0.0000E+00  0.0000E+00  0.0000E+00  0.0000E+00  0.0000E+00
;   2     Real    6.7235E-23  6.9276E-21  6.7235E-23 -6.8248E-22 -6.7235E-23  6.8248E-22
;         Imag    0.0000E+00  0.0000E+00  0.0000E+00  0.0000E+00  0.0000E+00  0.0000E+00
;   3     Real    2.2492E-20  6.7235E-23  6.9276E-21  1.2297E-21 -1.2483E-20 -6.8248E-22
;         Imag    0.0000E+00  0.0000E+00  0.0000E+00  0.0000E+00 -0.0000E+00 -0.0000E+00
;   4     Real    1.0974E-04  4.1993E-24  1.4048E-21  2.1467E-14  3.9264E-13  7.6806E-23
;         Imag    0.0000E+00  0.0000E+00  0.0000E+00  0.0000E+00  0.0000E+00  0.0000E+00
;   5     Real    4.1993E-24  1.0974E-04  4.1993E-24 -2.1467E-14 -4.1993E-24  2.1467E-14
;         Imag    0.0000E+00  0.0000E+00  0.0000E+00 -0.0000E+00 -0.0000E+00  0.0000E+00
;   6     Real    1.6989E-23  4.1993E-24  1.0974E-04 -8.4463E-24  4.3178E-14 -2.1467E-14
;         Imag    0.0000E+00  0.0000E+00  0.0000E+00  0.0000E+00  0.0000E+00 -0.0000E+00

 Electronic dielectric tensor
     14.90779627      0.00000000      0.00000000
     -0.00000000     14.90779627     -0.00000000
      0.00000000      0.00000000     14.90779627
 

 Relaxed ion dielectric tensor
     16.66345925      0.00000000      0.00000001
     -0.00000000     16.66345921     -0.00000000
      0.00000001      0.00000000     16.66345919
 
 diel9 : the number of frequencies is larger than 10 => I will consider only
 the three principal directions, assume that the tensor
 is diagonalized, and give dielectric constant and 
 reflectivities.
 Frequency(Hartree)    Dielectric constant                Reflectivity    
                     x           y          z          x        y        z
  0.0000E+00  1.6663E+01  1.6663E+01  1.6663E+01  3.6780E-01  3.6780E-01  3.6780E-01
  2.0202E-05  1.6664E+01  1.6664E+01  1.6664E+01  3.6780E-01  3.6780E-01  3.6780E-01
  4.0404E-05  1.6665E+01  1.6665E+01  1.6665E+01  3.6781E-01  3.6781E-01  3.6781E-01
  6.0606E-05  1.6666E+01  1.6666E+01  1.6666E+01  3.6782E-01  3.6782E-01  3.6782E-01
  8.0808E-05  1.6668E+01  1.6668E+01  1.6668E+01  3.6785E-01  3.6785E-01  3.6785E-01
  1.0101E-04  1.6670E+01  1.6670E+01  1.6670E+01  3.6787E-01  3.6787E-01  3.6787E-01
  1.2121E-04  1.6673E+01  1.6673E+01  1.6673E+01  3.6791E-01  3.6791E-01  3.6791E-01
  1.4141E-04  1.6677E+01  1.6677E+01  1.6677E+01  3.6795E-01  3.6795E-01  3.6795E-01
  1.6162E-04  1.6681E+01  1.6681E+01  1.6681E+01  3.6800E-01  3.6800E-01  3.6800E-01
  1.8182E-04  1.6686E+01  1.6686E+01  1.6686E+01  3.6805E-01  3.6805E-01  3.6805E-01
  2.0202E-04  1.6691E+01  1.6691E+01  1.6691E+01  3.6811E-01  3.6811E-01  3.6811E-01
  2.2222E-04  1.6697E+01  1.6697E+01  1.6697E+01  3.6818E-01  3.6818E-01  3.6818E-01
  2.4242E-04  1.6704E+01  1.6704E+01  1.6704E+01  3.6826E-01  3.6826E-01  3.6826E-01
  2.6263E-04  1.6711E+01  1.6711E+01  1.6711E+01  3.6834E-01  3.6834E-01  3.6834E-01
  2.8283E-04  1.6719E+01  1.6719E+01  1.6719E+01  3.6843E-01  3.6843E-01  3.6843E-01
  3.0303E-04  1.6727E+01  1.6727E+01  1.6727E+01  3.6853E-01  3.6853E-01  3.6853E-01
  3.2323E-04  1.6736E+01  1.6736E+01  1.6736E+01  3.6863E-01  3.6863E-01  3.6863E-01
  3.4343E-04  1.6746E+01  1.6746E+01  1.6746E+01  3.6874E-01  3.6874E-01  3.6874E-01
  3.6364E-04  1.6757E+01  1.6757E+01  1.6757E+01  3.6886E-01  3.6886E-01  3.6886E-01
  3.8384E-04  1.6768E+01  1.6768E+01  1.6768E+01  3.6899E-01  3.6899E-01  3.6899E-01
  4.0404E-04  1.6780E+01  1.6780E+01  1.6780E+01  3.6913E-01  3.6913E-01  3.6913E-01
  4.2424E-04  1.6793E+01  1.6793E+01  1.6793E+01  3.6928E-01  3.6928E-01  3.6928E-01
  4.4444E-04  1.6806E+01  1.6806E+01  1.6806E+01  3.6943E-01  3.6943E-01  3.6943E-01
  4.6465E-04  1.6821E+01  1.6821E+01  1.6821E+01  3.6960E-01  3.6960E-01  3.6960E-01
  4.8485E-04  1.6836E+01  1.6836E+01  1.6836E+01  3.6977E-01  3.6977E-01  3.6977E-01
  5.0505E-04  1.6852E+01  1.6852E+01  1.6852E+01  3.6996E-01  3.6996E-01  3.6996E-01
  5.2525E-04  1.6870E+01  1.6870E+01  1.6870E+01  3.7015E-01  3.7015E-01  3.7015E-01
  5.4545E-04  1.6888E+01  1.6888E+01  1.6888E+01  3.7036E-01  3.7036E-01  3.7036E-01
  5.6566E-04  1.6907E+01  1.6907E+01  1.6907E+01  3.7058E-01  3.7058E-01  3.7058E-01
  5.8586E-04  1.6927E+01  1.6927E+01  1.6927E+01  3.7081E-01  3.7081E-01  3.7081E-01
  6.0606E-04  1.6949E+01  1.6949E+01  1.6949E+01  3.7105E-01  3.7105E-01  3.7105E-01
  6.2626E-04  1.6972E+01  1.6972E+01  1.6972E+01  3.7131E-01  3.7131E-01  3.7131E-01
  6.4646E-04  1.6996E+01  1.6996E+01  1.6996E+01  3.7158E-01  3.7158E-01  3.7158E-01
  6.6667E-04  1.7021E+01  1.7021E+01  1.7021E+01  3.7186E-01  3.7186E-01  3.7186E-01
  6.8687E-04  1.7048E+01  1.7048E+01  1.7048E+01  3.7217E-01  3.7217E-01  3.7217E-01
  7.0707E-04  1.7076E+01  1.7076E+01  1.7076E+01  3.7248E-01  3.7248E-01  3.7248E-01
  7.2727E-04  1.7106E+01  1.7106E+01  1.7106E+01  3.7282E-01  3.7282E-01  3.7282E-01
  7.4747E-04  1.7138E+01  1.7138E+01  1.7138E+01  3.7317E-01  3.7317E-01  3.7317E-01
  7.6768E-04  1.7172E+01  1.7172E+01  1.7172E+01  3.7355E-01  3.7355E-01  3.7355E-01
  7.8788E-04  1.7207E+01  1.7207E+01  1.7207E+01  3.7394E-01  3.7394E-01  3.7394E-01
  8.0808E-04  1.7245E+01  1.7245E+01  1.7245E+01  3.7436E-01  3.7436E-01  3.7436E-01
  8.2828E-04  1.7284E+01  1.7284E+01  1.7284E+01  3.7480E-01  3.7480E-01  3.7480E-01
  8.4848E-04  1.7327E+01  1.7327E+01  1.7327E+01  3.7527E-01  3.7527E-01  3.7527E-01
  8.6869E-04  1.7371E+01  1.7371E+01  1.7371E+01  3.7576E-01  3.7576E-01  3.7576E-01
  8.8889E-04  1.7419E+01  1.7419E+01  1.7419E+01  3.7629E-01  3.7629E-01  3.7629E-01
  9.0909E-04  1.7470E+01  1.7470E+01  1.7470E+01  3.7684E-01  3.7684E-01  3.7684E-01
  9.2929E-04  1.7524E+01  1.7524E+01  1.7524E+01  3.7743E-01  3.7743E-01  3.7743E-01
  9.4949E-04  1.7581E+01  1.7581E+01  1.7581E+01  3.7806E-01  3.7806E-01  3.7806E-01
  9.6970E-04  1.7643E+01  1.7643E+01  1.7643E+01  3.7873E-01  3.7873E-01  3.7873E-01
  9.8990E-04  1.7709E+01  1.7709E+01  1.7709E+01  3.7944E-01  3.7944E-01  3.7944E-01
  1.0101E-03  1.7779E+01  1.7779E+01  1.7779E+01  3.8020E-01  3.8020E-01  3.8020E-01
  1.0303E-03  1.7855E+01  1.7855E+01  1.7855E+01  3.8101E-01  3.8101E-01  3.8101E-01
  1.0505E-03  1.7936E+01  1.7936E+01  1.7936E+01  3.8188E-01  3.8188E-01  3.8188E-01
  1.0707E-03  1.8024E+01  1.8024E+01  1.8024E+01  3.8281E-01  3.8281E-01  3.8281E-01
  1.0909E-03  1.8119E+01  1.8119E+01  1.8119E+01  3.8381E-01  3.8381E-01  3.8381E-01
  1.1111E-03  1.8221E+01  1.8221E+01  1.8221E+01  3.8489E-01  3.8489E-01  3.8489E-01
  1.1313E-03  1.8333E+01  1.8333E+01  1.8333E+01  3.8606E-01  3.8606E-01  3.8606E-01
  1.1515E-03  1.8454E+01  1.8454E+01  1.8454E+01  3.8732E-01  3.8732E-01  3.8732E-01
  1.1717E-03  1.8587E+01  1.8587E+01  1.8587E+01  3.8868E-01  3.8868E-01  3.8868E-01
  1.1919E-03  1.8733E+01  1.8733E+01  1.8733E+01  3.9017E-01  3.9017E-01  3.9017E-01
  1.2121E-03  1.8894E+01  1.8894E+01  1.8894E+01  3.9180E-01  3.9180E-01  3.9180E-01
  1.2323E-03  1.9072E+01  1.9072E+01  1.9072E+01  3.9358E-01  3.9358E-01  3.9358E-01
  1.2525E-03  1.9269E+01  1.9269E+01  1.9269E+01  3.9554E-01  3.9554E-01  3.9554E-01
  1.2727E-03  1.9491E+01  1.9491E+01  1.9491E+01  3.9771E-01  3.9771E-01  3.9771E-01
  1.2929E-03  1.9739E+01  1.9739E+01  1.9739E+01  4.0012E-01  4.0012E-01  4.0012E-01
  1.3131E-03  2.0022E+01  2.0022E+01  2.0022E+01  4.0281E-01  4.0281E-01  4.0281E-01
  1.3333E-03  2.0344E+01  2.0344E+01  2.0344E+01  4.0584E-01  4.0584E-01  4.0584E-01
  1.3535E-03  2.0716E+01  2.0716E+01  2.0716E+01  4.0926E-01  4.0926E-01  4.0926E-01
  1.3737E-03  2.1149E+01  2.1149E+01  2.1149E+01  4.1317E-01  4.1317E-01  4.1317E-01
  1.3939E-03  2.1660E+01  2.1660E+01  2.1660E+01  4.1767E-01  4.1767E-01  4.1767E-01
  1.4141E-03  2.2272E+01  2.2272E+01  2.2272E+01  4.2290E-01  4.2290E-01  4.2290E-01
  1.4343E-03  2.3018E+01  2.3018E+01  2.3018E+01  4.2907E-01  4.2907E-01  4.2907E-01
  1.4545E-03  2.3946E+01  2.3946E+01  2.3946E+01  4.3644E-01  4.3644E-01  4.3644E-01
  1.4747E-03  2.5132E+01  2.5132E+01  2.5132E+01  4.4542E-01  4.4542E-01  4.4542E-01
  1.4949E-03  2.6701E+01  2.6701E+01  2.6701E+01  4.5658E-01  4.5658E-01  4.5658E-01
  1.5152E-03  2.8873E+01  2.8873E+01  2.8873E+01  4.7086E-01  4.7086E-01  4.7086E-01
  1.5354E-03  3.2079E+01  3.2079E+01  3.2079E+01  4.8982E-01  4.8982E-01  4.8982E-01
  1.5556E-03  3.7283E+01  3.7283E+01  3.7283E+01  5.1631E-01  5.1631E-01  5.1631E-01
  1.5758E-03  4.7197E+01  4.7197E+01  4.7197E+01  5.5632E-01  5.5632E-01  5.5632E-01
  1.5960E-03  7.3486E+01  7.3486E+01  7.3486E+01  6.2579E-01  6.2579E-01  6.2579E-01
  1.6162E-03  3.4880E+02  3.4880E+02  3.4880E+02  8.0704E-01  8.0704E-01  8.0704E-01
  1.6364E-03 -7.3915E+01 -7.3915E+01 -7.3915E+01  1.0000E+00  1.0000E+00  1.0000E+00
  1.6566E-03 -2.4020E+01 -2.4020E+01 -2.4020E+01  1.0000E+00  1.0000E+00  1.0000E+00
  1.6768E-03 -9.9085E+00 -9.9085E+00 -9.9085E+00  1.0000E+00  1.0000E+00  1.0000E+00
  1.6970E-03 -3.2474E+00 -3.2474E+00 -3.2474E+00  1.0000E+00  1.0000E+00  1.0000E+00
  1.7172E-03  6.3067E-01  6.3067E-01  6.3067E-01  1.3164E-02  1.3164E-02  1.3165E-02
  1.7374E-03  3.1680E+00  3.1680E+00  3.1680E+00  7.8708E-02  7.8708E-02  7.8708E-02
  1.7576E-03  4.9572E+00  4.9572E+00  4.9572E+00  1.4450E-01  1.4450E-01  1.4450E-01
  1.7778E-03  6.2863E+00  6.2863E+00  6.2863E+00  1.8469E-01  1.8469E-01  1.8469E-01
  1.7980E-03  7.3124E+00  7.3124E+00  7.3124E+00  2.1166E-01  2.1166E-01  2.1166E-01
  1.8182E-03  8.1284E+00  8.1284E+00  8.1284E+00  2.3103E-01  2.3103E-01  2.3103E-01
  1.8384E-03  8.7927E+00  8.7927E+00  8.7927E+00  2.4564E-01  2.4564E-01  2.4564E-01
  1.8586E-03  9.3439E+00  9.3439E+00  9.3439E+00  2.5705E-01  2.5705E-01  2.5705E-01
  1.8788E-03  9.8086E+00  9.8086E+00  9.8086E+00  2.6621E-01  2.6621E-01  2.6621E-01
  1.8990E-03  1.0206E+01  1.0206E+01  1.0206E+01  2.7374E-01  2.7374E-01  2.7374E-01
  1.9192E-03  1.0549E+01  1.0549E+01  1.0549E+01  2.8002E-01  2.8002E-01  2.8002E-01
  1.9394E-03  1.0848E+01  1.0848E+01  1.0848E+01  2.8536E-01  2.8536E-01  2.8536E-01
  1.9596E-03  1.1111E+01  1.1111E+01  1.1111E+01  2.8994E-01  2.8994E-01  2.8994E-01
  1.9798E-03  1.1345E+01  1.1345E+01  1.1345E+01  2.9392E-01  2.9392E-01  2.9392E-01
  2.0000E-03  1.1553E+01  1.1553E+01  1.1553E+01  2.9741E-01  2.9741E-01  2.9741E-01

 Generalized Lyddane-Sachs-Teller relation at zero frequency :
 Direction                     Dielectric constant
   1.00000   0.00000   0.00000    1.66634592E+01
   0.00000   1.00000   0.00000    1.66634592E+01
   0.00000   0.00000   1.00000    1.66634592E+01
 

  Raman susceptibilities of transverse zone-center phonon modes
  -------------------------------------------------------------
 

 Mod  1   (   0.00 cm-1)
;         0.000000000       0.000000000      -0.000000000
;         0.000000000       0.000000000      -0.000000000
;        -0.000000000      -0.000000000      -0.000000000

 Mod  2   (   0.00 cm-1)
;         0.000000000       0.000000000       0.000000000
;         0.000000000      -0.000000000      -0.000000000
;         0.000000000      -0.000000000      -0.000000000

 Mod  3   (   0.00 cm-1)
;        -0.000000000      -0.000000000       0.000000000
;        -0.000000000      -0.000000000       0.000000000
;         0.000000000       0.000000000       0.000000000

 Mod  4   ( 355.64 cm-1)
;         0.000000001      -0.000000000      -0.000000000
;        -0.000000000       0.000000000      -0.017505711
;        -0.000000000      -0.017505711      -0.000000001

 Mod  5   ( 355.64 cm-1)
;        -0.000000001       0.000000001      -0.017505710
;         0.000000001       0.000000002       0.000000001
;        -0.017505710       0.000000001       0.000000001

 Mod  6   ( 355.64 cm-1)
;         0.000000001      -0.017505710       0.000000001
;        -0.017505710      -0.000000000       0.000000001
;         0.000000001       0.000000001       0.000000001

 

 Output of the EO tensor (pm/V) in Voigt notations
 =================================================

 Mode by mode decomposition


Mode  4   ( 355.64 cm-1)
           -0.000000021      -0.000000000      -0.000000000
           -0.000000000      -0.000000000      -0.000000000
            0.000000021       0.000000000       0.000000000
            0.444016670       0.000000000       0.000000002
            0.000000000       0.000000000       0.000000000
            0.000000001       0.000000000       0.000000000

Mode  5   ( 355.64 cm-1)
           -0.000000000       0.000000021       0.000000000
            0.000000000      -0.000000043      -0.000000000
            0.000000000      -0.000000021      -0.000000000
            0.000000000      -0.000000021      -0.000000000
           -0.000000000       0.444016639       0.000000000
            0.000000000      -0.000000021      -0.000000000

Mode  6   ( 355.64 cm-1)
           -0.000000000       0.000000000      -0.000000021
           -0.000000000       0.000000000      -0.000000000
           -0.000000000       0.000000000      -0.000000021
           -0.000000000       0.000000000      -0.000000021
           -0.000000000       0.000000000      -0.000000021
            0.000000000      -0.000000000       0.444016633

 Electronic contribution to the EO tensor
            0.000000275       0.000000235       0.000000102
           -0.000000010      -0.000000063       0.000000081
            0.000000194       0.000000061       0.000000275
           -0.588967470       0.000000081       0.000000061
            0.000000102      -0.588967469       0.000000194
            0.000000235      -0.000000010      -0.588967470
 

 Total EO tensor (pm/V) in Voigt notations
            0.000000253       0.000000257       0.000000081
           -0.000000010      -0.000000105       0.000000081
            0.000000215       0.000000039       0.000000253
           -0.144950800       0.000000060       0.000000041
            0.000000102      -0.144950831       0.000000172
            0.000000237      -0.000000031      -0.144950836

================================================================================

+Total cpu time      0.211  and wall time      0.210 sec

 anaddb : the run completed succesfully.
