
.Version 5.5.2  of ABINIT 
.(MPI version, prepared for a x86_64_linux_intel9.1 computer) 

.Copyright (C) 1998-2007 ABINIT group . 
 ABINIT comes with ABSOLUTELY NO WARRANTY.
 It is free software, and you are welcome to redistribute it
 under certain conditions (GNU General Public License,
 see ~abinit/COPYING or http://www.gnu.org/copyleft/gpl.txt).

 ABINIT is a project of the Universite Catholique de Louvain,
 Corning Inc. and other collaborators, see ~abinit/doc/developers/contributors.txt .
 Please read ~abinit/doc/users/acknowledgments.html for suggested
 acknowledgments of the ABINIT effort.
 For more information, see http://www.abinit.org .

.Starting date : Sun  9 Dec 2007.
  
- input  file    -> /home/pcpm/gonze/ABINIT/ABINITv5.5.2/abinit-5.5.2tpri94/tests/paral/Input/tB.in
- output file    -> tB10.out
- root for input  files -> tB.i
- root for output files -> tB10.o


 Symmetries : space group F-4 3 m (#216); Bravais cF (face-center cubic)
================================================================================
 Values of the parameters that define the memory need of the present run
   intxc =         1  ionmov =         0    iscf =         5 xclevel =         1
  lmnmax =         4   lnmax =         4   mband =         4  mffmem =         0
P  mgfft =        16   mkmem =         0 mpssoang=         3     mpw =       188
  mqgrid =      3001   natom =         2    nfft =      4096    nkpt =        60
  nloalg =         4  nspden =         1 nspinor =         1  nsppol =         1
    nsym =        24  n1xccc =      2501  ntypat =         1  occopt =         1
================================================================================
P This job should need less than                       1.384 Mbytes of memory.
  Rough estimation (10% accuracy) of disk space for files :
  WF disk file :      0.690 Mbytes ; DEN or POT disk file :      0.033 Mbytes.
  mkmem==0 => use of 2 WF temporary disk files
  mffmem==0, iscf==5 => use of 1 FFT temporary disk file,
                       10 times bigger than a DEN file.
================================================================================

 -outvars: echo values of preprocessed input variables --------
     acell    1.0263110000E+01  1.0263110000E+01  1.0263110000E+01 Bohr
       amu    2.80855000E+01
    densty    1.20000000E+00
    diemac    1.20000000E+01
      ecut    5.80000000E+00 Hartree
     intxc         1
      iscf         5
       kpt    4.37500000E-01  4.37500000E-01  4.37500000E-01
              4.37500000E-01  4.37500000E-01  3.12500000E-01
              4.37500000E-01  4.37500000E-01  1.87500000E-01
              4.37500000E-01  4.37500000E-01  6.25000000E-02
              5.00000000E-01  5.00000000E-01  6.25000000E-02
              5.62500000E-01  3.75000000E-01  0.00000000E+00
              5.62500000E-01  2.50000000E-01  0.00000000E+00
              4.37500000E-01  4.37500000E-01  5.62500000E-01
              4.37500000E-01  3.12500000E-01  3.12500000E-01
              4.37500000E-01  3.12500000E-01  1.87500000E-01
              4.37500000E-01  3.12500000E-01  6.25000000E-02
              3.75000000E-01  5.00000000E-01  6.25000000E-02
              5.00000000E-01  6.25000000E-01  1.87500000E-01
              4.37500000E-01  3.12500000E-01  6.87500000E-01
              4.37500000E-01  3.12500000E-01  5.62500000E-01
              4.37500000E-01  1.87500000E-01  1.87500000E-01
              4.37500000E-01  1.87500000E-01  6.25000000E-02
              2.50000000E-01  5.00000000E-01  6.25000000E-02
              3.75000000E-01  6.25000000E-01  1.87500000E-01
              4.37500000E-01  1.87500000E-01  6.87500000E-01
              4.37500000E-01  1.87500000E-01  5.62500000E-01
              4.37500000E-01  6.25000000E-02  6.25000000E-02
              1.25000000E-01  5.00000000E-01  6.25000000E-02
              2.50000000E-01  6.25000000E-01  1.87500000E-01
              5.62500000E-01  2.50000000E-01  6.25000000E-01
              4.37500000E-01  6.25000000E-02  5.62500000E-01
              0.00000000E+00  6.25000000E-02  5.00000000E-01
              5.62500000E-01  3.75000000E-01  5.00000000E-01
              5.62500000E-01  2.50000000E-01  5.00000000E-01
              5.62500000E-01  3.75000000E-01  3.75000000E-01
              5.62500000E-01  2.50000000E-01  3.75000000E-01
              5.62500000E-01  2.50000000E-01  2.50000000E-01
              3.12500000E-01  3.12500000E-01  3.12500000E-01
              3.12500000E-01  3.12500000E-01  1.87500000E-01
              3.12500000E-01  3.12500000E-01  6.25000000E-02
              3.75000000E-01  3.75000000E-01  6.25000000E-02
              5.00000000E-01  5.00000000E-01  1.87500000E-01
              3.12500000E-01  3.12500000E-01  6.87500000E-01
              3.12500000E-01  1.87500000E-01  1.87500000E-01
              3.12500000E-01  1.87500000E-01  6.25000000E-02
              2.50000000E-01  3.75000000E-01  6.25000000E-02
              3.75000000E-01  5.00000000E-01  1.87500000E-01
              5.00000000E-01  6.25000000E-01  3.12500000E-01
              3.12500000E-01  6.25000000E-02  6.25000000E-02
              1.25000000E-01  3.75000000E-01  6.25000000E-02
              2.50000000E-01  5.00000000E-01  1.87500000E-01
              3.75000000E-01  6.25000000E-01  3.12500000E-01
              0.00000000E+00  6.25000000E-02  3.75000000E-01
              1.25000000E-01  5.00000000E-01  1.87500000E-01
              0.00000000E+00  1.87500000E-01  5.00000000E-01
                       outvar1 : prtvol=0, do not print more k-points.
    mffmem         0
P    mkmem         0
     natom         2
     nband         4
     ngfft        16      16      16
      nkpt        60
     nline         3
     nstep         2
      nsym        24
    ntypat         1
       occ    2.000000  2.000000  2.000000  2.000000
     rprim    0.0000000000E+00  5.0000000000E-01  5.0000000000E-01
              5.0000000000E-01  0.0000000000E+00  5.0000000000E-01
              5.0000000000E-01  5.0000000000E-01  0.0000000000E+00
   spgroup       216
    symrel    1  0  0   0  1  0   0  0  1       0  1 -1   1  0 -1   0  0 -1
              0 -1  1   0 -1  0   1 -1  0      -1  0  0  -1  0  1  -1  1  0
              0  1  0   0  0  1   1  0  0       1  0 -1   0  0 -1   0  1 -1
              0 -1  0   1 -1  0   0 -1  1      -1  0  1  -1  1  0  -1  0  0
              0  0  1   1  0  0   0  1  0       0  0 -1   0  1 -1   1  0 -1
              1 -1  0   0 -1  1   0 -1  0      -1  1  0  -1  0  0  -1  0  1
              1  0 -1   0  1 -1   0  0 -1       0  1  0   1  0  0   0  0  1
             -1  0  1  -1  0  0  -1  1  0       0 -1  0   0 -1  1   1 -1  0
             -1  1  0  -1  0  1  -1  0  0       1 -1  0   0 -1  0   0 -1  1
              0  0 -1   1  0 -1   0  1 -1       0  0  1   0  1  0   1  0  0
              0 -1  1   1 -1  0   0 -1  0      -1  0  0  -1  1  0  -1  0  1
              1  0  0   0  0  1   0  1  0       0  1 -1   0  0 -1   1  0 -1
    timopt         2
    tolwfr    1.00000000E-20
     typat    1  1
       wtk      0.00391    0.01172    0.01172    0.01172    0.01172    0.01172
                0.01172    0.01172    0.01172    0.02344    0.02344    0.02344
                0.02344    0.02344    0.02344    0.01172    0.02344    0.02344
                0.02344    0.02344    0.02344    0.01172    0.02344    0.02344
                0.02344    0.02344    0.01172    0.02344    0.02344    0.01172
                0.02344    0.01172    0.00391    0.01172    0.01172    0.01172
                0.01172    0.01172    0.01172    0.02344    0.02344    0.02344
                0.02344    0.01172    0.02344    0.02344    0.02344    0.01172
                0.02344    0.01172
                outvar1 : prtvol=0, do not print more k-points.
    xangst    0.0000000000E+00  0.0000000000E+00  0.0000000000E+00
              1.3577509753E+00  1.3577509753E+00  1.3577509753E+00
     xcart    0.0000000000E+00  0.0000000000E+00  0.0000000000E+00
              2.5657775000E+00  2.5657775000E+00  2.5657775000E+00
      xred    0.0000000000E+00  0.0000000000E+00  0.0000000000E+00
              2.5000000000E-01  2.5000000000E-01  2.5000000000E-01
     znucl     14.00000

================================================================================

 chkinp: Checking input parameters for consistency.

================================================================================
== DATASET  1 ==================================================================

 Real(R)+Recip(G) space primitive vectors, cartesian coordinates (Bohr,Bohr^-1):
 R(1)=  0.0000000  5.1315550  5.1315550  G(1)= -0.0974364  0.0974364  0.0974364
 R(2)=  5.1315550  0.0000000  5.1315550  G(2)=  0.0974364 -0.0974364  0.0974364
 R(3)=  5.1315550  5.1315550  0.0000000  G(3)=  0.0974364  0.0974364 -0.0974364
 Unit cell volume ucvol=  2.7025701E+02 bohr^3
 Angles (23,13,12)=  6.00000000E+01  6.00000000E+01  6.00000000E+01 degrees

 getcut: wavevector=  0.0000  0.0000  0.0000  ngfft=  16  16  16
         ecut(hartree)=      5.800   => boxcut(ratio)=   2.03365

--- Pseudopotential description ------------------------------------------------
- pspini: atom type   1  psp file is /home/pcpm/gonze/ABINIT/ABINITv5.5.2/abinit-5.5.2tpri94/tests/Psps_for_tests/14si.psp
- pspatm: opening atomic psp file    /home/pcpm/gonze/ABINIT/ABINITv5.5.2/abinit-5.5.2tpri94/tests/Psps_for_tests/14si.psp
   Si  Fri Oct 08 11:18:59 1993
  14.00000   4.00000    930920                znucl, zion, pspdat
    1    1    2    2      2001   0.00050      pspcod,pspxc,lmax,lloc,mmax,r2well
    0  19.464  25.000    2   1.8971118        l,e99.0,e99.9,nproj,rcpsp
   0.00112760   6.14571089   4.47651660  29.74712295     rms, ekb1, ekb2, epsatm
    1  21.459  28.812    2   1.8971118        l,e99.0,e99.9,nproj,rcpsp
   0.00119946   3.20906540   2.09352485  19.11150542     rms, ekb1, ekb2, epsatm
    2   8.223  21.459    0   1.8971118        l,e99.0,e99.9,nproj,rcpsp
   0.00098688   0.00000000   0.00000000  -3.97301006     rms, ekb1, ekb2, epsatm
    1.70000000000000    0.22513330685109    0.96523597101781   rchrg,fchrg,qchrg
 pspatm: epsatm=   -3.97301006
         --- l  ekb(1:nproj) -->
             0    6.145711    4.476517
             1    3.209065    2.093525
 pspatm: atomic psp has been read  and splines computed

  -6.35681610E+01                                ecore*ucvol(ha*bohr**3)
--------------------------------------------------------------------------------

P newkpt: treating      4 bands with npw=     174 for ikpt=   1 by node    0
P newkpt: treating      4 bands with npw=     180 for ikpt=   2 by node    0
P newkpt: treating      4 bands with npw=     182 for ikpt=   3 by node    0
P newkpt: treating      4 bands with npw=     185 for ikpt=   4 by node    0
P newkpt: treating      4 bands with npw=     188 for ikpt=   5 by node    0
P newkpt: treating      4 bands with npw=     183 for ikpt=   6 by node    0
P newkpt: treating      4 bands with npw=     180 for ikpt=   7 by node    1
P newkpt: treating      4 bands with npw=     180 for ikpt=   8 by node    1
P newkpt: treating      4 bands with npw=     179 for ikpt=   9 by node    1
P newkpt: treating      4 bands with npw=     181 for ikpt=  10 by node    1
P newkpt: treating      4 bands with npw=     183 for ikpt=  11 by node    1
P newkpt: treating      4 bands with npw=     182 for ikpt=  12 by node    1
P newkpt: treating      4 bands with npw=     181 for ikpt=  13 by node    2
P newkpt: treating      4 bands with npw=     180 for ikpt=  14 by node    2
P newkpt: treating      4 bands with npw=     181 for ikpt=  15 by node    2
P newkpt: treating      4 bands with npw=     178 for ikpt=  16 by node    2
P newkpt: treating      4 bands with npw=     181 for ikpt=  17 by node    2
P newkpt: treating      4 bands with npw=     182 for ikpt=  18 by node    2
P newkpt: treating      4 bands with npw=     185 for ikpt=  19 by node    3
P newkpt: treating      4 bands with npw=     186 for ikpt=  20 by node    3
P newkpt: treating      4 bands with npw=     186 for ikpt=  21 by node    3
P newkpt: treating      4 bands with npw=     178 for ikpt=  22 by node    3
P newkpt: treating      4 bands with npw=     175 for ikpt=  23 by node    3
P newkpt: treating      4 bands with npw=     179 for ikpt=  24 by node    3
P newkpt: treating      4 bands with npw=     182 for ikpt=  25 by node    4
P newkpt: treating      4 bands with npw=     185 for ikpt=  26 by node    4
P newkpt: treating      4 bands with npw=     174 for ikpt=  27 by node    4
P newkpt: treating      4 bands with npw=     179 for ikpt=  28 by node    4
P newkpt: treating      4 bands with npw=     184 for ikpt=  29 by node    4
P newkpt: treating      4 bands with npw=     179 for ikpt=  30 by node    4
P newkpt: treating      4 bands with npw=     183 for ikpt=  31 by node    5
P newkpt: treating      4 bands with npw=     180 for ikpt=  32 by node    5
P newkpt: treating      4 bands with npw=     183 for ikpt=  33 by node    5
P newkpt: treating      4 bands with npw=     178 for ikpt=  34 by node    5
P newkpt: treating      4 bands with npw=     177 for ikpt=  35 by node    5
P newkpt: treating      4 bands with npw=     183 for ikpt=  36 by node    5
P newkpt: treating      4 bands with npw=     182 for ikpt=  37 by node    6
P newkpt: treating      4 bands with npw=     183 for ikpt=  38 by node    6
P newkpt: treating      4 bands with npw=     176 for ikpt=  39 by node    6
P newkpt: treating      4 bands with npw=     176 for ikpt=  40 by node    6
P newkpt: treating      4 bands with npw=     181 for ikpt=  41 by node    6
P newkpt: treating      4 bands with npw=     183 for ikpt=  42 by node    6
P newkpt: treating      4 bands with npw=     183 for ikpt=  43 by node    7
P newkpt: treating      4 bands with npw=     178 for ikpt=  44 by node    7
P newkpt: treating      4 bands with npw=     180 for ikpt=  45 by node    7
P newkpt: treating      4 bands with npw=     181 for ikpt=  46 by node    7
P newkpt: treating      4 bands with npw=     181 for ikpt=  47 by node    7
P newkpt: treating      4 bands with npw=     179 for ikpt=  48 by node    7
P newkpt: treating      4 bands with npw=     177 for ikpt=  49 by node    8
P newkpt: treating      4 bands with npw=     178 for ikpt=  50 by node    8
  newkpt: prtvol=0 or 1, do not print more k-points.
 
 setup2: Arith. and geom. avg. npw (full set) are     180.125     180.086

================================================================================

     iter   Etot(hartree)      deltaE(h)  residm     vres2    diffor    maxfor
 ETOT  1  -8.5759731187966    -8.576E+00 3.097E-02 1.099E+01 2.687E-26 2.687E-26
 ETOT  2  -8.5938731215092    -1.790E-02 1.913E-06 3.532E-01 2.854E-26 1.679E-27

 Cartesian components of stress tensor (hartree/bohr^3)
  sigma(1 1)= -8.86434656E-05  sigma(3 2)=  0.00000000E+00
  sigma(2 2)= -8.86434656E-05  sigma(3 1)=  0.00000000E+00
  sigma(3 3)= -8.86434656E-05  sigma(2 1)=  0.00000000E+00
 

 scprqt:  WARNING -
  nstep=    2 was not enough SCF cycles to converge;
  maximum residual=  1.913E-06 exceeds tolwfr=  1.000E-20

================================================================================

 ----iterations are completed or convergence reached----

 Mean square residual over all n,k,spin=   9.8983E-08; max=  1.9135E-06
   0.4375  0.4375  0.4375    1  1.11862E-06 kpt; spin; max resid(k); each band:
 2.73E-08 3.01E-08 3.02E-07 1.12E-06
   0.4375  0.4375  0.3125    1  6.03041E-08 kpt; spin; max resid(k); each band:
 2.17E-08 1.39E-08 6.03E-08 5.64E-08
   0.4375  0.4375  0.1875    1  5.28206E-08 kpt; spin; max resid(k); each band:
 2.30E-08 1.12E-08 2.64E-08 5.28E-08
   0.4375  0.4375  0.0625    1  9.67609E-08 kpt; spin; max resid(k); each band:
 2.22E-08 1.83E-08 9.68E-08 1.18E-08
   0.5000  0.5000  0.0625    1  9.39179E-08 kpt; spin; max resid(k); each band:
 1.89E-08 2.00E-08 9.39E-08 3.44E-08
   0.5625  0.3750  0.0000    1  1.81305E-07 kpt; spin; max resid(k); each band:
 2.47E-08 1.17E-08 1.04E-08 1.81E-07
   0.5625  0.2500  0.0000    1  1.21816E-07 kpt; spin; max resid(k); each band:
 2.11E-08 2.75E-08 2.10E-08 1.22E-07
   0.4375  0.4375  0.5625    1  2.79071E-07 kpt; spin; max resid(k); each band:
 1.88E-08 1.75E-08 4.29E-08 2.79E-07
   0.4375  0.3125  0.3125    1  2.35454E-07 kpt; spin; max resid(k); each band:
 1.45E-08 2.78E-08 3.04E-08 2.35E-07
   0.4375  0.3125  0.1875    1  6.14565E-08 kpt; spin; max resid(k); each band:
 3.69E-08 1.06E-08 2.34E-08 6.15E-08
   0.4375  0.3125  0.0625    1  6.24588E-08 kpt; spin; max resid(k); each band:
 1.04E-08 8.96E-09 6.25E-08 5.86E-08
   0.3750  0.5000  0.0625    1  6.99440E-08 kpt; spin; max resid(k); each band:
 2.56E-08 1.26E-08 3.88E-08 6.99E-08
   0.5000  0.6250  0.1875    1  3.19472E-08 kpt; spin; max resid(k); each band:
 3.19E-08 1.75E-08 1.21E-08 2.20E-08
   0.4375  0.3125  0.6875    1  2.87793E-08 kpt; spin; max resid(k); each band:
 1.10E-08 1.28E-08 8.20E-09 2.88E-08
   0.4375  0.3125  0.5625    1  2.81872E-08 kpt; spin; max resid(k); each band:
 1.33E-08 1.58E-08 9.25E-09 2.82E-08
   0.4375  0.1875  0.1875    1  6.92584E-08 kpt; spin; max resid(k); each band:
 1.54E-08 1.71E-08 6.75E-09 6.93E-08
   0.4375  0.1875  0.0625    1  6.94765E-08 kpt; spin; max resid(k); each band:
 1.45E-08 1.71E-08 3.76E-08 6.95E-08
   0.2500  0.5000  0.0625    1  6.92979E-08 kpt; spin; max resid(k); each band:
 1.95E-08 1.17E-08 1.88E-08 6.93E-08
   0.3750  0.6250  0.1875    1  1.15439E-08 kpt; spin; max resid(k); each band:
 1.14E-08 8.83E-09 7.51E-09 1.15E-08
   0.4375  0.1875  0.6875    1  1.23533E-08 kpt; spin; max resid(k); each band:
 7.08E-09 6.91E-09 7.53E-09 1.24E-08
   0.4375  0.1875  0.5625    1  9.26346E-08 kpt; spin; max resid(k); each band:
 9.26E-08 1.71E-08 2.32E-08 6.82E-08
   0.4375  0.0625  0.0625    1  4.32940E-07 kpt; spin; max resid(k); each band:
 1.75E-08 3.17E-08 2.14E-07 4.33E-07
   0.1250  0.5000  0.0625    1  2.09273E-07 kpt; spin; max resid(k); each band:
 1.17E-08 1.70E-08 1.06E-07 2.09E-07
   0.2500  0.6250  0.1875    1  3.85574E-07 kpt; spin; max resid(k); each band:
 4.73E-08 5.13E-08 1.12E-08 3.86E-07
   0.5625  0.2500  0.6250    1  1.19804E-07 kpt; spin; max resid(k); each band:
 4.17E-08 2.13E-08 1.03E-08 1.20E-07
   0.4375  0.0625  0.5625    1  7.84277E-08 kpt; spin; max resid(k); each band:
 1.96E-08 1.74E-08 2.52E-08 7.84E-08
   0.0000  0.0625  0.5000    1  2.85465E-07 kpt; spin; max resid(k); each band:
 7.25E-09 1.34E-08 2.58E-07 2.85E-07
   0.5625  0.3750  0.5000    1  3.99854E-08 kpt; spin; max resid(k); each band:
 5.97E-09 1.38E-08 2.51E-08 4.00E-08
   0.5625  0.2500  0.5000    1  7.51701E-08 kpt; spin; max resid(k); each band:
 2.03E-08 1.36E-08 1.29E-08 7.52E-08
   0.5625  0.3750  0.3750    1  8.77753E-08 kpt; spin; max resid(k); each band:
 1.39E-08 2.48E-08 6.84E-09 8.78E-08
   0.5625  0.2500  0.3750    1  2.31220E-08 kpt; spin; max resid(k); each band:
 1.34E-08 1.31E-08 6.51E-09 2.31E-08
   0.5625  0.2500  0.2500    1  9.67334E-08 kpt; spin; max resid(k); each band:
 2.06E-08 1.68E-08 8.72E-09 9.67E-08
   0.3125  0.3125  0.3125    1  2.61466E-07 kpt; spin; max resid(k); each band:
 2.84E-08 4.08E-08 2.61E-07 2.23E-07
   0.3125  0.3125  0.1875    1  1.60796E-07 kpt; spin; max resid(k); each band:
 1.83E-08 1.09E-08 1.61E-07 3.21E-08
   0.3125  0.3125  0.0625    1  2.50038E-07 kpt; spin; max resid(k); each band:
 2.20E-08 1.09E-08 2.50E-07 2.13E-07
   0.3750  0.3750  0.0625    1  1.44788E-07 kpt; spin; max resid(k); each band:
 1.46E-08 7.93E-09 1.45E-07 1.36E-07
   0.5000  0.5000  0.1875    1  1.35660E-07 kpt; spin; max resid(k); each band:
 2.93E-08 2.46E-08 1.53E-08 1.36E-07
   0.3125  0.3125  0.6875    1  1.96911E-08 kpt; spin; max resid(k); each band:
 1.97E-08 1.56E-08 1.17E-08 9.65E-09
   0.3125  0.1875  0.1875    1  3.65087E-07 kpt; spin; max resid(k); each band:
 3.96E-08 1.68E-08 4.12E-08 3.65E-07
   0.3125  0.1875  0.0625    1  1.52492E-07 kpt; spin; max resid(k); each band:
 2.12E-08 1.19E-08 1.10E-07 1.52E-07
   0.2500  0.3750  0.0625    1  1.86184E-07 kpt; spin; max resid(k); each band:
 1.35E-08 1.37E-08 9.03E-08 1.86E-07
   0.3750  0.5000  0.1875    1  2.22051E-08 kpt; spin; max resid(k); each band:
 2.04E-08 9.33E-09 9.63E-09 2.22E-08
   0.5000  0.6250  0.3125    1  2.55990E-08 kpt; spin; max resid(k); each band:
 1.83E-08 1.45E-08 9.40E-09 2.56E-08
   0.3125  0.0625  0.0625    1  3.31581E-07 kpt; spin; max resid(k); each band:
 2.17E-08 2.54E-08 1.73E-07 3.32E-07
   0.1250  0.3750  0.0625    1  3.40884E-07 kpt; spin; max resid(k); each band:
 2.80E-08 2.64E-08 1.56E-07 3.41E-07
   0.2500  0.5000  0.1875    1  1.72296E-07 kpt; spin; max resid(k); each band:
 2.23E-08 1.92E-08 1.06E-08 1.72E-07
   0.3750  0.6250  0.3125    1  1.03716E-07 kpt; spin; max resid(k); each band:
 2.28E-08 1.49E-08 1.13E-08 1.04E-07
   0.0000  0.0625  0.3750    1  4.09002E-07 kpt; spin; max resid(k); each band:
 8.90E-09 2.62E-08 2.50E-07 4.09E-07
   0.1250  0.5000  0.1875    1  1.05224E-07 kpt; spin; max resid(k); each band:
 1.46E-08 1.95E-08 1.57E-08 1.05E-07
   0.0000  0.1875  0.5000    1  5.99233E-08 kpt; spin; max resid(k); each band:
 1.52E-08 1.45E-08 1.43E-08 5.99E-08
 outwf : prtvol=0 or 1, do not print more k-points.

 reduced coordinates (array xred) for    2 atoms
       0.000000000000      0.000000000000      0.000000000000
       0.250000000000      0.250000000000      0.250000000000
 rms dE/dt=  9.9494E-27; max dE/dt=  1.7233E-26; dE/dt below (all hartree)
    1       0.000000000000      0.000000000000      0.000000000000
    2       0.000000000000      0.000000000000      0.000000000000
 
 cartesian coordinates (angstrom) at end:
    1      0.00000000000000     0.00000000000000     0.00000000000000
    2      1.35775097531303     1.35775097531303     1.35775097531303

 cartesian forces (hartree/bohr) at end:
    1      0.00000000000000     0.00000000000000     0.00000000000000
    2      0.00000000000000     0.00000000000000     0.00000000000000
 frms,max,avg= 1.3709907E-27 1.6791138E-27   0.000E+00  0.000E+00  0.000E+00 h/b

 cartesian forces (eV/Angstrom) at end:
    1      0.00000000000000     0.00000000000000     0.00000000000000
    2      0.00000000000000     0.00000000000000     0.00000000000000
 frms,max,avg= 7.0499168E-26 8.6343495E-26   0.000E+00  0.000E+00  0.000E+00 e/A
 length scales= 10.263110000000 10.263110000000 10.263110000000 bohr
              =  5.431003901252  5.431003901252  5.431003901252 angstroms
 prteigrs : about to open file tB10.o_EIG
 Fermi (or HOMO) energy (hartree) =   0.26186   Average Vxc (hartree)=  -0.35039
 Eigenvalues (hartree) for nkpt=  60  k points:
 kpt#   1, nband=  4, wtk=  0.00391, kpt=  0.4375  0.4375  0.4375 (reduced coord)
  -0.10211   0.01495   0.22047   0.22047
 kpt#   2, nband=  4, wtk=  0.01172, kpt=  0.4375  0.4375  0.3125 (reduced coord)
  -0.10600   0.03431   0.18594   0.20372
 kpt#   3, nband=  4, wtk=  0.01172, kpt=  0.4375  0.4375  0.1875 (reduced coord)
  -0.09788   0.05077   0.14644   0.17979
 kpt#   4, nband=  4, wtk=  0.01172, kpt=  0.4375  0.4375  0.0625 (reduced coord)
  -0.07685   0.02870   0.15487   0.16326
 kpt#   5, nband=  4, wtk=  0.01172, kpt=  0.5000  0.5000  0.0625 (reduced coord)
  -0.04471  -0.00922   0.14962   0.15862
 kpt#   6, nband=  4, wtk=  0.01172, kpt=  0.5625  0.3750  0.0000 (reduced coord)
  -0.04330  -0.00651   0.11590   0.16674
 kpt#   7, nband=  4, wtk=  0.01172, kpt=  0.5625  0.2500  0.0000 (reduced coord)
  -0.06907   0.01084   0.12069   0.18603
 kpt#   8, nband=  4, wtk=  0.01172, kpt=  0.4375  0.4375  0.5625 (reduced coord)
  -0.08909   0.00833   0.17377   0.21005
 kpt#   9, nband=  4, wtk=  0.01172, kpt=  0.4375  0.3125  0.3125 (reduced coord)
  -0.11790   0.05551   0.17290   0.22555
 kpt#  10, nband=  4, wtk=  0.02344, kpt=  0.4375  0.3125  0.1875 (reduced coord)
  -0.11660   0.07529   0.14748   0.20099
 kpt#  11, nband=  4, wtk=  0.02344, kpt=  0.4375  0.3125  0.0625 (reduced coord)
  -0.10149   0.06126   0.15114   0.17251
 kpt#  12, nband=  4, wtk=  0.02344, kpt=  0.3750  0.5000  0.0625 (reduced coord)
  -0.07364   0.02652   0.13959   0.15994
 kpt#  13, nband=  4, wtk=  0.02344, kpt=  0.5000  0.6250  0.1875 (reduced coord)
  -0.03940  -0.00752   0.11949   0.14249
 kpt#  14, nband=  4, wtk=  0.02344, kpt=  0.4375  0.3125  0.6875 (reduced coord)
  -0.05180   0.00462   0.10482   0.15806
 kpt#  15, nband=  4, wtk=  0.02344, kpt=  0.4375  0.3125  0.5625 (reduced coord)
  -0.08268   0.02119   0.13585   0.18539
 kpt#  16, nband=  4, wtk=  0.01172, kpt=  0.4375  0.1875  0.1875 (reduced coord)
  -0.12161   0.07754   0.14540   0.22610
 kpt#  17, nband=  4, wtk=  0.02344, kpt=  0.4375  0.1875  0.0625 (reduced coord)
  -0.11288   0.05585   0.16813   0.20136
 kpt#  18, nband=  4, wtk=  0.02344, kpt=  0.2500  0.5000  0.0625 (reduced coord)
  -0.09126   0.03543   0.14240   0.18282
 kpt#  19, nband=  4, wtk=  0.02344, kpt=  0.3750  0.6250  0.1875 (reduced coord)
  -0.05990   0.01317   0.11177   0.15232
 kpt#  20, nband=  4, wtk=  0.02344, kpt=  0.4375  0.1875  0.6875 (reduced coord)
  -0.03722  -0.00724   0.11190   0.13416
 kpt#  21, nband=  4, wtk=  0.02344, kpt=  0.4375  0.1875  0.5625 (reduced coord)
  -0.06777   0.02107   0.12415   0.15337
 kpt#  22, nband=  4, wtk=  0.01172, kpt=  0.4375  0.0625  0.0625 (reduced coord)
  -0.11094   0.03250   0.20379   0.22389
 kpt#  23, nband=  4, wtk=  0.02344, kpt=  0.1250  0.5000  0.0625 (reduced coord)
  -0.09713   0.01736   0.18484   0.21160
 kpt#  24, nband=  4, wtk=  0.02344, kpt=  0.2500  0.6250  0.1875 (reduced coord)
  -0.07436   0.01213   0.12740   0.18887
 kpt#  25, nband=  4, wtk=  0.02344, kpt=  0.5625  0.2500  0.6250 (reduced coord)
  -0.04605  -0.00234   0.10577   0.16589
 kpt#  26, nband=  4, wtk=  0.02344, kpt=  0.4375  0.0625  0.5625 (reduced coord)
  -0.04266  -0.00836   0.13351   0.15386
 kpt#  27, nband=  4, wtk=  0.01172, kpt=  0.0000  0.0625  0.5000 (reduced coord)
  -0.09380   0.00596   0.20580   0.21553
 kpt#  28, nband=  4, wtk=  0.02344, kpt=  0.5625  0.3750  0.5000 (reduced coord)
  -0.08398   0.01006   0.15726   0.19776
 kpt#  29, nband=  4, wtk=  0.02344, kpt=  0.5625  0.2500  0.5000 (reduced coord)
  -0.06758   0.01578   0.11925   0.17134
 kpt#  30, nband=  4, wtk=  0.01172, kpt=  0.5625  0.3750  0.3750 (reduced coord)
  -0.08778   0.02100   0.13993   0.20565
 kpt#  31, nband=  4, wtk=  0.02344, kpt=  0.5625  0.2500  0.3750 (reduced coord)
  -0.08299   0.03380   0.11739   0.17907
 kpt#  32, nband=  4, wtk=  0.01172, kpt=  0.5625  0.2500  0.2500 (reduced coord)
  -0.08799   0.03593   0.11444   0.20317
 kpt#  33, nband=  4, wtk=  0.00391, kpt=  0.3125  0.3125  0.3125 (reduced coord)
  -0.13602   0.07704   0.22885   0.22885
 kpt#  34, nband=  4, wtk=  0.01172, kpt=  0.3125  0.3125  0.1875 (reduced coord)
  -0.14007   0.10393   0.20642   0.20837
 kpt#  35, nband=  4, wtk=  0.01172, kpt=  0.3125  0.3125  0.0625 (reduced coord)
  -0.12964   0.10838   0.18118   0.18575
 kpt#  36, nband=  4, wtk=  0.01172, kpt=  0.3750  0.3750  0.0625 (reduced coord)
  -0.10546   0.06826   0.16538   0.17238
 kpt#  37, nband=  4, wtk=  0.01172, kpt=  0.5000  0.5000  0.1875 (reduced coord)
  -0.07127   0.02249   0.12616   0.17117
 kpt#  38, nband=  4, wtk=  0.01172, kpt=  0.3125  0.3125  0.6875 (reduced coord)
  -0.05710   0.00682   0.10131   0.18218
 kpt#  39, nband=  4, wtk=  0.01172, kpt=  0.3125  0.1875  0.1875 (reduced coord)
  -0.14969   0.12924   0.18654   0.24557
 kpt#  40, nband=  4, wtk=  0.02344, kpt=  0.3125  0.1875  0.0625 (reduced coord)
  -0.14464   0.12659   0.18661   0.21724
 kpt#  41, nband=  4, wtk=  0.02344, kpt=  0.2500  0.3750  0.0625 (reduced coord)
  -0.12527   0.09464   0.16722   0.19210
 kpt#  42, nband=  4, wtk=  0.02344, kpt=  0.3750  0.5000  0.1875 (reduced coord)
  -0.09379   0.04875   0.13357   0.17394
 kpt#  43, nband=  4, wtk=  0.02344, kpt=  0.5000  0.6250  0.3125 (reduced coord)
  -0.06452   0.01054   0.11769   0.16703
 kpt#  44, nband=  4, wtk=  0.01172, kpt=  0.3125  0.0625  0.0625 (reduced coord)
  -0.14506   0.10389   0.21195   0.23955
 kpt#  45, nband=  4, wtk=  0.02344, kpt=  0.1250  0.3750  0.0625 (reduced coord)
  -0.13105   0.07850   0.19127   0.22452
 kpt#  46, nband=  4, wtk=  0.02344, kpt=  0.2500  0.5000  0.1875 (reduced coord)
  -0.10394   0.05492   0.12893   0.20701
 kpt#  47, nband=  4, wtk=  0.02344, kpt=  0.3750  0.6250  0.3125 (reduced coord)
  -0.07009   0.01919   0.10585   0.18455
 kpt#  48, nband=  4, wtk=  0.01172, kpt=  0.0000  0.0625  0.3750 (reduced coord)
  -0.12270   0.05364   0.21616   0.21681
 kpt#  49, nband=  4, wtk=  0.02344, kpt=  0.1250  0.5000  0.1875 (reduced coord)
  -0.10127   0.03629   0.15435   0.20876
 kpt#  50, nband=  4, wtk=  0.01172, kpt=  0.0000  0.1875  0.5000 (reduced coord)
  -0.08717   0.01998   0.15143   0.19338
 prteigrs : prtvol=0 or 1, do not print more k-points.

 Total charge density [el/Bohr^3]
,     Maximum=    8.8809E-02  at reduced coord.    0.1250    0.1250    0.6250
,Next maximum=    8.8809E-02  at reduced coord.    0.1250    0.6250    0.1250
,     Minimum=    3.2655E-03  at reduced coord.    0.5000    0.5000    0.5000
,Next minimum=    3.2708E-03  at reduced coord.    0.7500    0.7500    0.7500

--------------------------------------------------------------------------------
 Components of total free energy (in Hartree) :

    Kinetic energy  =  2.96696690893507E+00
    Hartree energy  =  5.27842099628668E-01
    XC energy       = -3.30829127125281E+00
    Ewald energy    = -8.39791921808004E+00
    PspCore energy  = -2.35213740360207E-01
    Loc. psp. energy= -2.06972789331564E+00
    NL   psp  energy=  1.92246999293572E+00
    >>>>>>>>> Etotal= -8.59387312150923E+00

 Other information on the energy :
    Total energy(eV)= -2.33851180353524E+02 ; Band energy (Ha)=   5.9981582926E-01
--------------------------------------------------------------------------------

 Cartesian components of stress tensor (hartree/bohr^3)
  sigma(1 1)= -8.86434656E-05  sigma(3 2)=  0.00000000E+00
  sigma(2 2)= -8.86434656E-05  sigma(3 1)=  0.00000000E+00
  sigma(3 3)= -8.86434656E-05  sigma(2 1)=  0.00000000E+00

-Cartesian components of stress tensor (GPa)         [Pressure=  2.6080E+00 GPa]
- sigma(1 1)= -2.60798036E+00  sigma(3 2)=  0.00000000E+00
- sigma(2 2)= -2.60798036E+00  sigma(3 1)=  0.00000000E+00
- sigma(3 3)= -2.60798036E+00  sigma(2 1)=  0.00000000E+00

== END DATASET(S) ==============================================================
================================================================================
  
 -outvars: echo values of variables after computation  --------
     acell    1.0263110000E+01  1.0263110000E+01  1.0263110000E+01 Bohr
       amu    2.80855000E+01
    densty    1.20000000E+00
    diemac    1.20000000E+01
      ecut    5.80000000E+00 Hartree
    etotal   -8.5938731215E+00
     fcart    1.6791137801E-27 -1.6791137801E-27  0.0000000000E+00
             -1.6791137801E-27  1.6791137801E-27  0.0000000000E+00
     intxc         1
      iscf         5
       kpt    4.37500000E-01  4.37500000E-01  4.37500000E-01
              4.37500000E-01  4.37500000E-01  3.12500000E-01
              4.37500000E-01  4.37500000E-01  1.87500000E-01
              4.37500000E-01  4.37500000E-01  6.25000000E-02
              5.00000000E-01  5.00000000E-01  6.25000000E-02
              5.62500000E-01  3.75000000E-01  0.00000000E+00
              5.62500000E-01  2.50000000E-01  0.00000000E+00
              4.37500000E-01  4.37500000E-01  5.62500000E-01
              4.37500000E-01  3.12500000E-01  3.12500000E-01
              4.37500000E-01  3.12500000E-01  1.87500000E-01
              4.37500000E-01  3.12500000E-01  6.25000000E-02
              3.75000000E-01  5.00000000E-01  6.25000000E-02
              5.00000000E-01  6.25000000E-01  1.87500000E-01
              4.37500000E-01  3.12500000E-01  6.87500000E-01
              4.37500000E-01  3.12500000E-01  5.62500000E-01
              4.37500000E-01  1.87500000E-01  1.87500000E-01
              4.37500000E-01  1.87500000E-01  6.25000000E-02
              2.50000000E-01  5.00000000E-01  6.25000000E-02
              3.75000000E-01  6.25000000E-01  1.87500000E-01
              4.37500000E-01  1.87500000E-01  6.87500000E-01
              4.37500000E-01  1.87500000E-01  5.62500000E-01
              4.37500000E-01  6.25000000E-02  6.25000000E-02
              1.25000000E-01  5.00000000E-01  6.25000000E-02
              2.50000000E-01  6.25000000E-01  1.87500000E-01
              5.62500000E-01  2.50000000E-01  6.25000000E-01
              4.37500000E-01  6.25000000E-02  5.62500000E-01
              0.00000000E+00  6.25000000E-02  5.00000000E-01
              5.62500000E-01  3.75000000E-01  5.00000000E-01
              5.62500000E-01  2.50000000E-01  5.00000000E-01
              5.62500000E-01  3.75000000E-01  3.75000000E-01
              5.62500000E-01  2.50000000E-01  3.75000000E-01
              5.62500000E-01  2.50000000E-01  2.50000000E-01
              3.12500000E-01  3.12500000E-01  3.12500000E-01
              3.12500000E-01  3.12500000E-01  1.87500000E-01
              3.12500000E-01  3.12500000E-01  6.25000000E-02
              3.75000000E-01  3.75000000E-01  6.25000000E-02
              5.00000000E-01  5.00000000E-01  1.87500000E-01
              3.12500000E-01  3.12500000E-01  6.87500000E-01
              3.12500000E-01  1.87500000E-01  1.87500000E-01
              3.12500000E-01  1.87500000E-01  6.25000000E-02
              2.50000000E-01  3.75000000E-01  6.25000000E-02
              3.75000000E-01  5.00000000E-01  1.87500000E-01
              5.00000000E-01  6.25000000E-01  3.12500000E-01
              3.12500000E-01  6.25000000E-02  6.25000000E-02
              1.25000000E-01  3.75000000E-01  6.25000000E-02
              2.50000000E-01  5.00000000E-01  1.87500000E-01
              3.75000000E-01  6.25000000E-01  3.12500000E-01
              0.00000000E+00  6.25000000E-02  3.75000000E-01
              1.25000000E-01  5.00000000E-01  1.87500000E-01
              0.00000000E+00  1.87500000E-01  5.00000000E-01
                       outvar1 : prtvol=0, do not print more k-points.
    mffmem         0
P    mkmem         0
     natom         2
     nband         4
     ngfft        16      16      16
      nkpt        60
     nline         3
     nstep         2
      nsym        24
    ntypat         1
       occ    2.000000  2.000000  2.000000  2.000000
     rprim    0.0000000000E+00  5.0000000000E-01  5.0000000000E-01
              5.0000000000E-01  0.0000000000E+00  5.0000000000E-01
              5.0000000000E-01  5.0000000000E-01  0.0000000000E+00
   spgroup       216
    strten   -8.8643465612E-05 -8.8643465612E-05 -8.8643465612E-05
              0.0000000000E+00  0.0000000000E+00  0.0000000000E+00
    symrel    1  0  0   0  1  0   0  0  1       0  1 -1   1  0 -1   0  0 -1
              0 -1  1   0 -1  0   1 -1  0      -1  0  0  -1  0  1  -1  1  0
              0  1  0   0  0  1   1  0  0       1  0 -1   0  0 -1   0  1 -1
              0 -1  0   1 -1  0   0 -1  1      -1  0  1  -1  1  0  -1  0  0
              0  0  1   1  0  0   0  1  0       0  0 -1   0  1 -1   1  0 -1
              1 -1  0   0 -1  1   0 -1  0      -1  1  0  -1  0  0  -1  0  1
              1  0 -1   0  1 -1   0  0 -1       0  1  0   1  0  0   0  0  1
             -1  0  1  -1  0  0  -1  1  0       0 -1  0   0 -1  1   1 -1  0
             -1  1  0  -1  0  1  -1  0  0       1 -1  0   0 -1  0   0 -1  1
              0  0 -1   1  0 -1   0  1 -1       0  0  1   0  1  0   1  0  0
              0 -1  1   1 -1  0   0 -1  0      -1  0  0  -1  1  0  -1  0  1
              1  0  0   0  0  1   0  1  0       0  1 -1   0  0 -1   1  0 -1
    timopt         2
    tolwfr    1.00000000E-20
     typat    1  1
       wtk      0.00391    0.01172    0.01172    0.01172    0.01172    0.01172
                0.01172    0.01172    0.01172    0.02344    0.02344    0.02344
                0.02344    0.02344    0.02344    0.01172    0.02344    0.02344
                0.02344    0.02344    0.02344    0.01172    0.02344    0.02344
                0.02344    0.02344    0.01172    0.02344    0.02344    0.01172
                0.02344    0.01172    0.00391    0.01172    0.01172    0.01172
                0.01172    0.01172    0.01172    0.02344    0.02344    0.02344
                0.02344    0.01172    0.02344    0.02344    0.02344    0.01172
                0.02344    0.01172
                outvar1 : prtvol=0, do not print more k-points.
    xangst    0.0000000000E+00  0.0000000000E+00  0.0000000000E+00
              1.3577509753E+00  1.3577509753E+00  1.3577509753E+00
     xcart    0.0000000000E+00  0.0000000000E+00  0.0000000000E+00
              2.5657775000E+00  2.5657775000E+00  2.5657775000E+00
      xred    0.0000000000E+00  0.0000000000E+00  0.0000000000E+00
              2.5000000000E-01  2.5000000000E-01  2.5000000000E-01
     znucl     14.00000

================================================================================

- Total cpu        time (s,m,h):         35.4        0.59      0.010
- Total wall clock time (s,m,h):         35.4        0.59      0.010
-
- For major independent code sections, cpu and wall times (sec),
-  as well as % of the time and number of calls for node 0
-
- routine                cpu     %       wall     %      number of calls 
- pspini                 1.100   3.1      1.100   3.1              1
- invars2                0.674   1.9      0.674   1.9              1
- status                 0.243   0.7      0.242   0.7            455
- abinit(2)              0.215   0.6      0.215   0.6              1
- 62   others            0.721   2.0      0.720   2.0
-
- subtotal               2.953   8.3      2.951   8.3

- For major independent code sections, cpu and wall times (sec),
- as well as % of the total time and number of calls 

- routine                 cpu     %       wall     %      number of calls 
-                                                          (-1=no count)
- pspini                10.350  29.3     10.351  29.3             10
- invars2                4.349  12.3      4.350  12.3             10
- status                 2.691   7.6      2.695   7.6           4541
- abinit(2)              2.487   7.0      2.486   7.0             10
- inwffil                1.414   4.0      1.415   4.0             10
- newvtr/rho(3):io       1.142   3.2      1.141   3.2             30
- vtorho-kpt loop        1.108   3.1      1.107   3.1             20
- vtowfk(ssdiag)         1.066   3.0      1.066   3.0            -10
- fourwf(pot)            0.752   2.1      0.746   2.1           3840
- vtorho  (1)            0.488   1.4      0.485   1.4             20
- vtorho:synchro         0.480   1.4      0.480   1.4             20
- vtorho:MPI             0.386   1.1      0.387   1.1             20
- 54   others            1.081   3.1      1.076   3.0

- subtotal              27.793  78.6     27.785  78.6
-
- Proc.   0 individual time (sec): cpu=          3.6  wall=          3.6

================================================================================

 Calculation completed.
.Delivered    3 WARNINGs and   0 COMMENTs to log file.
+Overall time at end (sec) : cpu=         35.6  wall=         35.6
