
.Version 5.6.4  of ABINIT 
.(sequential version, prepared for a x86_64_linux_gcc4.3 computer) 

.Copyright (C) 1998-2008 ABINIT group . 
 ABINIT comes with ABSOLUTELY NO WARRANTY.
 It is free software, and you are welcome to redistribute it
 under certain conditions (GNU General Public License,
 see ~abinit/COPYING or http://www.gnu.org/copyleft/gpl.txt).

 ABINIT is a project of the Universite Catholique de Louvain,
 Corning Inc. and other collaborators, see ~abinit/doc/developers/contributors.txt .
 Please read ~abinit/doc/users/acknowledgments.html for suggested
 acknowledgments of the ABINIT effort.
 For more information, see http://www.abinit.org .

.Starting date : Wed 19 Nov 2008.
  
- input  file    -> /home/gonze/ABINIT/ABINITv5.6.4/trunk/5.6.4-private/tests/v3/Input/t06.in
- output file    -> t06.out
- root for input  files -> t06i
- root for output files -> t06o


 DATASET    1 : space group P1 (#  1); Bravais aP (primitive triclinic)
================================================================================
 Values of the parameters that define the memory need for DATASET  1.
   intxc =         0  ionmov =         0    iscf =         3 xclevel =         0
  lmnmax =         1   lnmax =         1   mband =         4  mffmem =         1
P  mgfft =        16   mkmem =         4 mpssoang=         1     mpw =        82
  mqgrid =      3001   natom =         2    nfft =      4096    nkpt =         4
  nloalg =         4  nspden =         1 nspinor =         1  nsppol =         1
    nsym =         1  n1xccc =         0  ntypat =         1  occopt =         1
================================================================================
P This job should need less than                       1.070 Mbytes of memory.
  Rough estimation (10% accuracy) of disk space for files :
  WF disk file :      0.022 Mbytes ; DEN or POT disk file :      0.033 Mbytes.
================================================================================


 DATASET    2 : space group P1 (#  1); Bravais aP (primitive triclinic)
================================================================================
 Values of the parameters that define the memory need for DATASET  2 (RF).
   intxc =         0    iscf =         2 xclevel =         0  lmnmax =         1
   lnmax =         1   mband =         4  mffmem =         1   mgfft =        16
P  mkmem =         4  mkqmem =         4  mk1mem =         4 mpssoang=         1
     mpw =        82  mqgrid =      3001   natom =         2    nfft =      4096
    nkpt =         4  nloalg =         4  nspden =         1 nspinor =         1
  nsppol =         1    nsym =         1  n1xccc =         0  ntypat =         1
  occopt =         1
================================================================================
P This job should need less than                       1.376 Mbytes of memory.
  Rough estimation (10% accuracy) of disk space for files :
  WF disk file :      0.022 Mbytes ; DEN or POT disk file :      0.033 Mbytes.
================================================================================


 DATASET    3 : space group P1 (#  1); Bravais aP (primitive triclinic)
================================================================================
 Values of the parameters that define the memory need for DATASET  3 (RF).
   intxc =         0    iscf =         2 xclevel =         0  lmnmax =         1
   lnmax =         1   mband =         4  mffmem =         0   mgfft =        16
P  mkmem =         0  mkqmem =         0  mk1mem =         0 mpssoang=         1
     mpw =        82  mqgrid =      3001   natom =         2    nfft =      4096
    nkpt =         4  nloalg =         4  nspden =         1 nspinor =         1
  nsppol =         1    nsym =         1  n1xccc =         0  ntypat =         1
  occopt =         1
================================================================================
P This job should need less than                       1.189 Mbytes of memory.
  Rough estimation (10% accuracy) of disk space for files :
  WF disk file :      0.022 Mbytes ; DEN or POT disk file :      0.033 Mbytes.
  mkmem==0 => use of 2 WF temporary disk files
  mffmem==0, iscf==2 => use of 1 FFT temporary disk file,
                       3 times bigger than a DEN file.
================================================================================

 -outvars: echo values of preprocessed input variables --------
     acell    1.0000000000E+01  1.0000000000E+01  1.0000000000E+01 Bohr
       amu    1.00000000E+00
    diemac1   1.00000000E+06
    diemac2   1.00000000E+00
    diemac3   1.00000000E+00
    diemix1   1.00000000E+00
    diemix2   3.50000000E-01
    diemix3   3.50000000E-01
   dilatmx    1.10000000E+00
      ecut    1.20000000E+00 Hartree
    getwfk1        0
    getwfk2        1
    getwfk3        1
    get1wf1        0
    get1wf2        0
    get1wf3        2
      iscf1        3
      iscf2        2
      iscf3        2
       ixc         0
    jdtset      1    2    3
       kpt    0.00000000E+00  0.00000000E+00 -3.75000000E-01
              0.00000000E+00  0.00000000E+00 -1.25000000E-01
              0.00000000E+00  0.00000000E+00  1.25000000E-01
              0.00000000E+00  0.00000000E+00  3.75000000E-01
    mffmem1        1
    mffmem2        1
    mffmem3        0
P    mkmem1        4
P    mkmem2        4
P    mkmem3        0
P   mkqmem1        4
P   mkqmem2        4
P   mkqmem3        0
P   mk1mem1        4
P   mk1mem2        4
P   mk1mem3        0
     natom         2
     nband         4
    ndtset         3
     ngfft        16      16      16
      nkpt         4
      nqpt1        0
      nqpt2        1
      nqpt3        1
     nstep1       30
     nstep2       12
     nstep3       30
      nsym         1
    ntypat         1
       occ    2.000000  2.000000  2.000000  2.000000
 optdriver1        0
 optdriver2        1
 optdriver3        1
   rfatpol         2       2
     rfdir         0       0       1
    rfphon1        0
    rfphon2        1
    rfphon3        1
   spgroup         1
    tolwfr    1.00000000E-15
     typat    1  1
       wtk      0.25000    0.25000    0.25000    0.25000
    xangst    0.0000000000E+00  0.0000000000E+00  0.0000000000E+00
              0.0000000000E+00  0.0000000000E+00  1.5875316258E+00
     xcart    0.0000000000E+00  0.0000000000E+00  0.0000000000E+00
              0.0000000000E+00  0.0000000000E+00  3.0000000000E+00
      xred    0.0000000000E+00  0.0000000000E+00  0.0000000000E+00
              0.0000000000E+00  0.0000000000E+00  3.0000000000E-01
     znucl     32.00000

================================================================================

 chkinp: Checking input parameters for consistency, jdtset= 1.

 chkinp: Checking input parameters for consistency, jdtset= 2.

 chkinp: Checking input parameters for consistency, jdtset= 3.

================================================================================
== DATASET  1 ==================================================================

 Real(R)+Recip(G) space primitive vectors, cartesian coordinates (Bohr,Bohr^-1):
 R(1)= 10.0000000  0.0000000  0.0000000  G(1)=  0.1000000  0.0000000  0.0000000
 R(2)=  0.0000000 10.0000000  0.0000000  G(2)=  0.0000000  0.1000000  0.0000000
 R(3)=  0.0000000  0.0000000 10.0000000  G(3)=  0.0000000  0.0000000  0.1000000
 Unit cell volume ucvol=  1.0000000E+03 bohr^3
 Angles (23,13,12)=  9.00000000E+01  9.00000000E+01  9.00000000E+01 degrees

 getcut: wavevector=  0.0000  0.0000  0.0000  ngfft=  16  16  16
         ecut(hartree)=      1.452   => boxcut(ratio)=   2.94966

 getcut : COMMENT -
  Note that boxcut > 2.2 ; recall that boxcut=Gcut(box)/Gcut(sphere) = 2
  is sufficient for exact treatment of convolution.
  Such a large boxcut is a waste : you could raise ecut
  e.g. ecut=    3.158273 Hartrees makes boxcut=2


--- Pseudopotential description ------------------------------------------------
- pspini: atom type   1  psp file is /home/gonze/ABINIT/ABINITv5.6.4/trunk/5.6.4-private/tests/Psps_for_tests/32ge.SJ_mod
- pspatm: opening atomic psp file    /home/gonze/ABINIT/ABINITv5.6.4/trunk/5.6.4-private/tests/Psps_for_tests/32ge.SJ_mod
   Starkloff-Joannopoulos local psp ( !!! OLD : only for tests)
  32.00000   4.00000    900101                znucl, zion, pspdat
    5    3    0    0       700   0.00000      pspcod,pspxc,lmax,lloc,mmax,r2well
    1.000000E-06    2.603367E-02              r1 and al (Hamman grid)
    0   0.000   0.000    0   1.0500000        l,e99.0,e99.9,nproj,rcpsp
   0.00000000   0.00000000   0.00000000   0.00000000     rms, ekb1, ekb2, epsatm
    0.00000000000000    0.00000000000000    0.00000000000000   rchrg,fchrg,qchrg
 Note: local psp for atom with Z= 32.0
 pspatm: epsatm=   27.96404307
         --- l  ekb(1:nproj) -->
 pspatm: atomic psp has been read  and splines computed

   4.47424689E+02                                ecore*ucvol(ha*bohr**3)
--------------------------------------------------------------------------------

P newkpt: treating      4 bands with npw=      82 for ikpt=   1
P newkpt: treating      4 bands with npw=      81 for ikpt=   2
P newkpt: treating      4 bands with npw=      81 for ikpt=   3
P newkpt: treating      4 bands with npw=      82 for ikpt=   4

 setup2: Arith. and geom. avg. npw (full set) are      81.500      81.498

================================================================================

     iter   Etot(hartree)      deltaE(h)  residm     vres2    diffor    maxfor
 ETOT  1  -4.4806623370891    -4.481E+00 3.867E-04 1.008E+02 9.167E-01 9.167E-01
 ETOT  2  -4.7780975497327    -2.974E-01 8.599E-07 8.118E-01 6.184E-02 8.549E-01
 ETOT  3  -4.7793314156777    -1.234E-03 1.216E-06 1.373E-01 1.875E-03 8.567E-01
 ETOT  4  -4.7794407204058    -1.093E-04 7.111E-08 2.481E-02 5.236E-04 8.562E-01
 ETOT  5  -4.7794592141855    -1.849E-05 3.229E-08 9.718E-04 2.842E-04 8.559E-01
 ETOT  6  -4.7794603003635    -1.086E-06 1.762E-08 2.055E-04 1.963E-05 8.559E-01
 ETOT  7  -4.7794608053293    -5.050E-07 4.512E-09 5.433E-05 3.170E-06 8.559E-01
 ETOT  8  -4.7794608647328    -5.940E-08 3.218E-10 1.610E-05 2.632E-06 8.559E-01
 ETOT  9  -4.7794608694390    -4.706E-09 5.803E-11 4.476E-06 1.756E-06 8.559E-01
 ETOT 10  -4.7794608728624    -3.423E-09 4.821E-11 1.036E-06 7.551E-07 8.559E-01
 ETOT 11  -4.7794608744137    -1.551E-09 1.641E-11 3.509E-07 2.589E-07 8.559E-01
 ETOT 12  -4.7794608748036    -3.899E-10 2.332E-12 1.168E-07 2.819E-07 8.559E-01
 ETOT 13  -4.7794608748582    -5.464E-11 3.937E-13 3.707E-08 2.198E-07 8.559E-01
 ETOT 14  -4.7794608748805    -2.230E-11 3.301E-13 9.905E-09 1.434E-07 8.559E-01
 ETOT 15  -4.7794608748944    -1.392E-11 1.516E-13 3.359E-09 3.397E-08 8.559E-01
 ETOT 16  -4.7794608748983    -3.861E-12 2.372E-14 1.111E-09 2.680E-08 8.559E-01
 ETOT 17  -4.7794608748988    -5.347E-13 3.709E-15 3.554E-10 2.005E-08 8.559E-01
 ETOT 18  -4.7794608748991    -2.096E-13 2.919E-15 9.144E-11 1.520E-08 8.559E-01
 ETOT 19  -4.7794608748992    -1.359E-13 1.418E-15 2.630E-11 2.897E-09 8.559E-01
 ETOT 20  -4.7794608748992    -8.882E-16 6.562E-16 1.269E-11 7.314E-09 8.559E-01

 At SCF step   20   max residual=  6.56E-16 < tolwfr=  1.00E-15 =>converged.

 Cartesian components of stress tensor (hartree/bohr^3)
  sigma(1 1)=  1.51864524E-04  sigma(3 2)=  9.67149655E-13
  sigma(2 2)=  1.51864519E-04  sigma(3 1)= -3.91246861E-14
  sigma(3 3)= -2.42284015E-03  sigma(2 1)=  2.92616041E-14

================================================================================

 ----iterations are completed or convergence reached----

 Mean square residual over all n,k,spin=   4.5055E-16; max=  6.5615E-16
   0.0000  0.0000 -0.3750    1  6.48982E-16 kpt; spin; max resid(k); each band:
 3.46E-16 6.49E-16 4.28E-16 4.15E-16
   0.0000  0.0000 -0.1250    1  6.56152E-16 kpt; spin; max resid(k); each band:
 3.49E-16 6.56E-16 4.50E-16 3.37E-16
   0.0000  0.0000  0.1250    1  6.56152E-16 kpt; spin; max resid(k); each band:
 3.49E-16 6.56E-16 4.28E-16 3.07E-16
   0.0000  0.0000  0.3750    1  6.48982E-16 kpt; spin; max resid(k); each band:
 3.46E-16 6.49E-16 4.28E-16 4.15E-16
 reduced coordinates (array xred) for    2 atoms
       0.000000000000      0.000000000000      0.000000000000
       0.000000000000      0.000000000000      0.300000000000
 rms dE/dt=  4.9417E+00; max dE/dt=  8.5592E+00; dE/dt below (all hartree)
    1      -0.000000002090      0.000000018515      8.559221722651
    2       0.000000000049     -0.000000012920     -8.559222046964

 cartesian coordinates (angstrom) at end:
    1      0.00000000000000     0.00000000000000     0.00000000000000
    2      0.00000000000000     0.00000000000000     1.58753162577000

 cartesian forces (hartree/bohr) at end:
    1      0.00000000010693    -0.00000000157178    -0.85592218848072
    2     -0.00000000010693     0.00000000157178     0.85592218848072
 frms,max,avg= 4.9416691E-01 8.5592219E-01   1.020E-10 -2.798E-10  1.622E-08 h/b

 cartesian forces (eV/Angstrom) at end:
    1      0.00000000549834    -0.00000008082411   -44.01328486368276
    2     -0.00000000549834     0.00000008082411    44.01328486368276
 frms,max,avg= 2.5411082E+01 4.4013285E+01   5.248E-09 -1.439E-08  8.338E-07 e/A
 length scales= 10.000000000000 10.000000000000 10.000000000000 bohr
              =  5.291772085900  5.291772085900  5.291772085900 angstroms
 prteigrs : about to open file t06o_DS1_EIG
 Fermi (or HOMO) energy (hartree) =   0.11131   Average Vxc (hartree)=   0.00000
 Eigenvalues (hartree) for nkpt=   4  k points:
 kpt#   1, nband=  4, wtk=  0.25000, kpt=  0.0000  0.0000 -0.3750 (reduced coord)
  -0.17950  -0.00480   0.11131   0.11131
 kpt#   2, nband=  4, wtk=  0.25000, kpt=  0.0000  0.0000 -0.1250 (reduced coord)
  -0.18666   0.03871   0.10461   0.10461
 kpt#   3, nband=  4, wtk=  0.25000, kpt=  0.0000  0.0000  0.1250 (reduced coord)
  -0.18666   0.03871   0.10461   0.10461
 kpt#   4, nband=  4, wtk=  0.25000, kpt=  0.0000  0.0000  0.3750 (reduced coord)
  -0.17950  -0.00480   0.11131   0.11131
 Total charge density [el/Bohr^3]
,     Maximum=    5.7565E-02  at reduced coord.    0.0000    0.1250    0.1250
,Next maximum=    5.7565E-02  at reduced coord.    0.8750    0.0000    0.1250
,     Minimum=    1.1590E-04  at reduced coord.    0.5000    0.5000    0.1250
,Next minimum=    1.1709E-04  at reduced coord.    0.5000    0.5000    0.1875

--------------------------------------------------------------------------------
 Components of total free energy (in Hartree) :

    Kinetic energy  =  2.16285331956207E+00
    Hartree energy  =  1.92335222678932E+00
    XC energy       =  0.00000000000000E+00
    Ewald energy    = -3.40312010772530E+00
    PspCore energy  =  4.47424689112482E-01
    Loc. psp. energy= -5.90997100263776E+00
    NL   psp  energy=  0.00000000000000E+00
    >>>>>>>>> Etotal= -4.77946087489919E+00

 Other information on the energy :
    Total energy(eV)= -1.30055744510733E+02 ; Band energy (Ha)=   9.9587005122E-02
--------------------------------------------------------------------------------

 Cartesian components of stress tensor (hartree/bohr^3)
  sigma(1 1)=  1.51864524E-04  sigma(3 2)=  9.67149655E-13
  sigma(2 2)=  1.51864519E-04  sigma(3 1)= -3.91246861E-14
  sigma(3 3)= -2.42284015E-03  sigma(2 1)=  2.92616041E-14

-Cartesian components of stress tensor (GPa)         [Pressure=  2.0782E+01 GPa]
- sigma(1 1)=  4.46800780E+00  sigma(3 2)=  2.84545204E-08
- sigma(2 2)=  4.46800766E+00  sigma(3 1)= -1.15108781E-09
- sigma(3 3)= -7.12824062E+01  sigma(2 1)=  8.60905971E-10

================================================================================
== DATASET  2 ==================================================================

 mkfilename : getwfk/=0, take file _WFK from output of DATASET   1.

 Real(R)+Recip(G) space primitive vectors, cartesian coordinates (Bohr,Bohr^-1):
 R(1)= 10.0000000  0.0000000  0.0000000  G(1)=  0.1000000  0.0000000  0.0000000
 R(2)=  0.0000000 10.0000000  0.0000000  G(2)=  0.0000000  0.1000000  0.0000000
 R(3)=  0.0000000  0.0000000 10.0000000  G(3)=  0.0000000  0.0000000  0.1000000
 Unit cell volume ucvol=  1.0000000E+03 bohr^3
 Angles (23,13,12)=  9.00000000E+01  9.00000000E+01  9.00000000E+01 degrees
 setup1 : take into account q-point for computing boxcut.

 getcut: wavevector=  0.0000  0.0000  0.0000  ngfft=  16  16  16
         ecut(hartree)=      1.452   => boxcut(ratio)=   2.94966

 getcut : COMMENT -
  Note that boxcut > 2.2 ; recall that boxcut=Gcut(box)/Gcut(sphere) = 2
  is sufficient for exact treatment of convolution.
  Such a large boxcut is a waste : you could raise ecut
  e.g. ecut=    3.158273 Hartrees makes boxcut=2

--------------------------------------------------------------------------------

-inwffil : will read wavefunctions from disk file t06o_DS1_WFK
P newkpt: treating      4 bands with npw=      82 for ikpt=   1
P newkpt: treating      4 bands with npw=      81 for ikpt=   2
P newkpt: treating      4 bands with npw=      81 for ikpt=   3
P newkpt: treating      4 bands with npw=      82 for ikpt=   4


 ==>  initialize data related to q vector <==

 The list of irreducible perturbations for this q vector is:
    1)    idir= 3    ipert=   2

================================================================================

--------------------------------------------------------------------------------
 Perturbation wavevector (in red.coord.)   0.000000  0.000000  0.000000
 Perturbation : displacement of atom   2   along direction   3
 The set of symmetries contains only one element for this perturbation.
 symkpt : the number of k-points, thanks to the symmetries,
 is reduced to     2 .

--------------------------------------------------------------------------------

-inwffil : will read wavefunctions from disk file t06o_DS1_WFK
- newkpt: read input wf with ikpt,npw=   1      82, make ikpt,npw=   1      82
- newkpt: read input wf with ikpt,npw=   2      81, make ikpt,npw=   2      81

--------------------------------------------------------------------------------

-inwffil : will read wavefunctions from disk file t06o_DS1_WFK
- newkpt: read input wf with ikpt,npw=   1      82, make ikpt,npw=   1      82
- newkpt: read input wf with ikpt,npw=   2      81, make ikpt,npw=   2      81

 Initialisation of the first-order wave-functions :
  ireadwf=   0
P newkpt: treating      4 bands with npw=      82 for ikpt=   1
P newkpt: treating      4 bands with npw=      81 for ikpt=   2


     iter   2DEtotal(Ha)        deltaE(Ha) residm    vres2
-ETOT  1   263.30341279784      9.921E+01 4.049E-02 2.149E+04
 ETOT  2   132.79565352700     -1.305E+02 1.292E-02 2.153E+03
 ETOT  3   119.71097986629     -1.308E+01 2.006E-03 2.339E+02
 ETOT  4   118.23189200162     -1.479E+00 2.266E-04 2.971E+01
 ETOT  5   118.05503658225     -1.769E-01 2.999E-05 3.411E+00
 ETOT  6   118.03313436201     -2.190E-02 2.210E-06 5.198E-01
 ETOT  7   118.03033012919     -2.804E-03 5.433E-07 6.878E-02
 ETOT  8   118.02994392051     -3.862E-04 4.695E-08 1.635E-02
 ETOT  9   118.02988284432     -6.108E-05 3.228E-09 3.947E-03
 ETOT 10   118.02987084518     -1.200E-05 1.407E-09 1.430E-03
 ETOT 11   118.02986782012     -3.025E-06 1.718E-10 5.177E-04
 ETOT 12   118.02986690480     -9.153E-07 8.746E-11 2.048E-04

 scprqt:  WARNING -
  nstep=   12 was not enough SCF cycles to converge;
  maximum residual=  8.746E-11 exceeds tolwfr=  1.000E-15

================================================================================

 ----iterations are completed or convergence reached----

 Mean square residual over all n,k,spin=   3.1406E-11; max=  8.7465E-11
   0.0000  0.0000 -0.3750    1  4.04289E-11 kpt; spin; max resid(k); each band:
 2.83E-11 4.04E-11 8.93E-13 8.93E-13
   0.0000  0.0000 -0.1250    1  8.74649E-11 kpt; spin; max resid(k); each band:
 4.22E-11 8.75E-11 2.55E-11 2.55E-11

 Thirteen components of 2nd-order total energy (hartree) are
 1,2,3: 0th-order hamiltonian combined with 1st-order wavefunctions
     kin0=   3.45919005E+01 eigvalue=  -4.07956320E+00  local=  -9.04187923E+00
 4,5,6: 1st-order hamiltonian combined with 1st and 0th-order wfs
 loc psp =  -9.21202190E+01  Hartree=   2.45909396E+01     xc=   0.00000000E+00
 note that "loc psp" includes a xc core correction that could be resolved
 7,8,9: eventually, occupation + non-local contributions
    edocc=   0.00000000E+00     enl0=   0.00000000E+00   enl1=   0.00000000E+00
 1-9 gives the relaxation energy (to be shifted if some occ is /=2.0)
   erelax=  -4.60588214E+01
 10,11,12 Non-relaxation  contributions : frozen-wavefunctions and Ewald
 fr.local=   3.30479136E+01 fr.nonlo=   0.00000000E+00  Ewald=   1.31040775E+02
 13,14 Frozen wf xc core corrections (1) and (2)
 frxc 1  =   0.00000000E+00  frxc 2 =   0.00000000E+00
 Resulting in :
 2DEtotal=    0.1180298669E+03 Ha. Also 2DEtotal=    0.321175601529E+04 eV
    (2DErelax=   -4.6058821374E+01 Ha. 2DEnonrelax=    1.6408868828E+02 Ha)
    (  non-var. 2DEtotal :    1.1802857876E+02 Ha)

================================================================================

 ---- first-order wavefunction calculations are completed ----


 ==> Compute Derivative Database <==
  
  2nd-order matrix (non-cartesian coordinates, masses not included,
   asr not included )
     j1       j2             matrix element
  dir pert dir pert     real part     imaginary part
  
   1    1   3    2        -0.0000078688         0.0000000000
  
   2    1   3    2         0.0000023708         0.0000000000
  
   3    1   3    2      -118.0292918214        -0.0000000000
  
   1    2   3    2         0.0000062337         0.0000000000
  
   2    2   3    2        -0.0000018603         0.0000000000
  
   3    2   1    1        -0.0000078688        -0.0000000000
   3    2   2    1         0.0000023708        -0.0000000000
   3    2   3    1      -118.0292918214         0.0000000000
   3    2   1    2         0.0000062337         0.0000000000
   3    2   2    2        -0.0000018603         0.0000000000
   3    2   3    2       118.0285787632         0.0000000000
  
  
  Dynamical matrix, in cartesian coordinates,
   if specified in the inputs, asr has been imposed
     j1       j2             matrix element
  dir pert dir pert     real part    imaginary part
  
   1    1   3    2        -0.0000000787         0.0000000000
  
   2    1   3    2         0.0000000237         0.0000000000
  
   3    1   3    2        -1.1802929182        -0.0000000000
  
   1    2   3    2         0.0000000623         0.0000000000
  
   2    2   3    2        -0.0000000186         0.0000000000
  
   3    2   1    1        -0.0000000787        -0.0000000000
   3    2   2    1         0.0000000237        -0.0000000000
   3    2   3    1        -1.1802929182         0.0000000000
   3    2   1    2         0.0000000623         0.0000000000
   3    2   2    2        -0.0000000186         0.0000000000
   3    2   3    2         1.1802857876         0.0000000000
 
  Phonon wavevector (reduced coordinates) :  0.00000  0.00000  0.00000
 Phonon energies in Hartree :
   0.000000E+00  0.000000E+00  0.000000E+00  0.000000E+00  0.000000E+00
   2.544565E-02
 Phonon frequencies in cm-1    :
-  0.000000E+00  0.000000E+00  0.000000E+00  0.000000E+00  0.000000E+00
-  5.584675E+03
 chkph3 : WARNING -
  The dynamical matrix was incomplete : phonon frequencies may be wrong ...

================================================================================
== DATASET  3 ==================================================================

 mkfilename : getwfk/=0, take file _WFK from output of DATASET   1.

 mkfilename : get1wf/=0, take file _1WF from output of DATASET   2.

 Real(R)+Recip(G) space primitive vectors, cartesian coordinates (Bohr,Bohr^-1):
 R(1)= 10.0000000  0.0000000  0.0000000  G(1)=  0.1000000  0.0000000  0.0000000
 R(2)=  0.0000000 10.0000000  0.0000000  G(2)=  0.0000000  0.1000000  0.0000000
 R(3)=  0.0000000  0.0000000 10.0000000  G(3)=  0.0000000  0.0000000  0.1000000
 Unit cell volume ucvol=  1.0000000E+03 bohr^3
 Angles (23,13,12)=  9.00000000E+01  9.00000000E+01  9.00000000E+01 degrees
 setup1 : take into account q-point for computing boxcut.

 getcut: wavevector=  0.0000  0.0000  0.0000  ngfft=  16  16  16
         ecut(hartree)=      1.452   => boxcut(ratio)=   2.94966

 getcut : COMMENT -
  Note that boxcut > 2.2 ; recall that boxcut=Gcut(box)/Gcut(sphere) = 2
  is sufficient for exact treatment of convolution.
  Such a large boxcut is a waste : you could raise ecut
  e.g. ecut=    3.158273 Hartrees makes boxcut=2

--------------------------------------------------------------------------------

-inwffil : will read wavefunctions from disk file t06o_DS1_WFK
P newkpt: treating      4 bands with npw=      82 for ikpt=   1
P newkpt: treating      4 bands with npw=      81 for ikpt=   2
P newkpt: treating      4 bands with npw=      81 for ikpt=   3
P newkpt: treating      4 bands with npw=      82 for ikpt=   4


 ==>  initialize data related to q vector <==

 The list of irreducible perturbations for this q vector is:
    1)    idir= 3    ipert=   2

================================================================================

--------------------------------------------------------------------------------
 Perturbation wavevector (in red.coord.)   0.000000  0.000000  0.000000
 Perturbation : displacement of atom   2   along direction   3
 The set of symmetries contains only one element for this perturbation.
 symkpt : the number of k-points, thanks to the symmetries,
 is reduced to     2 .

--------------------------------------------------------------------------------

-inwffil : will read wavefunctions from disk file t06o_DS1_WFK
- newkpt: read input wf with ikpt,npw=   1      82, make ikpt,npw=   1      82
- newkpt: read input wf with ikpt,npw=   2      81, make ikpt,npw=   2      81

--------------------------------------------------------------------------------

-inwffil : will read wavefunctions from disk file t06o_DS1_WFK
- newkpt: read input wf with ikpt,npw=   1      82, make ikpt,npw=   1      82
- newkpt: read input wf with ikpt,npw=   2      81, make ikpt,npw=   2      81

 Initialisation of the first-order wave-functions :
  ireadwf=   1
-inwffil : will read wavefunctions from disk file t06o_DS2_1WF6
P newkpt: treating      4 bands with npw=      82 for ikpt=   1
P newkpt: treating      4 bands with npw=      81 for ikpt=   2


     iter   2DEtotal(Ha)        deltaE(Ha) residm    vres2
-ETOT  1   118.02986650426     -4.606E+01 2.891E-10 1.433E-05
 ETOT  2   118.02986643164     -7.262E-08 1.272E-11 1.542E-06
 ETOT  3   118.02986642151     -1.014E-08 1.412E-12 4.440E-07
 ETOT  4   118.02986641974     -1.770E-09 7.730E-14 8.038E-08
 ETOT  5   118.02986641937     -3.740E-10 7.660E-14 2.934E-08
 ETOT  6   118.02986641927     -9.472E-11 9.067E-15 8.305E-09
 ETOT  7   118.02986641924     -2.696E-11 2.223E-15 3.070E-09
 ETOT  8   118.02986641924     -7.972E-12 8.987E-16 1.074E-09

 At SCF step    8   max residual=  8.99E-16 < tolwfr=  1.00E-15 =>converged.
================================================================================

 ----iterations are completed or convergence reached----

 Mean square residual over all n,k,spin=   6.2033E-16; max=  8.9867E-16
   0.0000  0.0000 -0.3750    1  5.94467E-16 kpt; spin; max resid(k); each band:
 2.86E-16 5.94E-16 5.85E-16 5.85E-16
   0.0000  0.0000 -0.1250    1  8.98674E-16 kpt; spin; max resid(k); each band:
 3.60E-16 8.99E-16 8.27E-16 8.27E-16

 Thirteen components of 2nd-order total energy (hartree) are
 1,2,3: 0th-order hamiltonian combined with 1st-order wavefunctions
     kin0=   3.45881707E+01 eigvalue=  -4.07915002E+00  local=  -9.04130153E+00
 4,5,6: 1st-order hamiltonian combined with 1st and 0th-order wfs
 loc psp =  -9.21176354E+01  Hartree=   2.45910944E+01     xc=   0.00000000E+00
 note that "loc psp" includes a xc core correction that could be resolved
 7,8,9: eventually, occupation + non-local contributions
    edocc=   0.00000000E+00     enl0=   0.00000000E+00   enl1=   0.00000000E+00
 1-9 gives the relaxation energy (to be shifted if some occ is /=2.0)
   erelax=  -4.60588219E+01
 10,11,12 Non-relaxation  contributions : frozen-wavefunctions and Ewald
 fr.local=   3.30479136E+01 fr.nonlo=   0.00000000E+00  Ewald=   1.31040775E+02
 13,14 Frozen wf xc core corrections (1) and (2)
 frxc 1  =   0.00000000E+00  frxc 2 =   0.00000000E+00
 Resulting in :
 2DEtotal=    0.1180298664E+03 Ha. Also 2DEtotal=    0.321175600208E+04 eV
    (2DErelax=   -4.6058821860E+01 Ha. 2DEnonrelax=    1.6408868828E+02 Ha)
    (  non-var. 2DEtotal :    1.1802987057E+02 Ha)

================================================================================

 ---- first-order wavefunction calculations are completed ----


 ==> Compute Derivative Database <==
  
  2nd-order matrix (non-cartesian coordinates, masses not included,
   asr not included )
     j1       j2             matrix element
  dir pert dir pert     real part     imaginary part
  
   1    1   3    2        -0.0000078578         0.0000000000
  
   2    1   3    2         0.0000023674         0.0000000000
  
   3    1   3    2      -118.0298616748        -0.0000000000
  
   1    2   3    2         0.0000062215         0.0000000000
  
   2    2   3    2        -0.0000018563         0.0000000000
  
   3    2   1    1        -0.0000078578        -0.0000000000
   3    2   2    1         0.0000023674        -0.0000000000
   3    2   3    1      -118.0298616748         0.0000000000
   3    2   1    2         0.0000062215         0.0000000000
   3    2   2    2        -0.0000018563         0.0000000000
   3    2   3    2       118.0298705735         0.0000000000
  
  
  Dynamical matrix, in cartesian coordinates,
   if specified in the inputs, asr has been imposed
     j1       j2             matrix element
  dir pert dir pert     real part    imaginary part
  
   1    1   3    2        -0.0000000786         0.0000000000
  
   2    1   3    2         0.0000000237         0.0000000000
  
   3    1   3    2        -1.1802986167        -0.0000000000
  
   1    2   3    2         0.0000000622         0.0000000000
  
   2    2   3    2        -0.0000000186         0.0000000000
  
   3    2   1    1        -0.0000000786        -0.0000000000
   3    2   2    1         0.0000000237        -0.0000000000
   3    2   3    1        -1.1802986167         0.0000000000
   3    2   1    2         0.0000000622         0.0000000000
   3    2   2    2        -0.0000000186         0.0000000000
   3    2   3    2         1.1802987057         0.0000000000
 
  Phonon wavevector (reduced coordinates) :  0.00000  0.00000  0.00000
 Phonon energies in Hartree :
   0.000000E+00  0.000000E+00  0.000000E+00  0.000000E+00  0.000000E+00
   2.544579E-02
 Phonon frequencies in cm-1    :
-  0.000000E+00  0.000000E+00  0.000000E+00  0.000000E+00  0.000000E+00
-  5.584705E+03
 chkph3 : WARNING -
  The dynamical matrix was incomplete : phonon frequencies may be wrong ...

== END DATASET(S) ==============================================================
================================================================================
  
 -outvars: echo values of variables after computation  --------
     acell    1.0000000000E+01  1.0000000000E+01  1.0000000000E+01 Bohr
       amu    1.00000000E+00
    diemac1   1.00000000E+06
    diemac2   1.00000000E+00
    diemac3   1.00000000E+00
    diemix1   1.00000000E+00
    diemix2   3.50000000E-01
    diemix3   3.50000000E-01
   dilatmx    1.10000000E+00
      ecut    1.20000000E+00 Hartree
    etotal1  -4.7794608749E+00
    etotal2   1.1802986690E+02
    etotal3   1.1802986642E+02
     fcart1   1.0692563181E-10 -1.5717788537E-09 -8.5592218848E-01
             -1.0692563181E-10  1.5717788537E-09  8.5592218848E-01
     fcart2   0.0000000000E+00  0.0000000000E+00  0.0000000000E+00
              0.0000000000E+00  0.0000000000E+00  0.0000000000E+00
     fcart3   0.0000000000E+00  0.0000000000E+00  0.0000000000E+00
              0.0000000000E+00  0.0000000000E+00  0.0000000000E+00
    getwfk1        0
    getwfk2        1
    getwfk3        1
    get1wf1        0
    get1wf2        0
    get1wf3        2
      iscf1        3
      iscf2        2
      iscf3        2
       ixc         0
    jdtset      1    2    3
       kpt    0.00000000E+00  0.00000000E+00 -3.75000000E-01
              0.00000000E+00  0.00000000E+00 -1.25000000E-01
              0.00000000E+00  0.00000000E+00  1.25000000E-01
              0.00000000E+00  0.00000000E+00  3.75000000E-01
    mffmem1        1
    mffmem2        1
    mffmem3        0
P    mkmem1        4
P    mkmem2        4
P    mkmem3        0
P   mkqmem1        4
P   mkqmem2        4
P   mkqmem3        0
P   mk1mem1        4
P   mk1mem2        4
P   mk1mem3        0
     natom         2
     nband         4
    ndtset         3
     ngfft        16      16      16
      nkpt         4
      nqpt1        0
      nqpt2        1
      nqpt3        1
     nstep1       30
     nstep2       12
     nstep3       30
      nsym         1
    ntypat         1
       occ    2.000000  2.000000  2.000000  2.000000
 optdriver1        0
 optdriver2        1
 optdriver3        1
   rfatpol         2       2
     rfdir         0       0       1
    rfphon1        0
    rfphon2        1
    rfphon3        1
   spgroup         1
    strten1   1.5186452389E-04  1.5186451914E-04 -2.4228401482E-03
              9.6714965495E-13 -3.9124686078E-14  2.9261604113E-14
    strten2   0.0000000000E+00  0.0000000000E+00  0.0000000000E+00
              0.0000000000E+00  0.0000000000E+00  0.0000000000E+00
    strten3   0.0000000000E+00  0.0000000000E+00  0.0000000000E+00
              0.0000000000E+00  0.0000000000E+00  0.0000000000E+00
    tolwfr    1.00000000E-15
     typat    1  1
       wtk      0.25000    0.25000    0.25000    0.25000
    xangst    0.0000000000E+00  0.0000000000E+00  0.0000000000E+00
              0.0000000000E+00  0.0000000000E+00  1.5875316258E+00
     xcart    0.0000000000E+00  0.0000000000E+00  0.0000000000E+00
              0.0000000000E+00  0.0000000000E+00  3.0000000000E+00
      xred    0.0000000000E+00  0.0000000000E+00  0.0000000000E+00
              0.0000000000E+00  0.0000000000E+00  3.0000000000E-01
     znucl     32.00000

================================================================================

- Total cpu        time (s,m,h):          2.6        0.04      0.001
- Total wall clock time (s,m,h):          2.6        0.04      0.001

- For major independent code sections, cpu and wall times (sec),
- as well as % of the total time and number of calls 

- routine                 cpu     %       wall     %      number of calls 
-                                                          (-1=no count)
- fourwf(pot)            0.770  29.6      0.824  31.7           2428
- invars2                0.441  16.9      0.441  16.9              3
- pspini                 0.168   6.5      0.169   6.5              3
- vtorho3 (1)            0.162   6.2      0.159   6.1             20
- status                 0.131   5.0      0.128   4.9           2494
- timing timab           0.131   5.0      0.131   5.0              5
- abinit(2)              0.131   5.0      0.132   5.1              1
- vtowfk(ssdiag)         0.122   4.7      0.123   4.7             -1
- inwffil                0.108   4.2      0.108   4.2              9
- fourwf(den)            0.036   1.4      0.029   1.1            352
- getghc-other           0.031   1.2      0.019   0.7             -1
- fourwf(G->r)           0.030   1.2      0.026   1.0            336
- projbd                 0.026   1.0      0.010   0.4           4007
- vtorho3-kpt loop       0.019   0.7      0.022   0.8             20
- fourdp                 0.018   0.7      0.017   0.7            144
- nonlop(apply)          0.015   0.6      0.010   0.4           2268
- forces                 0.015   0.6      0.019   0.7             20
- cgwf3-O(npw)           0.012   0.5      0.018   0.7             -1
- 52   others            0.088   3.4      0.091   3.5

- subtotal               2.454  94.3      2.476  95.2

================================================================================

 Calculation completed.
.Delivered   40 WARNINGs and  17 COMMENTs to log file.
+Overall time at end (sec) : cpu=          2.6  wall=          2.6
