
.Version 5.6.3  of ABINIT 
.(sequential version, prepared for a x86_64_linux_gcc4.3 computer) 

.Copyright (C) 1998-2008 ABINIT group . 
 ABINIT comes with ABSOLUTELY NO WARRANTY.
 It is free software, and you are welcome to redistribute it
 under certain conditions (GNU General Public License,
 see ~abinit/COPYING or http://www.gnu.org/copyleft/gpl.txt).

 ABINIT is a project of the Universite Catholique de Louvain,
 Corning Inc. and other collaborators, see ~abinit/doc/developers/contributors.txt .
 Please read ~abinit/doc/users/acknowledgments.html for suggested
 acknowledgments of the ABINIT effort.
 For more information, see http://www.abinit.org .

.Starting date : Thu  6 Nov 2008.
  
- input  file    -> /home/gonze/ABINIT/ABINITv5.6.3/test_gcc43/5.6.3-private/tests/v3/Input/t14.in
- output file    -> t14.out
- root for input  files -> t14i
- root for output files -> t14o


 DATASET    8 : space group R-3 m (#166); Bravais hR (rhombohedral)
================================================================================
 Values of the parameters that define the memory need for DATASET  8.
   intxc =         0  ionmov =         0    iscf =         5 xclevel =         1
  lmnmax =         9   lnmax =         9   mband =        10  mffmem =         1
P  mgfft =        12   mkmem =         2 mpssoang=         5     mpw =        65
  mqgrid =      3001   natom =         2    nfft =      1728    nkpt =         2
  nloalg =         4  nspden =         1 nspinor =         2  nsppol =         1
    nsym =        12  n1xccc =         0  ntypat =         1  occopt =         1
================================================================================
P This job should need less than                       1.226 Mbytes of memory.
  Rough estimation (10% accuracy) of disk space for files :
  WF disk file :      0.022 Mbytes ; DEN or POT disk file :      0.015 Mbytes.
================================================================================


 DATASET   10 : space group R-3 m (#166); Bravais hR (rhombohedral)
================================================================================
 Values of the parameters that define the memory need for DATASET 10 (RF).
   intxc =         0    iscf =         5 xclevel =         1  lmnmax =         9
   lnmax =         9   mband =        10  mffmem =         1   mgfft =        12
P  mkmem =         4  mkqmem =         4  mk1mem =         4 mpssoang=         5
     mpw =        65  mqgrid =      3001   natom =         2    nfft =      1728
    nkpt =         4  nloalg =         4  nspden =         1 nspinor =         2
  nsppol =         1    nsym =        12  n1xccc =         0  ntypat =         1
  occopt =         1
================================================================================
P This job should need less than                       1.565 Mbytes of memory.
  Rough estimation (10% accuracy) of disk space for files :
  WF disk file :      0.042 Mbytes ; DEN or POT disk file :      0.015 Mbytes.
================================================================================

 -outvars: echo values of preprocessed input variables --------
     acell    9.0000000000E+00  9.0000000000E+00  9.0000000000E+00 Bohr
       amu    2.08980370E+02
      ecut    2.00000000E+00 Hartree
    getwfk8        0
    getwfk10       8
      iscf         5
    jdtset      8   10
       kpt8   2.50000000E-01  2.50000000E-01  2.50000000E-01
             -2.50000000E-01  2.50000000E-01  2.50000000E-01
       kpt10  2.50000000E-01  2.50000000E-01  2.50000000E-01
             -2.50000000E-01  2.50000000E-01  2.50000000E-01
              2.50000000E-01 -2.50000000E-01  2.50000000E-01
             -2.50000000E-01 -2.50000000E-01  2.50000000E-01
   kptrlen    1.72466966E+01
    kptopt8        1
    kptopt10       2
  kptrlatt    2  0  0   0  2  0   0  0  2
P    mkmem8        2
P    mkmem10       4
P   mkqmem8        2
P   mkqmem10       4
P   mk1mem8        2
P   mk1mem10       4
     natom         2
     nband8    10
     nband10   10
    ndtset         2
     ngfft        12      12      12
      nkpt8        2
      nkpt10       4
      nqpt8        0
      nqpt10       1
   nspinor         2
     nstep8       20
     nstep10      15
      nsym        12
    ntypat         1
       occ8   1.000000  1.000000  1.000000  1.000000  1.000000  1.000000
              1.000000  1.000000  1.000000  1.000000
       occ10  1.000000  1.000000  1.000000  1.000000  1.000000  1.000000
              1.000000  1.000000  1.000000  1.000000
 optdriver8        0
 optdriver10       1
     rfdir         1       0       0
    rfphon8        0
    rfphon10       1
     rprim    5.5318805038E-01  0.0000000000E+00  8.3305640920E-01
             -2.7659402519E-01  4.7907490470E-01  8.3305640920E-01
             -2.7659402519E-01 -4.7907490470E-01  8.3305640920E-01
    shiftk    5.00000000E-01  5.00000000E-01  5.00000000E-01
   spgroup       166
    symrel    1  0  0   0  1  0   0  0  1      -1  0  0   0 -1  0   0  0 -1
              0  1  0   1  0  0   0  0  1       0 -1  0  -1  0  0   0  0 -1
              0  0  1   1  0  0   0  1  0       0  0 -1  -1  0  0   0 -1  0
              1  0  0   0  0  1   0  1  0      -1  0  0   0  0 -1   0 -1  0
              0  1  0   0  0  1   1  0  0       0 -1  0   0  0 -1  -1  0  0
              0  0  1   0  1  0   1  0  0       0  0 -1   0 -1  0  -1  0  0
    toldfe8   0.00000000E+00 Hartree
    toldfe10  1.00000000E-12 Hartree
    tolvrs8   1.00000000E-20
    tolvrs10  0.00000000E+00
     typat    1  1
       wtk8     0.25000    0.75000
       wtk10    0.25000    0.25000    0.25000    0.25000
    xangst    0.0000000000E+00  0.0000000000E+00  2.7494845596E+00
              0.0000000000E+00  0.0000000000E+00 -2.7494845596E+00
     xcart    0.0000000000E+00  0.0000000000E+00  5.1957728242E+00
              0.0000000000E+00  0.0000000000E+00 -5.1957728242E+00
      xred    2.3100000000E-01  2.3100000000E-01  2.3100000000E-01
             -2.3100000000E-01 -2.3100000000E-01 -2.3100000000E-01
     znucl     83.00000

================================================================================

 chkinp: Checking input parameters for consistency, jdtset= 8.

 chkinp: Checking input parameters for consistency, jdtset=10.

================================================================================
== DATASET  8 ==================================================================

 Real(R)+Recip(G) space primitive vectors, cartesian coordinates (Bohr,Bohr^-1):
 R(1)=  4.9786925  0.0000000  7.4975077  G(1)=  0.1339040  0.0000000  0.0444592
 R(2)= -2.4893462  4.3116741  7.4975077  G(2)= -0.0669520  0.1159642  0.0444592
 R(3)= -2.4893462 -4.3116741  7.4975077  G(3)= -0.0669520 -0.1159642  0.0444592
 Unit cell volume ucvol=  4.8283574E+02 bohr^3
 Angles (23,13,12)=  5.72500000E+01  5.72500000E+01  5.72500000E+01 degrees

 getcut: wavevector=  0.0000  0.0000  0.0000  ngfft=  12  12  12
         ecut(hartree)=      2.000   => boxcut(ratio)=   2.09807

--- Pseudopotential description ------------------------------------------------
- pspini: atom type   1  psp file is /home/gonze/ABINIT/ABINITv5.6.3/test_gcc43/5.6.3-private/tests/Psps_for_tests/83bi.psphgh
- pspatm: opening atomic psp file    /home/gonze/ABINIT/ABINITv5.6.3/test_gcc43/5.6.3-private/tests/Psps_for_tests/83bi.psphgh
 Hartwigsen-Goedecker-Hutter psp for Bismuth,  from PRB58, 3641 (1998) paper
  83.00000   5.00000    980509                znucl, zion, pspdat
    3    1    2    0      2001   0.00000      pspcod,pspxc,lmax,lloc,mmax,r2well
 rloc=   0.6050000
 cc1 =   6.6794370; cc2 =   0.0000000; cc3 =   0.0000000; cc4 =   0.0000000
 rrs =   0.6788580; h11s=   1.3776340; h22s=  -0.5136970; h33s=  -0.4710280
 rrp =   0.7986730; h11p=   0.6555780; h22p=  -0.4029320; h33p=   0.0000000
                    k11p=   0.3053140; k22p=  -0.0231340; k33p=   0.0000000
 rrd =   0.9346830; h11d=   0.3784760; h22d=   0.0000000; h33d=   0.0000000
                    k11d=   0.0292170; k22d=   0.0000000; k33d=   0.0000000
-  Local part computed in reciprocal space.

 pspatm : COMMENT -
  the projectors are not normalized,
  so that the KB energies are not consistent with
  definition in PRB44, 8503 (1991).
  However, this does not influence the results obtained hereafter.
 pspatm: epsatm=   34.79471556
         --- l  ekb(1:nproj) -->
             0   -0.901401   -0.217891    1.555038
             1   -0.989901    1.571994
             2    3.344673
  spin-orbit 1   -0.053970    0.704109
  spin-orbit 2    0.258197
 pspatm: atomic psp has been read  and splines computed

   6.95894311E+02                                ecore*ucvol(ha*bohr**3)
--------------------------------------------------------------------------------

P newkpt: treating     10 bands with npw=      65 for ikpt=   1
P newkpt: treating     10 bands with npw=      65 for ikpt=   2

 setup2: Arith. and geom. avg. npw (full set) are      65.000      65.000

================================================================================

     iter   Etot(hartree)      deltaE(h)  residm     vres2    diffor    maxfor
 ETOT  1  -10.730690268626    -1.073E+01 5.672E-04 2.345E+00 1.074E-02 1.074E-02
 ETOT  2  -10.742451743052    -1.176E-02 1.454E-06 1.769E-01 1.161E-02 8.725E-04
 ETOT  3  -10.743217893547    -7.662E-04 7.441E-06 1.537E-02 4.403E-03 5.275E-03
 ETOT  4  -10.743266066820    -4.817E-05 4.720E-07 1.364E-03 1.562E-03 3.713E-03
 ETOT  5  -10.743268645412    -2.579E-06 2.463E-08 3.569E-04 2.509E-04 3.462E-03
 ETOT  6  -10.743269532242    -8.868E-07 6.645E-09 2.543E-05 5.936E-05 3.521E-03
 ETOT  7  -10.743269589578    -5.734E-08 8.291E-10 2.802E-07 1.320E-05 3.508E-03
 ETOT  8  -10.743269590294    -7.160E-10 6.272E-12 5.008E-08 4.276E-06 3.512E-03
 ETOT  9  -10.743269590423    -1.288E-10 2.129E-13 1.768E-09 1.379E-06 3.511E-03
 ETOT 10  -10.743269590428    -4.967E-12 2.227E-14 7.961E-12 8.580E-08 3.511E-03
 ETOT 11  -10.743269590428    -2.487E-14 1.005E-15 8.448E-12 8.586E-09 3.511E-03
 ETOT 12  -10.743269590428    -8.882E-15 1.058E-16 2.568E-13 1.369E-08 3.511E-03
 ETOT 13  -10.743269590428     8.882E-15 1.251E-17 1.642E-14 1.067E-09 3.511E-03
 ETOT 14  -10.743269590428    -1.776E-15 1.356E-19 2.892E-14 2.963E-10 3.511E-03
 ETOT 15  -10.743269590428     1.421E-14 5.139E-20 8.715E-16 8.772E-11 3.511E-03
 ETOT 16  -10.743269590428    -1.776E-14 5.636E-21 4.570E-17 5.290E-12 3.511E-03
 ETOT 17  -10.743269590428     1.599E-14 1.435E-22 1.074E-17 7.641E-12 3.511E-03
 ETOT 18  -10.743269590428     0.000E+00 5.616E-23 3.553E-19 9.081E-12 3.511E-03
 ETOT 19  -10.743269590428    -3.553E-15 6.595E-25 2.277E-20 2.847E-12 3.511E-03
 ETOT 20  -10.743269590428    -3.553E-15 5.956E-26 5.201E-20 2.889E-13 3.511E-03

 Cartesian components of stress tensor (hartree/bohr^3)
  sigma(1 1)=  5.12937927E-04  sigma(3 2)=  0.00000000E+00
  sigma(2 2)=  5.12937927E-04  sigma(3 1)=  0.00000000E+00
  sigma(3 3)=  1.03867893E-03  sigma(2 1)=  0.00000000E+00


 scprqt:  WARNING -
  nstep=   20 was not enough SCF cycles to converge;
  potential residual=  5.201E-20 exceeds tolvrs=  1.000E-20

================================================================================

 ----iterations are completed or convergence reached----

 Mean square residual over all n,k,spin=   1.2964E-26; max=  5.9561E-26
   0.2500  0.2500  0.2500    1  5.95610E-26 kpt; spin; max resid(k); each band:
 5.60E-27 5.59E-27 3.79E-27 3.78E-27 1.00E-27 1.00E-27 1.93E-27 2.05E-27
 5.96E-26 5.57E-26
  -0.2500  0.2500  0.2500    1  1.72490E-26 kpt; spin; max resid(k); each band:
 1.15E-26 1.15E-26 1.61E-26 1.61E-26 1.72E-26 1.72E-26 4.90E-27 4.89E-27
 9.85E-27 9.87E-27
 reduced coordinates (array xred) for    2 atoms
       0.231000000000      0.231000000000      0.231000000000
      -0.231000000000     -0.231000000000     -0.231000000000
 rms dE/dt=  2.6324E-02; max dE/dt=  2.6324E-02; dE/dt below (all hartree)
    1      -0.026324317530     -0.026324317530     -0.026324317530
    2       0.026324317530      0.026324317530      0.026324317530

 cartesian coordinates (angstrom) at end:
    1      0.00000000000000     0.00000000000000     2.74948455957311
    2      0.00000000000000     0.00000000000000    -2.74948455957311

 cartesian forces (hartree/bohr) at end:
    1     -0.00000000000000    -0.00000000000000     0.00351107576592
    2      0.00000000000000    -0.00000000000000    -0.00351107576592
 frms,max,avg= 2.0271205E-03 3.5110758E-03   0.000E+00  0.000E+00  0.000E+00 h/b

 cartesian forces (eV/Angstrom) at end:
    1     -0.00000000000000    -0.00000000000000     0.18054675990784
    2      0.00000000000000    -0.00000000000000    -0.18054675990784
 frms,max,avg= 1.0423872E-01 1.8054676E-01   0.000E+00  0.000E+00  0.000E+00 e/A
 length scales=  9.000000000000  9.000000000000  9.000000000000 bohr
              =  4.762594877310  4.762594877310  4.762594877310 angstroms
 prteigrs : about to open file t14o_DS8_EIG
 Fermi (or HOMO) energy (hartree) =   0.04004   Average Vxc (hartree)=  -0.30516
 Eigenvalues (hartree) for nkpt=   2  k points:
 kpt#   1, nband= 10, wtk=  0.25000, kpt=  0.2500  0.2500  0.2500 (reduced coord)
  -0.34812  -0.34812  -0.17241  -0.17241  -0.04200  -0.04200   0.03963   0.03963
   0.04004   0.04004
 kpt#   2, nband= 10, wtk=  0.75000, kpt= -0.2500  0.2500  0.2500 (reduced coord)
  -0.28727  -0.28727  -0.23665  -0.23665  -0.08320  -0.08320  -0.06346  -0.06346
  -0.00235  -0.00235
 Total charge density [el/Bohr^3]
,     Maximum=    4.5736E-02  at reduced coord.    0.0000    0.0000    0.5000
,Next maximum=    4.5736E-02  at reduced coord.    0.0000    0.5000    0.0000
,     Minimum=    2.3188E-03  at reduced coord.    0.5000    0.5000    0.5000
,Next minimum=    2.3803E-03  at reduced coord.    0.0000    0.0000    0.0000

--------------------------------------------------------------------------------
 Components of total free energy (in Hartree) :

    Kinetic energy  =  2.88795197187421E+00
    Hartree energy  =  4.21719232219971E-01
    XC energy       = -2.62158344338577E+00
    Ewald energy    = -1.13058438878511E+01
    PspCore energy  =  1.44126513565306E+00
    Loc. psp. energy= -2.04075469986747E+00
    NL   psp  energy=  4.73976100929162E-01
    >>>>>>>>> Etotal= -1.07432695904279E+01

 Other information on the energy :
    Total energy(eV)= -2.92339232736599E+02 ; Band energy (Ha)=  -1.2508390648E+00
--------------------------------------------------------------------------------

 Cartesian components of stress tensor (hartree/bohr^3)
  sigma(1 1)=  5.12937927E-04  sigma(3 2)=  0.00000000E+00
  sigma(2 2)=  5.12937927E-04  sigma(3 1)=  0.00000000E+00
  sigma(3 3)=  1.03867893E-03  sigma(2 1)=  0.00000000E+00

-Cartesian components of stress tensor (GPa)         [Pressure= -2.0247E+01 GPa]
- sigma(1 1)=  1.50911523E+01  sigma(3 2)=  0.00000000E+00
- sigma(2 2)=  1.50911523E+01  sigma(3 1)=  0.00000000E+00
- sigma(3 3)=  3.05589842E+01  sigma(2 1)=  0.00000000E+00

================================================================================
== DATASET 10 ==================================================================

 mkfilename : getwfk/=0, take file _WFK from output of DATASET   8.

 Real(R)+Recip(G) space primitive vectors, cartesian coordinates (Bohr,Bohr^-1):
 R(1)=  4.9786925  0.0000000  7.4975077  G(1)=  0.1339040  0.0000000  0.0444592
 R(2)= -2.4893462  4.3116741  7.4975077  G(2)= -0.0669520  0.1159642  0.0444592
 R(3)= -2.4893462 -4.3116741  7.4975077  G(3)= -0.0669520 -0.1159642  0.0444592
 Unit cell volume ucvol=  4.8283574E+02 bohr^3
 Angles (23,13,12)=  5.72500000E+01  5.72500000E+01  5.72500000E+01 degrees
 setup1 : take into account q-point for computing boxcut.

 getcut: wavevector=  0.0000  0.0000  0.0000  ngfft=  12  12  12
         ecut(hartree)=      2.000   => boxcut(ratio)=   2.09807
--------------------------------------------------------------------------------

-inwffil : will read wavefunctions from disk file t14o_DS8_WFK
- newkpt: read input wf with ikpt,npw=   1      65, make ikpt,npw=   1      65
- newkpt: read input wf with ikpt,npw=   2      65, make ikpt,npw=   2      65
- newkpt: read input wf with ikpt,npw=   2      65, make ikpt,npw=   3      65
- newkpt: read input wf with ikpt,npw=   2      65, make ikpt,npw=   4      65


 ==>  initialize data related to q vector <==

 The list of irreducible perturbations for this q vector is:
    1)    idir= 1    ipert=   1

================================================================================

--------------------------------------------------------------------------------
 Perturbation wavevector (in red.coord.)   0.000000  0.000000  0.000000
 Perturbation : displacement of atom   1   along direction   1
 Found     2 symmetries that leave the perturbation invariant.
 symkpt : the number of k-points, thanks to the symmetries,
 is reduced to     3 .

--------------------------------------------------------------------------------

-inwffil : will read wavefunctions from disk file t14o_DS8_WFK
- newkpt: read input wf with ikpt,npw=   1      65, make ikpt,npw=   1      65
- newkpt: read input wf with ikpt,npw=   2      65, make ikpt,npw=   2      65
- newkpt: read input wf with ikpt,npw=   2      65, make ikpt,npw=   3      65

--------------------------------------------------------------------------------

-inwffil : will read wavefunctions from disk file t14o_DS8_WFK
- newkpt: read input wf with ikpt,npw=   1      65, make ikpt,npw=   1      65
- newkpt: read input wf with ikpt,npw=   2      65, make ikpt,npw=   2      65
- newkpt: read input wf with ikpt,npw=   2      65, make ikpt,npw=   3      65

 Initialisation of the first-order wave-functions :
  ireadwf=   0
P newkpt: treating     10 bands with npw=      65 for ikpt=   1
P newkpt: treating     10 bands with npw=      65 for ikpt=   2
P newkpt: treating     10 bands with npw=      65 for ikpt=   3


     iter   2DEtotal(Ha)        deltaE(Ha) residm    vres2
-ETOT  1   21.843660208680     -5.283E+01 6.864E-02 1.847E+03
 ETOT  2   2.8242141977416     -1.902E+01 1.091E-02 3.361E+01
 ETOT  3   2.5783861844561     -2.458E-01 2.433E-03 9.597E+00
 ETOT  4   2.4864984244989     -9.189E-02 3.208E-05 6.126E-01
 ETOT  5   2.4818396617304     -4.659E-03 7.754E-06 3.949E-02
 ETOT  6   2.4815722612533     -2.674E-04 6.207E-07 1.376E-03
 ETOT  7   2.4815630173142     -9.244E-06 5.054E-08 2.859E-04
 ETOT  8   2.4815614825650     -1.535E-06 6.112E-09 4.077E-05
 ETOT  9   2.4815612544121     -2.282E-07 1.920E-09 7.807E-07
 ETOT 10   2.4815612467768     -7.635E-09 1.944E-11 8.949E-08
 ETOT 11   2.4815612475846      8.078E-10 4.232E-12 2.437E-07
 ETOT 12   2.4815612474481     -1.365E-10 1.454E-13 2.686E-07
 ETOT 13   2.4815612462572     -1.191E-09 1.568E-12 2.255E-08
 ETOT 14   2.4815612462276     -2.956E-11 1.522E-13 1.825E-08
 ETOT 15   2.4815612461319     -9.572E-11 1.501E-13 1.890E-09

 scprqt:  WARNING -
  nstep=   15 was not enough SCF cycles to converge;
  maximum energy difference=  9.572E-11 exceeds toldfe=  1.000E-12

================================================================================

 ----iterations are completed or convergence reached----

 Mean square residual over all n,k,spin=   1.5687E-14; max=  1.5015E-13
   0.2500  0.2500  0.2500    1  1.50149E-13 kpt; spin; max resid(k); each band:
 1.28E-14 1.28E-14 7.78E-15 7.18E-16 5.53E-15 3.12E-15 9.80E-15 8.05E-15
 1.50E-13 1.19E-13
  -0.2500  0.2500  0.2500    1  1.13940E-14 kpt; spin; max resid(k); each band:
 1.14E-14 1.12E-14 3.17E-15 3.07E-15 4.44E-15 3.08E-15 9.76E-15 1.00E-14
 7.15E-15 7.88E-15
   0.2500 -0.2500  0.2500    1  1.02157E-14 kpt; spin; max resid(k); each band:
 1.02E-14 1.02E-14 5.55E-15 3.67E-15 4.19E-15 4.70E-15 1.01E-14 9.32E-15
 5.75E-15 6.17E-15

 Thirteen components of 2nd-order total energy (hartree) are
 1,2,3: 0th-order hamiltonian combined with 1st-order wavefunctions
     kin0=   8.04612956E+01 eigvalue=   5.68445140E+00  local=  -4.51501523E+01
 4,5,6: 1st-order hamiltonian combined with 1st and 0th-order wfs
 loc psp =  -1.03835564E+02  Hartree=   2.08396661E+01     xc=  -8.01841314E+00
 note that "loc psp" includes a xc core correction that could be resolved
 7,8,9: eventually, occupation + non-local contributions
    edocc=   0.00000000E+00     enl0=   1.83770295E+01   enl1=  -4.05521931E+01
 1-9 gives the relaxation energy (to be shifted if some occ is /=2.0)
   erelax=  -7.21938803E+01
 10,11,12 Non-relaxation  contributions : frozen-wavefunctions and Ewald
 fr.local=   3.81844649E+01 fr.nonlo=   1.96867758E+01  Ewald=   1.68042009E+01
 13,14 Frozen wf xc core corrections (1) and (2)
 frxc 1  =   0.00000000E+00  frxc 2 =   0.00000000E+00
 Resulting in :
 2DEtotal=    0.2481561246E+01 Ha. Also 2DEtotal=    0.675267156406E+02 eV
    (2DErelax=   -7.2193880298E+01 Ha. 2DEnonrelax=    7.4675441544E+01 Ha)
    (  non-var. 2DEtotal :    2.4815628093E+00 Ha)

================================================================================

 ---- first-order wavefunction calculations are completed ----


 ==> Compute Derivative Database <==
  
  2nd-order matrix (non-cartesian coordinates, masses not included,
   asr not included )
     j1       j2             matrix element
  dir pert dir pert     real part     imaginary part
  
   1    1   1    1         2.4815628093         0.0000000000
   1    1   2    1         0.9970063947         0.0000000000
   1    1   3    1         0.9970063947         0.0000000000
   1    1   1    2        -2.4816333559        -0.0000000000
   1    1   2    2        -0.9970920306         0.0000000000
   1    1   3    2        -0.9970920306         0.0000000000
  
   2    1   1    1         0.9970063947         0.0000000000
   2    1   2    1         2.4815628093         0.0000000000
   2    1   3    1         0.9970063947         0.0000000000
   2    1   1    2        -0.9970920306         0.0000000000
   2    1   2    2        -2.4816333559        -0.0000000000
   2    1   3    2        -0.9970920306         0.0000000000
  
   3    1   1    1         0.9970063947         0.0000000000
   3    1   2    1         0.9970063947         0.0000000000
   3    1   3    1         2.4815628093         0.0000000000
   3    1   1    2        -0.9970920306         0.0000000000
   3    1   2    2        -0.9970920306         0.0000000000
   3    1   3    2        -2.4816333559        -0.0000000000
  
   1    2   1    1        -2.4816333559         0.0000000000
   1    2   2    1        -0.9970920306        -0.0000000000
   1    2   3    1        -0.9970920306        -0.0000000000
   1    2   1    2         2.4815628093         0.0000000000
   1    2   2    2         0.9970063947         0.0000000000
   1    2   3    2         0.9970063947         0.0000000000
  
   2    2   1    1        -0.9970920306        -0.0000000000
   2    2   2    1        -2.4816333559         0.0000000000
   2    2   3    1        -0.9970920306        -0.0000000000
   2    2   1    2         0.9970063947         0.0000000000
   2    2   2    2         2.4815628093         0.0000000000
   2    2   3    2         0.9970063947         0.0000000000
  
   3    2   1    1        -0.9970920306        -0.0000000000
   3    2   2    1        -0.9970920306        -0.0000000000
   3    2   3    1        -2.4816333559         0.0000000000
   3    2   1    2         0.9970063947         0.0000000000
   3    2   2    2         0.9970063947         0.0000000000
   3    2   3    2         2.4815628093         0.0000000000
  
  
  Dynamical matrix, in cartesian coordinates,
   if specified in the inputs, asr has been imposed
     j1       j2             matrix element
  dir pert dir pert     real part    imaginary part
  
   1    1   1    1         0.0399277509         0.0000000000
   1    1   2    1         0.0000000000         0.0000000000
   1    1   3    1         0.0000000000         0.0000000000
   1    1   1    2        -0.0399273451        -0.0000000000
   1    1   2    2         0.0000000000        -0.0000000000
   1    1   3    2        -0.0000000000        -0.0000000000
  
   2    1   1    1         0.0000000000         0.0000000000
   2    1   2    1         0.0399277509         0.0000000000
   2    1   3    1        -0.0000000000         0.0000000000
   2    1   1    2         0.0000000000        -0.0000000000
   2    1   2    2        -0.0399273451        -0.0000000000
   2    1   3    2         0.0000000000         0.0000000000
  
   3    1   1    1         0.0000000000         0.0000000000
   3    1   2    1        -0.0000000000         0.0000000000
   3    1   3    1         0.0265395652         0.0000000000
   3    1   1    2        -0.0000000000        -0.0000000000
   3    1   2    2         0.0000000000         0.0000000000
   3    1   3    2        -0.0265409992         0.0000000000
  
   1    2   1    1        -0.0399273451         0.0000000000
   1    2   2    1         0.0000000000         0.0000000000
   1    2   3    1        -0.0000000000         0.0000000000
   1    2   1    2         0.0399277509         0.0000000000
   1    2   2    2         0.0000000000         0.0000000000
   1    2   3    2         0.0000000000         0.0000000000
  
   2    2   1    1         0.0000000000         0.0000000000
   2    2   2    1        -0.0399273451         0.0000000000
   2    2   3    1         0.0000000000        -0.0000000000
   2    2   1    2         0.0000000000         0.0000000000
   2    2   2    2         0.0399277509         0.0000000000
   2    2   3    2        -0.0000000000         0.0000000000
  
   3    2   1    1        -0.0000000000         0.0000000000
   3    2   2    1         0.0000000000        -0.0000000000
   3    2   3    1        -0.0265409992        -0.0000000000
   3    2   1    2         0.0000000000         0.0000000000
   3    2   2    2        -0.0000000000         0.0000000000
   3    2   3    2         0.0265395652         0.0000000000
 
  Phonon wavevector (reduced coordinates) :  0.00000  0.00000  0.00000
 Phonon energies in Hartree :
  -1.940145E-06  1.032151E-06  1.032154E-06  3.732802E-04  4.578450E-04
   4.578450E-04
 Phonon frequencies in cm-1    :
- -4.258125E-01  2.265310E-01  2.265316E-01  8.192554E+01  1.004854E+02
-  1.004854E+02

== END DATASET(S) ==============================================================
================================================================================
  
 -outvars: echo values of variables after computation  --------
     acell    9.0000000000E+00  9.0000000000E+00  9.0000000000E+00 Bohr
       amu    2.08980370E+02
      ecut    2.00000000E+00 Hartree
    etotal8  -1.0743269590E+01
    etotal10  2.4815612461E+00
     fcart8  -2.1684043450E-19 -0.0000000000E+00  3.5110757659E-03
              2.1684043450E-19 -0.0000000000E+00 -3.5110757659E-03
     fcart10  0.0000000000E+00  0.0000000000E+00  0.0000000000E+00
              0.0000000000E+00  0.0000000000E+00  0.0000000000E+00
    getwfk8        0
    getwfk10       8
      iscf         5
    jdtset      8   10
       kpt8   2.50000000E-01  2.50000000E-01  2.50000000E-01
             -2.50000000E-01  2.50000000E-01  2.50000000E-01
       kpt10  2.50000000E-01  2.50000000E-01  2.50000000E-01
             -2.50000000E-01  2.50000000E-01  2.50000000E-01
              2.50000000E-01 -2.50000000E-01  2.50000000E-01
             -2.50000000E-01 -2.50000000E-01  2.50000000E-01
   kptrlen    1.72466966E+01
    kptopt8        1
    kptopt10       2
  kptrlatt    2  0  0   0  2  0   0  0  2
P    mkmem8        2
P    mkmem10       4
P   mkqmem8        2
P   mkqmem10       4
P   mk1mem8        2
P   mk1mem10       4
     natom         2
     nband8    10
     nband10   10
    ndtset         2
     ngfft        12      12      12
      nkpt8        2
      nkpt10       4
      nqpt8        0
      nqpt10       1
   nspinor         2
     nstep8       20
     nstep10      15
      nsym        12
    ntypat         1
       occ8   1.000000  1.000000  1.000000  1.000000  1.000000  1.000000
              1.000000  1.000000  1.000000  1.000000
       occ10  1.000000  1.000000  1.000000  1.000000  1.000000  1.000000
              1.000000  1.000000  1.000000  1.000000
 optdriver8        0
 optdriver10       1
     rfdir         1       0       0
    rfphon8        0
    rfphon10       1
     rprim    5.5318805038E-01  0.0000000000E+00  8.3305640920E-01
             -2.7659402519E-01  4.7907490470E-01  8.3305640920E-01
             -2.7659402519E-01 -4.7907490470E-01  8.3305640920E-01
    shiftk    5.00000000E-01  5.00000000E-01  5.00000000E-01
   spgroup       166
    strten8   5.1293792728E-04  5.1293792728E-04  1.0386789347E-03
              0.0000000000E+00  0.0000000000E+00  0.0000000000E+00
    strten10  0.0000000000E+00  0.0000000000E+00  0.0000000000E+00
              0.0000000000E+00  0.0000000000E+00  0.0000000000E+00
    symrel    1  0  0   0  1  0   0  0  1      -1  0  0   0 -1  0   0  0 -1
              0  1  0   1  0  0   0  0  1       0 -1  0  -1  0  0   0  0 -1
              0  0  1   1  0  0   0  1  0       0  0 -1  -1  0  0   0 -1  0
              1  0  0   0  0  1   0  1  0      -1  0  0   0  0 -1   0 -1  0
              0  1  0   0  0  1   1  0  0       0 -1  0   0  0 -1  -1  0  0
              0  0  1   0  1  0   1  0  0       0  0 -1   0 -1  0  -1  0  0
    toldfe8   0.00000000E+00 Hartree
    toldfe10  1.00000000E-12 Hartree
    tolvrs8   1.00000000E-20
    tolvrs10  0.00000000E+00
     typat    1  1
       wtk8     0.25000    0.75000
       wtk10    0.25000    0.25000    0.25000    0.25000
    xangst    0.0000000000E+00  0.0000000000E+00  2.7494845596E+00
              0.0000000000E+00  0.0000000000E+00 -2.7494845596E+00
     xcart    0.0000000000E+00  0.0000000000E+00  5.1957728242E+00
              0.0000000000E+00  0.0000000000E+00 -5.1957728242E+00
      xred    2.3100000000E-01  2.3100000000E-01  2.3100000000E-01
             -2.3100000000E-01 -2.3100000000E-01 -2.3100000000E-01
     znucl     83.00000

================================================================================

- Total cpu        time (s,m,h):          2.5        0.04      0.001
- Total wall clock time (s,m,h):          2.5        0.04      0.001

- For major independent code sections, cpu and wall times (sec),
- as well as % of the total time and number of calls 

- routine                 cpu     %       wall     %      number of calls 
-                                                          (-1=no count)
- fourwf(pot)            0.775  31.2      0.744  30.0           8988
- nonlop(apply)          0.368  14.8      0.379  15.3           4044
- timing timab           0.367  14.8      0.366  14.8             11
- invars2                0.145   5.8      0.147   5.9              2
- projbd                 0.101   4.1      0.083   3.3           7658
- nonlop(forces)         0.099   4.0      0.121   4.9           1030
- fourwf(G->r)           0.079   3.2      0.085   3.4           1800
- getghc-other           0.061   2.5      0.064   2.6             -1
- cgwf3-O(npw)           0.057   2.3      0.052   2.1             -1
- fourwf(den)            0.055   2.2      0.039   1.6            880
- abinit(2)              0.042   1.7      0.041   1.7              1
- vtowfk3(contrib)       0.029   1.2      0.032   1.3             -1
- vtowfk(ssdiag)         0.028   1.1      0.033   1.3             -1
- vtorho3-kpt loop       0.027   1.1      0.028   1.1             15
- forces                 0.020   0.8      0.019   0.8             20
- symrhg(no FFT)         0.015   0.6      0.014   0.6             36
- nonlop(forstr)         0.015   0.6      0.011   0.4             60
- status                 0.009   0.4      0.020   0.8           1748
- vtowfk(contrib)        0.007   0.3      0.015   0.6             40
- 51   others            0.062   2.5      0.066   2.7

- subtotal               2.361  95.2      2.359  95.2

================================================================================

 Calculation completed.
.Delivered   13 WARNINGs and   1 COMMENTs to log file.
+Overall time at end (sec) : cpu=          2.5  wall=          2.5
