
.Version 5.6.3  of ABINIT 
.(sequential version, prepared for a x86_64_linux_gcc4.3 computer) 

.Copyright (C) 1998-2008 ABINIT group . 
 ABINIT comes with ABSOLUTELY NO WARRANTY.
 It is free software, and you are welcome to redistribute it
 under certain conditions (GNU General Public License,
 see ~abinit/COPYING or http://www.gnu.org/copyleft/gpl.txt).

 ABINIT is a project of the Universite Catholique de Louvain,
 Corning Inc. and other collaborators, see ~abinit/doc/developers/contributors.txt .
 Please read ~abinit/doc/users/acknowledgments.html for suggested
 acknowledgments of the ABINIT effort.
 For more information, see http://www.abinit.org .

.Starting date : Thu  6 Nov 2008.
  
- input  file    -> /home/gonze/ABINIT/ABINITv5.6.3/test_gcc43/5.6.3-private/tests/v3/Input/t62.in
- output file    -> t62.out
- root for input  files -> t62i
- root for output files -> t62o


 DATASET    1 : space group Fd -3 m (#227); Bravais cF (face-center cubic)
================================================================================
 Values of the parameters that define the memory need for DATASET  1.
   intxc =         0  ionmov =         0    iscf =         5 xclevel =         1
  lmnmax =         2   lnmax =         2   mband =         4  mffmem =         1
P  mgfft =        12   mkmem =        10 mpssoang=         3     mpw =        67
  mqgrid =      3001   natom =         2    nfft =      1728    nkpt =        10
  nloalg =         4  nspden =         1 nspinor =         1  nsppol =         1
    nsym =        48  n1xccc =      2501  ntypat =         1  occopt =         1
================================================================================
P This job should need less than                       1.028 Mbytes of memory.
  Rough estimation (10% accuracy) of disk space for files :
  WF disk file :      0.043 Mbytes ; DEN or POT disk file :      0.015 Mbytes.
================================================================================


 DATASET    2 : space group Fd -3 m (#227); Bravais cF (face-center cubic)
================================================================================
 Values of the parameters that define the memory need for DATASET  2.
   intxc =         0  ionmov =         0    iscf =        -2 xclevel =         1
  lmnmax =         2   lnmax =         2   mband =         4  mffmem =         1
P  mgfft =        12   mkmem =         2 mpssoang=         3     mpw =        35
  mqgrid =      3001   natom =         2    nfft =      1728    nkpt =         2
  nloalg =         4  nspden =         1 nspinor =         1  nsppol =         1
    nsym =        48  n1xccc =      2501  ntypat =         1  occopt =         1
================================================================================
P This job should need less than                       0.838 Mbytes of memory.
  Rough estimation (10% accuracy) of disk space for files :
  WF disk file :      0.006 Mbytes ; DEN or POT disk file :      0.015 Mbytes.
================================================================================

 -outvars: echo values of preprocessed input variables --------
     acell    1.0180000000E+01  1.0180000000E+01  1.0180000000E+01 Bohr
       amu    2.80855000E+01
    diemac    1.20000000E+01
      ecut    3.00000000E+00 Hartree
    getden1        0
    getden2        1
      iscf1        5
      iscf2       -2
    istwfk2     2    3
    jdtset      1    2
       kpt1   1.25000000E-01  1.25000000E-01  1.25000000E-01
              3.75000000E-01  1.25000000E-01  1.25000000E-01
             -3.75000000E-01  1.25000000E-01  1.25000000E-01
             -1.25000000E-01  1.25000000E-01  1.25000000E-01
              3.75000000E-01  3.75000000E-01  1.25000000E-01
             -3.75000000E-01  3.75000000E-01  1.25000000E-01
             -1.25000000E-01  3.75000000E-01  1.25000000E-01
             -3.75000000E-01 -3.75000000E-01  1.25000000E-01
              3.75000000E-01  3.75000000E-01  3.75000000E-01
             -3.75000000E-01  3.75000000E-01  3.75000000E-01
       kpt2   0.00000000E+00  0.00000000E+00  0.00000000E+00
              5.00000000E-01  0.00000000E+00  0.00000000E+00
   kptrlen1   2.87933881E+01
   kptrlen2   2.00000000E+01
    kptopt1        1
    kptopt2        0
  kptrlatt    4  0  0   0  4  0   0  0  4
P    mkmem1       10
P    mkmem2        2
     natom         2
     nband1     4
     nband2     4
    nbdbuf1        0
    nbdbuf2        2
    ndtset         2
     ngfft        12      12      12
      nkpt1       10
      nkpt2        2
     nstep        15
      nsym        48
    ntypat         1
       occ    2.000000  2.000000  2.000000  2.000000
     rprim    0.0000000000E+00  5.0000000000E-01  5.0000000000E-01
              5.0000000000E-01  0.0000000000E+00  5.0000000000E-01
              5.0000000000E-01  5.0000000000E-01  0.0000000000E+00
    shiftk    5.00000000E-01  5.00000000E-01  5.00000000E-01
   spgroup       227
    symrel    1  0  0   0  1  0   0  0  1      -1  0  0   0 -1  0   0  0 -1
              0 -1  1   0 -1  0   1 -1  0       0  1 -1   0  1  0  -1  1  0
             -1  0  0  -1  0  1  -1  1  0       1  0  0   1  0 -1   1 -1  0
              0  1 -1   1  0 -1   0  0 -1       0 -1  1  -1  0  1   0  0  1
             -1  0  0  -1  1  0  -1  0  1       1  0  0   1 -1  0   1  0 -1
              0 -1  1   1 -1  0   0 -1  0       0  1 -1  -1  1  0   0  1  0
              1  0  0   0  0  1   0  1  0      -1  0  0   0  0 -1   0 -1  0
              0  1 -1   0  0 -1   1  0 -1       0 -1  1   0  0  1  -1  0  1
             -1  0  1  -1  1  0  -1  0  0       1  0 -1   1 -1  0   1  0  0
              0 -1  0   1 -1  0   0 -1  1       0  1  0  -1  1  0   0  1 -1
              1  0 -1   0  0 -1   0  1 -1      -1  0  1   0  0  1   0 -1  1
              0  1  0   0  0  1   1  0  0       0 -1  0   0  0 -1  -1  0  0
              1  0 -1   0  1 -1   0  0 -1      -1  0  1   0 -1  1   0  0  1
              0 -1  0   0 -1  1   1 -1  0       0  1  0   0  1 -1  -1  1  0
             -1  0  1  -1  0  0  -1  1  0       1  0 -1   1  0  0   1 -1  0
              0  1  0   1  0  0   0  0  1       0 -1  0  -1  0  0   0  0 -1
              0  0 -1   0  1 -1   1  0 -1       0  0  1   0 -1  1  -1  0  1
              1 -1  0   0 -1  1   0 -1  0      -1  1  0   0  1 -1   0  1  0
              0  0  1   1  0  0   0  1  0       0  0 -1  -1  0  0   0 -1  0
             -1  1  0  -1  0  0  -1  0  1       1 -1  0   1  0  0   1  0 -1
              0  0  1   0  1  0   1  0  0       0  0 -1   0 -1  0  -1  0  0
              1 -1  0   0 -1  0   0 -1  1      -1  1  0   0  1  0   0  1 -1
              0  0 -1   1  0 -1   0  1 -1       0  0  1  -1  0  1   0 -1  1
             -1  1  0  -1  0  1  -1  0  0       1 -1  0   1  0 -1   1  0  0
     tnons    0.0000000  0.0000000  0.0000000     0.2500000  0.2500000  0.2500000
              0.0000000  0.0000000  0.0000000     0.2500000  0.2500000  0.2500000
              0.0000000  0.0000000  0.0000000     0.2500000  0.2500000  0.2500000
              0.0000000  0.0000000  0.0000000     0.2500000  0.2500000  0.2500000
              0.0000000  0.0000000  0.0000000     0.2500000  0.2500000  0.2500000
              0.0000000  0.0000000  0.0000000     0.2500000  0.2500000  0.2500000
              0.0000000  0.0000000  0.0000000     0.2500000  0.2500000  0.2500000
              0.0000000  0.0000000  0.0000000     0.2500000  0.2500000  0.2500000
              0.0000000  0.0000000  0.0000000     0.2500000  0.2500000  0.2500000
              0.0000000  0.0000000  0.0000000     0.2500000  0.2500000  0.2500000
              0.0000000  0.0000000  0.0000000     0.2500000  0.2500000  0.2500000
              0.0000000  0.0000000  0.0000000     0.2500000  0.2500000  0.2500000
              0.0000000  0.0000000  0.0000000     0.2500000  0.2500000  0.2500000
              0.0000000  0.0000000  0.0000000     0.2500000  0.2500000  0.2500000
              0.0000000  0.0000000  0.0000000     0.2500000  0.2500000  0.2500000
              0.0000000  0.0000000  0.0000000     0.2500000  0.2500000  0.2500000
              0.0000000  0.0000000  0.0000000     0.2500000  0.2500000  0.2500000
              0.0000000  0.0000000  0.0000000     0.2500000  0.2500000  0.2500000
              0.0000000  0.0000000  0.0000000     0.2500000  0.2500000  0.2500000
              0.0000000  0.0000000  0.0000000     0.2500000  0.2500000  0.2500000
              0.0000000  0.0000000  0.0000000     0.2500000  0.2500000  0.2500000
              0.0000000  0.0000000  0.0000000     0.2500000  0.2500000  0.2500000
              0.0000000  0.0000000  0.0000000     0.2500000  0.2500000  0.2500000
              0.0000000  0.0000000  0.0000000     0.2500000  0.2500000  0.2500000
    tolwfr    3.00000000E-22
     typat    1  1
       wtk1     0.03125    0.09375    0.09375    0.09375    0.09375    0.18750
                0.18750    0.09375    0.03125    0.09375
       wtk2     1.00000    1.00000
    xangst    0.0000000000E+00  0.0000000000E+00  0.0000000000E+00
              1.3467559959E+00  1.3467559959E+00  1.3467559959E+00
     xcart    0.0000000000E+00  0.0000000000E+00  0.0000000000E+00
              2.5450000000E+00  2.5450000000E+00  2.5450000000E+00
      xred    0.0000000000E+00  0.0000000000E+00  0.0000000000E+00
              2.5000000000E-01  2.5000000000E-01  2.5000000000E-01
     znucl     14.00000

================================================================================

 chkinp: Checking input parameters for consistency, jdtset= 1.

 chkinp: Checking input parameters for consistency, jdtset= 2.

================================================================================
== DATASET  1 ==================================================================

 Real(R)+Recip(G) space primitive vectors, cartesian coordinates (Bohr,Bohr^-1):
 R(1)=  0.0000000  5.0900000  5.0900000  G(1)= -0.0982318  0.0982318  0.0982318
 R(2)=  5.0900000  0.0000000  5.0900000  G(2)=  0.0982318 -0.0982318  0.0982318
 R(3)=  5.0900000  5.0900000  0.0000000  G(3)=  0.0982318  0.0982318 -0.0982318
 Unit cell volume ucvol=  2.6374446E+02 bohr^3
 Angles (23,13,12)=  6.00000000E+01  6.00000000E+01  6.00000000E+01 degrees

 getcut: wavevector=  0.0000  0.0000  0.0000  ngfft=  12  12  12
         ecut(hartree)=      3.000   => boxcut(ratio)=   2.13807

--- Pseudopotential description ------------------------------------------------
- pspini: atom type   1  psp file is /home/gonze/ABINIT/ABINITv5.6.3/test_gcc43/5.6.3-private/tests/Psps_for_tests/14si.pspnc
- pspatm: opening atomic psp file    /home/gonze/ABINIT/ABINITv5.6.3/test_gcc43/5.6.3-private/tests/Psps_for_tests/14si.pspnc
  Troullier-Martins psp for element  Si        Thu Oct 27 17:31:21 EDT 1994
  14.00000   4.00000    940714                znucl, zion, pspdat
    1    1    2    2      2001   0.00000      pspcod,pspxc,lmax,lloc,mmax,r2well
    0   5.907  14.692    1   2.0872718        l,e99.0,e99.9,nproj,rcpsp
   0.00000000   0.00000000   0.00000000   0.00000000     rms, ekb1, ekb2, epsatm
    1   2.617   4.181    1   2.0872718        l,e99.0,e99.9,nproj,rcpsp
   0.00000000   0.00000000   0.00000000   0.00000000     rms, ekb1, ekb2, epsatm
    2   0.000   0.000    0   2.0872718        l,e99.0,e99.9,nproj,rcpsp
   0.00000000   0.00000000   0.00000000   0.00000000     rms, ekb1, ekb2, epsatm
    1.80626423934776    0.22824404341771    1.17378968127746   rchrg,fchrg,qchrg
 pspatm: epsatm=    1.43386982
         --- l  ekb(1:nproj) -->
             0    3.287949
             1    1.849886
 pspatm: atomic psp has been read  and splines computed

   2.29419171E+01                                ecore*ucvol(ha*bohr**3)
--------------------------------------------------------------------------------

P newkpt: treating      4 bands with npw=      62 for ikpt=   1
P newkpt: treating      4 bands with npw=      65 for ikpt=   2
P newkpt: treating      4 bands with npw=      67 for ikpt=   3
P newkpt: treating      4 bands with npw=      62 for ikpt=   4
P newkpt: treating      4 bands with npw=      67 for ikpt=   5
P newkpt: treating      4 bands with npw=      65 for ikpt=   6
P newkpt: treating      4 bands with npw=      65 for ikpt=   7
P newkpt: treating      4 bands with npw=      65 for ikpt=   8
P newkpt: treating      4 bands with npw=      67 for ikpt=   9
P newkpt: treating      4 bands with npw=      65 for ikpt=  10

 setup2: Arith. and geom. avg. npw (full set) are      65.063      65.047

================================================================================

     iter   Etot(hartree)      deltaE(h)  residm     vres2    diffor    maxfor
 ETOT  1  -8.7986882723468    -8.799E+00 2.282E-04 9.373E-01 0.000E+00 0.000E+00
 ETOT  2  -8.8021382886645    -3.450E-03 4.344E-10 2.364E-02 2.116E-27 2.116E-27
 ETOT  3  -8.8021828116435    -4.452E-05 1.538E-07 6.578E-03 2.222E-27 5.290E-28
 ETOT  4  -8.8021911868023    -8.375E-06 4.960E-09 6.114E-04 5.290E-28 0.000E+00
 ETOT  5  -8.8021919117114    -7.249E-07 2.757E-09 9.782E-05 6.348E-28 6.348E-28
 ETOT  6  -8.8021920589486    -1.472E-07 3.390E-10 3.478E-06 5.092E-28 1.256E-28
 ETOT  7  -8.8021920654462    -6.498E-09 4.038E-11 9.995E-09 1.256E-28 0.000E+00
 ETOT  8  -8.8021920654490    -2.801E-12 8.670E-15 8.176E-09 1.323E-29 1.323E-29
 ETOT  9  -8.8021920654607    -1.173E-11 1.214E-14 4.721E-10 1.219E-29 1.033E-30
 ETOT 10  -8.8021920654615    -8.349E-13 4.425E-15 3.870E-12 1.066E-30 1.614E-31
 ETOT 11  -8.8021920654615     1.776E-15 1.416E-18 2.428E-12 2.841E-31 1.227E-31
 ETOT 12  -8.8021920654615     1.954E-14 3.745E-17 2.035E-14 1.227E-31 0.000E+00
 ETOT 13  -8.8021920654615    -1.776E-15 6.395E-20 8.039E-16 0.000E+00 0.000E+00
 ETOT 14  -8.8021920654615    -1.421E-14 8.267E-21 5.457E-17 0.000E+00 0.000E+00
 ETOT 15  -8.8021920654615     7.105E-15 1.440E-22 4.955E-19 0.000E+00 0.000E+00

 At SCF step   15   max residual=  1.44E-22 < tolwfr=  3.00E-22 =>converged.

 Cartesian components of stress tensor (hartree/bohr^3)
  sigma(1 1)=  3.12700657E-04  sigma(3 2)=  0.00000000E+00
  sigma(2 2)=  3.12700657E-04  sigma(3 1)=  0.00000000E+00
  sigma(3 3)=  3.12700657E-04  sigma(2 1)=  0.00000000E+00

================================================================================

 ----iterations are completed or convergence reached----

 Mean square residual over all n,k,spin=   9.0602E-23; max=  1.4397E-22
   0.1250  0.1250  0.1250    1  1.26144E-22 kpt; spin; max resid(k); each band:
 2.16E-23 1.26E-22 1.04E-22 1.04E-22
   0.3750  0.1250  0.1250    1  1.30366E-22 kpt; spin; max resid(k); each band:
 4.62E-23 1.18E-22 1.02E-22 1.30E-22
  -0.3750  0.1250  0.1250    1  1.14648E-22 kpt; spin; max resid(k); each band:
 3.43E-23 8.44E-23 1.15E-22 9.84E-23
  -0.1250  0.1250  0.1250    1  1.29168E-22 kpt; spin; max resid(k); each band:
 2.01E-23 1.07E-22 9.10E-23 1.29E-22
   0.3750  0.3750  0.1250    1  1.13856E-22 kpt; spin; max resid(k); each band:
 5.11E-23 1.07E-22 1.14E-22 1.08E-22
  -0.3750  0.3750  0.1250    1  1.19431E-22 kpt; spin; max resid(k); each band:
 4.43E-23 6.63E-23 1.19E-22 9.75E-23
  -0.1250  0.3750  0.1250    1  1.11361E-22 kpt; spin; max resid(k); each band:
 4.73E-23 8.74E-23 1.06E-22 1.11E-22
  -0.3750 -0.3750  0.1250    1  1.02083E-22 kpt; spin; max resid(k); each band:
 1.02E-22 7.63E-23 9.95E-23 9.34E-23
   0.3750  0.3750  0.3750    1  1.37025E-22 kpt; spin; max resid(k); each band:
 5.57E-23 1.37E-22 8.86E-23 8.86E-23
  -0.3750  0.3750  0.3750    1  1.43968E-22 kpt; spin; max resid(k); each band:
 4.35E-23 8.67E-23 1.18E-22 1.44E-22
 reduced coordinates (array xred) for    2 atoms
       0.000000000000      0.000000000000      0.000000000000
       0.250000000000      0.250000000000      0.250000000000
 rms dE/dt=  0.0000E+00; max dE/dt=  0.0000E+00; dE/dt below (all hartree)
    1       0.000000000000      0.000000000000      0.000000000000
    2       0.000000000000      0.000000000000      0.000000000000

 cartesian coordinates (angstrom) at end:
    1      0.00000000000000     0.00000000000000     0.00000000000000
    2      1.34675599586155     1.34675599586155     1.34675599586155

 cartesian forces (hartree/bohr) at end:
    1     -0.00000000000000    -0.00000000000000    -0.00000000000000
    2     -0.00000000000000    -0.00000000000000    -0.00000000000000
 frms,max,avg= 0.0000000E+00 0.0000000E+00   0.000E+00  0.000E+00  0.000E+00 h/b

 cartesian forces (eV/Angstrom) at end:
    1     -0.00000000000000    -0.00000000000000    -0.00000000000000
    2     -0.00000000000000    -0.00000000000000    -0.00000000000000
 frms,max,avg= 0.0000000E+00 0.0000000E+00   0.000E+00  0.000E+00  0.000E+00 e/A
 length scales= 10.180000000000 10.180000000000 10.180000000000 bohr
              =  5.387023983446  5.387023983446  5.387023983446 angstroms
 prteigrs : about to open file t62o_DS1_EIG
 Fermi (or HOMO) energy (hartree) =   0.21476   Average Vxc (hartree)=  -0.35647
 Eigenvalues (hartree) for nkpt=  10  k points:
 kpt#   1, nband=  4, wtk=  0.03125, kpt=  0.1250  0.1250  0.1250 (reduced coord)
  -0.20657   0.16774   0.21476   0.21476
 kpt#   2, nband=  4, wtk=  0.09375, kpt=  0.3750  0.1250  0.1250 (reduced coord)
  -0.16762   0.05569   0.13703   0.19582
 kpt#   3, nband=  4, wtk=  0.09375, kpt= -0.3750  0.1250  0.1250 (reduced coord)
  -0.12152  -0.02553   0.13909   0.16363
 kpt#   4, nband=  4, wtk=  0.09375, kpt= -0.1250  0.1250  0.1250 (reduced coord)
  -0.18622   0.10837   0.17471   0.17935
 kpt#   5, nband=  4, wtk=  0.09375, kpt=  0.3750  0.3750  0.1250 (reduced coord)
  -0.14708   0.04766   0.12246   0.13910
 kpt#   6, nband=  4, wtk=  0.18750, kpt= -0.3750  0.3750  0.1250 (reduced coord)
  -0.08110  -0.02488   0.06779   0.10970
 kpt#   7, nband=  4, wtk=  0.18750, kpt= -0.1250  0.3750  0.1250 (reduced coord)
  -0.13021   0.01267   0.09874   0.15060
 kpt#   8, nband=  4, wtk=  0.09375, kpt= -0.3750 -0.3750  0.1250 (reduced coord)
  -0.08912  -0.01974   0.09131   0.11997
 kpt#   9, nband=  4, wtk=  0.03125, kpt=  0.3750  0.3750  0.3750 (reduced coord)
  -0.15085   0.00414   0.18248   0.18248
 kpt#  10, nband=  4, wtk=  0.09375, kpt= -0.3750  0.3750  0.3750 (reduced coord)
  -0.10190  -0.01715   0.07207   0.15156
 Total charge density [el/Bohr^3]
,     Maximum=    8.3425E-02  at reduced coord.    0.0833    0.1667    0.6667
,Next maximum=    8.3425E-02  at reduced coord.    0.1667    0.0833    0.6667
,     Minimum=    3.9407E-03  at reduced coord.    0.5000    0.5000    0.5000
,Next minimum=    3.9407E-03  at reduced coord.    0.7500    0.7500    0.7500

--------------------------------------------------------------------------------
 Components of total free energy (in Hartree) :

    Kinetic energy  =  2.93039046572708E+00
    Hartree energy  =  5.12469162256190E-01
    XC energy       = -3.53850304893661E+00
    Ewald energy    = -8.46648022654903E+00
    PspCore energy  =  8.69853998680376E-02
    Loc. psp. energy= -2.40820419253620E+00
    NL   psp  energy=  2.08115037470901E+00
    >>>>>>>>> Etotal= -8.80219206546153E+00

 Other information on the energy :
    Total energy(eV)= -2.39519827102720E+02 ; Band energy (Ha)=   3.0591382782E-01
--------------------------------------------------------------------------------

 Cartesian components of stress tensor (hartree/bohr^3)
  sigma(1 1)=  3.12700657E-04  sigma(3 2)=  0.00000000E+00
  sigma(2 2)=  3.12700657E-04  sigma(3 1)=  0.00000000E+00
  sigma(3 3)=  3.12700657E-04  sigma(2 1)=  0.00000000E+00

-Cartesian components of stress tensor (GPa)         [Pressure= -9.2000E+00 GPa]
- sigma(1 1)=  9.19996941E+00  sigma(3 2)=  0.00000000E+00
- sigma(2 2)=  9.19996941E+00  sigma(3 1)=  0.00000000E+00
- sigma(3 3)=  9.19996941E+00  sigma(2 1)=  0.00000000E+00

================================================================================
== DATASET  2 ==================================================================

 mkfilename : getden/=0, take file _DEN from output of DATASET   1.

 Real(R)+Recip(G) space primitive vectors, cartesian coordinates (Bohr,Bohr^-1):
 R(1)=  0.0000000  5.0900000  5.0900000  G(1)= -0.0982318  0.0982318  0.0982318
 R(2)=  5.0900000  0.0000000  5.0900000  G(2)=  0.0982318 -0.0982318  0.0982318
 R(3)=  5.0900000  5.0900000  0.0000000  G(3)=  0.0982318  0.0982318 -0.0982318
 Unit cell volume ucvol=  2.6374446E+02 bohr^3
 Angles (23,13,12)=  6.00000000E+01  6.00000000E+01  6.00000000E+01 degrees

 getcut: wavevector=  0.0000  0.0000  0.0000  ngfft=  12  12  12
         ecut(hartree)=      3.000   => boxcut(ratio)=   2.13807
--------------------------------------------------------------------------------

P newkpt: treating      4 bands with npw=      30 for ikpt=   1
P newkpt: treating      4 bands with npw=      35 for ikpt=   2


================================================================================
 prteigrs : about to open file t62o_DS2_EIG
 Non-SCF case, kpt    1 (  0.00000  0.00000  0.00000), residuals and eigenvalues=
  1.19E-22  2.55E-22  8.34E-23  4.36E-22
 -2.1234E-01  2.2620E-01  2.2620E-01  2.2620E-01
  prteigrs : nnsclo,ikpt=   15    1 max resid (incl. the buffer)=  4.36122E-22
 Non-SCF case, kpt    2 (  0.50000  0.00000  0.00000), residuals and eigenvalues=
  2.83E-23  9.55E-23  1.41E-21  8.12E-21
 -1.2456E-01 -3.5587E-02  1.7726E-01  1.7726E-01
  prteigrs : nnsclo,ikpt=   15    2 max resid (incl. the buffer)=  8.12166E-21
================================================================================

 ----iterations are completed or convergence reached----

 Mean square residual over all n,k,spin=   1.3186E-21; max=  4.3612E-22
   0.0000  0.0000  0.0000    1  4.36122E-22 kpt; spin; max resid(k); each band:
 1.19E-22 2.55E-22 8.34E-23 4.36E-22
   0.5000  0.0000  0.0000    1  8.12166E-21 kpt; spin; max resid(k); each band:
 2.83E-23 9.55E-23 1.41E-21 8.12E-21
 reduced coordinates (array xred) for    2 atoms
       0.000000000000      0.000000000000      0.000000000000
       0.250000000000      0.250000000000      0.250000000000

 cartesian coordinates (angstrom) at end:
    1      0.00000000000000     0.00000000000000     0.00000000000000
    2      1.34675599586155     1.34675599586155     1.34675599586155
 length scales= 10.180000000000 10.180000000000 10.180000000000 bohr
              =  5.387023983446  5.387023983446  5.387023983446 angstroms
 prteigrs : about to open file t62o_DS2_EIG
 Eigenvalues (hartree) for nkpt=   2  k points:
 kpt#   1, nband=  4, wtk=  1.00000, kpt=  0.0000  0.0000  0.0000 (reduced coord)
  -0.21234   0.22620   0.22620   0.22620
 kpt#   2, nband=  4, wtk=  1.00000, kpt=  0.5000  0.0000  0.0000 (reduced coord)
  -0.12456  -0.03559   0.17726   0.17726
 Total charge density [el/Bohr^3]
,     Maximum=    8.3425E-02  at reduced coord.    0.0833    0.1667    0.6667
,Next maximum=    8.3425E-02  at reduced coord.    0.1667    0.0833    0.6667
,     Minimum=    3.9407E-03  at reduced coord.    0.5000    0.5000    0.5000
,Next minimum=    3.9407E-03  at reduced coord.    0.7500    0.7500    0.7500

== END DATASET(S) ==============================================================
================================================================================
  
 -outvars: echo values of variables after computation  --------
     acell    1.0180000000E+01  1.0180000000E+01  1.0180000000E+01 Bohr
       amu    2.80855000E+01
    diemac    1.20000000E+01
      ecut    3.00000000E+00 Hartree
    etotal1  -8.8021920655E+00
     fcart1  -0.0000000000E+00 -0.0000000000E+00 -0.0000000000E+00
             -0.0000000000E+00 -0.0000000000E+00 -0.0000000000E+00
    getden1        0
    getden2        1
      iscf1        5
      iscf2       -2
    istwfk2     2    3
    jdtset      1    2
       kpt1   1.25000000E-01  1.25000000E-01  1.25000000E-01
              3.75000000E-01  1.25000000E-01  1.25000000E-01
             -3.75000000E-01  1.25000000E-01  1.25000000E-01
             -1.25000000E-01  1.25000000E-01  1.25000000E-01
              3.75000000E-01  3.75000000E-01  1.25000000E-01
             -3.75000000E-01  3.75000000E-01  1.25000000E-01
             -1.25000000E-01  3.75000000E-01  1.25000000E-01
             -3.75000000E-01 -3.75000000E-01  1.25000000E-01
              3.75000000E-01  3.75000000E-01  3.75000000E-01
             -3.75000000E-01  3.75000000E-01  3.75000000E-01
       kpt2   0.00000000E+00  0.00000000E+00  0.00000000E+00
              5.00000000E-01  0.00000000E+00  0.00000000E+00
   kptrlen1   2.87933881E+01
   kptrlen2   2.00000000E+01
    kptopt1        1
    kptopt2        0
  kptrlatt    4  0  0   0  4  0   0  0  4
P    mkmem1       10
P    mkmem2        2
     natom         2
     nband1     4
     nband2     4
    nbdbuf1        0
    nbdbuf2        2
    ndtset         2
     ngfft        12      12      12
      nkpt1       10
      nkpt2        2
     nstep        15
      nsym        48
    ntypat         1
       occ    2.000000  2.000000  2.000000  2.000000
     rprim    0.0000000000E+00  5.0000000000E-01  5.0000000000E-01
              5.0000000000E-01  0.0000000000E+00  5.0000000000E-01
              5.0000000000E-01  5.0000000000E-01  0.0000000000E+00
    shiftk    5.00000000E-01  5.00000000E-01  5.00000000E-01
   spgroup       227
    strten1   3.1270065722E-04  3.1270065722E-04  3.1270065722E-04
              0.0000000000E+00  0.0000000000E+00  0.0000000000E+00
    symrel    1  0  0   0  1  0   0  0  1      -1  0  0   0 -1  0   0  0 -1
              0 -1  1   0 -1  0   1 -1  0       0  1 -1   0  1  0  -1  1  0
             -1  0  0  -1  0  1  -1  1  0       1  0  0   1  0 -1   1 -1  0
              0  1 -1   1  0 -1   0  0 -1       0 -1  1  -1  0  1   0  0  1
             -1  0  0  -1  1  0  -1  0  1       1  0  0   1 -1  0   1  0 -1
              0 -1  1   1 -1  0   0 -1  0       0  1 -1  -1  1  0   0  1  0
              1  0  0   0  0  1   0  1  0      -1  0  0   0  0 -1   0 -1  0
              0  1 -1   0  0 -1   1  0 -1       0 -1  1   0  0  1  -1  0  1
             -1  0  1  -1  1  0  -1  0  0       1  0 -1   1 -1  0   1  0  0
              0 -1  0   1 -1  0   0 -1  1       0  1  0  -1  1  0   0  1 -1
              1  0 -1   0  0 -1   0  1 -1      -1  0  1   0  0  1   0 -1  1
              0  1  0   0  0  1   1  0  0       0 -1  0   0  0 -1  -1  0  0
              1  0 -1   0  1 -1   0  0 -1      -1  0  1   0 -1  1   0  0  1
              0 -1  0   0 -1  1   1 -1  0       0  1  0   0  1 -1  -1  1  0
             -1  0  1  -1  0  0  -1  1  0       1  0 -1   1  0  0   1 -1  0
              0  1  0   1  0  0   0  0  1       0 -1  0  -1  0  0   0  0 -1
              0  0 -1   0  1 -1   1  0 -1       0  0  1   0 -1  1  -1  0  1
              1 -1  0   0 -1  1   0 -1  0      -1  1  0   0  1 -1   0  1  0
              0  0  1   1  0  0   0  1  0       0  0 -1  -1  0  0   0 -1  0
             -1  1  0  -1  0  0  -1  0  1       1 -1  0   1  0  0   1  0 -1
              0  0  1   0  1  0   1  0  0       0  0 -1   0 -1  0  -1  0  0
              1 -1  0   0 -1  0   0 -1  1      -1  1  0   0  1  0   0  1 -1
              0  0 -1   1  0 -1   0  1 -1       0  0  1  -1  0  1   0 -1  1
             -1  1  0  -1  0  1  -1  0  0       1 -1  0   1  0 -1   1  0  0
     tnons    0.0000000  0.0000000  0.0000000     0.2500000  0.2500000  0.2500000
              0.0000000  0.0000000  0.0000000     0.2500000  0.2500000  0.2500000
              0.0000000  0.0000000  0.0000000     0.2500000  0.2500000  0.2500000
              0.0000000  0.0000000  0.0000000     0.2500000  0.2500000  0.2500000
              0.0000000  0.0000000  0.0000000     0.2500000  0.2500000  0.2500000
              0.0000000  0.0000000  0.0000000     0.2500000  0.2500000  0.2500000
              0.0000000  0.0000000  0.0000000     0.2500000  0.2500000  0.2500000
              0.0000000  0.0000000  0.0000000     0.2500000  0.2500000  0.2500000
              0.0000000  0.0000000  0.0000000     0.2500000  0.2500000  0.2500000
              0.0000000  0.0000000  0.0000000     0.2500000  0.2500000  0.2500000
              0.0000000  0.0000000  0.0000000     0.2500000  0.2500000  0.2500000
              0.0000000  0.0000000  0.0000000     0.2500000  0.2500000  0.2500000
              0.0000000  0.0000000  0.0000000     0.2500000  0.2500000  0.2500000
              0.0000000  0.0000000  0.0000000     0.2500000  0.2500000  0.2500000
              0.0000000  0.0000000  0.0000000     0.2500000  0.2500000  0.2500000
              0.0000000  0.0000000  0.0000000     0.2500000  0.2500000  0.2500000
              0.0000000  0.0000000  0.0000000     0.2500000  0.2500000  0.2500000
              0.0000000  0.0000000  0.0000000     0.2500000  0.2500000  0.2500000
              0.0000000  0.0000000  0.0000000     0.2500000  0.2500000  0.2500000
              0.0000000  0.0000000  0.0000000     0.2500000  0.2500000  0.2500000
              0.0000000  0.0000000  0.0000000     0.2500000  0.2500000  0.2500000
              0.0000000  0.0000000  0.0000000     0.2500000  0.2500000  0.2500000
              0.0000000  0.0000000  0.0000000     0.2500000  0.2500000  0.2500000
              0.0000000  0.0000000  0.0000000     0.2500000  0.2500000  0.2500000
    tolwfr    3.00000000E-22
     typat    1  1
       wtk1     0.03125    0.09375    0.09375    0.09375    0.09375    0.18750
                0.18750    0.09375    0.03125    0.09375
       wtk2     1.00000    1.00000
    xangst    0.0000000000E+00  0.0000000000E+00  0.0000000000E+00
              1.3467559959E+00  1.3467559959E+00  1.3467559959E+00
     xcart    0.0000000000E+00  0.0000000000E+00  0.0000000000E+00
              2.5450000000E+00  2.5450000000E+00  2.5450000000E+00
      xred    0.0000000000E+00  0.0000000000E+00  0.0000000000E+00
              2.5000000000E-01  2.5000000000E-01  2.5000000000E-01
     znucl     14.00000

================================================================================

- Total cpu        time (s,m,h):          1.7        0.03      0.000
- Total wall clock time (s,m,h):          1.8        0.03      0.000

- For major independent code sections, cpu and wall times (sec),
- as well as % of the total time and number of calls 

- routine                 cpu     %       wall     %      number of calls 
-                                                          (-1=no count)
- timing timab           0.498  28.5      0.498  28.5             12
- fourwf(pot)            0.308  17.6      0.329  18.8           3209
- pspini                 0.278  15.9      0.278  15.9              2
- invars2                0.147   8.4      0.148   8.5              2
- getghc-other           0.049   2.8      0.043   2.5             -1
- vtowfk(ssdiag)         0.042   2.4      0.039   2.2             -1
- abinit(2)              0.042   2.4      0.042   2.4              1
- nonlop(apply)          0.040   2.3      0.036   2.1           3209
- projbd                 0.040   2.3      0.035   2.0           4930
- fourwf(den)            0.034   1.9      0.033   1.9            600
- status                 0.029   1.7      0.022   1.3           2919
- forces                 0.024   1.4      0.023   1.3             15
- vtorho-kpt loop        0.023   1.3      0.016   0.9             16
- vtowfk(contrib)        0.022   1.3      0.017   1.0            152
- nonlop(forces)         0.014   0.8      0.011   0.6            600
- mkcore                 0.012   0.7      0.010   0.6             18
- symrhg(no FFT)         0.009   0.5      0.006   0.3             15
- vtowfk  (1)            0.007   0.4      0.013   0.7            152
- 52   others            0.023   1.3      0.025   1.4

- subtotal               1.641  93.8      1.624  92.8

================================================================================

 Calculation completed.
.Delivered    5 WARNINGs and   0 COMMENTs to log file.
+Overall time at end (sec) : cpu=          1.8  wall=          1.8
