
.Version 5.6.3  of ANADDB 
.(sequential version, prepared for a x86_64_linux_gcc4.3 computer) 

.Copyright (C) 1998-2008 ABINIT group . 
 ANADDB comes with ABSOLUTELY NO WARRANTY.
 It is free software, and you are welcome to redistribute it
 under certain conditions (GNU General Public License,
 see ~abinit/COPYING or http://www.gnu.org/copyleft/gpl.txt).

 ABINIT is a project of the Universite Catholique de Louvain,
 Corning Inc. and other collaborators, see ~abinit/doc/developers/contributors.txt .
 Please read ~abinit/doc/users/acknowledgments.html for suggested
 acknowledgments of the ABINIT effort.
 For more information, see http://www.abinit.org .

.Starting date : Thu  6 Nov 2008.
  

================================================================================

 -outvars9: echo values of input variables ----------------------

 Flags :
     elaflag         3
   instrflag         1
   piezoflag         3
 Miscellaneous information :
      chneut         1

================================================================================

 read the DDB information and perform some checks

-begin at tcpu      0.021  and twall      0.021 sec

 Real(R)+Recip(G) space primitive vectors, cartesian coordinates (Bohr,Bohr^-1):
 R(1)=  6.5289350  3.7694824  0.0000000  G(1)=  0.0765822  0.1326442  0.0000000
 R(2)= -6.5289350  3.7694824  0.0000000  G(2)= -0.0765822  0.1326442  0.0000000
 R(3)=  0.0000000  0.0000000 12.2777954  G(3)=  0.0000000  0.0000000  0.0814478
 Unit cell volume ucvol=  6.0433042E+02 bohr^3
 Angles (23,13,12)=  9.00000000E+01  9.00000000E+01  1.20000000E+02 degrees
 Now the whole DDB is in central memory

================================================================================

 Calculation of the internal-strain  tensor

-begin at tcpu      0.024   and twall      0.024sec

 Force-response internal strain tensor(Unit:Hartree/bohr)

 Atom dir   strainxx    strainyy    strainzz    strainyz    strainxz    strainxy
  1  x     0.1249319  -0.1249319   0.0000000  -0.0000000  -0.1016111   0.0000000
  1  y    -0.0000000  -0.0000000  -0.0000000  -0.1016110   0.0000000  -0.1249319
  1  z    -0.0905063  -0.0905063   0.1834107   0.0000000  -0.0000000  -0.0000000
  2  x    -0.1249319   0.1249319  -0.0000000   0.0000000  -0.1016111  -0.0000000
  2  y     0.0000000   0.0000000   0.0000000  -0.1016110   0.0000000   0.1249319
  2  z    -0.0905063  -0.0905063   0.1834107   0.0000000   0.0000000  -0.0000000
  3  x     0.1455259  -0.1455260   0.0000000  -0.0000000   0.1016111   0.0000000
  3  y    -0.0000000  -0.0000000  -0.0000000   0.1016110  -0.0000000  -0.1455259
  3  z     0.0905063   0.0905063  -0.1834107  -0.0000000   0.0000000   0.0000000
  4  x    -0.1455259   0.1455260  -0.0000000   0.0000000   0.1016111  -0.0000000
  4  y     0.0000000   0.0000000   0.0000000   0.1016110  -0.0000000   0.1455259
  4  z     0.0905063   0.0905063  -0.1834107  -0.0000000  -0.0000000   0.0000000

 Displacement-response internal strain tensor (Unit:Bohr)

 Atom dir   strainxx    strainyy    strainzz    strainyz    strainxz    strainxy
  1  x    -0.6173449   0.6173461  -0.0000000  -0.0000001  -0.5188961   0.0000001
  1  y    -0.0000006   0.0000003   0.0000003  -0.5188953  -0.0000000   0.6173426
  1  z    -0.4749250  -0.4749252   0.9624342   0.0000000  -0.0000000   0.0000000
  2  x     0.6173449  -0.6173461   0.0000000   0.0000001  -0.5188961  -0.0000001
  2  y     0.0000006  -0.0000002  -0.0000003  -0.5188952   0.0000000  -0.6173426
  2  z    -0.4749250  -0.4749252   0.9624342  -0.0000000   0.0000000   0.0000000
  3  x     2.1077351  -2.1077364   0.0000000   0.0000001   0.5188961  -0.0000001
  3  y     0.0000006  -0.0000003  -0.0000003   0.5188953   0.0000000  -2.1077328
  3  z     0.4749250   0.4749252  -0.9624342   0.0000000   0.0000001  -0.0000000
  4  x    -2.1077351   2.1077364  -0.0000000  -0.0000001   0.5188961   0.0000001
  4  y    -0.0000005   0.0000002   0.0000003   0.5188952  -0.0000000   2.1077328
  4  z     0.4749250   0.4749252  -0.9624342  -0.0000000  -0.0000001   0.0000000

================================================================================

 Calculation of the elastic and compliances tensor (Voigt notation)

-begin at tcpu      0.025   and twall      0.025sec

 Elastic Tensor (clamped ion) (unit:10^2GP):

   1.6598860   0.4046480   0.2109029   0.0000000   0.0000000   0.0000002
   0.4046480   1.6598859   0.2109029   0.0000000  -0.0000000   0.0000002
   0.2109030   0.2109030   1.8258574   0.0000000  -0.0000000   0.0000002
  -0.0000000  -0.0000000  -0.0000000   0.4081819  -0.0000000   0.0000000
   0.0000000   0.0000000   0.0000000  -0.0000000   0.4081822  -0.0000000
  -0.0000000  -0.0000000  -0.0000000   0.0000000  -0.0000000   0.6276190

 Elastic Tensor (relaxed ion) (unit:10^2GP):
  (at fixed electric field boundary condition)

   1.3526226   0.5445032   0.3805290  -0.0000000   0.0000000   0.0000002
   0.5445031   1.3526224   0.3805291   0.0000000   0.0000000   0.0000002
   0.3805291   0.3805292   1.4821105   0.0000000  -0.0000000   0.0000002
  -0.0000000   0.0000000  -0.0000000   0.3055072  -0.0000000   0.0000000
   0.0000000   0.0000000  -0.0000000  -0.0000000   0.3055072   0.0000000
   0.0000000  -0.0000000  -0.0000000   0.0000000   0.0000000   0.4040598

 Compliance Tensor (clamped ion) (unit: 10^-2GP^-1):

   0.6463699  -0.1502918  -0.0573015  -0.0000000  -0.0000000  -0.0000001
  -0.1502918   0.6463699  -0.0573015  -0.0000000   0.0000000  -0.0000001
  -0.0573015  -0.0573015   0.5609256  -0.0000000   0.0000000  -0.0000001
   0.0000000  -0.0000000   0.0000000   2.4498881   0.0000000  -0.0000000
   0.0000000  -0.0000000  -0.0000000   0.0000000   2.4498866   0.0000000
   0.0000000   0.0000000   0.0000000  -0.0000000   0.0000000   1.5933234

 Compliance Tensor (relaxed ion)  (unit: 10^-2GP^-1):
  (at fixed electric field boundary condition)

   0.9125398  -0.3249011  -0.1508751   0.0000000  -0.0000000  -0.0000002
  -0.3249010   0.9125400  -0.1508752  -0.0000000  -0.0000000  -0.0000002
  -0.1508752  -0.1508753   0.7521874  -0.0000000   0.0000000  -0.0000002
   0.0000000  -0.0000000   0.0000000   3.2732450   0.0000000  -0.0000000
  -0.0000000  -0.0000000   0.0000000   0.0000000   3.2732458  -0.0000000
  -0.0000000   0.0000000   0.0000000  -0.0000000  -0.0000000   2.4748812

================================================================================

 Calculation of the tensor related to piezoelectric effetc
  (Elastic indices in Voigt notation)

-begin at tcpu      0.026   and twall      0.025sec

 Proper piezoelectric constants (clamped ion) (unit:c/m^2)

      0.00000000      0.00000000      0.38490081
      0.00000000     -0.00000000      0.38490077
     -0.00000000      0.00000000     -0.73943035
      0.00000000      0.43548808      0.00000000
      0.43548800      0.00000000     -0.00000000
      0.00000000      0.00000000     -0.00000000

 Proper piezoelectric constants (relaxed ion) (unit:c/m^2)

      0.00000000     -0.00000003     -0.01187138
      0.00000000      0.00000003     -0.01187157
     -0.00000000     -0.00000000      0.06462741
     -0.00000000     -0.04828794      0.00000000
     -0.04828880     -0.00000000      0.00000000
      0.00000002      0.00000000      0.00000000

================================================================================

+Total cpu time      0.026  and wall time      0.026 sec

 anaddb : the run completed succesfully.
