
.Version 5.6.3  of ABINIT 
.(sequential version, prepared for a x86_64_linux_gcc4.3 computer) 

.Copyright (C) 1998-2008 ABINIT group . 
 ABINIT comes with ABSOLUTELY NO WARRANTY.
 It is free software, and you are welcome to redistribute it
 under certain conditions (GNU General Public License,
 see ~abinit/COPYING or http://www.gnu.org/copyleft/gpl.txt).

 ABINIT is a project of the Universite Catholique de Louvain,
 Corning Inc. and other collaborators, see ~abinit/doc/developers/contributors.txt .
 Please read ~abinit/doc/users/acknowledgments.html for suggested
 acknowledgments of the ABINIT effort.
 For more information, see http://www.abinit.org .

.Starting date : Thu  6 Nov 2008.
  
- input  file    -> /home/gonze/ABINIT/ABINITv5.6.3/test_gcc43/5.6.3-private/tests/tutorespfn/Input/tnlo_1.in
- output file    -> tnlo_1.out
- root for input  files -> tnlo_1i
- root for output files -> tnlo_1o


 Symmetries : space group F-4 3 m (#216); Bravais cF (face-center cubic)
================================================================================
 Values of the parameters that define the memory need of the present run
   intxc =         0  ionmov =         3    iscf =         5 xclevel =         1
  lmnmax =         2   lnmax =         2   mband =         5  mffmem =         1
P  mgfft =        12   mkmem =        28 mpssoang=         3     mpw =        80
  mqgrid =      3001   natom =         2    nfft =      1728    nkpt =        28
  nloalg =         4  nspden =         1 nspinor =         1  nsppol =         1
    nsym =        24  n1xccc =      2501  ntypat =         2  occopt =         1
================================================================================
P This job should need less than                       1.447 Mbytes of memory.
  Rough estimation (10% accuracy) of disk space for files :
  WF disk file :      0.173 Mbytes ; DEN or POT disk file :      0.015 Mbytes.
================================================================================

 -outvars: echo values of preprocessed input variables --------
     acell    1.0530000000E+01  1.0530000000E+01  1.0530000000E+01 Bohr
       amu    2.69815390E+01  7.49215900E+01
   dilatmx    1.05000000E+00
      ecut    2.80000000E+00 Hartree
    ecutsm    5.00000000E-01 Hartree
    ionmov         3
      iscf         5
       ixc         3
       kpt   -8.33333333E-02 -1.66666667E-01  0.00000000E+00
             -8.33333333E-02 -3.33333333E-01  0.00000000E+00
             -1.66666667E-01 -2.50000000E-01  0.00000000E+00
             -8.33333333E-02 -2.50000000E-01  8.33333333E-02
             -8.33333333E-02  5.00000000E-01  0.00000000E+00
             -1.66666667E-01 -4.16666667E-01  0.00000000E+00
             -8.33333333E-02 -4.16666667E-01  8.33333333E-02
             -2.50000000E-01 -3.33333333E-01  0.00000000E+00
             -1.66666667E-01 -3.33333333E-01  8.33333333E-02
             -8.33333333E-02 -3.33333333E-01  1.66666667E-01
             -8.33333333E-02  3.33333333E-01  0.00000000E+00
             -1.66666667E-01  4.16666667E-01  0.00000000E+00
             -2.50000000E-01  5.00000000E-01  0.00000000E+00
             -1.66666667E-01  5.00000000E-01  8.33333333E-02
             -3.33333333E-01 -4.16666667E-01  0.00000000E+00
             -2.50000000E-01 -4.16666667E-01  8.33333333E-02
             -1.66666667E-01 -4.16666667E-01  1.66666667E-01
             -8.33333333E-02 -4.16666667E-01  2.50000000E-01
             -8.33333333E-02  1.66666667E-01  0.00000000E+00
             -1.66666667E-01  2.50000000E-01  0.00000000E+00
             -2.50000000E-01  3.33333333E-01  0.00000000E+00
             -3.33333333E-01  4.16666667E-01  0.00000000E+00
             -4.16666667E-01  5.00000000E-01  0.00000000E+00
             -3.33333333E-01  5.00000000E-01  8.33333333E-02
             -2.50000000E-01  5.00000000E-01  1.66666667E-01
             -8.33333333E-02  0.00000000E+00  0.00000000E+00
             -2.50000000E-01  0.00000000E+00  0.00000000E+00
             -4.16666667E-01  0.00000000E+00  0.00000000E+00
   kptrlen    6.31800000E+01
    kptopt         1
  kptrlatt    6 -6  6  -6  6  6  -6 -6  6
P    mkmem        28
     natom         2
     nband         5
     ngfft        12      12      12
      nkpt        28
     nstep       100
      nsym        24
     ntime       100
    ntypat         2
       occ    2.000000  2.000000  2.000000  2.000000  0.000000
   optcell         2
     rprim    0.0000000000E+00  5.0000000000E-01  5.0000000000E-01
              5.0000000000E-01  0.0000000000E+00  5.0000000000E-01
              5.0000000000E-01  5.0000000000E-01  0.0000000000E+00
    shiftk    5.00000000E-01  5.00000000E-01  5.00000000E-01
   spgroup       216
    symrel    1  0  0   0  1  0   0  0  1       0 -1  1   0 -1  0   1 -1  0
             -1  0  0  -1  0  1  -1  1  0       0  1 -1   1  0 -1   0  0 -1
             -1  0  0  -1  1  0  -1  0  1       0 -1  1   1 -1  0   0 -1  0
              1  0  0   0  0  1   0  1  0       0  1 -1   0  0 -1   1  0 -1
             -1  0  1  -1  1  0  -1  0  0       0 -1  0   1 -1  0   0 -1  1
              1  0 -1   0  0 -1   0  1 -1       0  1  0   0  0  1   1  0  0
              1  0 -1   0  1 -1   0  0 -1       0 -1  0   0 -1  1   1 -1  0
             -1  0  1  -1  0  0  -1  1  0       0  1  0   1  0  0   0  0  1
              0  0 -1   0  1 -1   1  0 -1       1 -1  0   0 -1  1   0 -1  0
              0  0  1   1  0  0   0  1  0      -1  1  0  -1  0  0  -1  0  1
              0  0  1   0  1  0   1  0  0       1 -1  0   0 -1  0   0 -1  1
              0  0 -1   1  0 -1   0  1 -1      -1  1  0  -1  0  1  -1  0  0
    tolmxf    5.00000000E-06
    tolvrs    1.00000000E-15
     typat    1  2
       wtk      0.02778    0.02778    0.02778    0.05556    0.02778    0.02778
                0.05556    0.02778    0.05556    0.05556    0.02778    0.02778
                0.02778    0.05556    0.02778    0.05556    0.05556    0.05556
                0.02778    0.02778    0.02778    0.02778    0.02778    0.05556
                0.05556    0.00926    0.00926    0.00926
    xangst    0.0000000000E+00  0.0000000000E+00  0.0000000000E+00
              1.3930590016E+00  1.3930590016E+00  1.3930590016E+00
     xcart    0.0000000000E+00  0.0000000000E+00  0.0000000000E+00
              2.6325000000E+00  2.6325000000E+00  2.6325000000E+00
      xred    0.0000000000E+00  0.0000000000E+00  0.0000000000E+00
              2.5000000000E-01  2.5000000000E-01  2.5000000000E-01
     znucl     13.00000   33.00000

================================================================================

 chkinp: Checking input parameters for consistency.

================================================================================
== DATASET  1 ==================================================================

 Real(R)+Recip(G) space primitive vectors, cartesian coordinates (Bohr,Bohr^-1):
 R(1)=  0.0000000  5.2650000  5.2650000  G(1)= -0.0949668  0.0949668  0.0949668
 R(2)=  5.2650000  0.0000000  5.2650000  G(2)=  0.0949668 -0.0949668  0.0949668
 R(3)=  5.2650000  5.2650000  0.0000000  G(3)=  0.0949668  0.0949668 -0.0949668
 Unit cell volume ucvol=  2.9189397E+02 bohr^3
 Angles (23,13,12)=  6.00000000E+01  6.00000000E+01  6.00000000E+01 degrees

 getcut: wavevector=  0.0000  0.0000  0.0000  ngfft=  12  12  12
         ecut(hartree)=      3.087   => boxcut(ratio)=   2.03767

--- Pseudopotential description ------------------------------------------------
- pspini: atom type   1  psp file is /home/gonze/ABINIT/ABINITv5.6.3/test_gcc43/5.6.3-private/tests/Psps_for_tests/13al.pspnc
- pspatm: opening atomic psp file    /home/gonze/ABINIT/ABINITv5.6.3/test_gcc43/5.6.3-private/tests/Psps_for_tests/13al.pspnc
  Troullier-Martins psp for element  Al        Thu Oct 27 17:31:05 EDT 1994
  13.00000   3.00000    940714                znucl, zion, pspdat
    1    1    2    2      2001   0.00000      pspcod,pspxc,lmax,lloc,mmax,r2well
    0   4.657  11.889    1   2.2761078        l,e99.0,e99.9,nproj,rcpsp
   0.00000000   0.00000000   0.00000000   0.00000000     rms, ekb1, ekb2, epsatm
    1   1.829   2.761    1   2.2761078        l,e99.0,e99.9,nproj,rcpsp
   0.00000000   0.00000000   0.00000000   0.00000000     rms, ekb1, ekb2, epsatm
    2   0.000   0.000    0   2.2761078        l,e99.0,e99.9,nproj,rcpsp
   0.00000000   0.00000000   0.00000000   0.00000000     rms, ekb1, ekb2, epsatm
    2.09673076353074    0.12648111154518    1.01742091001718   rchrg,fchrg,qchrg
 pspatm: epsatm=    0.22155260
         --- l  ekb(1:nproj) -->
             0    2.540658
             1    1.353815
 pspatm: atomic psp has been read  and splines computed

- pspini: atom type   2  psp file is /home/gonze/ABINIT/ABINITv5.6.3/test_gcc43/5.6.3-private/tests/Psps_for_tests/33as.pspnc
- pspatm: opening atomic psp file    /home/gonze/ABINIT/ABINITv5.6.3/test_gcc43/5.6.3-private/tests/Psps_for_tests/33as.pspnc
  Troullier-Martins psp for element  As        Thu Oct 27 17:37:14 EDT 1994
  33.00000   5.00000    940714                znucl, zion, pspdat
    1    1    1    1      2001   0.00000      pspcod,pspxc,lmax,lloc,mmax,r2well
    0   4.772  10.829    1   2.5306160        l,e99.0,e99.9,nproj,rcpsp
   0.00000000   0.00000000   0.00000000   0.00000000     rms, ekb1, ekb2, epsatm
    1   2.745   5.580    0   2.5306160        l,e99.0,e99.9,nproj,rcpsp
   0.00000000   0.00000000   0.00000000   0.00000000     rms, ekb1, ekb2, epsatm
    2.05731715564010    0.36322996461007    2.76014815959125   rchrg,fchrg,qchrg
 pspatm: epsatm=   27.20579911
         --- l  ekb(1:nproj) -->
             0    0.838751
 pspatm: atomic psp has been read  and splines computed

   2.19418814E+02                                ecore*ucvol(ha*bohr**3)
--------------------------------------------------------------------------------

P newkpt: treating      5 bands with npw=      68 for ikpt=   1
P newkpt: treating      5 bands with npw=      74 for ikpt=   2
P newkpt: treating      5 bands with npw=      74 for ikpt=   3
P newkpt: treating      5 bands with npw=      73 for ikpt=   4
P newkpt: treating      5 bands with npw=      74 for ikpt=   5
P newkpt: treating      5 bands with npw=      75 for ikpt=   6
P newkpt: treating      5 bands with npw=      76 for ikpt=   7
P newkpt: treating      5 bands with npw=      77 for ikpt=   8
P newkpt: treating      5 bands with npw=      77 for ikpt=   9
P newkpt: treating      5 bands with npw=      75 for ikpt=  10
P newkpt: treating      5 bands with npw=      74 for ikpt=  11
P newkpt: treating      5 bands with npw=      79 for ikpt=  12
P newkpt: treating      5 bands with npw=      77 for ikpt=  13
P newkpt: treating      5 bands with npw=      78 for ikpt=  14
P newkpt: treating      5 bands with npw=      79 for ikpt=  15
P newkpt: treating      5 bands with npw=      80 for ikpt=  16
P newkpt: treating      5 bands with npw=      77 for ikpt=  17
P newkpt: treating      5 bands with npw=      77 for ikpt=  18
P newkpt: treating      5 bands with npw=      69 for ikpt=  19
P newkpt: treating      5 bands with npw=      75 for ikpt=  20
P newkpt: treating      5 bands with npw=      75 for ikpt=  21
P newkpt: treating      5 bands with npw=      74 for ikpt=  22
P newkpt: treating      5 bands with npw=      75 for ikpt=  23
P newkpt: treating      5 bands with npw=      77 for ikpt=  24
P newkpt: treating      5 bands with npw=      76 for ikpt=  25
P newkpt: treating      5 bands with npw=      65 for ikpt=  26
P newkpt: treating      5 bands with npw=      74 for ikpt=  27
P newkpt: treating      5 bands with npw=      73 for ikpt=  28

 setup2: Arith. and geom. avg. npw (full set) are      75.602      75.552

================================================================================

 BROYDEN STEP NUMBER   0  ------------------------------------------------------

     iter   Etot(hartree)      deltaE(h)  residm     vres2    diffor    maxfor
 ETOT  1  -10.081663941621    -1.008E+01 8.737E-03 9.294E-01 1.592E-31 1.592E-31
 ETOT  2  -10.085672066211    -4.008E-03 2.846E-05 2.460E-02 8.184E-28 8.183E-28
 ETOT  3  -10.085763473175    -9.141E-05 8.244E-06 1.961E-03 9.206E-28 1.023E-28
 ETOT  4  -10.085768995666    -5.522E-06 3.773E-07 1.245E-04 1.023E-28 0.000E+00
 ETOT  5  -10.085768460526     5.351E-07 5.432E-08 3.139E-04 7.671E-29 7.671E-29
 ETOT  6  -10.085769157495    -6.970E-07 9.201E-08 4.428E-05 7.352E-29 3.196E-30
 ETOT  7  -10.085769240437    -8.294E-08 4.486E-09 2.719E-06 9.589E-30 6.393E-30
 ETOT  8  -10.085769245771    -5.334E-09 6.656E-10 2.196E-07 5.394E-30 9.989E-31
 ETOT  9  -10.085769246147    -3.756E-10 1.914E-10 3.289E-09 1.199E-30 1.998E-31
 ETOT 10  -10.085769246152    -5.148E-12 1.561E-11 4.808E-10 1.998E-31 0.000E+00
 ETOT 11  -10.085769246152     2.132E-14 3.490E-12 3.871E-10 7.492E-32 7.492E-32
 ETOT 12  -10.085769246153    -7.585E-13 2.889E-13 4.050E-11 7.492E-32 0.000E+00
 ETOT 13  -10.085769246153    -7.105E-14 9.307E-14 5.890E-14 0.000E+00 0.000E+00
 ETOT 14  -10.085769246153    -1.776E-15 7.378E-15 4.573E-14 0.000E+00 0.000E+00
 ETOT 15  -10.085769246153     3.020E-14 1.961E-15 3.613E-15 0.000E+00 0.000E+00
 ETOT 16  -10.085769246153    -1.421E-14 1.788E-16 1.508E-16 0.000E+00 0.000E+00

 At SCF step   16       vres2   =  1.51E-16 < tolvrs=  1.00E-15 =>converged.

 Cartesian components of stress tensor (hartree/bohr^3)
  sigma(1 1)= -3.11098574E-06  sigma(3 2)=  0.00000000E+00
  sigma(2 2)= -3.11098574E-06  sigma(3 1)=  0.00000000E+00
  sigma(3 3)= -3.11098574E-06  sigma(2 1)=  0.00000000E+00

 Unit cell characteristics :
  acell=  7.4458344059E+00  7.4458344059E+00  7.4458344059E+00
  rprim=  0.0000000000E+00  7.0710678119E-01  7.0710678119E-01
          7.0710678119E-01  0.0000000000E+00  7.0710678119E-01
          7.0710678119E-01  7.0710678119E-01  0.0000000000E+00
  ucvol=  2.9189396925E+02 Bohr^3
  lengths=  7.4458344059E+00  7.4458344059E+00  7.4458344059E+00 Bohr
  angles (23,13,12)=  60.00000000  60.00000000  60.00000000 degrees
 Cartesian coordinates (bohr)
  0.00000000000000E+00  0.00000000000000E+00  0.00000000000000E+00
  2.63250000000000E+00  2.63250000000000E+00  2.63250000000000E+00
 Cartesian forces (hart/bohr); max,rms= 0.00000E+00 0.00000E+00 (free atoms)
 -0.00000000000000E+00 -0.00000000000000E+00 -0.00000000000000E+00
 -0.00000000000000E+00 -0.00000000000000E+00 -0.00000000000000E+00

 At the end of Broyden step  0, total energy= -1.00857692461529E+01 Ha.


 BROYDEN STEP NUMBER   1  ------------------------------------------------------

     iter   Etot(hartree)      deltaE(h)  residm     vres2    diffor    maxfor
 ETOT  1  -10.085769447472    -1.009E+01 1.699E-09 4.937E-06 0.000E+00 0.000E+00
 ETOT  2  -10.085769466991    -1.952E-08 2.154E-11 2.676E-07 5.493E-31 5.493E-31
 ETOT  3  -10.085769467400    -4.081E-10 1.599E-11 2.381E-07 4.994E-31 1.498E-31
 ETOT  4  -10.085769468007    -6.075E-10 2.801E-11 1.979E-08 1.498E-31 0.000E+00
 ETOT  5  -10.085769468052    -4.473E-11 2.555E-12 2.185E-09 3.995E-31 3.995E-31
 ETOT  6  -10.085769468054    -2.515E-12 3.562E-13 1.580E-10 4.994E-31 9.988E-32
 ETOT  7  -10.085769468055    -3.144E-13 1.708E-13 4.506E-12 4.994E-32 4.994E-32
 ETOT  8  -10.085769468055     1.776E-15 1.056E-14 7.281E-13 4.994E-32 0.000E+00
 ETOT  9  -10.085769468055     2.132E-14 5.078E-15 5.881E-14 0.000E+00 0.000E+00
 ETOT 10  -10.085769468055    -4.619E-14 3.171E-16 9.559E-15 5.930E-32 5.930E-32
 ETOT 11  -10.085769468055     7.105E-15 1.372E-16 4.411E-15 1.092E-31 4.994E-32
 ETOT 12  -10.085769468055     4.441E-14 9.837E-18 5.538E-16 4.994E-32 0.000E+00

 At SCF step   12       vres2   =  5.54E-16 < tolvrs=  1.00E-15 =>converged.

 Cartesian components of stress tensor (hartree/bohr^3)
  sigma(1 1)= -2.31877479E-06  sigma(3 2)=  0.00000000E+00
  sigma(2 2)= -2.31877479E-06  sigma(3 1)=  0.00000000E+00
  sigma(3 3)= -2.31877479E-06  sigma(2 1)=  0.00000000E+00

 Unit cell characteristics :
  acell=  7.4465293224E+00  7.4465293224E+00  7.4465293224E+00
  rprim=  0.0000000000E+00  7.0710678119E-01  7.0710678119E-01
          7.0710678119E-01  0.0000000000E+00  7.0710678119E-01
          7.0710678119E-01  7.0710678119E-01  0.0000000000E+00
  ucvol=  2.9197570390E+02 Bohr^3
  lengths=  7.4465293224E+00  7.4465293224E+00  7.4465293224E+00 Bohr
  angles (23,13,12)=  60.00000000  60.00000000  60.00000000 degrees
 Cartesian coordinates (bohr)
  0.00000000000000E+00  0.00000000000000E+00  0.00000000000000E+00
  2.63274569009896E+00  2.63274569009896E+00  2.63274569009896E+00
 Cartesian forces (hart/bohr); max,rms= 0.00000E+00 0.00000E+00 (free atoms)
 -0.00000000000000E+00 -0.00000000000000E+00 -0.00000000000000E+00
 -0.00000000000000E+00 -0.00000000000000E+00 -0.00000000000000E+00

 At the end of Broyden step  1, total energy= -1.00857694680546E+01 Ha.


 BROYDEN STEP NUMBER   2  ------------------------------------------------------

     iter   Etot(hartree)      deltaE(h)  residm     vres2    diffor    maxfor
 ETOT  1  -10.085769567761    -1.009E+01 9.982E-09 4.255E-05 0.000E+00 0.000E+00
 ETOT  2  -10.085769735992    -1.682E-07 1.396E-10 2.325E-06 1.997E-31 1.997E-31
 ETOT  3  -10.085769739621    -3.629E-09 1.421E-10 2.055E-06 4.993E-31 6.990E-31
 ETOT  4  -10.085769744866    -5.245E-09 2.419E-10 1.700E-07 2.297E-30 1.997E-30
 ETOT  5  -10.085769745251    -3.851E-10 2.178E-11 1.887E-08 1.997E-30 0.000E+00
 ETOT  6  -10.085769745273    -2.183E-11 3.083E-12 1.361E-09 0.000E+00 0.000E+00
 ETOT  7  -10.085769745276    -2.661E-12 1.451E-12 3.907E-11 0.000E+00 0.000E+00
 ETOT  8  -10.085769745276    -1.545E-13 9.140E-14 6.347E-12 0.000E+00 0.000E+00
 ETOT  9  -10.085769745276    -1.776E-14 4.324E-14 5.177E-13 1.435E-31 1.435E-31
 ETOT 10  -10.085769745276     7.638E-14 2.754E-15 8.464E-14 1.435E-31 0.000E+00
 ETOT 11  -10.085769745276    -5.684E-14 1.170E-15 3.780E-14 0.000E+00 0.000E+00
 ETOT 12  -10.085769745276     1.599E-14 8.541E-17 4.750E-15 0.000E+00 0.000E+00
 ETOT 13  -10.085769745276    -1.776E-14 4.845E-17 3.034E-18 8.113E-32 8.113E-32

 At SCF step   13       vres2   =  3.03E-18 < tolvrs=  1.00E-15 =>converged.

 Cartesian components of stress tensor (hartree/bohr^3)
  sigma(1 1)=  8.30376399E-09  sigma(3 2)=  0.00000000E+00
  sigma(2 2)=  8.30376399E-09  sigma(3 1)=  0.00000000E+00
  sigma(3 3)=  8.30376399E-09  sigma(2 1)=  0.00000000E+00

 Unit cell characteristics :
  acell=  7.4485684655E+00  7.4485684655E+00  7.4485684655E+00
  rprim=  0.0000000000E+00  7.0710678119E-01  7.0710678119E-01
          7.0710678119E-01  0.0000000000E+00  7.0710678119E-01
          7.0710678119E-01  7.0710678119E-01  0.0000000000E+00
  ucvol=  2.9221563176E+02 Bohr^3
  lengths=  7.4485684655E+00  7.4485684655E+00  7.4485684655E+00 Bohr
  angles (23,13,12)=  60.00000000  60.00000000  60.00000000 degrees
 Cartesian coordinates (bohr)
  0.00000000000000E+00  0.00000000000000E+00  0.00000000000000E+00
  2.63346663604142E+00  2.63346663604142E+00  2.63346663604142E+00
 Cartesian forces (hart/bohr); max,rms= 8.11287E-32 8.11287E-32 (free atoms)
 -8.11287394240588E-32  8.11287394240588E-32 -8.11287394240588E-32
  8.11287394240588E-32 -8.11287394240588E-32  8.11287394240588E-32

 At the end of Broyden step  2, total energy= -1.00857697452760E+01 Ha.


 At Broyd/MD step   2, gradients are converged :
  max grad (force/stress) = 8.3038E-07 < tolmxf= 5.0000E-06 ha/bohr (free atoms)

================================================================================

 ----iterations are completed or convergence reached----

 Mean square residual over all n,k,spin=   4.1221E-19; max=  4.8452E-17
  -0.0833 -0.1667  0.0000    1  4.84523E-17 kpt; spin; max resid(k); each band:
 2.76E-20 5.51E-20 7.81E-22 4.88E-21 4.85E-17
  -0.0833 -0.3333  0.0000    1  7.52821E-20 kpt; spin; max resid(k); each band:
 1.11E-20 4.00E-20 9.48E-22 5.89E-21 7.53E-20
  -0.1667 -0.2500  0.0000    1  1.85862E-19 kpt; spin; max resid(k); each band:
 1.56E-20 4.83E-20 3.78E-21 5.40E-22 1.86E-19
  -0.0833 -0.2500  0.0833    1  2.97487E-19 kpt; spin; max resid(k); each band:
 1.59E-20 5.42E-20 8.12E-21 3.38E-21 2.97E-19
  -0.0833  0.5000  0.0000    1  5.53766E-20 kpt; spin; max resid(k); each band:
 1.95E-21 1.53E-20 3.02E-21 1.19E-21 5.54E-20
  -0.1667 -0.4167  0.0000    1  1.51692E-19 kpt; spin; max resid(k); each band:
 1.24E-20 8.07E-20 3.38E-20 7.80E-22 1.52E-19
  -0.0833 -0.4167  0.0833    1  3.02805E-19 kpt; spin; max resid(k); each band:
 3.89E-21 3.17E-20 8.68E-21 9.62E-21 3.03E-19
  -0.2500 -0.3333  0.0000    1  1.75051E-19 kpt; spin; max resid(k); each band:
 2.03E-20 4.36E-20 1.71E-20 4.54E-22 1.75E-19
  -0.1667 -0.3333  0.0833    1  2.27121E-19 kpt; spin; max resid(k); each band:
 1.87E-20 7.29E-20 2.55E-20 2.77E-20 2.27E-19
  -0.0833 -0.3333  0.1667    1  5.68836E-19 kpt; spin; max resid(k); each band:
 9.38E-21 6.81E-20 4.75E-20 2.15E-20 5.69E-19
  -0.0833  0.3333  0.0000    1  4.48059E-20 kpt; spin; max resid(k); each band:
 6.03E-21 2.01E-20 5.51E-21 5.40E-22 4.48E-20
  -0.1667  0.4167  0.0000    1  1.51884E-19 kpt; spin; max resid(k); each band:
 1.69E-21 6.26E-20 3.98E-20 8.18E-22 1.52E-19
  -0.2500  0.5000  0.0000    1  1.93654E-19 kpt; spin; max resid(k); each band:
 8.11E-21 8.21E-20 1.05E-19 5.48E-22 1.94E-19
  -0.1667  0.5000  0.0833    1  2.39884E-19 kpt; spin; max resid(k); each band:
 1.78E-21 9.47E-20 6.49E-20 3.59E-20 2.40E-19
  -0.3333 -0.4167  0.0000    1  1.80355E-19 kpt; spin; max resid(k); each band:
 2.31E-20 2.27E-20 5.02E-20 3.59E-22 1.80E-19
  -0.2500 -0.4167  0.0833    1  2.64714E-19 kpt; spin; max resid(k); each band:
 1.63E-20 5.09E-20 8.48E-20 6.19E-20 2.65E-19
  -0.1667 -0.4167  0.1667    1  4.90992E-19 kpt; spin; max resid(k); each band:
 7.39E-21 1.01E-19 1.02E-19 1.31E-19 4.91E-19
  -0.0833 -0.4167  0.2500    1  2.26536E-19 kpt; spin; max resid(k); each band:
 6.04E-22 6.84E-20 1.51E-19 4.38E-20 2.27E-19
  -0.0833  0.1667  0.0000    1  1.14901E-19 kpt; spin; max resid(k); each band:
 2.02E-20 4.42E-20 4.78E-21 6.24E-22 1.15E-19
  -0.1667  0.2500  0.0000    1  1.08133E-19 kpt; spin; max resid(k); each band:
 7.51E-21 2.29E-20 1.51E-20 2.96E-22 1.08E-19
  -0.2500  0.3333  0.0000    1  1.72008E-19 kpt; spin; max resid(k); each band:
 4.13E-21 8.40E-20 9.44E-20 6.18E-22 1.72E-19
  -0.3333  0.4167  0.0000    1  2.19168E-19 kpt; spin; max resid(k); each band:
 3.54E-21 3.18E-20 1.91E-19 3.72E-22 2.19E-19
  -0.4167  0.5000  0.0000    1  1.78738E-19 kpt; spin; max resid(k); each band:
 2.09E-20 4.23E-21 7.88E-20 2.56E-22 1.79E-19
  -0.3333  0.5000  0.0833    1  2.89261E-19 kpt; spin; max resid(k); each band:
 1.11E-20 1.02E-20 1.58E-19 7.09E-20 2.89E-19
  -0.2500  0.5000  0.1667    1  3.83591E-19 kpt; spin; max resid(k); each band:
 2.33E-21 2.50E-20 1.63E-19 1.79E-19 3.84E-19
  -0.0833  0.0000  0.0000    1  1.62918E-19 kpt; spin; max resid(k); each band:
 4.57E-20 4.92E-20 2.26E-22 2.26E-22 1.63E-19
  -0.2500  0.0000  0.0000    1  4.67810E-20 kpt; spin; max resid(k); each band:
 1.45E-20 3.94E-20 8.78E-22 8.78E-22 4.68E-20
  -0.4167  0.0000  0.0000    1  1.48121E-20 kpt; spin; max resid(k); each band:
 3.81E-21 1.48E-20 1.04E-21 1.04E-21 1.25E-20
 reduced coordinates (array xred) for    2 atoms
       0.000000000000      0.000000000000      0.000000000000
       0.250000000000      0.250000000000      0.250000000000
 rms dE/dt=  6.9778E-31; max dE/dt=  0.0000E+00; dE/dt below (all hartree)
    1       0.000000000000      0.000000000000      0.000000000000
    2       0.000000000000     -0.000000000000      0.000000000000

 cartesian coordinates (angstrom) at end:
    1      0.00000000000000     0.00000000000000     0.00000000000000
    2      1.39305900161317     1.39305900161317     1.39305900161317

 cartesian forces (hartree/bohr) at end:
    1     -0.00000000000000     0.00000000000000    -0.00000000000000
    2      0.00000000000000    -0.00000000000000     0.00000000000000
 frms,max,avg= 8.1158529E-32 8.1158529E-32   0.000E+00  0.000E+00  0.000E+00 h/b

 cartesian forces (eV/Angstrom) at end:
    1     -0.00000000000000     0.00000000000000    -0.00000000000000
    2      0.00000000000000    -0.00000000000000     0.00000000000000
 frms,max,avg= 4.1733390E-30 4.1733390E-30   0.000E+00  0.000E+00  0.000E+00 e/A
 length scales=  7.448568465494  7.448568465494  7.448568465494 bohr
              =  3.941612668561  3.941612668561  3.941612668561 angstroms
 prteigrs : about to open file tnlo_1o_EIG
 Fermi (or HOMO) energy (hartree) =   0.09055   Average Vxc (hartree)=  -0.34847
 Eigenvalues (hartree) for nkpt=  28  k points:
 kpt#   1, nband=  5, wtk=  0.02778, kpt= -0.0833 -0.1667  0.0000 (reduced coord)
  -0.34045   0.02813   0.07395   0.07828   0.22105
 kpt#   2, nband=  5, wtk=  0.02778, kpt= -0.0833 -0.3333  0.0000 (reduced coord)
  -0.31627  -0.06164   0.05874   0.05993   0.20434
 kpt#   3, nband=  5, wtk=  0.02778, kpt= -0.1667 -0.2500  0.0000 (reduced coord)
  -0.32707  -0.01117   0.05196   0.05242   0.20295
 kpt#   4, nband=  5, wtk=  0.05556, kpt= -0.0833 -0.2500  0.0833 (reduced coord)
  -0.32137  -0.03551   0.03392   0.06843   0.22599
 kpt#   5, nband=  5, wtk=  0.02778, kpt= -0.0833  0.5000  0.0000 (reduced coord)
  -0.29352  -0.11372   0.04512   0.05727   0.19454
 kpt#   6, nband=  5, wtk=  0.02778, kpt= -0.1667 -0.4167  0.0000 (reduced coord)
  -0.30065  -0.08223   0.02462   0.04308   0.20234
 kpt#   7, nband=  5, wtk=  0.05556, kpt= -0.0833 -0.4167  0.0833 (reduced coord)
  -0.29479  -0.10011   0.02000   0.05191   0.21628
 kpt#   8, nband=  5, wtk=  0.02778, kpt= -0.2500 -0.3333  0.0000 (reduced coord)
  -0.30841  -0.04767   0.02720   0.03330   0.17929
 kpt#   9, nband=  5, wtk=  0.05556, kpt= -0.1667 -0.3333  0.0833 (reduced coord)
  -0.30407  -0.06283   0.01120   0.04082   0.20716
 kpt#  10, nband=  5, wtk=  0.05556, kpt= -0.0833 -0.3333  0.1667 (reduced coord)
  -0.29601  -0.08032  -0.01071   0.04905   0.23412
 kpt#  11, nband=  5, wtk=  0.02778, kpt= -0.0833  0.3333  0.0000 (reduced coord)
  -0.30673  -0.08560   0.04275   0.06828   0.20055
 kpt#  12, nband=  5, wtk=  0.02778, kpt= -0.1667  0.4167  0.0000 (reduced coord)
  -0.28850  -0.10766   0.00578   0.05036   0.20623
 kpt#  13, nband=  5, wtk=  0.02778, kpt= -0.2500  0.5000  0.0000 (reduced coord)
  -0.28483  -0.09393  -0.01202   0.03086   0.18353
 kpt#  14, nband=  5, wtk=  0.05556, kpt= -0.1667  0.5000  0.0833 (reduced coord)
  -0.28385  -0.10246  -0.01036   0.03345   0.21218
 kpt#  15, nband=  5, wtk=  0.02778, kpt= -0.3333 -0.4167  0.0000 (reduced coord)
  -0.28847  -0.08099   0.00881   0.01915   0.15967
 kpt#  16, nband=  5, wtk=  0.05556, kpt= -0.2500 -0.4167  0.0833 (reduced coord)
  -0.28590  -0.08499  -0.00821   0.01784   0.18769
 kpt#  17, nband=  5, wtk=  0.05556, kpt= -0.1667 -0.4167  0.1667 (reduced coord)
  -0.28177  -0.09102  -0.02577   0.01816   0.23611
 kpt#  18, nband=  5, wtk=  0.05556, kpt= -0.0833 -0.4167  0.2500 (reduced coord)
  -0.27749  -0.09520  -0.03787   0.02437   0.20336
 kpt#  19, nband=  5, wtk=  0.02778, kpt= -0.0833  0.1667  0.0000 (reduced coord)
  -0.33404  -0.00371   0.05766   0.08548   0.21759
 kpt#  20, nband=  5, wtk=  0.02778, kpt= -0.1667  0.2500  0.0000 (reduced coord)
  -0.31040  -0.06091   0.01027   0.07037   0.22851
 kpt#  21, nband=  5, wtk=  0.02778, kpt= -0.2500  0.3333  0.0000 (reduced coord)
  -0.28621  -0.09193  -0.02895   0.04630   0.20249
 kpt#  22, nband=  5, wtk=  0.02778, kpt= -0.3333  0.4167  0.0000 (reduced coord)
  -0.27437  -0.09717  -0.03677   0.02437   0.17210
 kpt#  23, nband=  5, wtk=  0.02778, kpt= -0.4167  0.5000  0.0000 (reduced coord)
  -0.27410  -0.10320  -0.00107   0.01142   0.14810
 kpt#  24, nband=  5, wtk=  0.05556, kpt= -0.3333  0.5000  0.0833 (reduced coord)
  -0.27321  -0.09885  -0.02044   0.00611   0.17658
 kpt#  25, nband=  5, wtk=  0.05556, kpt= -0.2500  0.5000  0.1667 (reduced coord)
  -0.27269  -0.09411  -0.03346  -0.00423   0.22818
 kpt#  26, nband=  5, wtk=  0.00926, kpt= -0.0833  0.0000  0.0000 (reduced coord)
  -0.34717   0.06505   0.09055   0.09055   0.20066
 kpt#  27, nband=  5, wtk=  0.00926, kpt= -0.2500  0.0000  0.0000 (reduced coord)
  -0.32800  -0.03344   0.07464   0.07464   0.19452
 kpt#  28, nband=  5, wtk=  0.00926, kpt= -0.4167  0.0000  0.0000 (reduced coord)
  -0.30036  -0.10572   0.06395   0.06395   0.17951
 Total charge density [el/Bohr^3]
,     Maximum=    9.1387E-02  at reduced coord.    0.1667    0.1667    0.5000
,Next maximum=    9.1387E-02  at reduced coord.    0.1667    0.5000    0.1667
,     Minimum=    3.1485E-03  at reduced coord.    0.7500    0.7500    0.7500
,Next minimum=    3.4933E-03  at reduced coord.    0.5000    0.5000    0.5000

--------------------------------------------------------------------------------
 Components of total free energy (in Hartree) :

    Kinetic energy  =  2.91758984496044E+00
    Hartree energy  =  7.61533006496350E-01
    XC energy       = -4.34890737536307E+00
    Ewald energy    = -8.54118423022807E+00
    PspCore energy  =  7.50879794971746E-01
    Loc. psp. energy= -2.29452809946332E+00
    NL   psp  energy=  6.68847313349926E-01
    >>>>>>>>> Etotal= -1.00857697452760E+01

 Other information on the energy :
    Total energy(eV)= -2.74447752062280E+02 ; Band energy (Ha)=  -6.5057409936E-01
--------------------------------------------------------------------------------

 Cartesian components of stress tensor (hartree/bohr^3)
  sigma(1 1)=  8.30376399E-09  sigma(3 2)=  0.00000000E+00
  sigma(2 2)=  8.30376399E-09  sigma(3 1)=  0.00000000E+00
  sigma(3 3)=  8.30376399E-09  sigma(2 1)=  0.00000000E+00

-Cartesian components of stress tensor (GPa)         [Pressure= -2.4431E-04 GPa]
- sigma(1 1)=  2.44305130E-04  sigma(3 2)=  0.00000000E+00
- sigma(2 2)=  2.44305130E-04  sigma(3 1)=  0.00000000E+00
- sigma(3 3)=  2.44305130E-04  sigma(2 1)=  0.00000000E+00

== END DATASET(S) ==============================================================
================================================================================
  
 -outvars: echo values of variables after computation  --------
     acell    7.4485684655E+00  7.4485684655E+00  7.4485684655E+00 Bohr
       amu    2.69815390E+01  7.49215900E+01
   dilatmx    1.05000000E+00
      ecut    2.80000000E+00 Hartree
    ecutsm    5.00000000E-01 Hartree
    etotal   -1.0085769745E+01
     fcart   -8.1128739424E-32  8.1128739424E-32 -8.1128739424E-32
              8.1128739424E-32 -8.1128739424E-32  8.1128739424E-32
    ionmov         3
      iscf         5
       ixc         3
       kpt   -8.33333333E-02 -1.66666667E-01  0.00000000E+00
             -8.33333333E-02 -3.33333333E-01  0.00000000E+00
             -1.66666667E-01 -2.50000000E-01  0.00000000E+00
             -8.33333333E-02 -2.50000000E-01  8.33333333E-02
             -8.33333333E-02  5.00000000E-01  0.00000000E+00
             -1.66666667E-01 -4.16666667E-01  0.00000000E+00
             -8.33333333E-02 -4.16666667E-01  8.33333333E-02
             -2.50000000E-01 -3.33333333E-01  0.00000000E+00
             -1.66666667E-01 -3.33333333E-01  8.33333333E-02
             -8.33333333E-02 -3.33333333E-01  1.66666667E-01
             -8.33333333E-02  3.33333333E-01  0.00000000E+00
             -1.66666667E-01  4.16666667E-01  0.00000000E+00
             -2.50000000E-01  5.00000000E-01  0.00000000E+00
             -1.66666667E-01  5.00000000E-01  8.33333333E-02
             -3.33333333E-01 -4.16666667E-01  0.00000000E+00
             -2.50000000E-01 -4.16666667E-01  8.33333333E-02
             -1.66666667E-01 -4.16666667E-01  1.66666667E-01
             -8.33333333E-02 -4.16666667E-01  2.50000000E-01
             -8.33333333E-02  1.66666667E-01  0.00000000E+00
             -1.66666667E-01  2.50000000E-01  0.00000000E+00
             -2.50000000E-01  3.33333333E-01  0.00000000E+00
             -3.33333333E-01  4.16666667E-01  0.00000000E+00
             -4.16666667E-01  5.00000000E-01  0.00000000E+00
             -3.33333333E-01  5.00000000E-01  8.33333333E-02
             -2.50000000E-01  5.00000000E-01  1.66666667E-01
             -8.33333333E-02  0.00000000E+00  0.00000000E+00
             -2.50000000E-01  0.00000000E+00  0.00000000E+00
             -4.16666667E-01  0.00000000E+00  0.00000000E+00
   kptrlen    6.31800000E+01
    kptopt         1
  kptrlatt    6 -6  6  -6  6  6  -6 -6  6
P    mkmem        28
     natom         2
     nband         5
     ngfft        12      12      12
      nkpt        28
     nstep       100
      nsym        24
     ntime       100
    ntypat         2
       occ    2.000000  2.000000  2.000000  2.000000  0.000000
   optcell         2
     rprim    0.0000000000E+00  7.0710678119E-01  7.0710678119E-01
              7.0710678119E-01  0.0000000000E+00  7.0710678119E-01
              7.0710678119E-01  7.0710678119E-01  0.0000000000E+00
    shiftk    5.00000000E-01  5.00000000E-01  5.00000000E-01
   spgroup       216
    strten    8.3037639867E-09  8.3037639885E-09  8.3037639876E-09
              0.0000000000E+00  0.0000000000E+00  0.0000000000E+00
    symrel    1  0  0   0  1  0   0  0  1       0 -1  1   0 -1  0   1 -1  0
             -1  0  0  -1  0  1  -1  1  0       0  1 -1   1  0 -1   0  0 -1
             -1  0  0  -1  1  0  -1  0  1       0 -1  1   1 -1  0   0 -1  0
              1  0  0   0  0  1   0  1  0       0  1 -1   0  0 -1   1  0 -1
             -1  0  1  -1  1  0  -1  0  0       0 -1  0   1 -1  0   0 -1  1
              1  0 -1   0  0 -1   0  1 -1       0  1  0   0  0  1   1  0  0
              1  0 -1   0  1 -1   0  0 -1       0 -1  0   0 -1  1   1 -1  0
             -1  0  1  -1  0  0  -1  1  0       0  1  0   1  0  0   0  0  1
              0  0 -1   0  1 -1   1  0 -1       1 -1  0   0 -1  1   0 -1  0
              0  0  1   1  0  0   0  1  0      -1  1  0  -1  0  0  -1  0  1
              0  0  1   0  1  0   1  0  0       1 -1  0   0 -1  0   0 -1  1
              0  0 -1   1  0 -1   0  1 -1      -1  1  0  -1  0  1  -1  0  0
    tolmxf    5.00000000E-06
    tolvrs    1.00000000E-15
     typat    1  2
       wtk      0.02778    0.02778    0.02778    0.05556    0.02778    0.02778
                0.05556    0.02778    0.05556    0.05556    0.02778    0.02778
                0.02778    0.05556    0.02778    0.05556    0.05556    0.05556
                0.02778    0.02778    0.02778    0.02778    0.02778    0.05556
                0.05556    0.00926    0.00926    0.00926
    xangst    0.0000000000E+00  0.0000000000E+00  0.0000000000E+00
              1.3935705234E+00  1.3935705234E+00  1.3935705234E+00
     xcart    0.0000000000E+00  0.0000000000E+00  0.0000000000E+00
              2.6334666360E+00  2.6334666360E+00  2.6334666360E+00
      xred    0.0000000000E+00  0.0000000000E+00  0.0000000000E+00
              2.5000000000E-01  2.5000000000E-01  2.5000000000E-01
     znucl     13.00000   33.00000

================================================================================

- Total cpu        time (s,m,h):          6.5        0.11      0.002
- Total wall clock time (s,m,h):          6.5        0.11      0.002

- For major independent code sections, cpu and wall times (sec),
- as well as % of the total time and number of calls 

- routine                 cpu     %       wall     %      number of calls 
-                                                          (-1=no count)
- fourwf(pot)            2.459  37.9      2.539  39.1          29280
- status                 0.499   7.7      0.480   7.4          19988
- vtorho-kpt loop        0.450   6.9      0.439   6.8             41
- nonlop(apply)          0.422   6.5      0.383   5.9          29280
- pspini                 0.366   5.6      0.367   5.7              1
- getghc-other           0.361   5.6      0.347   5.3             -1
- timing timab           0.349   5.4      0.350   5.4             11
- vtowfk(ssdiag)         0.289   4.5      0.313   4.8             -1
- projbd                 0.285   4.4      0.285   4.4          45400
- fourwf(den)            0.228   3.5      0.260   4.0           4592
- vtowfk  (1)            0.119   1.8      0.076   1.2           1148
- vtowfk(contrib)        0.116   1.8      0.136   2.1           1148
- invars2                0.109   1.7      0.110   1.7              1
- nonlop(forces)         0.075   1.2      0.057   0.9           4592
- forces                 0.071   1.1      0.067   1.0             41
- abinit(2)              0.035   0.5      0.035   0.5              1
- mkcore                 0.033   0.5      0.038   0.6             47
- 53   others            0.059   0.9      0.071   1.1

- subtotal               6.325  97.4      6.353  97.8

================================================================================

 Calculation completed.
.Delivered    2 WARNINGs and   0 COMMENTs to log file.
+Overall time at end (sec) : cpu=          6.5  wall=          6.5
