
.Version 5.6.3  of ABINIT 
.(sequential version, prepared for a x86_64_linux_gcc4.3 computer) 

.Copyright (C) 1998-2008 ABINIT group . 
 ABINIT comes with ABSOLUTELY NO WARRANTY.
 It is free software, and you are welcome to redistribute it
 under certain conditions (GNU General Public License,
 see ~abinit/COPYING or http://www.gnu.org/copyleft/gpl.txt).

 ABINIT is a project of the Universite Catholique de Louvain,
 Corning Inc. and other collaborators, see ~abinit/doc/developers/contributors.txt .
 Please read ~abinit/doc/users/acknowledgments.html for suggested
 acknowledgments of the ABINIT effort.
 For more information, see http://www.abinit.org .

.Starting date : Thu  6 Nov 2008.
  
- input  file    -> /home/gonze/ABINIT/ABINITv5.6.3/test_gcc43/5.6.3-private/tests/tutorespfn/Input/trf2_2.in
- output file    -> trf2_2.out
- root for input  files -> trf2_2i
- root for output files -> trf2_2o


 Symmetries : space group F-4 3 m (#216); Bravais cF (face-center cubic)
================================================================================
 Values of the parameters that define the memory need of the present run
   intxc =         0  ionmov =         0    iscf =         5 xclevel =         1
  lmnmax =         3   lnmax =         3   mband =         4  mffmem =         1
P  mgfft =        12   mkmem =         8 mpssoang=         3     mpw =        76
  mqgrid =      3001   natom =         2    nfft =      1728    nkpt =         8
  nloalg =         4  nspden =         1 nspinor =         1  nsppol =         1
    nsym =        24  n1xccc =      2501  ntypat =         2  occopt =         1
================================================================================
P This job should need less than                       1.370 Mbytes of memory.
  Rough estimation (10% accuracy) of disk space for files :
  WF disk file :      0.039 Mbytes ; DEN or POT disk file :      0.015 Mbytes.
================================================================================

 -outvars: echo values of preprocessed input variables --------
     acell    1.0610000000E+01  1.0610000000E+01  1.0610000000E+01 Bohr
       amu    2.69815390E+01  7.49215900E+01
    diemac    9.00000000E+00
      ecut    3.00000000E+00 Hartree
      iscf         5
    istwfk      2    0    3    0    0    0    7    0
       kpt    0.00000000E+00  0.00000000E+00  0.00000000E+00
              2.50000000E-01  0.00000000E+00  0.00000000E+00
              5.00000000E-01  0.00000000E+00  0.00000000E+00
              2.50000000E-01  2.50000000E-01  0.00000000E+00
              5.00000000E-01  2.50000000E-01  0.00000000E+00
             -2.50000000E-01  2.50000000E-01  0.00000000E+00
              5.00000000E-01  5.00000000E-01  0.00000000E+00
             -2.50000000E-01  5.00000000E-01  2.50000000E-01
   kptrlen    3.00096118E+01
    kptopt         1
  kptrlatt    4  0  0   0  4  0   0  0  4
P    mkmem         8
     natom         2
     nband         4
     ngfft        12      12      12
      nkpt         8
     nline         1
     nstep         1
      nsym        24
    ntypat         2
       occ    2.000000  2.000000  2.000000  2.000000
     rprim    0.0000000000E+00  5.0000000000E-01  5.0000000000E-01
              5.0000000000E-01  0.0000000000E+00  5.0000000000E-01
              5.0000000000E-01  5.0000000000E-01  0.0000000000E+00
   spgroup       216
    symrel    1  0  0   0  1  0   0  0  1       0 -1  1   0 -1  0   1 -1  0
             -1  0  0  -1  0  1  -1  1  0       0  1 -1   1  0 -1   0  0 -1
             -1  0  0  -1  1  0  -1  0  1       0 -1  1   1 -1  0   0 -1  0
              1  0  0   0  0  1   0  1  0       0  1 -1   0  0 -1   1  0 -1
             -1  0  1  -1  1  0  -1  0  0       0 -1  0   1 -1  0   0 -1  1
              1  0 -1   0  0 -1   0  1 -1       0  1  0   0  0  1   1  0  0
              1  0 -1   0  1 -1   0  0 -1       0 -1  0   0 -1  1   1 -1  0
             -1  0  1  -1  0  0  -1  1  0       0  1  0   1  0  0   0  0  1
              0  0 -1   0  1 -1   1  0 -1       1 -1  0   0 -1  1   0 -1  0
              0  0  1   1  0  0   0  1  0      -1  1  0  -1  0  0  -1  0  1
              0  0  1   0  1  0   1  0  0       1 -1  0   0 -1  0   0 -1  1
              0  0 -1   1  0 -1   0  1 -1      -1  1  0  -1  0  1  -1  0  0
    tolvrs    1.00000000E-18
     typat    1  2
       wtk      0.01563    0.12500    0.06250    0.09375    0.37500    0.18750
                0.04688    0.09375
    xangst    0.0000000000E+00  0.0000000000E+00  0.0000000000E+00
              1.4036425458E+00  1.4036425458E+00  1.4036425458E+00
     xcart    0.0000000000E+00  0.0000000000E+00  0.0000000000E+00
              2.6525000000E+00  2.6525000000E+00  2.6525000000E+00
      xred    0.0000000000E+00  0.0000000000E+00  0.0000000000E+00
              2.5000000000E-01  2.5000000000E-01  2.5000000000E-01
     znucl     13.00000   33.00000

================================================================================

 chkinp: Checking input parameters for consistency.

================================================================================
== DATASET  1 ==================================================================

 Real(R)+Recip(G) space primitive vectors, cartesian coordinates (Bohr,Bohr^-1):
 R(1)=  0.0000000  5.3050000  5.3050000  G(1)= -0.0942507  0.0942507  0.0942507
 R(2)=  5.3050000  0.0000000  5.3050000  G(2)=  0.0942507 -0.0942507  0.0942507
 R(3)=  5.3050000  5.3050000  0.0000000  G(3)=  0.0942507  0.0942507 -0.0942507
 Unit cell volume ucvol=  2.9859750E+02 bohr^3
 Angles (23,13,12)=  6.00000000E+01  6.00000000E+01  6.00000000E+01 degrees

 getcut: wavevector=  0.0000  0.0000  0.0000  ngfft=  12  12  12
         ecut(hartree)=      3.000   => boxcut(ratio)=   2.05142

--- Pseudopotential description ------------------------------------------------
- pspini: atom type   1  psp file is /home/gonze/ABINIT/ABINITv5.6.3/test_gcc43/5.6.3-private/tests/Psps_for_tests/13al.981214.fhi
- pspatm: opening atomic psp file    /home/gonze/ABINIT/ABINITv5.6.3/test_gcc43/5.6.3-private/tests/Psps_for_tests/13al.981214.fhi
 Aluminum, fhi98PP : Hamann-type, LDA CA PerdewWang, l=2 local
  13.00000   3.00000    981214                znucl, zion, pspdat
    6    7    2    2       493   0.00000      pspcod,pspxc,lmax,lloc,mmax,r2well
  No XC core correction.
  1.024700          amesh (Hamman grid)
 pspatm: epsatm=    1.36305739
         --- l  ekb(1:nproj) -->
             0    1.768744
             1    0.900554
 pspatm: atomic psp has been read  and splines computed

- pspini: atom type   2  psp file is /home/gonze/ABINIT/ABINITv5.6.3/test_gcc43/5.6.3-private/tests/Psps_for_tests/33as.pspnc
- pspatm: opening atomic psp file    /home/gonze/ABINIT/ABINITv5.6.3/test_gcc43/5.6.3-private/tests/Psps_for_tests/33as.pspnc
  Troullier-Martins psp for element  As        Thu Oct 27 17:37:14 EDT 1994
  33.00000   5.00000    940714                znucl, zion, pspdat
    1    1    1    1      2001   0.00000      pspcod,pspxc,lmax,lloc,mmax,r2well
    0   4.772  10.829    1   2.5306160        l,e99.0,e99.9,nproj,rcpsp
   0.00000000   0.00000000   0.00000000   0.00000000     rms, ekb1, ekb2, epsatm
    1   2.745   5.580    0   2.5306160        l,e99.0,e99.9,nproj,rcpsp
   0.00000000   0.00000000   0.00000000   0.00000000     rms, ekb1, ekb2, epsatm
    2.05731715564010    0.36322996461007    2.76014815959125   rchrg,fchrg,qchrg
 pspatm: epsatm=   27.20579911
         --- l  ekb(1:nproj) -->
             0    0.838751
 pspatm: atomic psp has been read  and splines computed

   2.28550852E+02                                ecore*ucvol(ha*bohr**3)
--------------------------------------------------------------------------------

P newkpt: treating      4 bands with npw=      33 for ikpt=   1
P newkpt: treating      4 bands with npw=      68 for ikpt=   2
P newkpt: treating      4 bands with npw=      38 for ikpt=   3
P newkpt: treating      4 bands with npw=      76 for ikpt=   4
P newkpt: treating      4 bands with npw=      74 for ikpt=   5
P newkpt: treating      4 bands with npw=      75 for ikpt=   6
P newkpt: treating      4 bands with npw=      40 for ikpt=   7
P newkpt: treating      4 bands with npw=      68 for ikpt=   8

 setup2: Arith. and geom. avg. npw (full set) are      73.328      73.250

================================================================================

     iter   Etot(hartree)      deltaE(h)  residm     vres2    diffor    maxfor
 ETOT  1  -9.5909184173429    -9.591E+00 3.821E-02 7.768E-01 0.000E+00 0.000E+00

 Cartesian components of stress tensor (hartree/bohr^3)
  sigma(1 1)=  3.71131145E-04  sigma(3 2)=  0.00000000E+00
  sigma(2 2)=  3.71131145E-04  sigma(3 1)=  0.00000000E+00
  sigma(3 3)=  3.71131145E-04  sigma(2 1)=  0.00000000E+00


 scprqt:  WARNING -
  nstep=    1 was not enough SCF cycles to converge;
  potential residual=  7.768E-01 exceeds tolvrs=  1.000E-18

================================================================================

 ----iterations are completed or convergence reached----

 Mean square residual over all n,k,spin=   1.8026E-02; max=  3.8209E-02
   0.0000  0.0000  0.0000    1  2.41775E-02 kpt; spin; max resid(k); each band:
 2.42E-02 2.19E-02 1.79E-02 2.25E-02
   0.2500  0.0000  0.0000    1  2.65027E-02 kpt; spin; max resid(k); each band:
 1.66E-02 2.22E-02 2.31E-02 2.65E-02
   0.5000  0.0000  0.0000    1  3.82095E-02 kpt; spin; max resid(k); each band:
 1.69E-02 1.13E-02 1.49E-02 3.82E-02
   0.2500  0.2500  0.0000    1  1.88161E-02 kpt; spin; max resid(k); each band:
 1.54E-02 1.33E-02 1.88E-02 1.32E-02
   0.5000  0.2500  0.0000    1  2.88904E-02 kpt; spin; max resid(k); each band:
 2.89E-02 1.37E-02 1.35E-02 1.15E-02
  -0.2500  0.2500  0.0000    1  1.73025E-02 kpt; spin; max resid(k); each band:
 1.73E-02 1.18E-02 1.36E-02 1.64E-02
   0.5000  0.5000  0.0000    1  1.77383E-02 kpt; spin; max resid(k); each band:
 5.33E-03 8.77E-03 1.14E-02 1.77E-02
  -0.2500  0.5000  0.2500    1  3.71150E-02 kpt; spin; max resid(k); each band:
 2.84E-02 9.94E-03 1.44E-02 3.71E-02
 reduced coordinates (array xred) for    2 atoms
       0.000000000000      0.000000000000      0.000000000000
       0.250000000000      0.250000000000      0.250000000000
 rms dE/dt=  0.0000E+00; max dE/dt=  0.0000E+00; dE/dt below (all hartree)
    1       0.000000000000      0.000000000000      0.000000000000
    2       0.000000000000      0.000000000000      0.000000000000

 cartesian coordinates (angstrom) at end:
    1      0.00000000000000     0.00000000000000     0.00000000000000
    2      1.40364254578497     1.40364254578497     1.40364254578497

 cartesian forces (hartree/bohr) at end:
    1     -0.00000000000000    -0.00000000000000    -0.00000000000000
    2     -0.00000000000000    -0.00000000000000    -0.00000000000000
 frms,max,avg= 0.0000000E+00 0.0000000E+00   0.000E+00  0.000E+00  0.000E+00 h/b

 cartesian forces (eV/Angstrom) at end:
    1     -0.00000000000000    -0.00000000000000    -0.00000000000000
    2     -0.00000000000000    -0.00000000000000    -0.00000000000000
 frms,max,avg= 0.0000000E+00 0.0000000E+00   0.000E+00  0.000E+00  0.000E+00 e/A
 length scales= 10.610000000000 10.610000000000 10.610000000000 bohr
              =  5.614570183140  5.614570183140  5.614570183140 angstroms
 prteigrs : about to open file trf2_2o_EIG
 Fermi (or HOMO) energy (hartree) =   0.17869   Average Vxc (hartree)=  -0.34031
 Eigenvalues (hartree) for nkpt=   8  k points:
 kpt#   1, nband=  4, wtk=  0.01563, kpt=  0.0000  0.0000  0.0000 (reduced coord)
  -0.37006   0.06698   0.13534   0.17869
 kpt#   2, nband=  4, wtk=  0.12500, kpt=  0.2500  0.0000  0.0000 (reduced coord)
  -0.34986  -0.05312   0.05571   0.12575
 kpt#   3, nband=  4, wtk=  0.06250, kpt=  0.5000  0.0000  0.0000 (reduced coord)
  -0.31982  -0.13671   0.07303   0.12519
 kpt#   4, nband=  4, wtk=  0.09375, kpt=  0.2500  0.2500  0.0000 (reduced coord)
  -0.34364  -0.04430   0.01716   0.15130
 kpt#   5, nband=  4, wtk=  0.37500, kpt=  0.5000  0.2500  0.0000 (reduced coord)
  -0.31180  -0.11352  -0.03387   0.08323
 kpt#   6, nband=  4, wtk=  0.18750, kpt= -0.2500  0.2500  0.0000 (reduced coord)
  -0.32336  -0.09680  -0.03917   0.06943
 kpt#   7, nband=  4, wtk=  0.04688, kpt=  0.5000  0.5000  0.0000 (reduced coord)
  -0.30256  -0.12976  -0.01799  -0.00861
 kpt#   8, nband=  4, wtk=  0.09375, kpt= -0.2500  0.5000  0.2500 (reduced coord)
  -0.29790  -0.11341  -0.05196  -0.02820
 Total charge density [el/Bohr^3]
,     Maximum=    8.0374E-02  at reduced coord.    0.1667    0.1667    0.5000
,Next maximum=    8.0374E-02  at reduced coord.    0.1667    0.5000    0.1667
,     Minimum=    4.5020E-03  at reduced coord.    0.7500    0.7500    0.7500
,Next minimum=    4.6465E-03  at reduced coord.    0.5000    0.5000    0.5000

--------------------------------------------------------------------------------
 Components of total free energy (in Hartree) :

    Kinetic energy  =  2.87703082916916E+00
    Hartree energy  =  6.08367901943384E-01
    XC energy       = -3.84832730141236E+00
    Ewald energy    = -8.47989583509473E+00
    PspCore energy  =  7.65414498117115E-01
    Loc. psp. energy= -2.22357025527420E+00
    NL   psp  energy=  7.10061745208687E-01
    >>>>>>>>> Etotal= -9.59091841734294E+00

 Other information on the energy :
    Total energy(eV)= -2.60982162624262E+02 ; Band energy (Ha)=  -6.9183913568E-01
--------------------------------------------------------------------------------

 Cartesian components of stress tensor (hartree/bohr^3)
  sigma(1 1)=  3.71131145E-04  sigma(3 2)=  0.00000000E+00
  sigma(2 2)=  3.71131145E-04  sigma(3 1)=  0.00000000E+00
  sigma(3 3)=  3.71131145E-04  sigma(2 1)=  0.00000000E+00

-Cartesian components of stress tensor (GPa)         [Pressure= -1.0919E+01 GPa]
- sigma(1 1)=  1.09190534E+01  sigma(3 2)=  0.00000000E+00
- sigma(2 2)=  1.09190534E+01  sigma(3 1)=  0.00000000E+00
- sigma(3 3)=  1.09190534E+01  sigma(2 1)=  0.00000000E+00

== END DATASET(S) ==============================================================
================================================================================
  
 -outvars: echo values of variables after computation  --------
     acell    1.0610000000E+01  1.0610000000E+01  1.0610000000E+01 Bohr
       amu    2.69815390E+01  7.49215900E+01
    diemac    9.00000000E+00
      ecut    3.00000000E+00 Hartree
    etotal   -9.5909184173E+00
     fcart   -0.0000000000E+00 -0.0000000000E+00 -0.0000000000E+00
             -0.0000000000E+00 -0.0000000000E+00 -0.0000000000E+00
      iscf         5
    istwfk      2    0    3    0    0    0    7    0
       kpt    0.00000000E+00  0.00000000E+00  0.00000000E+00
              2.50000000E-01  0.00000000E+00  0.00000000E+00
              5.00000000E-01  0.00000000E+00  0.00000000E+00
              2.50000000E-01  2.50000000E-01  0.00000000E+00
              5.00000000E-01  2.50000000E-01  0.00000000E+00
             -2.50000000E-01  2.50000000E-01  0.00000000E+00
              5.00000000E-01  5.00000000E-01  0.00000000E+00
             -2.50000000E-01  5.00000000E-01  2.50000000E-01
   kptrlen    3.00096118E+01
    kptopt         1
  kptrlatt    4  0  0   0  4  0   0  0  4
P    mkmem         8
     natom         2
     nband         4
     ngfft        12      12      12
      nkpt         8
     nline         1
     nstep         1
      nsym        24
    ntypat         2
       occ    2.000000  2.000000  2.000000  2.000000
     rprim    0.0000000000E+00  5.0000000000E-01  5.0000000000E-01
              5.0000000000E-01  0.0000000000E+00  5.0000000000E-01
              5.0000000000E-01  5.0000000000E-01  0.0000000000E+00
   spgroup       216
    strten    3.7113114546E-04  3.7113114546E-04  3.7113114546E-04
              0.0000000000E+00  0.0000000000E+00  0.0000000000E+00
    symrel    1  0  0   0  1  0   0  0  1       0 -1  1   0 -1  0   1 -1  0
             -1  0  0  -1  0  1  -1  1  0       0  1 -1   1  0 -1   0  0 -1
             -1  0  0  -1  1  0  -1  0  1       0 -1  1   1 -1  0   0 -1  0
              1  0  0   0  0  1   0  1  0       0  1 -1   0  0 -1   1  0 -1
             -1  0  1  -1  1  0  -1  0  0       0 -1  0   1 -1  0   0 -1  1
              1  0 -1   0  0 -1   0  1 -1       0  1  0   0  0  1   1  0  0
              1  0 -1   0  1 -1   0  0 -1       0 -1  0   0 -1  1   1 -1  0
             -1  0  1  -1  0  0  -1  1  0       0  1  0   1  0  0   0  0  1
              0  0 -1   0  1 -1   1  0 -1       1 -1  0   0 -1  1   0 -1  0
              0  0  1   1  0  0   0  1  0      -1  1  0  -1  0  0  -1  0  1
              0  0  1   0  1  0   1  0  0       1 -1  0   0 -1  0   0 -1  1
              0  0 -1   1  0 -1   0  1 -1      -1  1  0  -1  0  1  -1  0  0
    tolvrs    1.00000000E-18
     typat    1  2
       wtk      0.01563    0.12500    0.06250    0.09375    0.37500    0.18750
                0.04688    0.09375
    xangst    0.0000000000E+00  0.0000000000E+00  0.0000000000E+00
              1.4036425458E+00  1.4036425458E+00  1.4036425458E+00
     xcart    0.0000000000E+00  0.0000000000E+00  0.0000000000E+00
              2.6525000000E+00  2.6525000000E+00  2.6525000000E+00
      xred    0.0000000000E+00  0.0000000000E+00  0.0000000000E+00
              2.5000000000E-01  2.5000000000E-01  2.5000000000E-01
     znucl     13.00000   33.00000

================================================================================

- Total cpu        time (s,m,h):          1.2        0.02      0.000
- Total wall clock time (s,m,h):          1.2        0.02      0.000

- For major independent code sections, cpu and wall times (sec),
- as well as % of the total time and number of calls 

- routine                 cpu     %       wall     %      number of calls 
-                                                          (-1=no count)
- timing timab           0.506  42.7      0.506  42.6             12
- pspini                 0.387  32.6      0.388  32.7              1
- invars2                0.103   8.7      0.103   8.7              1
- abinit(2)              0.029   2.4      0.029   2.4              1
- fourwf(pot)            0.013   1.1      0.014   1.2            128
- 65   others            0.021   1.8      0.018   1.5

- subtotal               1.059  89.3      1.058  89.1

================================================================================

 Calculation completed.
.Delivered    3 WARNINGs and   0 COMMENTs to log file.
+Overall time at end (sec) : cpu=          1.2  wall=          1.2
