
.Version 5.6.3  of ABINIT 
.(sequential version, prepared for a x86_64_linux_gcc4.3 computer) 

.Copyright (C) 1998-2008 ABINIT group . 
 ABINIT comes with ABSOLUTELY NO WARRANTY.
 It is free software, and you are welcome to redistribute it
 under certain conditions (GNU General Public License,
 see ~abinit/COPYING or http://www.gnu.org/copyleft/gpl.txt).

 ABINIT is a project of the Universite Catholique de Louvain,
 Corning Inc. and other collaborators, see ~abinit/doc/developers/contributors.txt .
 Please read ~abinit/doc/users/acknowledgments.html for suggested
 acknowledgments of the ABINIT effort.
 For more information, see http://www.abinit.org .

.Starting date : Thu  6 Nov 2008.
  
- input  file    -> /home/gonze/ABINIT/ABINITv5.6.3/test_gcc43/5.6.3-private/tests/v5/Input/t03.in
- output file    -> t03.out
- root for input  files -> t03i
- root for output files -> t03o


 DATASET    1 : space group P4 m m (# 99); Bravais tP (primitive tetrag.)
================================================================================
 Values of the parameters that define the memory need for DATASET  1.
   intxc =         0  ionmov =         0    iscf =         2 xclevel =         1
  lmnmax =         6   lnmax =         6   mband =         6  mffmem =         1
P  mgfft =       100   mkmem =         2 mpssoang=         2     mpw =       466
  mqgrid =      3001   natom =         8    nfft =     10000    nkpt =         2
  nloalg =         4  nspden =         1 nspinor =         1  nsppol =         1
    nsym =         8  n1xccc =         0  ntypat =         1  occopt =         4
================================================================================
P This job should need less than                       3.434 Mbytes of memory.
  Rough estimation (10% accuracy) of disk space for files :
  WF disk file :      0.087 Mbytes ; DEN or POT disk file :      0.078 Mbytes.
================================================================================

 -outvars: echo values of preprocessed input variables --------
     acell    7.7066811151E+00  7.7066811151E+00  7.7066811151E+00 Bohr
       amu    1.96966540E+02
    diemac    1.00000000E+02
    diemix    3.00000000E-01
      ecut    3.00000000E+00 Hartree
    iprcel        75
      iscf         2
    jdtset      1
       kpt    0.00000000E+00  2.50000000E-01  0.00000000E+00
              2.50000000E-01  5.00000000E-01  0.00000000E+00
   kptrlen    1.54133622E+01
    kptopt         1
  kptrlatt    2 -2  0   2  2  0   0  0  1
P    mkmem         2
     natom         8
     nband         6
    ndtset         1
     ngfft        10      10     100
      nkpt         2
     nstep         7
      nsym         8
    ntypat         1
       occ    2.000000  2.000000  2.000000  2.000000  0.000000  0.000000
              2.000000  2.000000  2.000000  2.000000  0.000000  0.000000
    occopt         4
     prtwf         0
     rprim    5.0000000000E-01 -5.0000000000E-01  0.0000000000E+00
              5.0000000000E-01  5.0000000000E-01  0.0000000000E+00
              0.0000000000E+00  0.0000000000E+00  8.0000000000E+00
    shiftk   -5.00000000E-01  5.00000000E-01  0.00000000E+00
   spgroup        99
    symrel    1  0  0   0  1  0   0  0  1       1  0  0   0 -1  0   0  0  1
             -1  0  0   0 -1  0   0  0  1      -1  0  0   0  1  0   0  0  1
              0  1  0   1  0  0   0  0  1       0  1  0  -1  0  0   0  0  1
              0 -1  0  -1  0  0   0  0  1       0 -1  0   1  0  0   0  0  1
    toldfe    1.00000000E-11 Hartree
    tsmear    5.00000000E-03 Hartree
     typat    1  1  1  1  1  1  1  1
       wtk      0.50000    0.50000
    xangst    0.0000000000E+00  0.0000000000E+00  4.0781999897E-06
              2.0391000000E+00  0.0000000000E+00  2.0391040782E+00
              0.0000000000E+00  0.0000000000E+00  4.0782000000E+00
              2.0391000000E+00  0.0000000000E+00  6.1173000000E+00
              0.0000000000E+00  0.0000000000E+00  8.1564000000E+00
              2.0391000000E+00  0.0000000000E+00  1.0195500000E+01
              0.0000000000E+00  0.0000000000E+00  1.2234600000E+01
              2.0391000000E+00  0.0000000000E+00  1.4273700000E+01
     xcart    0.0000000000E+00  0.0000000000E+00  7.7066810957E-06
              3.8533405576E+00  0.0000000000E+00  3.8533482642E+00
              0.0000000000E+00  0.0000000000E+00  7.7066811151E+00
              3.8533405576E+00  0.0000000000E+00  1.1560021673E+01
              0.0000000000E+00  0.0000000000E+00  1.5413362230E+01
              3.8533405576E+00  0.0000000000E+00  1.9266702788E+01
              0.0000000000E+00  0.0000000000E+00  2.3120043345E+01
              3.8533405576E+00  0.0000000000E+00  2.6973383903E+01
      xred    0.0000000000E+00  0.0000000000E+00  1.2499999968E-07
              5.0000000000E-01  5.0000000000E-01  6.2500125000E-02
              0.0000000000E+00  0.0000000000E+00  1.2500000000E-01
              5.0000000000E-01  5.0000000000E-01  1.8750000000E-01
              0.0000000000E+00  0.0000000000E+00  2.5000000000E-01
              5.0000000000E-01  5.0000000000E-01  3.1250000000E-01
              0.0000000000E+00  0.0000000000E+00  3.7500000000E-01
              5.0000000000E-01  5.0000000000E-01  4.3750000000E-01
     znucl     79.00000

================================================================================

 chkinp: Checking input parameters for consistency, jdtset= 1.

================================================================================
== DATASET  1 ==================================================================

 Real(R)+Recip(G) space primitive vectors, cartesian coordinates (Bohr,Bohr^-1):
 R(1)=  3.8533406 -3.8533406  0.0000000  G(1)=  0.1297575 -0.1297575  0.0000000
 R(2)=  3.8533406  3.8533406  0.0000000  G(2)=  0.1297575  0.1297575  0.0000000
 R(3)=  0.0000000  0.0000000 61.6534489  G(3)=  0.0000000  0.0000000  0.0162197
 Unit cell volume ucvol=  1.8308896E+03 bohr^3
 Angles (23,13,12)=  9.00000000E+01  9.00000000E+01  9.00000000E+01 degrees

 getcut: wavevector=  0.0000  0.0000  0.0000  ngfft=  10  10 100
         ecut(hartree)=      3.000   => boxcut(ratio)=   2.08026

--- Pseudopotential description ------------------------------------------------
- pspini: atom type   1  psp file is /home/gonze/ABINIT/ABINITv5.6.3/test_gcc43/5.6.3-private/tests/Psps_for_tests/79au.1.hgh
- pspatm: opening atomic psp file    /home/gonze/ABINIT/ABINITv5.6.3/test_gcc43/5.6.3-private/tests/Psps_for_tests/79au.1.hgh
 Hartwigsen-Goedecker-Hutter psp for Au,  from PRB58, 3641 (1998)
  79.00000   1.00000     10605                znucl, zion, pspdat
    3    1    1    0      2001   0.00000      pspcod,pspxc,lmax,lloc,mmax,r2well
 rloc=   0.6500000
 cc1 =  -1.9637120; cc2 =  -1.6981230; cc3 =   0.0000000; cc4 =   0.0000000
 rrs =   0.9193080; h11s=   1.5395990; h22s=  -0.4687790; h33s=  -0.7920390
 rrp =   1.1403510; h11p=   0.4712290; h22p=  -0.4975380; h33p=  -0.2097580
                    k11p=   0.0393490; k22p=   0.1329700; k33p=  -0.1534270
-  Local part computed in reciprocal space.

 pspatm : COMMENT -
  the projectors are not normalized,
  so that the KB energies are not consistent with
  definition in PRB44, 8503 (1991).
  However, this does not influence the results obtained hereafter.
 pspatm: epsatm=  -27.87322470
         --- l  ekb(1:nproj) -->
             0   -3.250798   -0.293559    4.312162
             1   -8.257718   -2.028032    7.058275
 pspatm: atomic psp has been read  and splines computed

  -1.78388638E+03                                ecore*ucvol(ha*bohr**3)
--------------------------------------------------------------------------------

P newkpt: treating      6 bands with npw=     444 for ikpt=   1
P newkpt: treating      6 bands with npw=     466 for ikpt=   2

 setup2: Arith. and geom. avg. npw (full set) are     455.000     454.867

================================================================================

     iter   Etot(hartree)      deltaE(h)  residm     vres2    diffor    maxfor
 ETOT  1  -3.5528388545347    -3.553E+00 6.552E-03 7.068E+03 7.657E-02 7.657E-02
 ETOT  2  -3.8343634303098    -2.815E-01 7.474E-06 3.767E+03 1.090E-02 6.567E-02
 ETOT  3  -4.0742008203466    -2.398E-01 1.010E-04 1.431E+03 9.007E-03 5.806E-02
 ETOT  4  -4.1644105592366    -9.021E-02 4.760E-05 6.188E+02 2.408E-03 5.664E-02
 ETOT  5  -4.2163533720870    -5.194E-02 2.764E-05 2.356E+02 2.434E-03 5.583E-02
 ETOT  6  -4.2391378476333    -2.278E-02 1.512E-05 1.190E+02 2.628E-03 5.569E-02
 ETOT  7  -4.2452100197221    -6.072E-03 1.009E-05 1.385E+02 3.671E-03 5.622E-02

 Cartesian components of stress tensor (hartree/bohr^3)
  sigma(1 1)=  1.00522981E-03  sigma(3 2)=  0.00000000E+00
  sigma(2 2)=  1.00522981E-03  sigma(3 1)=  0.00000000E+00
  sigma(3 3)=  9.38997426E-04  sigma(2 1)=  0.00000000E+00


 scprqt:  WARNING -
  nstep=    7 was not enough SCF cycles to converge;
  maximum energy difference=  6.072E-03 exceeds toldfe=  1.000E-11

================================================================================

 ----iterations are completed or convergence reached----

 Mean square residual over all n,k,spin=   3.8646E-06; max=  1.0091E-05
   0.0000  0.2500  0.0000    1  1.00915E-05 kpt; spin; max resid(k); each band:
 3.45E-06 6.65E-06 3.93E-06 8.59E-06 7.12E-06 1.01E-05
   0.2500  0.5000  0.0000    1  1.35080E-06 kpt; spin; max resid(k); each band:
 7.76E-07 1.31E-06 1.34E-06 9.23E-07 8.41E-07 1.35E-06
 reduced coordinates (array xred) for    8 atoms
       0.000000000000      0.000000000000      0.000000125000
       0.500000000000      0.500000000000      0.062500125000
       0.000000000000      0.000000000000      0.125000000000
       0.500000000000      0.500000000000      0.187500000000
       0.000000000000      0.000000000000      0.250000000000
       0.500000000000      0.500000000000      0.312500000000
       0.000000000000      0.000000000000      0.375000000000
       0.500000000000      0.500000000000      0.437500000000
 rms dE/dt=  9.8601E-01; max dE/dt=  3.4643E+00; dE/dt below (all hartree)
    1       0.000000000000      0.000000000000     -3.209252515579
    2       0.000000000000      0.000000000000     -0.651782828211
    3       0.000000000000      0.000000000000      0.135504519448
    4       0.000000000000      0.000000000000      0.032153152487
    5       0.000000000000      0.000000000000     -0.223535334505
    6       0.000000000000      0.000000000000     -0.251482540731
    7       0.000000000000      0.000000000000      0.689321532746
    8       0.000000000000      0.000000000000      3.464279060497

 cartesian coordinates (angstrom) at end:
    1      0.00000000000000     0.00000000000000     0.00000407819999
    2      2.03910000000000     0.00000000000000     2.03910407819999
    3      0.00000000000000     0.00000000000000     4.07820000000000
    4      2.03910000000000     0.00000000000000     6.11730000000000
    5      0.00000000000000     0.00000000000000     8.15640000000000
    6      2.03910000000000     0.00000000000000    10.19550000000000
    7      0.00000000000000     0.00000000000000    12.23460000000000
    8      2.03910000000000     0.00000000000000    14.27370000000000

 cartesian forces (hartree/bohr) at end:
    1     -0.00000000000000    -0.00000000000000     0.05202309363835
    2     -0.00000000000000    -0.00000000000000     0.01054172102865
    3     -0.00000000000000    -0.00000000000000    -0.00222783787578
    4     -0.00000000000000    -0.00000000000000    -0.00055151045583
    5     -0.00000000000000    -0.00000000000000     0.00359567824920
    6     -0.00000000000000    -0.00000000000000     0.00404897334811
    7     -0.00000000000000    -0.00000000000000    -0.01121057968488
    8     -0.00000000000000    -0.00000000000000    -0.05621953824782
 frms,max,avg= 1.5992751E-02 5.6219538E-02   0.000E+00  0.000E+00  3.000E-05 h/b

 cartesian forces (eV/Angstrom) at end:
    1     -0.00000000000000    -0.00000000000000     2.67513480852617
    2     -0.00000000000000    -0.00000000000000     0.54207704489004
    3     -0.00000000000000    -0.00000000000000    -0.11456002003044
    4     -0.00000000000000    -0.00000000000000    -0.02835980551109
    5     -0.00000000000000    -0.00000000000000     0.18489719414933
    6     -0.00000000000000    -0.00000000000000     0.20820656337002
    7     -0.00000000000000    -0.00000000000000    -0.57647113697718
    8     -0.00000000000000    -0.00000000000000    -2.89092464841685
 frms,max,avg= 8.2238027E-01 2.8909246E+00   0.000E+00  0.000E+00  1.542E-03 e/A
 length scales=  7.706681115134  7.706681115134  7.706681115134 bohr
              =  4.078200000000  4.078200000000  4.078200000000 angstroms
 prteigrs : about to open file t03o_DS1_EIG
 Fermi (or HOMO) energy (hartree) =  -0.00930   Average Vxc (hartree)=  -0.14070
 Eigenvalues (hartree) for nkpt=   2  k points:
 kpt#   1, nband=  6, wtk=  0.50000, kpt=  0.0000  0.2500  0.0000 (reduced coord)
  -0.26169  -0.25585  -0.22459  -0.17808  -0.11474  -0.03762
      occupation numbers for kpt#   1
   2.00000   2.00000   2.00000   2.00000   2.00000   2.00000
 kpt#   2, nband=  6, wtk=  0.50000, kpt=  0.2500  0.5000  0.0000 (reduced coord)
  -0.01340  -0.01310  -0.00009   0.00012   0.03946   0.03946
      occupation numbers for kpt#   2
   2.01767   1.97214   0.00516   0.00502   0.00000   0.00000
 Total charge density [el/Bohr^3]
,     Maximum=    1.2874E-02  at reduced coord.    0.5000    0.9000    0.3500
,Next maximum=    1.2874E-02  at reduced coord.    0.9000    0.5000    0.3500
,     Minimum=    4.4378E-08  at reduced coord.    0.2000    0.2000    0.7400
,Next minimum=    4.4378E-08  at reduced coord.    0.8000    0.2000    0.7400

--------------------------------------------------------------------------------
 Components of total free energy (in Hartree) :

    Kinetic energy  =  1.29456771986106E+00
    Hartree energy  =  1.79112397936699E+01
    XC energy       = -1.51611595915599E+00
    Ewald energy    =  1.52924007084602E+01
    PspCore energy  = -9.74327657551669E-01
    Loc. psp. energy= -3.52347813610244E+01
    NL   psp  energy= -1.01873901893701E+00
    >>>>> Internal E= -4.24575577467784E+00

    -kT*entropy     =  5.45754955784223E-04
    >>>>>>>>> Etotal= -4.24521001972206E+00

 Other information on the energy :
    Total energy(eV)= -1.15518039412975E+02 ; Band energy (Ha)=  -1.0990057233E+00
--------------------------------------------------------------------------------

 Cartesian components of stress tensor (hartree/bohr^3)
  sigma(1 1)=  1.00522981E-03  sigma(3 2)=  0.00000000E+00
  sigma(2 2)=  1.00522981E-03  sigma(3 1)=  0.00000000E+00
  sigma(3 3)=  9.38997426E-04  sigma(2 1)=  0.00000000E+00

-Cartesian components of stress tensor (GPa)         [Pressure= -2.8925E+01 GPa]
- sigma(1 1)=  2.95748772E+01  sigma(3 2)=  0.00000000E+00
- sigma(2 2)=  2.95748772E+01  sigma(3 1)=  0.00000000E+00
- sigma(3 3)=  2.76262534E+01  sigma(2 1)=  0.00000000E+00

== END DATASET(S) ==============================================================
================================================================================
  
 -outvars: echo values of variables after computation  --------
     acell    7.7066811151E+00  7.7066811151E+00  7.7066811151E+00 Bohr
       amu    1.96966540E+02
    diemac    1.00000000E+02
    diemix    3.00000000E-01
      ecut    3.00000000E+00 Hartree
    etotal1  -4.2452100197E+00
     fcart1  -0.0000000000E+00 -0.0000000000E+00  5.2023093638E-02
             -0.0000000000E+00 -0.0000000000E+00  1.0541721029E-02
             -0.0000000000E+00 -0.0000000000E+00 -2.2278378758E-03
             -0.0000000000E+00 -0.0000000000E+00 -5.5151045583E-04
             -0.0000000000E+00 -0.0000000000E+00  3.5956782492E-03
             -0.0000000000E+00 -0.0000000000E+00  4.0489733481E-03
             -0.0000000000E+00 -0.0000000000E+00 -1.1210579685E-02
             -0.0000000000E+00 -0.0000000000E+00 -5.6219538248E-02
    iprcel        75
      iscf         2
    jdtset      1
       kpt    0.00000000E+00  2.50000000E-01  0.00000000E+00
              2.50000000E-01  5.00000000E-01  0.00000000E+00
   kptrlen    1.54133622E+01
    kptopt         1
  kptrlatt    2 -2  0   2  2  0   0  0  1
P    mkmem         2
     natom         8
     nband         6
    ndtset         1
     ngfft        10      10     100
      nkpt         2
     nstep         7
      nsym         8
    ntypat         1
       occ    2.000000  2.000000  2.000000  2.000000  2.000000  2.000000
              2.017671  1.972141  0.005164  0.005024  0.000000  0.000000
    occopt         4
     prtwf         0
     rprim    5.0000000000E-01 -5.0000000000E-01  0.0000000000E+00
              5.0000000000E-01  5.0000000000E-01  0.0000000000E+00
              0.0000000000E+00  0.0000000000E+00  8.0000000000E+00
    shiftk   -5.00000000E-01  5.00000000E-01  0.00000000E+00
   spgroup        99
    strten1   1.0052298145E-03  1.0052298145E-03  9.3899742606E-04
              0.0000000000E+00  0.0000000000E+00  0.0000000000E+00
    symrel    1  0  0   0  1  0   0  0  1       1  0  0   0 -1  0   0  0  1
             -1  0  0   0 -1  0   0  0  1      -1  0  0   0  1  0   0  0  1
              0  1  0   1  0  0   0  0  1       0  1  0  -1  0  0   0  0  1
              0 -1  0  -1  0  0   0  0  1       0 -1  0   1  0  0   0  0  1
    toldfe    1.00000000E-11 Hartree
    tsmear    5.00000000E-03 Hartree
     typat    1  1  1  1  1  1  1  1
       wtk      0.50000    0.50000
    xangst    0.0000000000E+00  0.0000000000E+00  4.0781999897E-06
              2.0391000000E+00  0.0000000000E+00  2.0391040782E+00
              0.0000000000E+00  0.0000000000E+00  4.0782000000E+00
              2.0391000000E+00  0.0000000000E+00  6.1173000000E+00
              0.0000000000E+00  0.0000000000E+00  8.1564000000E+00
              2.0391000000E+00  0.0000000000E+00  1.0195500000E+01
              0.0000000000E+00  0.0000000000E+00  1.2234600000E+01
              2.0391000000E+00  0.0000000000E+00  1.4273700000E+01
     xcart    0.0000000000E+00  0.0000000000E+00  7.7066810957E-06
              3.8533405576E+00  0.0000000000E+00  3.8533482642E+00
              0.0000000000E+00  0.0000000000E+00  7.7066811151E+00
              3.8533405576E+00  0.0000000000E+00  1.1560021673E+01
              0.0000000000E+00  0.0000000000E+00  1.5413362230E+01
              3.8533405576E+00  0.0000000000E+00  1.9266702788E+01
              0.0000000000E+00  0.0000000000E+00  2.3120043345E+01
              3.8533405576E+00  0.0000000000E+00  2.6973383903E+01
      xred    0.0000000000E+00  0.0000000000E+00  1.2499999968E-07
              5.0000000000E-01  5.0000000000E-01  6.2500125000E-02
              0.0000000000E+00  0.0000000000E+00  1.2500000000E-01
              5.0000000000E-01  5.0000000000E-01  1.8750000000E-01
              0.0000000000E+00  0.0000000000E+00  2.5000000000E-01
              5.0000000000E-01  5.0000000000E-01  3.1250000000E-01
              0.0000000000E+00  0.0000000000E+00  3.7500000000E-01
              5.0000000000E-01  5.0000000000E-01  4.3750000000E-01
     znucl     79.00000

================================================================================

- Total cpu        time (s,m,h):          7.1        0.12      0.002
- Total wall clock time (s,m,h):          7.1        0.12      0.002

- For major independent code sections, cpu and wall times (sec),
- as well as % of the total time and number of calls 

- routine                 cpu     %       wall     %      number of calls 
-                                                          (-1=no count)
- fourdp                 4.339  60.9      4.316  60.6          11858
- timing timab           0.504   7.1      0.504   7.1             12
- fourwf(pot)            0.268   3.8      0.270   3.8            540
- nonlop(apply)          0.132   1.9      0.130   1.8            540
- ewald                  0.089   1.2      0.090   1.3              1
- stress                 0.085   1.2      0.084   1.2              1
- ewald2                 0.083   1.2      0.083   1.2              1
- invars2                0.083   1.2      0.083   1.2              1
- forces                 0.038   0.5      0.039   0.5              7
- 61   others            0.189   2.7      0.195   2.7

- subtotal               5.810  81.5      5.794  81.3

================================================================================

 Calculation completed.
.Delivered    6 WARNINGs and   1 COMMENTs to log file.
+Overall time at end (sec) : cpu=          7.1  wall=          7.1
