
.Version 5.6.4  of ABINIT 
.(sequential version, prepared for a x86_64_linux_gcc4.3 computer) 

.Copyright (C) 1998-2008 ABINIT group . 
 ABINIT comes with ABSOLUTELY NO WARRANTY.
 It is free software, and you are welcome to redistribute it
 under certain conditions (GNU General Public License,
 see ~abinit/COPYING or http://www.gnu.org/copyleft/gpl.txt).

 ABINIT is a project of the Universite Catholique de Louvain,
 Corning Inc. and other collaborators, see ~abinit/doc/developers/contributors.txt .
 Please read ~abinit/doc/users/acknowledgments.html for suggested
 acknowledgments of the ABINIT effort.
 For more information, see http://www.abinit.org .

.Starting date : Wed 19 Nov 2008.
  
- input  file    -> /home/gonze/ABINIT/ABINITv5.6.4/trunk/5.6.4-private/tests/v2/Input/t03.in
- output file    -> t03.out
- root for input  files -> t02o
- root for output files -> t03o


 Symmetries : space group P1 (#  1); Bravais aP (primitive triclinic)
================================================================================
 Values of the parameters that define the memory need of the present run (RF).
   intxc =         0    iscf =         3 xclevel =         1  lmnmax =         1
   lnmax =         1   mband =         4  mffmem =         1   mgfft =        16
P  mkmem =         2  mkqmem =         2  mk1mem =         2 mpssoang=         1
     mpw =        69  mqgrid =      3001   natom =         2    nfft =      4096
    nkpt =         2  nloalg =         4  nspden =         1 nspinor =         1
  nsppol =         1    nsym =         1  n1xccc =         0  ntypat =         1
  occopt =         1
================================================================================
P This job should need less than                       1.330 Mbytes of memory.
P Max. in main chain + fourwf.f
P         18 blocks of mpw  integer numbers, for      0.005 Mbytes.
P        102 blocks of mpw  real(dp)  numbers, for      0.054 Mbytes.
P          0 blocks of nfft (fine grid) real(dp)  numbers, for      0.000 Mbytes.
P         28 blocks of nfft (coarse grid) real(dp)  numbers, for      0.875 Mbytes.
P            Additional     real(dp)  numbers, for      0.160 Mbytes.
P            With residue estimated to be             0.237 Mbytes.
P
P Comparison of the memory needs of different chains
P Main chain + fourwf.f                 1.330 Mbytes.
P Main chain + nonlop.f + opernl.f      1.266 Mbytes.
  Rough estimation (10% accuracy) of disk space for files :
  WF disk file :      0.010 Mbytes ; DEN or POT disk file :      0.033 Mbytes.
================================================================================

 -outvars: echo values of preprocessed input variables --------
     acell    1.0000000000E+01  1.0000000000E+01  1.0000000000E+01 Bohr
       amu    1.00000000E+00
    diemac    1.00000000E+00
    diemix    7.50000000E-01
      ecut    1.20000000E+00 Hartree
      iscf         3
       ixc         3
       kpt    0.00000000E+00  0.00000000E+00  1.25000000E-01
              0.00000000E+00  0.00000000E+00  3.75000000E-01
P    mkmem         2
P   mkqmem         2
P   mk1mem         2
     natom         2
     nband         4
     ngfft        16      16      16
      nkpt         2
      nqpt         1
      nsym         1
    ntypat         1
       occ    2.000000  2.000000  2.000000  2.000000
 optdriver         1
    prtvol        10
   rfatpol         2       2
     rfdir         0       0       1
    rfphon         1
   spgroup         1
    tolwfr    1.00000000E-15
     typat    1  1
       wtk      0.50000    0.50000
    xangst    0.0000000000E+00  0.0000000000E+00  0.0000000000E+00
              0.0000000000E+00  0.0000000000E+00  1.5875316258E+00
     xcart    0.0000000000E+00  0.0000000000E+00  0.0000000000E+00
              0.0000000000E+00  0.0000000000E+00  3.0000000000E+00
      xred    0.0000000000E+00  0.0000000000E+00  0.0000000000E+00
              0.0000000000E+00  0.0000000000E+00  3.0000000000E-01
     znucl     32.00000

================================================================================

 chkinp: Checking input parameters for consistency.

================================================================================
== DATASET  1 ==================================================================

 Real(R)+Recip(G) space primitive vectors, cartesian coordinates (Bohr,Bohr^-1):
 R(1)= 10.0000000  0.0000000  0.0000000  G(1)=  0.1000000  0.0000000  0.0000000
 R(2)=  0.0000000 10.0000000  0.0000000  G(2)=  0.0000000  0.1000000  0.0000000
 R(3)=  0.0000000  0.0000000 10.0000000  G(3)=  0.0000000  0.0000000  0.1000000
 Unit cell volume ucvol=  1.0000000E+03 bohr^3
 Angles (23,13,12)=  9.00000000E+01  9.00000000E+01  9.00000000E+01 degrees
 setup1 : take into account q-point for computing boxcut.

 getcut: wavevector=  0.0000  0.0000  0.0000  ngfft=  16  16  16
         ecut(hartree)=      1.200   => boxcut(ratio)=   3.24462

 getcut : COMMENT -
  Note that boxcut > 2.2 ; recall that boxcut=Gcut(box)/Gcut(sphere) = 2
  is sufficient for exact treatment of convolution.
  Such a large boxcut is a waste : you could raise ecut
  e.g. ecut=    3.158273 Hartrees makes boxcut=2


--- Pseudopotential description ------------------------------------------------
- pspini: atom type   1  psp file is /home/gonze/ABINIT/ABINITv5.6.4/trunk/5.6.4-private/tests/Psps_for_tests/32ge.SJ_mod
- pspatm: opening atomic psp file    /home/gonze/ABINIT/ABINITv5.6.4/trunk/5.6.4-private/tests/Psps_for_tests/32ge.SJ_mod
   Starkloff-Joannopoulos local psp ( !!! OLD : only for tests)
  32.00000   4.00000    900101                znucl, zion, pspdat
    5    3    0    0       700   0.00000      pspcod,pspxc,lmax,lloc,mmax,r2well
    1.000000E-06    2.603367E-02              r1 and al (Hamman grid)
    0   0.000   0.000    0   1.0500000        l,e99.0,e99.9,nproj,rcpsp
   0.00000000   0.00000000   0.00000000   0.00000000     rms, ekb1, ekb2, epsatm
    0.00000000000000    0.00000000000000    0.00000000000000   rchrg,fchrg,qchrg
 Note: local psp for atom with Z= 32.0
 pspatm: epsatm=   27.96404307
         --- l  ekb(1:nproj) -->
 pspatm: atomic psp has been read  and splines computed

   4.47424689E+02                                ecore*ucvol(ha*bohr**3)
--------------------------------------------------------------------------------

-inwffil : will read wavefunctions from disk file t02o_WFK
P newkpt: treating      4 bands with npw=      69 for ikpt=   1
P newkpt: treating      4 bands with npw=      65 for ikpt=   2


 ==>  initialize data related to q vector <==

 The list of irreducible perturbations for this q vector is:
    1)    idir= 3    ipert=   2

================================================================================

--------------------------------------------------------------------------------
 Perturbation wavevector (in red.coord.)   0.000000  0.000000  0.000000
 Perturbation : displacement of atom   2   along direction   3
 The set of symmetries contains only one element for this perturbation.
 symkpt : not enough symmetry to change the number of k points.

--------------------------------------------------------------------------------

-inwffil : will read wavefunctions from disk file t02o_WFK
P newkpt: treating      4 bands with npw=      69 for ikpt=   1
P newkpt: treating      4 bands with npw=      65 for ikpt=   2

--------------------------------------------------------------------------------

-inwffil : will read wavefunctions from disk file t02o_WFK
P newkpt: treating      4 bands with npw=      69 for ikpt=   1
P newkpt: treating      4 bands with npw=      65 for ikpt=   2

 Initialisation of the first-order wave-functions :
  ireadwf=   0
P newkpt: treating      4 bands with npw=      69 for ikpt=   1
P newkpt: treating      4 bands with npw=      65 for ikpt=   2


     iter   2DEtotal(Ha)        deltaE(Ha) residm    vres2

-ETOT  1   201.50217114255      3.389E+01 1.206E-01 1.061E+04

 ETOT  2   246.95203360249      4.545E+01 8.109E-02 1.456E+04

 ETOT  3   117.80141527249     -1.292E+02 2.000E-02 1.547E+02

 ETOT  4   116.57273893290     -1.229E+00 4.573E-04 6.415E+00

 ETOT  5   116.54784790733     -2.489E-02 1.492E-05 1.519E+00

 ETOT  6   116.55508552421      7.238E-03 9.013E-06 2.279E+00

 ETOT  7   116.53462504541     -2.046E-02 2.817E-06 7.258E-03

 ETOT  8   116.53458389032     -4.116E-05 3.245E-08 5.341E-04

 ETOT  9   116.53458308547     -8.049E-07 2.577E-09 2.986E-04

 ETOT 10   116.53458148176     -1.604E-06 6.940E-10 1.158E-04

 ETOT 11   116.53458047238     -1.009E-06 2.139E-10 6.261E-07

 ETOT 12   116.53458046966     -2.713E-09 2.478E-12 1.411E-07

 ETOT 13   116.53458046946     -1.997E-10 6.324E-13 7.818E-08

 ETOT 14   116.53458046885     -6.120E-10 1.850E-13 8.448E-09

 ETOT 15   116.53458046878     -6.973E-11 1.219E-14 1.516E-10

 ETOT 16   116.53458046878     -6.182E-13 8.967E-16 1.327E-11

 At SCF step   16   max residual=  8.97E-16 < tolwfr=  1.00E-15 =>converged.
================================================================================

 ----iterations are completed or convergence reached----

 Mean square residual over all n,k,spin=   5.7457E-16; max=  8.9666E-16
   0.0000  0.0000  0.1250    1  8.96662E-16 kpt; spin; max resid(k); each band:
 8.97E-16 6.59E-16 7.48E-16 7.48E-16
   0.0000  0.0000  0.3750    1  5.29916E-16 kpt; spin; max resid(k); each band:
 5.30E-16 2.08E-16 4.03E-16 4.03E-16

 Thirteen components of 2nd-order total energy (hartree) are
 1,2,3: 0th-order hamiltonian combined with 1st-order wavefunctions
     kin0=   4.45834220E+01 eigvalue=   1.88865883E+01  local=  -3.49363104E+01
 4,5,6: 1st-order hamiltonian combined with 1st and 0th-order wfs
 loc psp =  -1.02146927E+02  Hartree=   3.03643643E+01     xc=  -7.82460234E+00
 note that "loc psp" includes a xc core correction that could be resolved
 7,8,9: eventually, occupation + non-local contributions
    edocc=   0.00000000E+00     enl0=   0.00000000E+00   enl1=   0.00000000E+00
 1-9 gives the relaxation energy (to be shifted if some occ is /=2.0)
   erelax=  -5.10734648E+01
 10,11,12 Non-relaxation  contributions : frozen-wavefunctions and Ewald
 fr.local=   3.65672706E+01 fr.nonlo=   0.00000000E+00  Ewald=   1.31040775E+02
 13,14 Frozen wf xc core corrections (1) and (2)
 frxc 1  =   0.00000000E+00  frxc 2 =   0.00000000E+00
 Resulting in :
 2DEtotal=    0.1165345805E+03 Ha. Also 2DEtotal=    0.317106720210E+04 eV
    (2DErelax=   -5.1073464821E+01 Ha. 2DEnonrelax=    1.6760804529E+02 Ha)
    (  non-var. 2DEtotal :    1.1653458191E+02 Ha)

================================================================================

 ---- first-order wavefunction calculations are completed ----


 ==> Compute Derivative Database <==
  
  Ewald part of the dynamical matrix
     j1       j2             matrix element
  dir pert dir pert     real part   imaginary part
  
   1    1   3    2         0.0000000000         0.0000000000
  
   2    1   3    2         0.0000000000         0.0000000000
  
   3    1   3    2      -131.0407746526        -0.0000000000
  
   1    2   3    2        -0.0000000000        -0.0000000000
  
   2    2   3    2        -0.0000000000        -0.0000000000
  
   3    2   3    2       131.0407746526        -0.0000000000
  
  Frozen wf local part of the dynamical matrix
     j1       j2             matrix element
  dir pert dir pert     real part   imaginary part
  
   1    1   3    2         0.0000000000         0.0000000000
  
   2    1   3    2         0.0000000000         0.0000000000
  
   3    1   3    2         0.0000000000         0.0000000000
  
   1    2   3    2        -0.0000000002         0.0000000000
  
   2    2   3    2        -0.0000000001         0.0000000000
  
   3    2   3    2        36.5672706368         0.0000000000
  
  Frozen wf non-local part of the dynamical matrix
     j1       j2             matrix element
  dir pert dir pert     real part   imaginary part
  
   1    1   3    2         0.0000000000         0.0000000000
  
   2    1   3    2         0.0000000000         0.0000000000
  
   3    1   3    2         0.0000000000         0.0000000000
  
   1    2   3    2         0.0000000000         0.0000000000
  
   2    2   3    2         0.0000000000         0.0000000000
  
   3    2   3    2         0.0000000000         0.0000000000
  
  Frozen wf xc core (1) part of the dynamical matrix
     j1       j2             matrix element
  dir pert dir pert     real part   imaginary part
  
   1    1   3    2         0.0000000000         0.0000000000
  
   2    1   3    2         0.0000000000         0.0000000000
  
   3    1   3    2         0.0000000000         0.0000000000
  
   1    2   3    2         0.0000000000         0.0000000000
  
   2    2   3    2         0.0000000000         0.0000000000
  
   3    2   3    2         0.0000000000         0.0000000000
  
  Frozen wf xc core (2) part of the dynamical matrix
     j1       j2             matrix element
  dir pert dir pert     real part   imaginary part
  
   1    1   3    2         0.0000000000         0.0000000000
  
   2    1   3    2         0.0000000000         0.0000000000
  
   3    1   3    2         0.0000000000         0.0000000000
  
   1    2   3    2         0.0000000000         0.0000000000
  
   2    2   3    2         0.0000000000         0.0000000000
  
   3    2   3    2         0.0000000000         0.0000000000
  
  Non-stationary local part of the 2-order matrix
     j1       j2             matrix element
  dir pert dir pert     real part   imaginary part
  
   1    1   3    2        -0.0000000001         0.0000000000
  
   2    1   3    2         0.0000000005         0.0000000000
  
   3    1   3    2        14.5061716011         0.0000000000
  
   1    2   3    2         0.0000000002         0.0000000000
  
   2    2   3    2        -0.0000000004         0.0000000000
  
   3    2   3    2       -51.0734633784         0.0000000000
  
  Non-stationary non-local part of the 2nd-ordermatrix
     j1       j2             matrix element
  dir pert dir pert     real part   imaginary part
  
   1    1   3    2         0.0000000000         0.0000000000
  
   2    1   3    2         0.0000000000         0.0000000000
  
   3    1   3    2         0.0000000000         0.0000000000
  
   1    2   3    2         0.0000000000         0.0000000000
  
   2    2   3    2         0.0000000000         0.0000000000
  
   3    2   3    2         0.0000000000         0.0000000000
  
  2nd-order matrix (non-cartesian coordinates, masses not included,
   asr not included )
     j1       j2             matrix element
  dir pert dir pert     real part     imaginary part
  
   1    1   3    2        -0.0000000001         0.0000000000
  
   2    1   3    2         0.0000000005         0.0000000000
  
   3    1   3    2      -116.5346030516        -0.0000000000
  
   1    2   3    2         0.0000000000         0.0000000000
  
   2    2   3    2        -0.0000000005         0.0000000000
  
   3    2   1    1        -0.0000000001        -0.0000000000
   3    2   2    1         0.0000000005        -0.0000000000
   3    2   3    1      -116.5346030516         0.0000000000
   3    2   1    2         0.0000000000         0.0000000000
   3    2   2    2        -0.0000000005         0.0000000000
   3    2   3    2       116.5345819111         0.0000000000
  
  
  Dynamical matrix, in cartesian coordinates,
   if specified in the inputs, asr has been imposed
     j1       j2             matrix element
  dir pert dir pert     real part    imaginary part
  
   1    1   3    2        -0.0000000000         0.0000000000
  
   2    1   3    2         0.0000000000         0.0000000000
  
   3    1   3    2        -1.1653460305        -0.0000000000
  
   1    2   3    2         0.0000000000         0.0000000000
  
   2    2   3    2        -0.0000000000         0.0000000000
  
   3    2   1    1        -0.0000000000        -0.0000000000
   3    2   2    1         0.0000000000        -0.0000000000
   3    2   3    1        -1.1653460305         0.0000000000
   3    2   1    2         0.0000000000         0.0000000000
   3    2   2    2        -0.0000000000         0.0000000000
   3    2   3    2         1.1653458191         0.0000000000
 
  Phonon wavevector (reduced coordinates) :  0.00000  0.00000  0.00000
 Phonon energies in Hartree :
   0.000000E+00  0.000000E+00  0.000000E+00  0.000000E+00  0.000000E+00
   2.528409E-02
 Phonon frequencies in cm-1    :
-  0.000000E+00  0.000000E+00  0.000000E+00  0.000000E+00  0.000000E+00
-  5.549217E+03
 chkph3 : WARNING -
  The dynamical matrix was incomplete : phonon frequencies may be wrong ...

== END DATASET(S) ==============================================================
================================================================================
  
 -outvars: echo values of variables after computation  --------
     acell    1.0000000000E+01  1.0000000000E+01  1.0000000000E+01 Bohr
       amu    1.00000000E+00
    diemac    1.00000000E+00
    diemix    7.50000000E-01
      ecut    1.20000000E+00 Hartree
    etotal    1.1653458047E+02
     fcart    0.0000000000E+00  0.0000000000E+00  0.0000000000E+00
              0.0000000000E+00  0.0000000000E+00  0.0000000000E+00
      iscf         3
       ixc         3
       kpt    0.00000000E+00  0.00000000E+00  1.25000000E-01
              0.00000000E+00  0.00000000E+00  3.75000000E-01
P    mkmem         2
P   mkqmem         2
P   mk1mem         2
     natom         2
     nband         4
     ngfft        16      16      16
      nkpt         2
      nqpt         1
      nsym         1
    ntypat         1
       occ    2.000000  2.000000  2.000000  2.000000
 optdriver         1
    prtvol        10
   rfatpol         2       2
     rfdir         0       0       1
    rfphon         1
   spgroup         1
    strten    0.0000000000E+00  0.0000000000E+00  0.0000000000E+00
              0.0000000000E+00  0.0000000000E+00  0.0000000000E+00
    tolwfr    1.00000000E-15
     typat    1  1
       wtk      0.50000    0.50000
    xangst    0.0000000000E+00  0.0000000000E+00  0.0000000000E+00
              0.0000000000E+00  0.0000000000E+00  1.5875316258E+00
     xcart    0.0000000000E+00  0.0000000000E+00  0.0000000000E+00
              0.0000000000E+00  0.0000000000E+00  3.0000000000E+00
      xred    0.0000000000E+00  0.0000000000E+00  0.0000000000E+00
              0.0000000000E+00  0.0000000000E+00  3.0000000000E-01
     znucl     32.00000

================================================================================

- Total cpu        time (s,m,h):          0.7        0.01      0.000
- Total wall clock time (s,m,h):          0.7        0.01      0.000

- For major independent code sections, cpu and wall times (sec),
- as well as % of the total time and number of calls 

- routine                 cpu     %       wall     %      number of calls 
-                                                          (-1=no count)
- timing timab           0.147  22.3      0.148  22.5              9
- fourwf(pot)            0.111  16.8      0.114  17.3            696
- invars2                0.109  16.5      0.108  16.4              1
- pspini                 0.068  10.3      0.068  10.3              1
- abinit(2)              0.031   4.7      0.031   4.7              1
- fourwf(G->r)           0.023   3.5      0.021   3.2            256
- cgwf3-O(npw)           0.023   3.5      0.011   1.7             -1
- vtowfk3(contrib)       0.015   2.3      0.018   2.7             -1
- fourdp                 0.009   1.4      0.005   0.8             43
- status                 0.007   1.1      0.014   2.1           1525
- getghc-other           0.005   0.8      0.008   1.2             -1
- vtorho3-kpt loop       0.005   0.8      0.006   0.9             16
- projbd                 0.004   0.6      0.007   1.1           1272
- nonlop(apply)          0.003   0.5      0.004   0.6            568
- vtorho3 (1)            0.003   0.5      0.004   0.6             16
- 55   others            0.009   1.4      0.012   1.8

- subtotal               0.572  86.8      0.579  87.9

================================================================================

 Calculation completed.
.Delivered    1 WARNINGs and   6 COMMENTs to log file.
+Overall time at end (sec) : cpu=          0.7  wall=          0.7
