
.Version 5.6.4  of ABINIT 
.(sequential version, prepared for a x86_64_linux_gcc4.3 computer) 

.Copyright (C) 1998-2008 ABINIT group . 
 ABINIT comes with ABSOLUTELY NO WARRANTY.
 It is free software, and you are welcome to redistribute it
 under certain conditions (GNU General Public License,
 see ~abinit/COPYING or http://www.gnu.org/copyleft/gpl.txt).

 ABINIT is a project of the Universite Catholique de Louvain,
 Corning Inc. and other collaborators, see ~abinit/doc/developers/contributors.txt .
 Please read ~abinit/doc/users/acknowledgments.html for suggested
 acknowledgments of the ABINIT effort.
 For more information, see http://www.abinit.org .

.Starting date : Wed 19 Nov 2008.
  
- input  file    -> /home/gonze/ABINIT/ABINITv5.6.4/trunk/5.6.4-private/tests/v2/Input/t04.in
- output file    -> t04.out
- root for input  files -> t04i
- root for output files -> t04o


 DATASET    1 : space group P1 (#  1); Bravais aP (primitive triclinic)
================================================================================
 Values of the parameters that define the memory need for DATASET  1.
   intxc =         0  ionmov =         0    iscf =         3 xclevel =         1
  lmnmax =         2   lnmax =         2   mband =         4  mffmem =         1
P  mgfft =        16   mkmem =         4 mpssoang=         3     mpw =        69
  mqgrid =      3001   natom =         2    nfft =      4096    nkpt =         4
  nloalg =         4  nspden =         1 nspinor =         1  nsppol =         1
    nsym =         1  n1xccc =         0  ntypat =         1  occopt =         1
================================================================================
P This job should need less than                       1.109 Mbytes of memory.
  Rough estimation (10% accuracy) of disk space for files :
  WF disk file :      0.019 Mbytes ; DEN or POT disk file :      0.033 Mbytes.
================================================================================


 DATASET    2 : space group P1 (#  1); Bravais aP (primitive triclinic)
================================================================================
 Values of the parameters that define the memory need for DATASET  2.
   intxc =         0  ionmov =         0    iscf =        -2 xclevel =         1
  lmnmax =         2   lnmax =         2   mband =         4  mffmem =         1
P  mgfft =        16   mkmem =         4 mpssoang=         3     mpw =        69
  mqgrid =      3001   natom =         2    nfft =      4096    nkpt =         4
  nloalg =         4  nspden =         1 nspinor =         1  nsppol =         1
    nsym =         1  n1xccc =         0  ntypat =         1  occopt =         1
================================================================================
P This job should need less than                       0.984 Mbytes of memory.
  Rough estimation (10% accuracy) of disk space for files :
  WF disk file :      0.019 Mbytes ; DEN or POT disk file :      0.033 Mbytes.
================================================================================


 DATASET    3 : space group P1 (#  1); Bravais aP (primitive triclinic)
================================================================================
 Values of the parameters that define the memory need for DATASET  3 (RF).
   intxc =         0    iscf =         3 xclevel =         1  lmnmax =         2
   lnmax =         2   mband =         4  mffmem =         1   mgfft =        16
P  mkmem =         4  mkqmem =         4  mk1mem =         4 mpssoang=         3
     mpw =        69  mqgrid =      3001   natom =         2    nfft =      4096
    nkpt =         4  nloalg =         4  nspden =         1 nspinor =         1
  nsppol =         1    nsym =         1  n1xccc =         0  ntypat =         1
  occopt =         1
================================================================================
P This job should need less than                       1.729 Mbytes of memory.
P Max. in main chain + fourwf.f
P         30 blocks of mpw  integer numbers, for      0.008 Mbytes.
P        156 blocks of mpw  real(dp)  numbers, for      0.082 Mbytes.
P          0 blocks of nfft (fine grid) real(dp)  numbers, for      0.000 Mbytes.
P         38 blocks of nfft (coarse grid) real(dp)  numbers, for      1.188 Mbytes.
P            Additional     real(dp)  numbers, for      0.215 Mbytes.
P            With residue estimated to be             0.237 Mbytes.
P
P Comparison of the memory needs of different chains
P Main chain + fourwf.f                 1.729 Mbytes.
P Main chain + nonlop.f + opernl.f      1.665 Mbytes.
  Rough estimation (10% accuracy) of disk space for files :
  WF disk file :      0.019 Mbytes ; DEN or POT disk file :      0.033 Mbytes.
================================================================================

 -outvars: echo values of preprocessed input variables --------
     acell    1.0000000000E+01  1.0000000000E+01  1.0000000000E+01 Bohr
       amu    1.00000000E+00
    diemac1   1.50000000E+00
    diemac2   1.50000000E+00
    diemac3   1.00000000E+00
    diemix1   1.00000000E+00
    diemix2   1.00000000E+00
    diemix3   6.50000000E-01
      ecut    1.20000000E+00 Hartree
    getden1        0
    getden2        1
    getden3        0
    getwfk1        0
    getwfk2        1
    getwfk3        1
    getwfq1        0
    getwfq2        0
    getwfq3        2
      iscf1        3
      iscf2       -2
      iscf3        3
       ixc         3
    jdtset      1    2    3
       kpt    0.00000000E+00  0.00000000E+00 -3.75000000E-01
              0.00000000E+00  0.00000000E+00 -1.25000000E-01
              0.00000000E+00  0.00000000E+00  1.25000000E-01
              0.00000000E+00  0.00000000E+00  3.75000000E-01
P    mkmem         4
P   mkqmem         4
P   mk1mem         4
     natom         2
     nband         4
    nbdbuf1        0
    nbdbuf2        2
    nbdbuf3        0
    ndtset         3
     ngfft        16      16      16
      nkpt         4
      nqpt1        0
      nqpt2        1
      nqpt3        1
      nsym         1
    ntypat         1
       occ    2.000000  2.000000  2.000000  2.000000
 optdriver1        0
 optdriver2        0
 optdriver3        1
    prtvol1        0
    prtvol2        0
    prtvol3       10
       qpt1   0.00000000E+00  0.00000000E+00  0.00000000E+00
       qpt2   0.00000000E+00  0.00000000E+00  5.00000000E-01
       qpt3   0.00000000E+00  0.00000000E+00  5.00000000E-01
     rfdir1        0       0       0
     rfdir2        0       0       0
     rfdir3        0       0       1
    rfphon1        0
    rfphon2        0
    rfphon3        1
   spgroup         1
    tolwfr1   1.00000000E-22
    tolwfr2   1.00000000E-22
    tolwfr3   1.00000000E-15
     typat    1  1
       wtk1     0.25000    0.25000    0.25000    0.25000
       wtk2     1.00000    1.00000    1.00000    1.00000
       wtk3     0.25000    0.25000    0.25000    0.25000
    xangst    0.0000000000E+00  0.0000000000E+00 -7.9376581289E-01
              0.0000000000E+00  0.0000000000E+00  7.9376581289E-01
     xcart    0.0000000000E+00  0.0000000000E+00 -1.5000000000E+00
              0.0000000000E+00  0.0000000000E+00  1.5000000000E+00
      xred    0.0000000000E+00  0.0000000000E+00 -1.5000000000E-01
              0.0000000000E+00  0.0000000000E+00  1.5000000000E-01
     znucl     14.00000

================================================================================

 chkinp: Checking input parameters for consistency, jdtset= 1.

 chkinp: Checking input parameters for consistency, jdtset= 2.

 chkinp: Checking input parameters for consistency, jdtset= 3.

================================================================================
== DATASET  1 ==================================================================

 Real(R)+Recip(G) space primitive vectors, cartesian coordinates (Bohr,Bohr^-1):
 R(1)= 10.0000000  0.0000000  0.0000000  G(1)=  0.1000000  0.0000000  0.0000000
 R(2)=  0.0000000 10.0000000  0.0000000  G(2)=  0.0000000  0.1000000  0.0000000
 R(3)=  0.0000000  0.0000000 10.0000000  G(3)=  0.0000000  0.0000000  0.1000000
 Unit cell volume ucvol=  1.0000000E+03 bohr^3
 Angles (23,13,12)=  9.00000000E+01  9.00000000E+01  9.00000000E+01 degrees

 getcut: wavevector=  0.0000  0.0000  0.0000  ngfft=  16  16  16
         ecut(hartree)=      1.200   => boxcut(ratio)=   3.24462

 getcut : COMMENT -
  Note that boxcut > 2.2 ; recall that boxcut=Gcut(box)/Gcut(sphere) = 2
  is sufficient for exact treatment of convolution.
  Such a large boxcut is a waste : you could raise ecut
  e.g. ecut=    3.158273 Hartrees makes boxcut=2


--- Pseudopotential description ------------------------------------------------
- pspini: atom type   1  psp file is /home/gonze/ABINIT/ABINITv5.6.4/trunk/5.6.4-private/tests/Psps_for_tests/14si.Hamann_mod
- pspatm: opening atomic psp file    /home/gonze/ABINIT/ABINITv5.6.4/trunk/5.6.4-private/tests/Psps_for_tests/14si.Hamann_mod
   Si psp produced from Hamann's atompp on 14 Feb 1990 ( !! OLD, for tests only )
  14.00000   4.00000    900214                znucl, zion, pspdat
    5    3    2    0       770   0.00000      pspcod,pspxc,lmax,lloc,mmax,r2well
    1.000000E-06    2.357045E-02              r1 and al (Hamman grid)
    0   0.000   0.000    0   1.0529960        l,e99.0,e99.9,nproj,rcpsp
   0.00000000   0.00000000   0.00000000   0.00000000     rms, ekb1, ekb2, epsatm
    1   0.000   0.000    1   1.2715070        l,e99.0,e99.9,nproj,rcpsp
   0.00000000   0.00000000   0.00000000   0.00000000     rms, ekb1, ekb2, epsatm
    2   0.000   0.000    1   1.2715070        l,e99.0,e99.9,nproj,rcpsp
   0.00000000   0.00000000   0.00000000   0.00000000     rms, ekb1, ekb2, epsatm
    0.00000000000000    0.00000000000000    0.00000000000000   rchrg,fchrg,qchrg
 pspatm: epsatm=   28.17357484
         --- l  ekb(1:nproj) -->
             1   -2.083263
             2   -1.959803
 pspatm: atomic psp has been read  and splines computed

   4.50777197E+02                                ecore*ucvol(ha*bohr**3)
--------------------------------------------------------------------------------

P newkpt: treating      4 bands with npw=      65 for ikpt=   1
P newkpt: treating      4 bands with npw=      69 for ikpt=   2
P newkpt: treating      4 bands with npw=      69 for ikpt=   3
P newkpt: treating      4 bands with npw=      65 for ikpt=   4

 setup2: Arith. and geom. avg. npw (full set) are      67.000      66.970

================================================================================

     iter   Etot(hartree)      deltaE(h)  residm     vres2    diffor    maxfor
 ETOT  1  -6.9150416124650    -6.915E+00 1.462E-03 6.218E+00 7.061E-01 7.061E-01
 ETOT  2  -6.9259777419405    -1.094E-02 7.500E-07 2.779E-01 3.397E-03 7.095E-01
 ETOT  3  -6.9267953259487    -8.176E-04 1.446E-05 3.310E-02 3.141E-03 7.064E-01
 ETOT  4  -6.9268576187202    -6.229E-05 7.221E-07 1.358E-03 6.809E-04 7.071E-01
 ETOT  5  -6.9268511280982     6.491E-06 1.889E-07 2.179E-03 7.091E-06 7.070E-01
 ETOT  6  -6.9268608265001    -9.698E-06 9.998E-08 7.614E-05 1.701E-05 7.071E-01
 ETOT  7  -6.9268611046799    -2.782E-07 2.331E-09 1.292E-06 1.362E-06 7.071E-01
 ETOT  8  -6.9268611038916     7.883E-10 5.060E-11 5.545E-07 4.758E-07 7.071E-01
 ETOT  9  -6.9268611046967    -8.051E-10 5.355E-11 3.225E-07 4.779E-07 7.071E-01
 ETOT 10  -6.9268611061325    -1.436E-09 1.232E-11 3.327E-09 1.005E-07 7.071E-01
 ETOT 11  -6.9268611061403    -7.868E-12 1.050E-13 2.947E-10 1.938E-08 7.071E-01
 ETOT 12  -6.9268611061403     7.727E-14 1.918E-14 1.561E-10 9.890E-09 7.071E-01
 ETOT 13  -6.9268611061408    -5.551E-13 1.054E-14 3.058E-11 1.491E-09 7.071E-01
 ETOT 14  -6.9268611061410    -1.368E-13 1.129E-15 5.024E-13 1.126E-09 7.071E-01
 ETOT 15  -6.9268611061410    -2.665E-15 1.323E-17 3.899E-14 1.444E-09 7.071E-01
 ETOT 16  -6.9268611061410    -3.553E-15 4.406E-18 3.619E-14 7.898E-11 7.071E-01
 ETOT 17  -6.9268611061410    -1.332E-14 1.699E-18 2.155E-15 2.163E-11 7.071E-01
 ETOT 18  -6.9268611061409     3.020E-14 8.658E-20 8.994E-17 7.826E-11 7.071E-01
 ETOT 19  -6.9268611061410    -6.217E-15 7.466E-21 1.599E-17 6.217E-12 7.071E-01
 ETOT 20  -6.9268611061410    -3.109E-14 8.496E-22 1.687E-18 2.438E-13 7.071E-01
 ETOT 21  -6.9268611061410     5.329E-15 1.145E-22 4.145E-19 3.435E-12 7.071E-01
 ETOT 22  -6.9268611061410     8.882E-16 6.768E-23 1.363E-19 3.089E-12 7.071E-01

 At SCF step   22   max residual=  6.77E-23 < tolwfr=  1.00E-22 =>converged.

 Cartesian components of stress tensor (hartree/bohr^3)
  sigma(1 1)=  4.20420711E-04  sigma(3 2)=  0.00000000E+00
  sigma(2 2)=  4.20420711E-04  sigma(3 1)=  0.00000000E+00
  sigma(3 3)= -1.72628098E-03  sigma(2 1)=  0.00000000E+00

================================================================================

 ----iterations are completed or convergence reached----

 Mean square residual over all n,k,spin=   5.2027E-23; max=  6.7676E-23
   0.0000  0.0000 -0.3750    1  6.36656E-23 kpt; spin; max resid(k); each band:
 4.46E-23 6.37E-23 4.45E-23 4.91E-23
   0.0000  0.0000 -0.1250    1  6.76758E-23 kpt; spin; max resid(k); each band:
 4.43E-23 6.77E-23 5.47E-23 4.75E-23
   0.0000  0.0000  0.1250    1  6.76757E-23 kpt; spin; max resid(k); each band:
 4.43E-23 6.77E-23 5.87E-23 4.40E-23
   0.0000  0.0000  0.3750    1  6.36655E-23 kpt; spin; max resid(k); each band:
 4.46E-23 6.37E-23 4.45E-23 4.91E-23
 reduced coordinates (array xred) for    2 atoms
       0.000000000000      0.000000000000     -0.150000000000
       0.000000000000      0.000000000000      0.150000000000
 rms dE/dt=  4.0822E+00; max dE/dt=  7.0707E+00; dE/dt below (all hartree)
    1      -0.000000000012     -0.000000000004      7.070658488468
    2      -0.000000000011     -0.000000000004     -7.070658488328

 cartesian coordinates (angstrom) at end:
    1      0.00000000000000     0.00000000000000    -0.79376581288500
    2      0.00000000000000     0.00000000000000     0.79376581288500

 cartesian forces (hartree/bohr) at end:
    1      0.00000000000006     0.00000000000003    -0.70706584883982
    2     -0.00000000000006    -0.00000000000003     0.70706584883982
 frms,max,avg= 4.0822466E-01 7.0706585E-01   1.152E-12  4.007E-13 -6.993E-12 h/b

 cartesian forces (eV/Angstrom) at end:
    1      0.00000000000299     0.00000000000157   -36.35878476010539
    2     -0.00000000000299    -0.00000000000157    36.35878476010539
 frms,max,avg= 2.0991754E+01 3.6358785E+01   5.925E-11  2.060E-11 -3.596E-10 e/A
 length scales= 10.000000000000 10.000000000000 10.000000000000 bohr
              =  5.291772085900  5.291772085900  5.291772085900 angstroms
 prteigrs : about to open file t04o_DS1_EIG
 Fermi (or HOMO) energy (hartree) =  -0.17796   Average Vxc (hartree)=  -0.17262
 Eigenvalues (hartree) for nkpt=   4  k points:
 kpt#   1, nband=  4, wtk=  0.25000, kpt=  0.0000  0.0000 -0.3750 (reduced coord)
  -0.46574  -0.26054  -0.17796  -0.17796
 kpt#   2, nband=  4, wtk=  0.25000, kpt=  0.0000  0.0000 -0.1250 (reduced coord)
  -0.47216  -0.22317  -0.17953  -0.17953
 kpt#   3, nband=  4, wtk=  0.25000, kpt=  0.0000  0.0000  0.1250 (reduced coord)
  -0.47216  -0.22317  -0.17953  -0.17953
 kpt#   4, nband=  4, wtk=  0.25000, kpt=  0.0000  0.0000  0.3750 (reduced coord)
  -0.46574  -0.26054  -0.17796  -0.17796
 Total charge density [el/Bohr^3]
,     Maximum=    6.7081E-02  at reduced coord.    0.0000    0.8750    0.0000
,Next maximum=    6.7081E-02  at reduced coord.    0.0000    0.1250    0.0000
,     Minimum=    3.8257E-05  at reduced coord.    0.5000    0.5000    0.2500
,Next minimum=    3.8257E-05  at reduced coord.    0.5000    0.5000    0.7500

--------------------------------------------------------------------------------
 Components of total free energy (in Hartree) :

    Kinetic energy  =  2.53831572795367E+00
    Hartree energy  =  2.48837358072876E+00
    XC energy       = -2.14467324355125E+00
    Ewald energy    = -3.40312010772530E+00
    PspCore energy  =  4.50777197418484E-01
    Loc. psp. energy= -6.74889803426363E+00
    NL   psp  energy= -1.07636226701708E-01
    >>>>>>>>> Etotal= -6.92686110614098E+00

 Other information on the energy :
    Total energy(eV)= -1.88489476504106E+02 ; Band energy (Ha)=  -2.1365950807E+00
--------------------------------------------------------------------------------

 Cartesian components of stress tensor (hartree/bohr^3)
  sigma(1 1)=  4.20420711E-04  sigma(3 2)=  0.00000000E+00
  sigma(2 2)=  4.20420711E-04  sigma(3 1)=  0.00000000E+00
  sigma(3 3)= -1.72628098E-03  sigma(2 1)=  0.00000000E+00

-Cartesian components of stress tensor (GPa)         [Pressure=  8.6835E+00 GPa]
- sigma(1 1)=  1.23692023E+01  sigma(3 2)=  0.00000000E+00
- sigma(2 2)=  1.23692023E+01  sigma(3 1)=  0.00000000E+00
- sigma(3 3)= -5.07889312E+01  sigma(2 1)=  0.00000000E+00

================================================================================
== DATASET  2 ==================================================================

 mkfilename : getwfk/=0, take file _WFK from output of DATASET   1.

 mkfilename : getden/=0, take file _DEN from output of DATASET   1.

 Real(R)+Recip(G) space primitive vectors, cartesian coordinates (Bohr,Bohr^-1):
 R(1)= 10.0000000  0.0000000  0.0000000  G(1)=  0.1000000  0.0000000  0.0000000
 R(2)=  0.0000000 10.0000000  0.0000000  G(2)=  0.0000000  0.1000000  0.0000000
 R(3)=  0.0000000  0.0000000 10.0000000  G(3)=  0.0000000  0.0000000  0.1000000
 Unit cell volume ucvol=  1.0000000E+03 bohr^3
 Angles (23,13,12)=  9.00000000E+01  9.00000000E+01  9.00000000E+01 degrees

 getcut: wavevector=  0.0000  0.0000  0.0000  ngfft=  16  16  16
         ecut(hartree)=      1.200   => boxcut(ratio)=   3.24462

 getcut : COMMENT -
  Note that boxcut > 2.2 ; recall that boxcut=Gcut(box)/Gcut(sphere) = 2
  is sufficient for exact treatment of convolution.
  Such a large boxcut is a waste : you could raise ecut
  e.g. ecut=    3.158273 Hartrees makes boxcut=2

--------------------------------------------------------------------------------

-inwffil : will read wavefunctions from disk file t04o_DS1_WFK
- newkpt: read input wf with ikpt,npw=   3      69, make ikpt,npw=   1      69
- newkpt: read input wf with ikpt,npw=   4      65, make ikpt,npw=   2      65
- newkpt: read input wf with ikpt,npw=   1      65, make ikpt,npw=   3      65
- newkpt: read input wf with ikpt,npw=   2      69, make ikpt,npw=   4      69


================================================================================
 prteigrs : about to open file t04o_DS2_EIG
 Non-SCF case, kpt    1 (  0.00000  0.00000  0.12500), residuals and eigenvalues=
  7.35E-23  9.90E-23  6.19E-23  5.53E-23
 -4.7216E-01 -2.2317E-01 -1.7953E-01 -1.7953E-01
 Non-SCF case, kpt    2 (  0.00000  0.00000  0.37500), residuals and eigenvalues=
  6.26E-23  5.90E-23  5.29E-23  6.27E-23
 -4.6574E-01 -2.6054E-01 -1.7796E-01 -1.7796E-01
 Non-SCF case, kpt    3 (  0.00000  0.00000  0.62500), residuals and eigenvalues=
  6.26E-23  5.90E-23  5.29E-23  6.27E-23
 -4.6574E-01 -2.6054E-01 -1.7796E-01 -1.7796E-01
 Non-SCF case, kpt    4 (  0.00000  0.00000  0.87500), residuals and eigenvalues=
  7.35E-23  9.90E-23  5.80E-23  5.88E-23
 -4.7216E-01 -2.2317E-01 -1.7953E-01 -1.7953E-01
================================================================================

 ----iterations are completed or convergence reached----

 Mean square residual over all n,k,spin=   6.5822E-23; max=  9.8962E-23
   0.0000  0.0000  0.1250    1  9.89621E-23 kpt; spin; max resid(k); each band:
 7.35E-23 9.90E-23 6.19E-23 5.53E-23
   0.0000  0.0000  0.3750    1  6.26981E-23 kpt; spin; max resid(k); each band:
 6.26E-23 5.90E-23 5.29E-23 6.27E-23
   0.0000  0.0000  0.6250    1  6.26979E-23 kpt; spin; max resid(k); each band:
 6.26E-23 5.90E-23 5.29E-23 6.27E-23
   0.0000  0.0000  0.8750    1  9.89619E-23 kpt; spin; max resid(k); each band:
 7.35E-23 9.90E-23 5.80E-23 5.88E-23
 reduced coordinates (array xred) for    2 atoms
       0.000000000000      0.000000000000     -0.150000000000
       0.000000000000      0.000000000000      0.150000000000

 cartesian coordinates (angstrom) at end:
    1      0.00000000000000     0.00000000000000    -0.79376581288500
    2      0.00000000000000     0.00000000000000     0.79376581288500
 length scales= 10.000000000000 10.000000000000 10.000000000000 bohr
              =  5.291772085900  5.291772085900  5.291772085900 angstroms
 prteigrs : about to open file t04o_DS2_EIG
 Eigenvalues (hartree) for nkpt=   4  k points:
 kpt#   1, nband=  4, wtk=  1.00000, kpt=  0.0000  0.0000  0.1250 (reduced coord)
  -0.47216  -0.22317  -0.17953  -0.17953
 kpt#   2, nband=  4, wtk=  1.00000, kpt=  0.0000  0.0000  0.3750 (reduced coord)
  -0.46574  -0.26054  -0.17796  -0.17796
 kpt#   3, nband=  4, wtk=  1.00000, kpt=  0.0000  0.0000  0.6250 (reduced coord)
  -0.46574  -0.26054  -0.17796  -0.17796
 kpt#   4, nband=  4, wtk=  1.00000, kpt=  0.0000  0.0000  0.8750 (reduced coord)
  -0.47216  -0.22317  -0.17953  -0.17953
 Total charge density [el/Bohr^3]
,     Maximum=    6.7081E-02  at reduced coord.    0.0000    0.8750    0.0000
,Next maximum=    6.7081E-02  at reduced coord.    0.0000    0.1250    0.0000
,     Minimum=    3.8257E-05  at reduced coord.    0.5000    0.5000    0.2500
,Next minimum=    3.8257E-05  at reduced coord.    0.5000    0.5000    0.7500

================================================================================
== DATASET  3 ==================================================================

 mkfilename : getwfk/=0, take file _WFK from output of DATASET   1.

 mkfilename : getwfq/=0, take file _WFQ from output of DATASET   2.

 Real(R)+Recip(G) space primitive vectors, cartesian coordinates (Bohr,Bohr^-1):
 R(1)= 10.0000000  0.0000000  0.0000000  G(1)=  0.1000000  0.0000000  0.0000000
 R(2)=  0.0000000 10.0000000  0.0000000  G(2)=  0.0000000  0.1000000  0.0000000
 R(3)=  0.0000000  0.0000000 10.0000000  G(3)=  0.0000000  0.0000000  0.1000000
 Unit cell volume ucvol=  1.0000000E+03 bohr^3
 Angles (23,13,12)=  9.00000000E+01  9.00000000E+01  9.00000000E+01 degrees
 setup1 : take into account q-point for computing boxcut.

 getcut: wavevector=  0.0000  0.0000  0.5000  ngfft=  16  16  16
         ecut(hartree)=      1.200   => boxcut(ratio)=   3.04183

 getcut : COMMENT -
  Note that boxcut > 2.2 ; recall that boxcut=Gcut(box)/Gcut(sphere) = 2
  is sufficient for exact treatment of convolution.
  Such a large boxcut is a waste : you could raise ecut
  e.g. ecut=    2.775826 Hartrees makes boxcut=2

--------------------------------------------------------------------------------

-inwffil : will read wavefunctions from disk file t04o_DS1_WFK
P newkpt: treating      4 bands with npw=      65 for ikpt=   1
P newkpt: treating      4 bands with npw=      69 for ikpt=   2
P newkpt: treating      4 bands with npw=      69 for ikpt=   3
P newkpt: treating      4 bands with npw=      65 for ikpt=   4


 ==>  initialize data related to q vector <==

 The list of irreducible perturbations for this q vector is:
    1)    idir= 3    ipert=   1

================================================================================

--------------------------------------------------------------------------------
 Perturbation wavevector (in red.coord.)   0.000000  0.000000  0.500000
 Perturbation : displacement of atom   1   along direction   3
 The set of symmetries contains only one element for this perturbation.
 symkpt : not enough symmetry to change the number of k points.

--------------------------------------------------------------------------------

-inwffil : will read wavefunctions from disk file t04o_DS1_WFK
P newkpt: treating      4 bands with npw=      65 for ikpt=   1
P newkpt: treating      4 bands with npw=      69 for ikpt=   2
P newkpt: treating      4 bands with npw=      69 for ikpt=   3
P newkpt: treating      4 bands with npw=      65 for ikpt=   4

--------------------------------------------------------------------------------

-inwffil : will read wavefunctions from disk file t04o_DS2_WFQ
- newkpt: read input wf with ikpt,npw=   1      69, make ikpt,npw=   1      69
- newkpt: read input wf with ikpt,npw=   2      65, make ikpt,npw=   2      65
- newkpt: read input wf with ikpt,npw=   3      65, make ikpt,npw=   3      65
- newkpt: read input wf with ikpt,npw=   4      69, make ikpt,npw=   4      69

 Initialisation of the first-order wave-functions :
  ireadwf=   0
P newkpt: treating      4 bands with npw=      69 for ikpt=   1
P newkpt: treating      4 bands with npw=      65 for ikpt=   2
P newkpt: treating      4 bands with npw=      65 for ikpt=   3
P newkpt: treating      4 bands with npw=      69 for ikpt=   4


     iter   2DEtotal(Ha)        deltaE(Ha) residm    vres2

-ETOT  1   1231.0375453120      1.039E+03 2.494E-01 4.997E+05

 ETOT  2   10187.074325279      8.956E+03 1.504E+00 4.491E+06

 ETOT  3   122.31711389805     -1.006E+04 8.829E-01 2.664E+03

 ETOT  4   119.63245913081     -2.685E+00 5.332E-03 1.362E+03

 ETOT  5   117.73123915795     -1.901E+00 7.437E-04 2.086E+02

 ETOT  6   120.82648382848      3.095E+00 5.563E-04 1.599E+03

 ETOT  7   117.25735502097     -3.569E+00 3.083E-04 1.279E+00

 ETOT  8   117.25612554263     -1.229E-03 2.003E-06 6.052E-01

 ETOT  9   117.25528950159     -8.360E-04 3.498E-07 1.008E-01

 ETOT 10   117.25694255714      1.653E-03 2.909E-07 8.481E-01

 ETOT 11   117.25505716458     -1.885E-03 1.591E-07 1.524E-03

 ETOT 12   117.25505567249     -1.492E-06 1.632E-09 6.109E-04

 ETOT 13   117.25505563051     -4.198E-08 4.776E-10 4.326E-04

 ETOT 14   117.25505777146      2.141E-06 6.497E-10 1.436E-03

 ETOT 15   117.25505464557     -3.126E-06 2.834E-10 1.510E-05

 ETOT 16   117.25505464249     -3.083E-09 1.863E-11 1.187E-05

 ETOT 17   117.25505461967     -2.282E-08 5.350E-12 5.321E-07

 ETOT 18   117.25505462038      7.083E-10 4.691E-13 7.626E-07

 ETOT 19   117.25505461866     -1.718E-09 2.267E-13 1.066E-08

 ETOT 20   117.25505461866      4.931E-12 8.863E-15 1.034E-08

 ETOT 21   117.25505461874      8.063E-11 1.673E-14 4.353E-08

 ETOT 22   117.25505461864     -9.962E-11 1.118E-14 8.495E-10

 ETOT 23   117.25505461864     -1.080E-12 5.606E-16 3.598E-10

 At SCF step   23   max residual=  5.61E-16 < tolwfr=  1.00E-15 =>converged.
================================================================================

 ----iterations are completed or convergence reached----

 Mean square residual over all n,k,spin=   3.8889E-16; max=  5.6058E-16
   0.0000  0.0000 -0.3750    1  5.36267E-16 kpt; spin; max resid(k); each band:
 2.88E-16 5.03E-16 5.36E-16 5.36E-16
   0.0000  0.0000 -0.1250    1  5.60577E-16 kpt; spin; max resid(k); each band:
 1.92E-16 5.61E-16 2.48E-16 2.48E-16
   0.0000  0.0000  0.1250    1  5.60577E-16 kpt; spin; max resid(k); each band:
 1.92E-16 5.61E-16 2.48E-16 2.48E-16
   0.0000  0.0000  0.3750    1  5.36269E-16 kpt; spin; max resid(k); each band:
 2.88E-16 5.03E-16 5.36E-16 5.36E-16

 Thirteen components of 2nd-order total energy (hartree) are
 1,2,3: 0th-order hamiltonian combined with 1st-order wavefunctions
     kin0=   4.59461968E+01 eigvalue=   1.83444797E+01  local=  -3.12816845E+01
 4,5,6: 1st-order hamiltonian combined with 1st and 0th-order wfs
 loc psp =  -1.46085915E+02  Hartree=   5.07846972E+01     xc=  -7.91547187E+00
 note that "loc psp" includes a xc core correction that could be resolved
 7,8,9: eventually, occupation + non-local contributions
    edocc=   0.00000000E+00     enl0=  -1.01146885E+00   enl1=  -3.64757058E+00
 1-9 gives the relaxation energy (to be shifted if some occ is /=2.0)
   erelax=  -7.48667373E+01
 10,11,12 Non-relaxation  contributions : frozen-wavefunctions and Ewald
 fr.local=   3.78193291E+01 fr.nonlo=   1.05971498E+00  Ewald=   1.53242748E+02
 13,14 Frozen wf xc core corrections (1) and (2)
 frxc 1  =   0.00000000E+00  frxc 2 =   0.00000000E+00
 Resulting in :
 2DEtotal=    0.1172550546E+03 Ha. Also 2DEtotal=    0.319067230075E+04 eV
    (2DErelax=   -7.4866737319E+01 Ha. 2DEnonrelax=    1.9212179194E+02 Ha)
    (  non-var. 2DEtotal :    1.1725504905E+02 Ha)

================================================================================

 ---- first-order wavefunction calculations are completed ----


 ==> Compute Derivative Database <==
  
  Ewald part of the dynamical matrix
     j1       j2             matrix element
  dir pert dir pert     real part   imaginary part
  
   1    1   3    1        -0.0000000000        -0.0000000000
  
   2    1   3    1        -0.0000000000        -0.0000000000
  
   3    1   3    1       153.2427478424         0.0000000000
  
   1    2   3    1        -0.0000000000         0.0000000000
  
   2    2   3    1        -0.0000000000         0.0000000000
  
   3    2   3    1      -102.8618263090         0.0000000000
  
  Frozen wf local part of the dynamical matrix
     j1       j2             matrix element
  dir pert dir pert     real part   imaginary part
  
   1    1   3    1        -0.0000000000         0.0000000000
  
   2    1   3    1         0.0000000000         0.0000000000
  
   3    1   3    1        37.8193291140         0.0000000000
  
   1    2   3    1         0.0000000000         0.0000000000
  
   2    2   3    1         0.0000000000         0.0000000000
  
   3    2   3    1         0.0000000000         0.0000000000
  
  Frozen wf non-local part of the dynamical matrix
     j1       j2             matrix element
  dir pert dir pert     real part   imaginary part
  
   1    1   3    1        -0.0000000000         0.0000000000
  
   2    1   3    1         0.0000000000         0.0000000000
  
   3    1   3    1         1.0597149815         0.0000000000
  
   1    2   3    1         0.0000000000         0.0000000000
  
   2    2   3    1         0.0000000000         0.0000000000
  
   3    2   3    1         0.0000000000         0.0000000000
  
  Frozen wf xc core (1) part of the dynamical matrix
     j1       j2             matrix element
  dir pert dir pert     real part   imaginary part
  
   1    1   3    1         0.0000000000         0.0000000000
  
   2    1   3    1         0.0000000000         0.0000000000
  
   3    1   3    1         0.0000000000         0.0000000000
  
   1    2   3    1         0.0000000000         0.0000000000
  
   2    2   3    1         0.0000000000         0.0000000000
  
   3    2   3    1         0.0000000000         0.0000000000
  
  Frozen wf xc core (2) part of the dynamical matrix
     j1       j2             matrix element
  dir pert dir pert     real part   imaginary part
  
   1    1   3    1         0.0000000000         0.0000000000
  
   2    1   3    1         0.0000000000         0.0000000000
  
   3    1   3    1         0.0000000000         0.0000000000
  
   1    2   3    1         0.0000000000         0.0000000000
  
   2    2   3    1         0.0000000000         0.0000000000
  
   3    2   3    1         0.0000000000         0.0000000000
  
  Non-stationary local part of the 2-order matrix
     j1       j2             matrix element
  dir pert dir pert     real part   imaginary part
  
   1    1   3    1         0.0000000000        -0.0000000001
  
   2    1   3    1         0.0000000000         0.0000000000
  
   3    1   3    1       -73.0429576004        -0.0000000000
  
   1    2   3    1        -0.0000000001         0.0000000000
  
   2    2   3    1        -0.0000000000         0.0000000001
  
   3    2   3    1       -16.4064786628        -0.0000000000
  
  Non-stationary non-local part of the 2nd-ordermatrix
     j1       j2             matrix element
  dir pert dir pert     real part   imaginary part
  
   1    1   3    1        -0.0000000000         0.0000000000
  
   2    1   3    1        -0.0000000000         0.0000000000
  
   3    1   3    1        -1.8237852891         0.0000000000
  
   1    2   3    1         0.0000000000        -0.0000000000
  
   2    2   3    1         0.0000000000         0.0000000000
  
   3    2   3    1         0.6728357642         0.0000000000
  
  2nd-order matrix (non-cartesian coordinates, masses not included,
   asr not included )
     j1       j2             matrix element
  dir pert dir pert     real part     imaginary part
  
   1    1   3    1        -0.0000000000        -0.0000000001
  
   2    1   3    1         0.0000000000         0.0000000000
  
   3    1   1    1        -0.0000000000         0.0000000001
   3    1   2    1         0.0000000000        -0.0000000000
   3    1   3    1       117.2550490484         0.0000000000
   3    1   1    2        -0.0000000001        -0.0000000000
   3    1   2    2        -0.0000000000        -0.0000000001
   3    1   3    2      -118.5954692076         0.0000000000
  
   1    2   3    1        -0.0000000001         0.0000000000
  
   2    2   3    1        -0.0000000000         0.0000000001
  
   3    2   3    1      -118.5954692076        -0.0000000000
  
  
  Dynamical matrix, in cartesian coordinates,
   if specified in the inputs, asr has been imposed
     j1       j2             matrix element
  dir pert dir pert     real part    imaginary part
  
   1    1   3    1        -0.0000000000        -0.0000000000
  
   2    1   3    1         0.0000000000         0.0000000000
  
   3    1   1    1        -0.0000000000         0.0000000000
   3    1   2    1         0.0000000000        -0.0000000000
   3    1   3    1         1.1725504905         0.0000000000
   3    1   1    2        -0.0000000000        -0.0000000000
   3    1   2    2        -0.0000000000        -0.0000000000
   3    1   3    2        -1.1859546921         0.0000000000
  
   1    2   3    1        -0.0000000000         0.0000000000
  
   2    2   3    1        -0.0000000000         0.0000000000
  
   3    2   3    1        -1.1859546921        -0.0000000000
 
  Phonon wavevector (reduced coordinates) :  0.00000  0.00000  0.50000
 Phonon energies in Hartree :
   0.000000E+00  0.000000E+00  0.000000E+00  0.000000E+00  0.000000E+00
   2.536213E-02
 Phonon frequencies in cm-1    :
-  0.000000E+00  0.000000E+00  0.000000E+00  0.000000E+00  0.000000E+00
-  5.566344E+03
 chkph3 : WARNING -
  The dynamical matrix was incomplete : phonon frequencies may be wrong ...

== END DATASET(S) ==============================================================
================================================================================
  
 -outvars: echo values of variables after computation  --------
     acell    1.0000000000E+01  1.0000000000E+01  1.0000000000E+01 Bohr
       amu    1.00000000E+00
    diemac1   1.50000000E+00
    diemac2   1.50000000E+00
    diemac3   1.00000000E+00
    diemix1   1.00000000E+00
    diemix2   1.00000000E+00
    diemix3   6.50000000E-01
      ecut    1.20000000E+00 Hartree
    etotal1  -6.9268611061E+00
    etotal3   1.1725505462E+02
     fcart1   5.8212405542E-14  3.0594512225E-14 -7.0706584884E-01
             -5.8212405542E-14 -3.0594512225E-14  7.0706584884E-01
     fcart3   0.0000000000E+00  0.0000000000E+00  0.0000000000E+00
              0.0000000000E+00  0.0000000000E+00  0.0000000000E+00
    getden1        0
    getden2        1
    getden3        0
    getwfk1        0
    getwfk2        1
    getwfk3        1
    getwfq1        0
    getwfq2        0
    getwfq3        2
      iscf1        3
      iscf2       -2
      iscf3        3
       ixc         3
    jdtset      1    2    3
       kpt    0.00000000E+00  0.00000000E+00 -3.75000000E-01
              0.00000000E+00  0.00000000E+00 -1.25000000E-01
              0.00000000E+00  0.00000000E+00  1.25000000E-01
              0.00000000E+00  0.00000000E+00  3.75000000E-01
P    mkmem         4
P   mkqmem         4
P   mk1mem         4
     natom         2
     nband         4
    nbdbuf1        0
    nbdbuf2        2
    nbdbuf3        0
    ndtset         3
     ngfft        16      16      16
      nkpt         4
      nqpt1        0
      nqpt2        1
      nqpt3        1
      nsym         1
    ntypat         1
       occ    2.000000  2.000000  2.000000  2.000000
 optdriver1        0
 optdriver2        0
 optdriver3        1
    prtvol1        0
    prtvol2        0
    prtvol3       10
       qpt1   0.00000000E+00  0.00000000E+00  0.00000000E+00
       qpt2   0.00000000E+00  0.00000000E+00  5.00000000E-01
       qpt3   0.00000000E+00  0.00000000E+00  5.00000000E-01
     rfdir1        0       0       0
     rfdir2        0       0       0
     rfdir3        0       0       1
    rfphon1        0
    rfphon2        0
    rfphon3        1
   spgroup         1
    strten1   4.2042071068E-04  4.2042071066E-04 -1.7262809752E-03
              0.0000000000E+00  0.0000000000E+00  0.0000000000E+00
    strten3   0.0000000000E+00  0.0000000000E+00  0.0000000000E+00
              0.0000000000E+00  0.0000000000E+00  0.0000000000E+00
    tolwfr1   1.00000000E-22
    tolwfr2   1.00000000E-22
    tolwfr3   1.00000000E-15
     typat    1  1
       wtk1     0.25000    0.25000    0.25000    0.25000
       wtk2     1.00000    1.00000    1.00000    1.00000
       wtk3     0.25000    0.25000    0.25000    0.25000
    xangst    0.0000000000E+00  0.0000000000E+00 -7.9376581289E-01
              0.0000000000E+00  0.0000000000E+00  7.9376581289E-01
     xcart    0.0000000000E+00  0.0000000000E+00 -1.5000000000E+00
              0.0000000000E+00  0.0000000000E+00  1.5000000000E+00
      xred    0.0000000000E+00  0.0000000000E+00 -1.5000000000E-01
              0.0000000000E+00  0.0000000000E+00  1.5000000000E-01
     znucl     14.00000

================================================================================

- Total cpu        time (s,m,h):          3.9        0.07      0.001
- Total wall clock time (s,m,h):          3.9        0.07      0.001

- For major independent code sections, cpu and wall times (sec),
- as well as % of the total time and number of calls 

- routine                 cpu     %       wall     %      number of calls 
-                                                          (-1=no count)
- fourwf(pot)            1.205  30.7      1.219  31.1           3803
- pspini                 0.629  16.0      0.629  16.0              3
- invars2                0.519  13.2      0.522  13.3              3
- nonlop(apply)          0.281   7.2      0.249   6.3           3435
- status                 0.149   3.8      0.154   3.9           5925
- fourwf(den)            0.139   3.5      0.137   3.5            368
- getghc-other           0.128   3.3      0.135   3.4             -1
- vtorho3-kpt loop       0.120   3.1      0.119   3.0             23
- timing timab           0.114   2.9      0.114   2.9              8
- abinit(2)              0.068   1.7      0.067   1.7              1
- fourwf(G->r)           0.062   1.6      0.078   2.0            736
- vtowfk3(contrib)       0.055   1.4      0.066   1.7             -1
- cgwf3-O(npw)           0.046   1.2      0.034   0.9             -1
- projbd                 0.043   1.1      0.043   1.1           6476
- vtowfk(ssdiag)         0.021   0.5      0.019   0.5             -1
- nonlop(forces)         0.021   0.5      0.018   0.5            816
- fourdp                 0.018   0.5      0.022   0.6            149
- 53   others            0.104   2.6      0.107   2.7

- subtotal               3.722  94.8      3.732  95.1

================================================================================

 Calculation completed.
.Delivered   28 WARNINGs and  10 COMMENTs to log file.
+Overall time at end (sec) : cpu=          3.9  wall=          3.9
