
.Version 5.6.4  of ABINIT 
.(sequential version, prepared for a x86_64_linux_gcc4.3 computer) 

.Copyright (C) 1998-2008 ABINIT group . 
 ABINIT comes with ABSOLUTELY NO WARRANTY.
 It is free software, and you are welcome to redistribute it
 under certain conditions (GNU General Public License,
 see ~abinit/COPYING or http://www.gnu.org/copyleft/gpl.txt).

 ABINIT is a project of the Universite Catholique de Louvain,
 Corning Inc. and other collaborators, see ~abinit/doc/developers/contributors.txt .
 Please read ~abinit/doc/users/acknowledgments.html for suggested
 acknowledgments of the ABINIT effort.
 For more information, see http://www.abinit.org .

.Starting date : Wed 19 Nov 2008.
  
- input  file    -> /home/gonze/ABINIT/ABINITv5.6.4/trunk/5.6.4-private/tests/v2/Input/t09.in
- output file    -> t09.out
- root for input  files -> t09i
- root for output files -> t09o


 DATASET    1 : space group P1 (#  1); Bravais aP (primitive triclinic)
================================================================================
 Values of the parameters that define the memory need for DATASET  1.
   intxc =         0  ionmov =         0    iscf =         3 xclevel =         1
  lmnmax =         1   lnmax =         1   mband =         4  mffmem =         1
P  mgfft =        16   mkmem =         4 mpssoang=         1     mpw =        69
  mqgrid =      3001   natom =         2    nfft =      4096    nkpt =         4
  nloalg =         4  nspden =         1 nspinor =         1  nsppol =         1
    nsym =         1  n1xccc =         0  ntypat =         1  occopt =         1
================================================================================
P This job should need less than                       1.063 Mbytes of memory.
  Rough estimation (10% accuracy) of disk space for files :
  WF disk file :      0.019 Mbytes ; DEN or POT disk file :      0.033 Mbytes.
================================================================================


 DATASET    2 : space group P1 (#  1); Bravais aP (primitive triclinic)
================================================================================
 Values of the parameters that define the memory need for DATASET  2.
   intxc =         0  ionmov =         0    iscf =        -2 xclevel =         1
  lmnmax =         1   lnmax =         1   mband =         4  mffmem =         1
P  mgfft =        16   mkmem =         4 mpssoang=         1     mpw =        69
  mqgrid =      3001   natom =         2    nfft =      4096    nkpt =         4
  nloalg =         4  nspden =         1 nspinor =         1  nsppol =         1
    nsym =         1  n1xccc =         0  ntypat =         1  occopt =         1
================================================================================
P This job should need less than                       0.938 Mbytes of memory.
  Rough estimation (10% accuracy) of disk space for files :
  WF disk file :      0.019 Mbytes ; DEN or POT disk file :      0.033 Mbytes.
================================================================================


 DATASET    3 : space group P1 (#  1); Bravais aP (primitive triclinic)
================================================================================
 Values of the parameters that define the memory need for DATASET  3 (RF).
   intxc =         0    iscf =         3 xclevel =         1  lmnmax =         1
   lnmax =         1   mband =         4  mffmem =         1   mgfft =        16
P  mkmem =         4  mkqmem =         4  mk1mem =         4 mpssoang=         1
     mpw =        69  mqgrid =      3001   natom =         2    nfft =      4096
    nkpt =         4  nloalg =         4  nspden =         1 nspinor =         1
  nsppol =         1    nsym =         1  n1xccc =         0  ntypat =         1
  occopt =         1
================================================================================
P This job should need less than                       1.680 Mbytes of memory.
P Max. in main chain + fourwf.f
P         30 blocks of mpw  integer numbers, for      0.008 Mbytes.
P        150 blocks of mpw  real(dp)  numbers, for      0.079 Mbytes.
P          0 blocks of nfft (fine grid) real(dp)  numbers, for      0.000 Mbytes.
P         38 blocks of nfft (coarse grid) real(dp)  numbers, for      1.188 Mbytes.
P            Additional     real(dp)  numbers, for      0.169 Mbytes.
P            With residue estimated to be             0.237 Mbytes.
P
P Comparison of the memory needs of different chains
P Main chain + fourwf.f                 1.680 Mbytes.
P Main chain + nonlop.f + opernl.f      1.616 Mbytes.
  Rough estimation (10% accuracy) of disk space for files :
  WF disk file :      0.019 Mbytes ; DEN or POT disk file :      0.033 Mbytes.
================================================================================

 -outvars: echo values of preprocessed input variables --------
     acell    1.0000000000E+01  1.0000000000E+01  1.0000000000E+01 Bohr
       amu    1.00000000E+00
    diemac1   1.50000000E+00
    diemac2   1.50000000E+00
    diemac3   1.00000000E+00
    diemix1   1.00000000E+00
    diemix2   1.00000000E+00
    diemix3   7.00000000E-01
      ecut    1.20000000E+00 Hartree
    getden1        0
    getden2        1
    getden3        0
    getwfk1        0
    getwfk2        1
    getwfk3        1
    getwfq1        0
    getwfq2        0
    getwfq3        2
      iscf1        3
      iscf2       -2
      iscf3        3
       ixc         3
    jdtset      1    2    3
       kpt    0.00000000E+00  0.00000000E+00 -3.75000000E-01
              0.00000000E+00  0.00000000E+00 -1.25000000E-01
              0.00000000E+00  0.00000000E+00  1.25000000E-01
              0.00000000E+00  0.00000000E+00  3.75000000E-01
P    mkmem         4
P   mkqmem         4
P   mk1mem         4
     natom         2
     nband         4
    nbdbuf1        0
    nbdbuf2        2
    nbdbuf3        0
    ndtset         3
     ngfft        16      16      16
      nkpt         4
      nqpt1        0
      nqpt2        1
      nqpt3        1
      nsym         1
    ntypat         1
       occ    2.000000  2.000000  2.000000  2.000000
 optdriver1        0
 optdriver2        0
 optdriver3        1
    prtvol1        0
    prtvol2        0
    prtvol3       10
       qpt1   0.00000000E+00  0.00000000E+00  0.00000000E+00
       qpt2   0.00000000E+00  0.00000000E+00  5.00000000E-01
       qpt3   0.00000000E+00  0.00000000E+00  5.00000000E-01
     rfdir1        0       0       0
     rfdir2        0       0       0
     rfdir3        0       0       1
    rfphon1        0
    rfphon2        0
    rfphon3        1
   spgroup         1
    tolwfr1   1.00000000E-22
    tolwfr2   1.00000000E-22
    tolwfr3   1.00000000E-15
     typat    1  1
       wtk1     0.25000    0.25000    0.25000    0.25000
       wtk2     1.00000    1.00000    1.00000    1.00000
       wtk3     0.25000    0.25000    0.25000    0.25000
    xangst    0.0000000000E+00  0.0000000000E+00 -7.9376581289E-01
              0.0000000000E+00  0.0000000000E+00  7.9376581289E-01
     xcart    0.0000000000E+00  0.0000000000E+00 -1.5000000000E+00
              0.0000000000E+00  0.0000000000E+00  1.5000000000E+00
      xred    0.0000000000E+00  0.0000000000E+00 -1.5000000000E-01
              0.0000000000E+00  0.0000000000E+00  1.5000000000E-01
     znucl     32.00000

================================================================================

 chkinp: Checking input parameters for consistency, jdtset= 1.

 chkinp: Checking input parameters for consistency, jdtset= 2.

 chkinp: Checking input parameters for consistency, jdtset= 3.

================================================================================
== DATASET  1 ==================================================================

 Real(R)+Recip(G) space primitive vectors, cartesian coordinates (Bohr,Bohr^-1):
 R(1)= 10.0000000  0.0000000  0.0000000  G(1)=  0.1000000  0.0000000  0.0000000
 R(2)=  0.0000000 10.0000000  0.0000000  G(2)=  0.0000000  0.1000000  0.0000000
 R(3)=  0.0000000  0.0000000 10.0000000  G(3)=  0.0000000  0.0000000  0.1000000
 Unit cell volume ucvol=  1.0000000E+03 bohr^3
 Angles (23,13,12)=  9.00000000E+01  9.00000000E+01  9.00000000E+01 degrees

 getcut: wavevector=  0.0000  0.0000  0.0000  ngfft=  16  16  16
         ecut(hartree)=      1.200   => boxcut(ratio)=   3.24462

 getcut : COMMENT -
  Note that boxcut > 2.2 ; recall that boxcut=Gcut(box)/Gcut(sphere) = 2
  is sufficient for exact treatment of convolution.
  Such a large boxcut is a waste : you could raise ecut
  e.g. ecut=    3.158273 Hartrees makes boxcut=2


--- Pseudopotential description ------------------------------------------------
- pspini: atom type   1  psp file is /home/gonze/ABINIT/ABINITv5.6.4/trunk/5.6.4-private/tests/Psps_for_tests/32ge.SJ_mod
- pspatm: opening atomic psp file    /home/gonze/ABINIT/ABINITv5.6.4/trunk/5.6.4-private/tests/Psps_for_tests/32ge.SJ_mod
   Starkloff-Joannopoulos local psp ( !!! OLD : only for tests)
  32.00000   4.00000    900101                znucl, zion, pspdat
    5    3    0    0       700   0.00000      pspcod,pspxc,lmax,lloc,mmax,r2well
    1.000000E-06    2.603367E-02              r1 and al (Hamman grid)
    0   0.000   0.000    0   1.0500000        l,e99.0,e99.9,nproj,rcpsp
   0.00000000   0.00000000   0.00000000   0.00000000     rms, ekb1, ekb2, epsatm
    0.00000000000000    0.00000000000000    0.00000000000000   rchrg,fchrg,qchrg
 Note: local psp for atom with Z= 32.0
 pspatm: epsatm=   27.96404307
         --- l  ekb(1:nproj) -->
 pspatm: atomic psp has been read  and splines computed

   4.47424689E+02                                ecore*ucvol(ha*bohr**3)
--------------------------------------------------------------------------------

P newkpt: treating      4 bands with npw=      65 for ikpt=   1
P newkpt: treating      4 bands with npw=      69 for ikpt=   2
P newkpt: treating      4 bands with npw=      69 for ikpt=   3
P newkpt: treating      4 bands with npw=      65 for ikpt=   4

 setup2: Arith. and geom. avg. npw (full set) are      67.000      66.970

================================================================================

     iter   Etot(hartree)      deltaE(h)  residm     vres2    diffor    maxfor
 ETOT  1  -6.8259214901004    -6.826E+00 1.075E-03 7.395E+00 7.417E-01 7.417E-01
 ETOT  2  -6.8433140271191    -1.739E-02 4.048E-07 1.645E-01 5.494E-03 7.362E-01
 ETOT  3  -6.8435070307586    -1.930E-04 5.524E-07 3.912E-03 1.750E-03 7.380E-01
 ETOT  4  -6.8435100045306    -2.974E-06 1.049E-07 9.149E-04 6.846E-04 7.373E-01
 ETOT  5  -6.8435110515814    -1.047E-06 5.286E-08 2.773E-04 2.882E-04 7.376E-01
 ETOT  6  -6.8435117756006    -7.240E-07 2.708E-08 1.052E-04 3.639E-05 7.375E-01
 ETOT  7  -6.8435122398586    -4.643E-07 4.873E-09 2.783E-06 2.679E-05 7.375E-01
 ETOT  8  -6.8435122461084    -6.250E-09 7.810E-11 1.799E-07 1.748E-05 7.375E-01
 ETOT  9  -6.8435122460049     1.035E-10 2.223E-11 1.808E-07 5.328E-06 7.375E-01
 ETOT 10  -6.8435122466563    -6.515E-10 1.276E-11 3.222E-08 3.831E-07 7.375E-01
 ETOT 11  -6.8435122467846    -1.283E-10 1.487E-12 1.014E-09 1.065E-06 7.375E-01
 ETOT 12  -6.8435122467877    -3.077E-12 5.652E-14 2.300E-10 4.257E-07 7.375E-01
 ETOT 13  -6.8435122467870     6.821E-13 3.853E-14 3.339E-10 9.267E-08 7.375E-01
 ETOT 14  -6.8435122467885    -1.459E-12 1.772E-14 1.164E-11 2.584E-08 7.375E-01
 ETOT 15  -6.8435122467885    -6.040E-14 6.808E-16 8.037E-13 3.239E-08 7.375E-01
 ETOT 16  -6.8435122467885    -4.441E-15 1.054E-16 6.911E-13 9.824E-09 7.375E-01
 ETOT 17  -6.8435122467885     2.576E-14 6.969E-17 2.809E-13 2.276E-10 7.375E-01
 ETOT 18  -6.8435122467885    -9.770E-15 1.324E-17 5.086E-15 1.943E-09 7.375E-01
 ETOT 19  -6.8435122467885     0.000E+00 7.521E-19 1.550E-15 8.060E-10 7.375E-01
 ETOT 20  -6.8435122467885    -2.753E-14 2.449E-19 1.433E-15 1.743E-10 7.375E-01
 ETOT 21  -6.8435122467885     3.730E-14 8.237E-20 8.509E-17 7.957E-11 7.375E-01
 ETOT 22  -6.8435122467885    -1.155E-14 8.797E-21 6.323E-18 6.783E-11 7.375E-01
 ETOT 23  -6.8435122467885    -7.994E-15 1.701E-21 7.786E-18 1.653E-11 7.375E-01
 ETOT 24  -6.8435122467885     7.105E-15 5.834E-22 1.456E-18 8.984E-13 7.375E-01
 ETOT 25  -6.8435122467885     4.441E-15 1.138E-22 9.775E-20 6.951E-12 7.375E-01
 ETOT 26  -6.8435122467885     0.000E+00 9.175E-23 4.489E-21 3.238E-12 7.375E-01

 At SCF step   26   max residual=  9.18E-23 < tolwfr=  1.00E-22 =>converged.

 Cartesian components of stress tensor (hartree/bohr^3)
  sigma(1 1)=  3.15153607E-04  sigma(3 2)=  0.00000000E+00
  sigma(2 2)=  3.15153607E-04  sigma(3 1)=  0.00000000E+00
  sigma(3 3)= -1.88255499E-03  sigma(2 1)=  0.00000000E+00

================================================================================

 ----iterations are completed or convergence reached----

 Mean square residual over all n,k,spin=   6.9835E-23; max=  9.1752E-23
   0.0000  0.0000 -0.3750    1  9.17525E-23 kpt; spin; max resid(k); each band:
 4.15E-23 9.18E-23 6.78E-23 8.25E-23
   0.0000  0.0000 -0.1250    1  9.05309E-23 kpt; spin; max resid(k); each band:
 4.14E-23 9.05E-23 6.44E-23 7.85E-23
   0.0000  0.0000  0.1250    1  9.05311E-23 kpt; spin; max resid(k); each band:
 4.14E-23 9.05E-23 6.56E-23 7.78E-23
   0.0000  0.0000  0.3750    1  9.17524E-23 kpt; spin; max resid(k); each band:
 4.15E-23 9.18E-23 6.78E-23 8.25E-23
 reduced coordinates (array xred) for    2 atoms
       0.000000000000      0.000000000000     -0.150000000000
       0.000000000000      0.000000000000      0.150000000000
 rms dE/dt=  4.2580E+00; max dE/dt=  7.3752E+00; dE/dt below (all hartree)
    1       0.000000000104      0.000000000053      7.375153838247
    2       0.000000000098      0.000000000056     -7.375153838095

 cartesian coordinates (angstrom) at end:
    1      0.00000000000000     0.00000000000000    -0.79376581288500
    2      0.00000000000000     0.00000000000000     0.79376581288500

 cartesian forces (hartree/bohr) at end:
    1     -0.00000000000026     0.00000000000017    -0.73751538381713
    2      0.00000000000026    -0.00000000000017     0.73751538381713
 frms,max,avg= 4.2580471E-01 7.3751538E-01  -1.009E-11 -5.466E-12 -7.598E-12 h/b

 cartesian forces (eV/Angstrom) at end:
    1     -0.00000000001322     0.00000000000864   -37.92456267188203
    2      0.00000000001322    -0.00000000000864    37.92456267188203
 frms,max,avg= 2.1895756E+01 3.7924563E+01  -5.191E-10 -2.810E-10 -3.907E-10 e/A
 length scales= 10.000000000000 10.000000000000 10.000000000000 bohr
              =  5.291772085900  5.291772085900  5.291772085900 angstroms
 prteigrs : about to open file t09o_DS1_EIG
 Fermi (or HOMO) energy (hartree) =  -0.16775   Average Vxc (hartree)=  -0.17366
 Eigenvalues (hartree) for nkpt=   4  k points:
 kpt#   1, nband=  4, wtk=  0.25000, kpt=  0.0000  0.0000 -0.3750 (reduced coord)
  -0.47259  -0.26076  -0.16775  -0.16775
 kpt#   2, nband=  4, wtk=  0.25000, kpt=  0.0000  0.0000 -0.1250 (reduced coord)
  -0.47852  -0.22152  -0.17000  -0.17000
 kpt#   3, nband=  4, wtk=  0.25000, kpt=  0.0000  0.0000  0.1250 (reduced coord)
  -0.47852  -0.22152  -0.17000  -0.17000
 kpt#   4, nband=  4, wtk=  0.25000, kpt=  0.0000  0.0000  0.3750 (reduced coord)
  -0.47259  -0.26076  -0.16775  -0.16775
 Total charge density [el/Bohr^3]
,     Maximum=    6.4711E-02  at reduced coord.    0.0000    0.8750    0.0000
,Next maximum=    6.4711E-02  at reduced coord.    0.0000    0.1250    0.0000
,     Minimum=    3.6757E-05  at reduced coord.    0.5000    0.5000    0.3125
,Next minimum=    3.6757E-05  at reduced coord.    0.5000    0.5000    0.6875

--------------------------------------------------------------------------------
 Components of total free energy (in Hartree) :

    Kinetic energy  =  2.48083564749408E+00
    Hartree energy  =  2.42462179553493E+00
    XC energy       = -2.12952418745063E+00
    Ewald energy    = -3.40312010772530E+00
    PspCore energy  =  4.47424689112482E-01
    Loc. psp. energy= -6.66375008375408E+00
    NL   psp  energy=  0.00000000000000E+00
    >>>>>>>>> Etotal= -6.84351224678852E+00

 Other information on the energy :
    Total energy(eV)= -1.86221438697973E+02 ; Band energy (Ha)=  -2.1089039067E+00
--------------------------------------------------------------------------------

 Cartesian components of stress tensor (hartree/bohr^3)
  sigma(1 1)=  3.15153607E-04  sigma(3 2)=  0.00000000E+00
  sigma(2 2)=  3.15153607E-04  sigma(3 1)=  0.00000000E+00
  sigma(3 3)= -1.88255499E-03  sigma(2 1)=  0.00000000E+00

-Cartesian components of stress tensor (GPa)         [Pressure=  1.2281E+01 GPa]
- sigma(1 1)=  9.27213769E+00  sigma(3 2)=  0.00000000E+00
- sigma(2 2)=  9.27213769E+00  sigma(3 1)=  0.00000000E+00
- sigma(3 3)= -5.53866706E+01  sigma(2 1)=  0.00000000E+00

================================================================================
== DATASET  2 ==================================================================

 mkfilename : getwfk/=0, take file _WFK from output of DATASET   1.

 mkfilename : getden/=0, take file _DEN from output of DATASET   1.

 Real(R)+Recip(G) space primitive vectors, cartesian coordinates (Bohr,Bohr^-1):
 R(1)= 10.0000000  0.0000000  0.0000000  G(1)=  0.1000000  0.0000000  0.0000000
 R(2)=  0.0000000 10.0000000  0.0000000  G(2)=  0.0000000  0.1000000  0.0000000
 R(3)=  0.0000000  0.0000000 10.0000000  G(3)=  0.0000000  0.0000000  0.1000000
 Unit cell volume ucvol=  1.0000000E+03 bohr^3
 Angles (23,13,12)=  9.00000000E+01  9.00000000E+01  9.00000000E+01 degrees

 getcut: wavevector=  0.0000  0.0000  0.0000  ngfft=  16  16  16
         ecut(hartree)=      1.200   => boxcut(ratio)=   3.24462

 getcut : COMMENT -
  Note that boxcut > 2.2 ; recall that boxcut=Gcut(box)/Gcut(sphere) = 2
  is sufficient for exact treatment of convolution.
  Such a large boxcut is a waste : you could raise ecut
  e.g. ecut=    3.158273 Hartrees makes boxcut=2

--------------------------------------------------------------------------------

-inwffil : will read wavefunctions from disk file t09o_DS1_WFK
- newkpt: read input wf with ikpt,npw=   3      69, make ikpt,npw=   1      69
- newkpt: read input wf with ikpt,npw=   4      65, make ikpt,npw=   2      65
- newkpt: read input wf with ikpt,npw=   1      65, make ikpt,npw=   3      65
- newkpt: read input wf with ikpt,npw=   2      69, make ikpt,npw=   4      69


================================================================================
 prteigrs : about to open file t09o_DS2_EIG
 Non-SCF case, kpt    1 (  0.00000  0.00000  0.12500), residuals and eigenvalues=
  1.96E-23  3.73E-23  7.63E-23  7.85E-23
 -4.7852E-01 -2.2152E-01 -1.7000E-01 -1.7000E-01
 Non-SCF case, kpt    2 (  0.00000  0.00000  0.37500), residuals and eigenvalues=
  1.91E-23  9.98E-23  7.92E-23  8.38E-23
 -4.7259E-01 -2.6076E-01 -1.6775E-01 -1.6775E-01
 Non-SCF case, kpt    3 (  0.00000  0.00000  0.62500), residuals and eigenvalues=
  1.91E-23  9.98E-23  7.92E-23  8.38E-23
 -4.7259E-01 -2.6076E-01 -1.6775E-01 -1.6775E-01
 Non-SCF case, kpt    4 (  0.00000  0.00000  0.87500), residuals and eigenvalues=
  1.96E-23  3.73E-23  7.51E-23  7.93E-23
 -4.7852E-01 -2.2152E-01 -1.7000E-01 -1.7000E-01
================================================================================

 ----iterations are completed or convergence reached----

 Mean square residual over all n,k,spin=   6.1674E-23; max=  9.9800E-23
   0.0000  0.0000  0.1250    1  7.85064E-23 kpt; spin; max resid(k); each band:
 1.96E-23 3.73E-23 7.63E-23 7.85E-23
   0.0000  0.0000  0.3750    1  9.98002E-23 kpt; spin; max resid(k); each band:
 1.91E-23 9.98E-23 7.92E-23 8.38E-23
   0.0000  0.0000  0.6250    1  9.97999E-23 kpt; spin; max resid(k); each band:
 1.91E-23 9.98E-23 7.92E-23 8.38E-23
   0.0000  0.0000  0.8750    1  7.92533E-23 kpt; spin; max resid(k); each band:
 1.96E-23 3.73E-23 7.51E-23 7.93E-23
 reduced coordinates (array xred) for    2 atoms
       0.000000000000      0.000000000000     -0.150000000000
       0.000000000000      0.000000000000      0.150000000000

 cartesian coordinates (angstrom) at end:
    1      0.00000000000000     0.00000000000000    -0.79376581288500
    2      0.00000000000000     0.00000000000000     0.79376581288500
 length scales= 10.000000000000 10.000000000000 10.000000000000 bohr
              =  5.291772085900  5.291772085900  5.291772085900 angstroms
 prteigrs : about to open file t09o_DS2_EIG
 Eigenvalues (hartree) for nkpt=   4  k points:
 kpt#   1, nband=  4, wtk=  1.00000, kpt=  0.0000  0.0000  0.1250 (reduced coord)
  -0.47852  -0.22152  -0.17000  -0.17000
 kpt#   2, nband=  4, wtk=  1.00000, kpt=  0.0000  0.0000  0.3750 (reduced coord)
  -0.47259  -0.26076  -0.16775  -0.16775
 kpt#   3, nband=  4, wtk=  1.00000, kpt=  0.0000  0.0000  0.6250 (reduced coord)
  -0.47259  -0.26076  -0.16775  -0.16775
 kpt#   4, nband=  4, wtk=  1.00000, kpt=  0.0000  0.0000  0.8750 (reduced coord)
  -0.47852  -0.22152  -0.17000  -0.17000
 Total charge density [el/Bohr^3]
,     Maximum=    6.4711E-02  at reduced coord.    0.0000    0.8750    0.0000
,Next maximum=    6.4711E-02  at reduced coord.    0.0000    0.1250    0.0000
,     Minimum=    3.6757E-05  at reduced coord.    0.5000    0.5000    0.3125
,Next minimum=    3.6757E-05  at reduced coord.    0.5000    0.5000    0.6875

================================================================================
== DATASET  3 ==================================================================

 mkfilename : getwfk/=0, take file _WFK from output of DATASET   1.

 mkfilename : getwfq/=0, take file _WFQ from output of DATASET   2.

 Real(R)+Recip(G) space primitive vectors, cartesian coordinates (Bohr,Bohr^-1):
 R(1)= 10.0000000  0.0000000  0.0000000  G(1)=  0.1000000  0.0000000  0.0000000
 R(2)=  0.0000000 10.0000000  0.0000000  G(2)=  0.0000000  0.1000000  0.0000000
 R(3)=  0.0000000  0.0000000 10.0000000  G(3)=  0.0000000  0.0000000  0.1000000
 Unit cell volume ucvol=  1.0000000E+03 bohr^3
 Angles (23,13,12)=  9.00000000E+01  9.00000000E+01  9.00000000E+01 degrees
 setup1 : take into account q-point for computing boxcut.

 getcut: wavevector=  0.0000  0.0000  0.5000  ngfft=  16  16  16
         ecut(hartree)=      1.200   => boxcut(ratio)=   3.04183

 getcut : COMMENT -
  Note that boxcut > 2.2 ; recall that boxcut=Gcut(box)/Gcut(sphere) = 2
  is sufficient for exact treatment of convolution.
  Such a large boxcut is a waste : you could raise ecut
  e.g. ecut=    2.775826 Hartrees makes boxcut=2

--------------------------------------------------------------------------------

-inwffil : will read wavefunctions from disk file t09o_DS1_WFK
P newkpt: treating      4 bands with npw=      65 for ikpt=   1
P newkpt: treating      4 bands with npw=      69 for ikpt=   2
P newkpt: treating      4 bands with npw=      69 for ikpt=   3
P newkpt: treating      4 bands with npw=      65 for ikpt=   4


 ==>  initialize data related to q vector <==

 The list of irreducible perturbations for this q vector is:
    1)    idir= 3    ipert=   1

================================================================================

--------------------------------------------------------------------------------
 Perturbation wavevector (in red.coord.)   0.000000  0.000000  0.500000
 Perturbation : displacement of atom   1   along direction   3
 The set of symmetries contains only one element for this perturbation.
 symkpt : not enough symmetry to change the number of k points.

--------------------------------------------------------------------------------

-inwffil : will read wavefunctions from disk file t09o_DS1_WFK
P newkpt: treating      4 bands with npw=      65 for ikpt=   1
P newkpt: treating      4 bands with npw=      69 for ikpt=   2
P newkpt: treating      4 bands with npw=      69 for ikpt=   3
P newkpt: treating      4 bands with npw=      65 for ikpt=   4

--------------------------------------------------------------------------------

-inwffil : will read wavefunctions from disk file t09o_DS2_WFQ
- newkpt: read input wf with ikpt,npw=   1      69, make ikpt,npw=   1      69
- newkpt: read input wf with ikpt,npw=   2      65, make ikpt,npw=   2      65
- newkpt: read input wf with ikpt,npw=   3      65, make ikpt,npw=   3      65
- newkpt: read input wf with ikpt,npw=   4      69, make ikpt,npw=   4      69

 Initialisation of the first-order wave-functions :
  ireadwf=   0
P newkpt: treating      4 bands with npw=      69 for ikpt=   1
P newkpt: treating      4 bands with npw=      65 for ikpt=   2
P newkpt: treating      4 bands with npw=      65 for ikpt=   3
P newkpt: treating      4 bands with npw=      69 for ikpt=   4


     iter   2DEtotal(Ha)        deltaE(Ha) residm    vres2

-ETOT  1   1210.1068557692      1.020E+03 1.942E-01 4.930E+05

 ETOT  2   12006.946978898      1.080E+04 1.375E+00 5.334E+06

 ETOT  3   122.64174651677     -1.188E+04 8.397E-01 2.721E+03

 ETOT  4   119.96515622498     -2.677E+00 4.760E-03 1.319E+03

 ETOT  5   118.32687869444     -1.638E+00 6.190E-04 2.459E+02

 ETOT  6   122.51479089032      4.188E+00 5.812E-04 2.136E+03

 ETOT  7   117.77271328843     -4.742E+00 3.315E-04 1.562E+00

 ETOT  8   117.77122243721     -1.491E-03 2.160E-06 7.532E-01

 ETOT  9   117.77013931126     -1.083E-03 3.372E-07 8.919E-02

 ETOT 10   117.77212506643      1.986E-03 2.523E-07 9.852E-01

 ETOT 11   117.76993667735     -2.188E-03 1.500E-07 5.904E-04

 ETOT 12   117.76993609901     -5.783E-07 7.753E-10 2.458E-04

 ETOT 13   117.76993638564      2.866E-07 1.896E-10 3.050E-04

 ETOT 14   117.76993689686      5.112E-07 2.562E-10 5.534E-04

 ETOT 15   117.76993570702     -1.190E-06 9.775E-11 8.457E-06

 ETOT 16   117.76993571936      1.234E-08 1.081E-11 1.328E-05

 ETOT 17   117.76993569632     -2.303E-08 4.511E-12 2.159E-06

 ETOT 18   117.76993569362     -2.706E-09 1.075E-12 9.478E-07

 ETOT 19   117.76993569180     -1.820E-09 2.558E-13 7.030E-08

 ETOT 20   117.76993569268      8.800E-10 1.550E-13 4.657E-07

 ETOT 21   117.76993569166     -1.014E-09 8.671E-14 6.529E-09

 ETOT 22   117.76993569165     -9.393E-12 4.669E-15 2.169E-09

 ETOT 23   117.76993569165     -9.948E-13 9.405E-16 8.678E-10

 At SCF step   23   max residual=  9.40E-16 < tolwfr=  1.00E-15 =>converged.
================================================================================

 ----iterations are completed or convergence reached----

 Mean square residual over all n,k,spin=   5.4663E-16; max=  9.4048E-16
   0.0000  0.0000 -0.3750    1  9.40483E-16 kpt; spin; max resid(k); each band:
 8.66E-16 9.40E-16 1.30E-16 1.30E-16
   0.0000  0.0000 -0.1250    1  8.01607E-16 kpt; spin; max resid(k); each band:
 5.74E-16 8.02E-16 4.65E-16 4.65E-16
   0.0000  0.0000  0.1250    1  8.01607E-16 kpt; spin; max resid(k); each band:
 5.74E-16 8.02E-16 4.65E-16 4.65E-16
   0.0000  0.0000  0.3750    1  9.40483E-16 kpt; spin; max resid(k); each band:
 8.66E-16 9.40E-16 1.30E-16 1.30E-16

 Thirteen components of 2nd-order total energy (hartree) are
 1,2,3: 0th-order hamiltonian combined with 1st-order wavefunctions
     kin0=   4.24317889E+01 eigvalue=   1.69927752E+01  local=  -2.99067436E+01
 4,5,6: 1st-order hamiltonian combined with 1st and 0th-order wfs
 loc psp =  -1.44080189E+02  Hartree=   5.01781833E+01     xc=  -7.65589999E+00
 note that "loc psp" includes a xc core correction that could be resolved
 7,8,9: eventually, occupation + non-local contributions
    edocc=   0.00000000E+00     enl0=   0.00000000E+00   enl1=   0.00000000E+00
 1-9 gives the relaxation energy (to be shifted if some occ is /=2.0)
   erelax=  -7.20400853E+01
 10,11,12 Non-relaxation  contributions : frozen-wavefunctions and Ewald
 fr.local=   3.65672732E+01 fr.nonlo=   0.00000000E+00  Ewald=   1.53242748E+02
 13,14 Frozen wf xc core corrections (1) and (2)
 frxc 1  =   0.00000000E+00  frxc 2 =   0.00000000E+00
 Resulting in :
 2DEtotal=    0.1177699357E+03 Ha. Also 2DEtotal=    0.320468292727E+04 eV
    (2DErelax=   -7.2040085303E+01 Ha. 2DEnonrelax=    1.8981002099E+02 Ha)
    (  non-var. 2DEtotal :    1.1776992646E+02 Ha)

================================================================================

 ---- first-order wavefunction calculations are completed ----


 ==> Compute Derivative Database <==
  
  Ewald part of the dynamical matrix
     j1       j2             matrix element
  dir pert dir pert     real part   imaginary part
  
   1    1   3    1        -0.0000000000        -0.0000000000
  
   2    1   3    1        -0.0000000000        -0.0000000000
  
   3    1   3    1       153.2427478424         0.0000000000
  
   1    2   3    1        -0.0000000000         0.0000000000
  
   2    2   3    1        -0.0000000000         0.0000000000
  
   3    2   3    1      -102.8618263090         0.0000000000
  
  Frozen wf local part of the dynamical matrix
     j1       j2             matrix element
  dir pert dir pert     real part   imaginary part
  
   1    1   3    1         0.0000000002         0.0000000000
  
   2    1   3    1         0.0000000001         0.0000000000
  
   3    1   3    1        36.5672731520         0.0000000000
  
   1    2   3    1         0.0000000000         0.0000000000
  
   2    2   3    1         0.0000000000         0.0000000000
  
   3    2   3    1         0.0000000000         0.0000000000
  
  Frozen wf non-local part of the dynamical matrix
     j1       j2             matrix element
  dir pert dir pert     real part   imaginary part
  
   1    1   3    1         0.0000000000         0.0000000000
  
   2    1   3    1         0.0000000000         0.0000000000
  
   3    1   3    1         0.0000000000         0.0000000000
  
   1    2   3    1         0.0000000000         0.0000000000
  
   2    2   3    1         0.0000000000         0.0000000000
  
   3    2   3    1         0.0000000000         0.0000000000
  
  Frozen wf xc core (1) part of the dynamical matrix
     j1       j2             matrix element
  dir pert dir pert     real part   imaginary part
  
   1    1   3    1         0.0000000000         0.0000000000
  
   2    1   3    1         0.0000000000         0.0000000000
  
   3    1   3    1         0.0000000000         0.0000000000
  
   1    2   3    1         0.0000000000         0.0000000000
  
   2    2   3    1         0.0000000000         0.0000000000
  
   3    2   3    1         0.0000000000         0.0000000000
  
  Frozen wf xc core (2) part of the dynamical matrix
     j1       j2             matrix element
  dir pert dir pert     real part   imaginary part
  
   1    1   3    1         0.0000000000         0.0000000000
  
   2    1   3    1         0.0000000000         0.0000000000
  
   3    1   3    1         0.0000000000         0.0000000000
  
   1    2   3    1         0.0000000000         0.0000000000
  
   2    2   3    1         0.0000000000         0.0000000000
  
   3    2   3    1         0.0000000000         0.0000000000
  
  Non-stationary local part of the 2-order matrix
     j1       j2             matrix element
  dir pert dir pert     real part   imaginary part
  
   1    1   3    1        -0.0000000002         0.0000000000
  
   2    1   3    1        -0.0000000000        -0.0000000000
  
   3    1   3    1       -72.0400945369         0.0000000000
  
   1    2   3    1         0.0000000001        -0.0000000001
  
   2    2   3    1        -0.0000000001         0.0000000001
  
   3    2   3    1       -16.2318281404         0.0000000000
  
  Non-stationary non-local part of the 2nd-ordermatrix
     j1       j2             matrix element
  dir pert dir pert     real part   imaginary part
  
   1    1   3    1         0.0000000000         0.0000000000
  
   2    1   3    1         0.0000000000         0.0000000000
  
   3    1   3    1         0.0000000000         0.0000000000
  
   1    2   3    1         0.0000000000         0.0000000000
  
   2    2   3    1         0.0000000000         0.0000000000
  
   3    2   3    1         0.0000000000         0.0000000000
  
  2nd-order matrix (non-cartesian coordinates, masses not included,
   asr not included )
     j1       j2             matrix element
  dir pert dir pert     real part     imaginary part
  
   1    1   3    1         0.0000000001         0.0000000000
  
   2    1   3    1         0.0000000001        -0.0000000000
  
   3    1   1    1         0.0000000001        -0.0000000000
   3    1   2    1         0.0000000001         0.0000000000
   3    1   3    1       117.7699264575         0.0000000000
   3    1   1    2         0.0000000001         0.0000000001
   3    1   2    2        -0.0000000001        -0.0000000001
   3    1   3    2      -119.0936544494        -0.0000000000
  
   1    2   3    1         0.0000000001        -0.0000000001
  
   2    2   3    1        -0.0000000001         0.0000000001
  
   3    2   3    1      -119.0936544494         0.0000000000
  
  
  Dynamical matrix, in cartesian coordinates,
   if specified in the inputs, asr has been imposed
     j1       j2             matrix element
  dir pert dir pert     real part    imaginary part
  
   1    1   3    1         0.0000000000         0.0000000000
  
   2    1   3    1         0.0000000000        -0.0000000000
  
   3    1   1    1         0.0000000000        -0.0000000000
   3    1   2    1         0.0000000000         0.0000000000
   3    1   3    1         1.1776992646         0.0000000000
   3    1   1    2         0.0000000000         0.0000000000
   3    1   2    2        -0.0000000000        -0.0000000000
   3    1   3    2        -1.1909365445        -0.0000000000
  
   1    2   3    1         0.0000000000        -0.0000000000
  
   2    2   3    1        -0.0000000000         0.0000000000
  
   3    2   3    1        -1.1909365445         0.0000000000
 
  Phonon wavevector (reduced coordinates) :  0.00000  0.00000  0.50000
 Phonon energies in Hartree :
   0.000000E+00  0.000000E+00  0.000000E+00  0.000000E+00  0.000000E+00
   2.541775E-02
 Phonon frequencies in cm-1    :
-  0.000000E+00  0.000000E+00  0.000000E+00  0.000000E+00  0.000000E+00
-  5.578552E+03
 chkph3 : WARNING -
  The dynamical matrix was incomplete : phonon frequencies may be wrong ...

== END DATASET(S) ==============================================================
================================================================================
  
 -outvars: echo values of variables after computation  --------
     acell    1.0000000000E+01  1.0000000000E+01  1.0000000000E+01 Bohr
       amu    1.00000000E+00
    diemac1   1.50000000E+00
    diemac2   1.50000000E+00
    diemac3   1.00000000E+00
    diemix1   1.00000000E+00
    diemix2   1.00000000E+00
    diemix3   7.00000000E-01
      ecut    1.20000000E+00 Hartree
    etotal1  -6.8435122468E+00
    etotal3   1.1776993569E+02
     fcart1  -2.5711246764E-13  1.6801225408E-13 -7.3751538382E-01
              2.5711246764E-13 -1.6801225408E-13  7.3751538382E-01
     fcart3   0.0000000000E+00  0.0000000000E+00  0.0000000000E+00
              0.0000000000E+00  0.0000000000E+00  0.0000000000E+00
    getden1        0
    getden2        1
    getden3        0
    getwfk1        0
    getwfk2        1
    getwfk3        1
    getwfq1        0
    getwfq2        0
    getwfq3        2
      iscf1        3
      iscf2       -2
      iscf3        3
       ixc         3
    jdtset      1    2    3
       kpt    0.00000000E+00  0.00000000E+00 -3.75000000E-01
              0.00000000E+00  0.00000000E+00 -1.25000000E-01
              0.00000000E+00  0.00000000E+00  1.25000000E-01
              0.00000000E+00  0.00000000E+00  3.75000000E-01
P    mkmem         4
P   mkqmem         4
P   mk1mem         4
     natom         2
     nband         4
    nbdbuf1        0
    nbdbuf2        2
    nbdbuf3        0
    ndtset         3
     ngfft        16      16      16
      nkpt         4
      nqpt1        0
      nqpt2        1
      nqpt3        1
      nsym         1
    ntypat         1
       occ    2.000000  2.000000  2.000000  2.000000
 optdriver1        0
 optdriver2        0
 optdriver3        1
    prtvol1        0
    prtvol2        0
    prtvol3       10
       qpt1   0.00000000E+00  0.00000000E+00  0.00000000E+00
       qpt2   0.00000000E+00  0.00000000E+00  5.00000000E-01
       qpt3   0.00000000E+00  0.00000000E+00  5.00000000E-01
     rfdir1        0       0       0
     rfdir2        0       0       0
     rfdir3        0       0       1
    rfphon1        0
    rfphon2        0
    rfphon3        1
   spgroup         1
    strten1   3.1515360733E-04  3.1515360731E-04 -1.8825549858E-03
              0.0000000000E+00  0.0000000000E+00  0.0000000000E+00
    strten3   0.0000000000E+00  0.0000000000E+00  0.0000000000E+00
              0.0000000000E+00  0.0000000000E+00  0.0000000000E+00
    tolwfr1   1.00000000E-22
    tolwfr2   1.00000000E-22
    tolwfr3   1.00000000E-15
     typat    1  1
       wtk1     0.25000    0.25000    0.25000    0.25000
       wtk2     1.00000    1.00000    1.00000    1.00000
       wtk3     0.25000    0.25000    0.25000    0.25000
    xangst    0.0000000000E+00  0.0000000000E+00 -7.9376581289E-01
              0.0000000000E+00  0.0000000000E+00  7.9376581289E-01
     xcart    0.0000000000E+00  0.0000000000E+00 -1.5000000000E+00
              0.0000000000E+00  0.0000000000E+00  1.5000000000E+00
      xred    0.0000000000E+00  0.0000000000E+00 -1.5000000000E-01
              0.0000000000E+00  0.0000000000E+00  1.5000000000E-01
     znucl     32.00000

================================================================================

- Total cpu        time (s,m,h):          1.8        0.03      0.001
- Total wall clock time (s,m,h):          1.8        0.03      0.001

- For major independent code sections, cpu and wall times (sec),
- as well as % of the total time and number of calls 

- routine                 cpu     %       wall     %      number of calls 
-                                                          (-1=no count)
- fourwf(pot)            0.631  34.7      0.645  35.5           4088
- invars2                0.245  13.5      0.243  13.4              3
- timing timab           0.101   5.6      0.101   5.6              8
- pspini                 0.087   4.8      0.087   4.8              3
- abinit(2)              0.067   3.7      0.067   3.7              1
- fourwf(G->r)           0.055   3.0      0.071   3.9            736
- vtowfk3(contrib)       0.053   2.9      0.052   2.9             -1
- getghc-other           0.051   2.8      0.048   2.6             -1
- status                 0.045   2.5      0.044   2.4           6233
- cgwf3-O(npw)           0.044   2.4      0.048   2.6             -1
- fourwf(den)            0.041   2.3      0.047   2.6            432
- projbd                 0.040   2.2      0.032   1.8           6908
- vtowfk(ssdiag)         0.030   1.7      0.022   1.2             -1
- fourdp                 0.025   1.4      0.022   1.2            165
- forces                 0.023   1.3      0.019   1.0             26
- nonlop(apply)          0.016   0.9      0.010   0.6           3720
- vtorho3-kpt loop       0.013   0.7      0.011   0.6             23
- xc:pot/=fourdp         0.012   0.7      0.016   0.9             76
- vtorho-kpt loop        0.012   0.7      0.005   0.3             27
- vtowfk(contrib)        0.007   0.4      0.013   0.7            108
- 50   others            0.053   2.9      0.059   3.2

- subtotal               1.651  90.8      1.662  91.4

================================================================================

 Calculation completed.
.Delivered   28 WARNINGs and  16 COMMENTs to log file.
+Overall time at end (sec) : cpu=          1.8  wall=          1.8
