
.Version 5.6.3  of ABINIT 
.(sequential version, prepared for a x86_64_linux_gcc4.3 computer) 

.Copyright (C) 1998-2008 ABINIT group . 
 ABINIT comes with ABSOLUTELY NO WARRANTY.
 It is free software, and you are welcome to redistribute it
 under certain conditions (GNU General Public License,
 see ~abinit/COPYING or http://www.gnu.org/copyleft/gpl.txt).

 ABINIT is a project of the Universite Catholique de Louvain,
 Corning Inc. and other collaborators, see ~abinit/doc/developers/contributors.txt .
 Please read ~abinit/doc/users/acknowledgments.html for suggested
 acknowledgments of the ABINIT effort.
 For more information, see http://www.abinit.org .

.Starting date : Thu  6 Nov 2008.
  
- input  file    -> /home/gonze/ABINIT/ABINITv5.6.3/test_gcc43/5.6.3-private/tests/v2/Input/t12.in
- output file    -> t12.out
- root for input  files -> t12i
- root for output files -> t12o


 DATASET    1 : space group Im -3 m (#229); Bravais cI (body-center cubic)
================================================================================
 Values of the parameters that define the memory need for DATASET  1.
   intxc =         0  ionmov =         0    iscf =         5 xclevel =         1
  lmnmax =         1   lnmax =         1   mband =         2  mffmem =         1
P  mgfft =        10   mkmem =         2 mpssoang=         1     mpw =        28
  mqgrid =      3001   natom =         1    nfft =      1000    nkpt =         2
  nloalg =         4  nspden =         1 nspinor =         1  nsppol =         1
    nsym =        48  n1xccc =         0  ntypat =         1  occopt =         1
================================================================================
P This job should need less than                       0.639 Mbytes of memory.
  Rough estimation (10% accuracy) of disk space for files :
  WF disk file :      0.004 Mbytes ; DEN or POT disk file :      0.010 Mbytes.
================================================================================

 -outvars: echo values of preprocessed input variables --------
     acell    4.3000000000E+00  4.3000000000E+00  4.3000000000E+00 Bohr
       amu    4.00260200E+00
    diemac    3.00000000E+00
      ecut    6.00000000E+00 Hartree
    enunit         2
      iscf         5
    jdtset      1
       kpt   -1.25000000E-01 -1.25000000E-01  3.75000000E-01
             -3.75000000E-01 -3.75000000E-01  1.25000000E-01
   kptrlen    8.60000000E+00
    kptopt         1
  kptrlatt    2  0  2   0  2  2  -2 -2  0
P    mkmem         2
     natom         1
     nband         2
    ndtset         1
     ngfft        10      10      10
      nkpt         2
      nsym        48
    ntypat         1
       occ    2.000000  0.000000
     rprim   -5.0000000000E-01  5.0000000000E-01  5.0000000000E-01
              5.0000000000E-01 -5.0000000000E-01  5.0000000000E-01
              5.0000000000E-01  5.0000000000E-01 -5.0000000000E-01
    shiftk    5.00000000E-01  5.00000000E-01  5.00000000E-01
   spgroup       229
    symrel    1  0  0   0  1  0   0  0  1      -1  0  0   0 -1  0   0  0 -1
             -1 -1 -1   0  0  1   0  1  0       1  1  1   0  0 -1   0 -1  0
              0  1  0   1  0  0  -1 -1 -1       0 -1  0  -1  0  0   1  1  1
              0  0  1  -1 -1 -1   1  0  0       0  0 -1   1  1  1  -1  0  0
              0  1  0   1  0  0   0  0  1       0 -1  0  -1  0  0   0  0 -1
             -1 -1 -1   0  0  1   1  0  0       1  1  1   0  0 -1  -1  0  0
              1  0  0   0  1  0  -1 -1 -1      -1  0  0   0 -1  0   1  1  1
              0  0  1  -1 -1 -1   0  1  0       0  0 -1   1  1  1   0 -1  0
             -1 -1 -1   1  0  0   0  0  1       1  1  1  -1  0  0   0  0 -1
              0  1  0   0  0  1   1  0  0       0 -1  0   0  0 -1  -1  0  0
              1  0  0  -1 -1 -1   0  1  0      -1  0  0   1  1  1   0 -1  0
              0  0  1   0  1  0  -1 -1 -1       0  0 -1   0 -1  0   1  1  1
              1  0  0  -1 -1 -1   0  0  1      -1  0  0   1  1  1   0  0 -1
              0  1  0   0  0  1  -1 -1 -1       0 -1  0   0  0 -1   1  1  1
             -1 -1 -1   1  0  0   0  1  0       1  1  1  -1  0  0   0 -1  0
              0  0  1   0  1  0   1  0  0       0  0 -1   0 -1  0  -1  0  0
              0  1  0  -1 -1 -1   0  0  1       0 -1  0   1  1  1   0  0 -1
              1  0  0   0  0  1  -1 -1 -1      -1  0  0   0  0 -1   1  1  1
             -1 -1 -1   0  1  0   1  0  0       1  1  1   0 -1  0  -1  0  0
              0  0  1   1  0  0   0  1  0       0  0 -1  -1  0  0   0 -1  0
             -1 -1 -1   0  1  0   0  0  1       1  1  1   0 -1  0   0  0 -1
              1  0  0   0  0  1   0  1  0      -1  0  0   0  0 -1   0 -1  0
              0  1  0  -1 -1 -1   1  0  0       0 -1  0   1  1  1  -1  0  0
              0  0  1   1  0  0  -1 -1 -1       0  0 -1  -1  0  0   1  1  1
    tolvrs    1.00000000E-13
     typat    1
       wtk      0.50000    0.50000
     znucl      2.00000

================================================================================

 chkinp: Checking input parameters for consistency, jdtset= 1.

================================================================================
== DATASET  1 ==================================================================

 Real(R)+Recip(G) space primitive vectors, cartesian coordinates (Bohr,Bohr^-1):
 R(1)= -2.1500000  2.1500000  2.1500000  G(1)=  0.0000000  0.2325581  0.2325581
 R(2)=  2.1500000 -2.1500000  2.1500000  G(2)=  0.2325581  0.0000000  0.2325581
 R(3)=  2.1500000  2.1500000 -2.1500000  G(3)=  0.2325581  0.2325581  0.0000000
 Unit cell volume ucvol=  3.9753500E+01 bohr^3
 Angles (23,13,12)=  1.09471221E+02  1.09471221E+02  1.09471221E+02 degrees

 getcut: wavevector=  0.0000  0.0000  0.0000  ngfft=  10  10  10
         ecut(hartree)=      6.000   => boxcut(ratio)=   2.45958

 getcut : COMMENT -
  Note that boxcut > 2.2 ; recall that boxcut=Gcut(box)/Gcut(sphere) = 2
  is sufficient for exact treatment of convolution.
  Such a large boxcut is a waste : you could raise ecut
  e.g. ecut=    9.074271 Hartrees makes boxcut=2


--- Pseudopotential description ------------------------------------------------
- pspini: atom type   1  psp file is /home/gonze/ABINIT/ABINITv5.6.3/test_gcc43/5.6.3-private/tests/Psps_for_tests/2he_ca_30t.psp
- pspatm: opening atomic psp file    /home/gonze/ABINIT/ABINITv5.6.3/test_gcc43/5.6.3-private/tests/Psps_for_tests/2he_ca_30t.psp
 Helium, fhi98PP : TM-type, LDA, l=0 local
   2.00000   2.00000       211                znucl, zion, pspdat
    6    1    0    0       415   0.00000      pspcod,pspxc,lmax,lloc,mmax,r2well
  No XC core correction.
  1.024700          amesh (Hamman grid)
 Note: local psp for atom with Z=  2.0
 pspatm: epsatm=   11.14564823
         --- l  ekb(1:nproj) -->
 pspatm: atomic psp has been read  and splines computed

   2.22912965E+01                                ecore*ucvol(ha*bohr**3)
--------------------------------------------------------------------------------

P newkpt: treating      2 bands with npw=      28 for ikpt=   1
P newkpt: treating      2 bands with npw=      26 for ikpt=   2

 setup2: Arith. and geom. avg. npw (full set) are      27.000      26.981

================================================================================

     iter   Etot(hartree)      deltaE(h)  residm     vres2    diffor    maxfor
 ETOT  1  -2.3815475598678    -2.382E+00 3.906E-04 5.815E-01 0.000E+00 0.000E+00
 ETOT  2  -2.3825010897883    -9.535E-04 1.234E-10 2.139E-04 0.000E+00 0.000E+00
 ETOT  3  -2.3825011008039    -1.102E-08 1.031E-09 5.184E-07 0.000E+00 0.000E+00
 ETOT  4  -2.3825011009801    -1.762E-10 5.769E-11 5.349E-10 0.000E+00 0.000E+00
 ETOT  5  -2.3825011009801    -2.709E-14 4.162E-15 2.209E-12 0.000E+00 0.000E+00
 ETOT  6  -2.3825011009801     9.326E-15 8.983E-17 4.470E-12 0.000E+00 0.000E+00
 ETOT  7  -2.3825011009801    -1.155E-14 1.781E-18 1.711E-15 0.000E+00 0.000E+00

 At SCF step    7       vres2   =  1.71E-15 < tolvrs=  1.00E-13 =>converged.

 Cartesian components of stress tensor (hartree/bohr^3)
  sigma(1 1)= -1.29958651E-02  sigma(3 2)=  0.00000000E+00
  sigma(2 2)= -1.29958651E-02  sigma(3 1)=  0.00000000E+00
  sigma(3 3)= -1.29958651E-02  sigma(2 1)=  0.00000000E+00

================================================================================

 ----iterations are completed or convergence reached----

 Mean square residual over all n,k,spin=   9.2166E-19; max=  1.7809E-18
  -0.1250 -0.1250  0.3750    1  1.78086E-18 kpt; spin; max resid(k); each band:
 1.75E-18 1.78E-18
  -0.3750 -0.3750  0.1250    1  1.34493E-19 kpt; spin; max resid(k); each band:
 1.34E-19 1.92E-20
 reduced coordinates (array xred) for    1 atoms
       0.000000000000      0.000000000000      0.000000000000
 rms dE/dt=  0.0000E+00; max dE/dt=  0.0000E+00; dE/dt below (all hartree)
    1       0.000000000000      0.000000000000      0.000000000000

 cartesian coordinates (angstrom) at end:
    1      0.00000000000000     0.00000000000000     0.00000000000000

 cartesian forces (hartree/bohr) at end:
    1     -0.00000000000000    -0.00000000000000    -0.00000000000000
 frms,max,avg= 0.0000000E+00 0.0000000E+00   0.000E+00  0.000E+00  0.000E+00 h/b

 cartesian forces (eV/Angstrom) at end:
    1     -0.00000000000000    -0.00000000000000    -0.00000000000000
 frms,max,avg= 0.0000000E+00 0.0000000E+00   0.000E+00  0.000E+00  0.000E+00 e/A
 length scales=  4.300000000000  4.300000000000  4.300000000000 bohr
              =  2.275461996937  2.275461996937  2.275461996937 angstroms
 prteigrs : about to open file t12o_DS1_EIG
 Fermi (or HOMO) energy (hartree) =  -0.53691   Average Vxc (hartree)=  -0.35135
 Eigenvalues (hartree) for nkpt=   2  k points:
 kpt#   1, nband=  2, wtk=  0.50000, kpt= -0.1250 -0.1250  0.3750 (reduced coord)
  -0.66348   0.46100
 kpt#   2, nband=  2, wtk=  0.50000, kpt= -0.3750 -0.3750  0.1250 (reduced coord)
  -0.53691   0.40049
 Fermi (or HOMO) energy (eV) = -14.60994   Average Vxc (eV)=  -9.56075
 Eigenvalues (   eV  ) for nkpt=   2  k points:
 kpt#   1, nband=  2, wtk=  0.50000, kpt= -0.1250 -0.1250  0.3750 (reduced coord)
 -18.05411  12.54450
 kpt#   2, nband=  2, wtk=  0.50000, kpt= -0.3750 -0.3750  0.1250 (reduced coord)
 -14.60994  10.89802
 Total charge density [el/Bohr^3]
,     Maximum=    4.7276E-01  at reduced coord.    0.0000    0.0000    0.0000
,Next maximum=    4.0043E-01  at reduced coord.    0.9000    0.9000    0.9000
,     Minimum=    3.5885E-03  at reduced coord.    0.7000    0.5000    0.2000
,Next minimum=    3.5885E-03  at reduced coord.    0.5000    0.7000    0.2000

--------------------------------------------------------------------------------
 Components of total free energy (in Hartree) :

    Kinetic energy  =  1.75417135391269E+00
    Hartree energy  =  3.13751872223248E-01
    XC energy       = -8.54483626651949E-01
    Ewald energy    = -1.69266672070162E+00
    PspCore energy  =  5.60737958968045E-01
    Loc. psp. energy= -2.46401193873053E+00
    NL   psp  energy=  0.00000000000000E+00
    >>>>>>>>> Etotal= -2.38250110098012E+00

 Other information on the energy :
    Total energy(eV)= -6.48311520056427E+01 ; Band energy (Ha)=  -1.2003818969E+00
--------------------------------------------------------------------------------

 Cartesian components of stress tensor (hartree/bohr^3)
  sigma(1 1)= -1.29958651E-02  sigma(3 2)=  0.00000000E+00
  sigma(2 2)= -1.29958651E-02  sigma(3 1)=  0.00000000E+00
  sigma(3 3)= -1.29958651E-02  sigma(2 1)=  0.00000000E+00

-Cartesian components of stress tensor (GPa)         [Pressure=  3.8235E+02 GPa]
- sigma(1 1)= -3.82351488E+02  sigma(3 2)=  0.00000000E+00
- sigma(2 2)= -3.82351488E+02  sigma(3 1)=  0.00000000E+00
- sigma(3 3)= -3.82351488E+02  sigma(2 1)=  0.00000000E+00

== END DATASET(S) ==============================================================
================================================================================
  
 -outvars: echo values of variables after computation  --------
     acell    4.3000000000E+00  4.3000000000E+00  4.3000000000E+00 Bohr
       amu    4.00260200E+00
    diemac    3.00000000E+00
      ecut    6.00000000E+00 Hartree
    enunit         2
    etotal1  -2.3825011010E+00
     fcart1  -0.0000000000E+00 -0.0000000000E+00 -0.0000000000E+00
      iscf         5
    jdtset      1
       kpt   -1.25000000E-01 -1.25000000E-01  3.75000000E-01
             -3.75000000E-01 -3.75000000E-01  1.25000000E-01
   kptrlen    8.60000000E+00
    kptopt         1
  kptrlatt    2  0  2   0  2  2  -2 -2  0
P    mkmem         2
     natom         1
     nband         2
    ndtset         1
     ngfft        10      10      10
      nkpt         2
      nsym        48
    ntypat         1
       occ    2.000000  0.000000
     rprim   -5.0000000000E-01  5.0000000000E-01  5.0000000000E-01
              5.0000000000E-01 -5.0000000000E-01  5.0000000000E-01
              5.0000000000E-01  5.0000000000E-01 -5.0000000000E-01
    shiftk    5.00000000E-01  5.00000000E-01  5.00000000E-01
   spgroup       229
    strten1  -1.2995865109E-02 -1.2995865109E-02 -1.2995865109E-02
              0.0000000000E+00  0.0000000000E+00  0.0000000000E+00
    symrel    1  0  0   0  1  0   0  0  1      -1  0  0   0 -1  0   0  0 -1
             -1 -1 -1   0  0  1   0  1  0       1  1  1   0  0 -1   0 -1  0
              0  1  0   1  0  0  -1 -1 -1       0 -1  0  -1  0  0   1  1  1
              0  0  1  -1 -1 -1   1  0  0       0  0 -1   1  1  1  -1  0  0
              0  1  0   1  0  0   0  0  1       0 -1  0  -1  0  0   0  0 -1
             -1 -1 -1   0  0  1   1  0  0       1  1  1   0  0 -1  -1  0  0
              1  0  0   0  1  0  -1 -1 -1      -1  0  0   0 -1  0   1  1  1
              0  0  1  -1 -1 -1   0  1  0       0  0 -1   1  1  1   0 -1  0
             -1 -1 -1   1  0  0   0  0  1       1  1  1  -1  0  0   0  0 -1
              0  1  0   0  0  1   1  0  0       0 -1  0   0  0 -1  -1  0  0
              1  0  0  -1 -1 -1   0  1  0      -1  0  0   1  1  1   0 -1  0
              0  0  1   0  1  0  -1 -1 -1       0  0 -1   0 -1  0   1  1  1
              1  0  0  -1 -1 -1   0  0  1      -1  0  0   1  1  1   0  0 -1
              0  1  0   0  0  1  -1 -1 -1       0 -1  0   0  0 -1   1  1  1
             -1 -1 -1   1  0  0   0  1  0       1  1  1  -1  0  0   0 -1  0
              0  0  1   0  1  0   1  0  0       0  0 -1   0 -1  0  -1  0  0
              0  1  0  -1 -1 -1   0  0  1       0 -1  0   1  1  1   0  0 -1
              1  0  0   0  0  1  -1 -1 -1      -1  0  0   0  0 -1   1  1  1
             -1 -1 -1   0  1  0   1  0  0       1  1  1   0 -1  0  -1  0  0
              0  0  1   1  0  0   0  1  0       0  0 -1  -1  0  0   0 -1  0
             -1 -1 -1   0  1  0   0  0  1       1  1  1   0 -1  0   0  0 -1
              1  0  0   0  0  1   0  1  0      -1  0  0   0  0 -1   0 -1  0
              0  1  0  -1 -1 -1   1  0  0       0 -1  0   1  1  1  -1  0  0
              0  0  1   1  0  0  -1 -1 -1       0  0 -1  -1  0  0   1  1  1
    tolvrs    1.00000000E-13
     typat    1
       wtk      0.50000    0.50000
     znucl      2.00000

================================================================================

- Total cpu        time (s,m,h):          0.8        0.01      0.000
- Total wall clock time (s,m,h):          0.8        0.01      0.000

- For major independent code sections, cpu and wall times (sec),
- as well as % of the total time and number of calls 

- routine                 cpu     %       wall     %      number of calls 
-                                                          (-1=no count)
- timing timab           0.497  62.5      0.498  62.6             12
- invars2                0.079   9.9      0.078   9.8              1
- pspini                 0.059   7.4      0.059   7.4              1
- abinit(2)              0.022   2.8      0.023   2.9              1
- ewald                  0.010   1.3      0.010   1.3              1
- stress                 0.009   1.1      0.009   1.1              1
- ewald2                 0.009   1.1      0.009   1.1              1
- fourwf(pot)            0.007   0.9      0.003   0.4            147
- forces                 0.005   0.6      0.005   0.6              7
- status                 0.004   0.5      0.003   0.4            386
- vtowfk(ssdiag)         0.000   0.0      0.004   0.5             -1
- 59   others            0.015   1.9      0.012   1.5

- subtotal               0.716  90.1      0.713  89.6

================================================================================

 Calculation completed.
.Delivered    0 WARNINGs and   2 COMMENTs to log file.
+Overall time at end (sec) : cpu=          0.8  wall=          0.8
