
.Version 5.6.3  of ANADDB 
.(sequential version, prepared for a x86_64_linux_gcc4.3 computer) 

.Copyright (C) 1998-2008 ABINIT group . 
 ANADDB comes with ABSOLUTELY NO WARRANTY.
 It is free software, and you are welcome to redistribute it
 under certain conditions (GNU General Public License,
 see ~abinit/COPYING or http://www.gnu.org/copyleft/gpl.txt).

 ABINIT is a project of the Universite Catholique de Louvain,
 Corning Inc. and other collaborators, see ~abinit/doc/developers/contributors.txt .
 Please read ~abinit/doc/users/acknowledgments.html for suggested
 acknowledgments of the ABINIT effort.
 For more information, see http://www.abinit.org .

.Starting date : Thu  6 Nov 2008.
  

================================================================================

 -outvars9: echo values of input variables ----------------------

 Miscellaneous information :
      chneut         1
 First list of wavevector (reduced coord.) :
       nph1l         2
       qph1l
                     0.00000000E+00  0.00000000E+00  0.00000000E+00    1.000E+00
                     5.00000000E-01  0.00000000E+00  0.00000000E+00    1.000E+00
 Second list of wavevector (cart. coord.) :
       nph2l         1
       qph2l
                     0.00000000E+00  0.00000000E+00  1.00000000E+00    0.000E+00

================================================================================

 read the DDB information and perform some checks

-begin at tcpu      0.021  and twall      0.021 sec

 Real(R)+Recip(G) space primitive vectors, cartesian coordinates (Bohr,Bohr^-1):
 R(1)=  7.5589000  0.0000000  0.0000000  G(1)=  0.1322944  0.0000000  0.0000000
 R(2)=  0.0000000  7.5589000  0.0000000  G(2)=  0.0000000  0.1322944  0.0000000
 R(3)=  0.0000000  0.0000000  7.5589000  G(3)=  0.0000000  0.0000000  0.1322944
 Unit cell volume ucvol=  4.3189264E+02 bohr^3
 Angles (23,13,12)=  9.00000000E+01  9.00000000E+01  9.00000000E+01 degrees
 Now the whole DDB is in central memory

================================================================================

 Dielectric Tensor and Effective Charges

-begin at tcpu      0.032  and twall      0.032 sec

 anaddb : Zero the imaginary part of the Dynamical Matrix at Gamma,
   and impose the ASR on the effective charges

 The violation of the charge neutrality conditions
 by the effective charges is as follows :
    atom        electric field
 displacement     direction
       1               1        0.012174        0.000000
       1               2        0.000000        0.000000
       1               3        0.000000        0.000000
       2               1        0.000000        0.000000
       2               2        0.012174        0.000000
       2               3        0.000000        0.000000
       3               1        0.000000        0.000000
       3               2        0.000000        0.000000
       3               3        0.012174        0.000000

 Effective charge tensors after
 imposition of the charge neutrality,
 and eventual restriction to some part :
   atom    displacement
         1         1    2.736512E+00   -4.490613E-11   -9.745152E-12
         1         2   -9.745152E-12    2.736512E+00   -4.490613E-11
         1         3   -4.490613E-11   -9.745152E-12    2.736512E+00
         2         1    7.320903E+00   -2.758278E-10    8.224982E-10
         2         2    8.224982E-10    7.320903E+00   -2.758278E-10
         2         3   -2.758278E-10    8.224982E-10    7.320903E+00
         3         1   -2.137886E+00   -1.926802E-10   -3.709077E-10
         3         2   -6.087897E-11   -2.137886E+00    2.018022E-10
         3         3    3.116119E-10   -3.809664E-10   -5.781644E+00
         4         1   -2.137886E+00    2.018022E-10   -6.087897E-11
         4         2   -3.809664E-10   -5.781644E+00    3.116119E-10
         4         3   -1.926802E-10   -3.709077E-10   -2.137886E+00
         5         1   -5.781644E+00    3.116119E-10   -3.809664E-10
         5         2   -3.709077E-10   -2.137886E+00   -1.926802E-10
         5         3    2.018022E-10   -6.087897E-11   -2.137886E+00
 Now, the imaginary part of the dynamical matrix is zeroed

================================================================================

 Treat the first list of vectors

-begin at tcpu      0.033  and twall      0.032 sec
 
  Phonon wavevector (reduced coordinates) :  0.00000  0.00000  0.00000
 Phonon energies in Hartree :
  -7.122547E-04 -7.122547E-04 -7.122546E-04  4.587048E-04  4.587048E-04
   4.587049E-04  1.198151E-03  1.198151E-03  1.198151E-03  1.770885E-03
   1.770885E-03  1.770885E-03  2.388361E-03  2.388361E-03  2.388361E-03
 Phonon frequencies in cm-1    :
- -1.563218E+02 -1.563218E+02 -1.563218E+02  1.006741E+02  1.006741E+02
-  1.006741E+02  2.629638E+02  2.629638E+02  2.629638E+02  3.886643E+02
-  3.886644E+02  3.886644E+02  5.241847E+02  5.241847E+02  5.241847E+02

 Analysis of degeneracies and characters (maximum tolerance=1.00E-06 a.u.)
 Symmetry characters of vibration mode #   1
       degenerate with vibration modes #   2 to    3
  3.0  0.0  0.0  1.0  1.0  1.0  1.0  0.0  0.0 -1.0  1.0  1.0  1.0  0.0 -0.0  1.0
  1.0 -1.0  1.0 -0.0  0.0  1.0 -1.0  1.0 -3.0 -0.0 -0.0 -1.0 -1.0 -1.0 -1.0 -0.0
  0.0  1.0 -1.0 -1.0 -1.0 -0.0  0.0 -1.0 -1.0  1.0 -1.0  0.0 -0.0 -1.0  1.0 -1.0
 Symmetry characters of vibration mode #   4
       degenerate with vibration modes #   5 to    6
  3.0 -0.0 -0.0  1.0  1.0  1.0  1.0 -0.0 -0.0 -1.0  1.0  1.0  1.0 -0.0  0.0  1.0
  1.0 -1.0  1.0  0.0 -0.0  1.0 -1.0  1.0 -3.0  0.0  0.0 -1.0 -1.0 -1.0 -1.0  0.0
  0.0  1.0 -1.0 -1.0 -1.0  0.0 -0.0 -1.0 -1.0  1.0 -1.0 -0.0  0.0 -1.0  1.0 -1.0
 Symmetry characters of vibration mode #   7
       degenerate with vibration modes #   8 to    9
  3.0 -0.0 -0.0  1.0  1.0  1.0  1.0  0.0 -0.0 -1.0  1.0  1.0  1.0 -0.0 -0.0  1.0
  1.0 -1.0  1.0 -0.0  0.0  1.0 -1.0  1.0 -3.0  0.0  0.0 -1.0 -1.0 -1.0 -1.0 -0.0
  0.0  1.0 -1.0 -1.0 -1.0  0.0  0.0 -1.0 -1.0  1.0 -1.0  0.0 -0.0 -1.0  1.0 -1.0
 Symmetry characters of vibration mode #  10
       degenerate with vibration modes #  11 to   12
  3.0  0.0 -0.0 -1.0 -1.0 -1.0  1.0 -0.0  0.0  1.0 -1.0 -1.0  1.0  0.0  0.0 -1.0
 -1.0  1.0  1.0  0.0 -0.0 -1.0  1.0 -1.0 -3.0 -0.0  0.0  1.0  1.0  1.0 -1.0  0.0
 -0.0 -1.0  1.0  1.0 -1.0 -0.0 -0.0  1.0  1.0 -1.0 -1.0 -0.0  0.0  1.0 -1.0  1.0
 Symmetry characters of vibration mode #  13
       degenerate with vibration modes #  14 to   15
  3.0  0.0  0.0  1.0  1.0  1.0  1.0  0.0  0.0 -1.0  1.0  1.0  1.0 -0.0  0.0  1.0
  1.0 -1.0  1.0  0.0  0.0  1.0 -1.0  1.0 -3.0 -0.0 -0.0 -1.0 -1.0 -1.0 -1.0 -0.0
  0.0  1.0 -1.0 -1.0 -1.0  0.0 -0.0 -1.0 -1.0  1.0 -1.0 -0.0 -0.0 -1.0  1.0 -1.0
 
  Phonon wavevector (reduced coordinates) :  0.50000  0.00000  0.00000
 Phonon energies in Hartree :
  -6.446986E-04 -6.446985E-04  4.738682E-04  4.738682E-04  6.743256E-04
   1.416645E-03  1.422729E-03  1.422729E-03  1.909368E-03  1.937747E-03
   1.937747E-03  2.262380E-03  2.262380E-03  2.540852E-03  3.103276E-03
 Phonon frequencies in cm-1    :
- -1.414950E+02 -1.414950E+02  1.040020E+02  1.040020E+02  1.479974E+02
-  3.109176E+02  3.122528E+02  3.122528E+02  4.190579E+02  4.252863E+02
-  4.252863E+02  4.965350E+02  4.965350E+02  5.576526E+02  6.810903E+02

================================================================================

 Treat the second list of vectors

-begin at tcpu      0.034  and twall      0.034 sec
 
  Phonon at Gamma, with non-analyticity in the
  direction (cartesian coordinates)  0.00000  0.00000  1.00000
 Phonon energies in Hartree :
  -7.122547E-04 -7.122546E-04  4.182628E-04  4.587048E-04  4.587049E-04
   9.104423E-04  1.198151E-03  1.198151E-03  1.770885E-03  1.770885E-03
   1.770885E-03  2.336396E-03  2.388361E-03  2.388361E-03  3.074223E-03
 Phonon frequencies in cm-1    :
- -1.563218E+02 -1.563218E+02  9.179807E+01  1.006741E+02  1.006741E+02
-  1.998190E+02  2.629638E+02  2.629638E+02  3.886643E+02  3.886644E+02
-  3.886644E+02  5.127796E+02  5.241847E+02  5.241847E+02  6.747139E+02

================================================================================

+Total cpu time      0.035  and wall time      0.034 sec

 anaddb : the run completed succesfully.
