
.Version 5.6.3  of ABINIT 
.(sequential version, prepared for a x86_64_linux_gcc4.3 computer) 

.Copyright (C) 1998-2008 ABINIT group . 
 ABINIT comes with ABSOLUTELY NO WARRANTY.
 It is free software, and you are welcome to redistribute it
 under certain conditions (GNU General Public License,
 see ~abinit/COPYING or http://www.gnu.org/copyleft/gpl.txt).

 ABINIT is a project of the Universite Catholique de Louvain,
 Corning Inc. and other collaborators, see ~abinit/doc/developers/contributors.txt .
 Please read ~abinit/doc/users/acknowledgments.html for suggested
 acknowledgments of the ABINIT effort.
 For more information, see http://www.abinit.org .

.Starting date : Thu  6 Nov 2008.
  
- input  file    -> /home/gonze/ABINIT/ABINITv5.6.3/test_gcc43/5.6.3-private/tests/v2/Input/t57.in
- output file    -> t57.out
- root for input  files -> t57i
- root for output files -> t57o


 DATASET    1 : space group Pm m 2 (# 25); Bravais oP (primitive ortho.)
================================================================================
 Values of the parameters that define the memory need for DATASET  1.
   intxc =         1  ionmov =         0    iscf =         3 xclevel =         1
  lmnmax =         1   lnmax =         1   mband =         3  mffmem =         1
P  mgfft =        24   mkmem =         1 mpssoang=         1     mpw =       702
  mqgrid =      3001   natom =         1    nfft =     13824    nkpt =         1
  nloalg =         4  nspden =         1 nspinor =         1  nsppol =         1
    nsym =         4  n1xccc =         0  ntypat =         1  occopt =         1
================================================================================
P This job should need less than                       3.080 Mbytes of memory.
  Rough estimation (10% accuracy) of disk space for files :
  WF disk file :      0.034 Mbytes ; DEN or POT disk file :      0.107 Mbytes.
================================================================================


 DATASET    2 : space group Pm m 2 (# 25); Bravais oP (primitive ortho.)
================================================================================
 Values of the parameters that define the memory need for DATASET  2.
   intxc =         1  ionmov =         0    iscf =        -2 xclevel =         1
  lmnmax =         1   lnmax =         1   mband =        10  mffmem =         1
P  mgfft =        24   mkmem =         1 mpssoang=         1     mpw =       702
  mqgrid =      3001   natom =         1    nfft =     13824    nkpt =         1
  nloalg =         4  nspden =         1 nspinor =         1  nsppol =         1
    nsym =         4  n1xccc =         0  ntypat =         1  occopt =         1
================================================================================
P This job should need less than                       2.737 Mbytes of memory.
  Rough estimation (10% accuracy) of disk space for files :
  WF disk file :      0.109 Mbytes ; DEN or POT disk file :      0.107 Mbytes.
================================================================================


 DATASET    3 : space group Pm m 2 (# 25); Bravais oP (primitive ortho.)
================================================================================
 Values of the parameters that define the memory need for DATASET  3.
   intxc =         1  ionmov =         0    iscf =         5 xclevel =         1
  lmnmax =         1   lnmax =         1   mband =        10  mffmem =         1
P  mgfft =        24   mkmem =         1 mpssoang=         1     mpw =       702
  mqgrid =      3001   natom =         1    nfft =     13824    nkpt =         1
  nloalg =         4  nspden =         1 nspinor =         1  nsppol =         1
    nsym =         4  n1xccc =         0  ntypat =         1  occopt =         1
================================================================================
P This job should need less than                       3.792 Mbytes of memory.
  Rough estimation (10% accuracy) of disk space for files :
  WF disk file :      0.109 Mbytes ; DEN or POT disk file :      0.107 Mbytes.
================================================================================

 -outvars: echo values of preprocessed input variables --------
     acell    1.0000000000E+01  1.0000000000E+01  1.0000000000E+01 Bohr
       amu    4.00260200E+00
    diecut1   2.20000000E+00 Hartree
    diecut2   2.20000000E+00 Hartree
    diecut3   1.80000000E+00 Hartree
    diegap1   1.00000000E-01 Hartree
    diegap2   1.00000000E-01 Hartree
    diegap3   0.00000000E+00 Hartree
    dielam1   5.00000000E-01
    dielam2   5.00000000E-01
    dielam3   1.00000000E+00
      ecut    6.00000000E+00 Hartree
    enunit         2
    getden1        0
    getden2        1
    getden3        1
    getwfk1        0
    getwfk2        1
    getwfk3        2
     ikhxc1        0
     ikhxc2        0
     ikhxc3        1
     intxc         1
      iscf1        3
      iscf2       -2
      iscf3        5
    istatr         9
    jdtset      1    2    3
       kpt    2.50000000E-01  2.50000000E-01  2.50000000E-01
P    mkmem         1
     natom         1
     nband1        3
     nband2       10
     nband3       10
    nbdbuf1        0
    nbdbuf2        2
    nbdbuf3        0
    ndtset         3
  nfreqsus1        1
  nfreqsus2        0
  nfreqsus3       16
     ngfft        24      24      24
      nkpt         1
     nstep1       35
     nstep2       35
     nstep3       30
      nsym         4
    ntypat         1
       occ1   2.000000  0.000000  0.000000
       occ3   2.000000  0.000000  0.000000  0.000000  0.000000  0.000000
              0.000000  0.000000  0.000000  0.000000
 optdriver1        0
 optdriver2        0
 optdriver3        2
    prtden1        1
    prtden2        2
    prtden3        1
    prtvol         1
   spgroup        25
    symrel    1  0  0   0  1  0   0  0  1       1  0  0   0  1  0   0  0 -1
              1  0  0   0 -1  0   0  0  1       1  0  0   0 -1  0   0  0 -1
    tolwfr1   1.00000000E-16
    tolwfr2   1.00000000E-04
    tolwfr3   0.00000000E+00
     typat    1
     znucl      2.00000

================================================================================

 chkinp: Checking input parameters for consistency, jdtset= 1.

 chkinp: Checking input parameters for consistency, jdtset= 2.

 chkinp: Checking input parameters for consistency, jdtset= 3.

================================================================================
== DATASET  1 ==================================================================

 Real(R)+Recip(G) space primitive vectors, cartesian coordinates (Bohr,Bohr^-1):
 R(1)= 10.0000000  0.0000000  0.0000000  G(1)=  0.1000000  0.0000000  0.0000000
 R(2)=  0.0000000 10.0000000  0.0000000  G(2)=  0.0000000  0.1000000  0.0000000
 R(3)=  0.0000000  0.0000000 10.0000000  G(3)=  0.0000000  0.0000000  0.1000000
 Unit cell volume ucvol=  1.0000000E+03 bohr^3
 Angles (23,13,12)=  9.00000000E+01  9.00000000E+01  9.00000000E+01 degrees

 getcut: wavevector=  0.0000  0.0000  0.0000  ngfft=  24  24  24
         ecut(hartree)=      6.000   => boxcut(ratio)=   2.17656

--- Pseudopotential description ------------------------------------------------
- pspini: atom type   1  psp file is /home/gonze/ABINIT/ABINITv5.6.3/test_gcc43/5.6.3-private/tests/Psps_for_tests/2he_ca_30t.psp
- pspatm: opening atomic psp file    /home/gonze/ABINIT/ABINITv5.6.3/test_gcc43/5.6.3-private/tests/Psps_for_tests/2he_ca_30t.psp
 Helium, fhi98PP : TM-type, LDA, l=0 local
   2.00000   2.00000       211                znucl, zion, pspdat
    6    1    0    0       415   0.00000      pspcod,pspxc,lmax,lloc,mmax,r2well
  No XC core correction.
  1.024700          amesh (Hamman grid)
 Note: local psp for atom with Z=  2.0
 pspatm: epsatm=   11.14564823
         --- l  ekb(1:nproj) -->
 pspatm: atomic psp has been read  and splines computed

   2.22912965E+01                                ecore*ucvol(ha*bohr**3)
--------------------------------------------------------------------------------

P newkpt: treating      3 bands with npw=     702 for ikpt=   1

 setup2: Arith. and geom. avg. npw (full set) are     702.000     702.000

================================================================================

     iter   Etot(hartree)      deltaE(h)  residm     vres2    diffor    maxfor
 ETOT  1  -2.5250874283336    -2.525E+00 1.272E-04 2.017E+01 0.000E+00 0.000E+00
 ETOT  2  -2.5284633347065    -3.376E-03 1.545E-05 5.403E+00 0.000E+00 0.000E+00
 ETOT  3  -2.5285281416670    -6.481E-05 1.249E-06 1.954E+00 0.000E+00 0.000E+00
 ETOT  4  -2.5285588061457    -3.066E-05 1.779E-06 1.161E-01 0.000E+00 0.000E+00
 ETOT  5  -2.5285598205329    -1.014E-06 6.408E-08 1.783E-02 0.000E+00 0.000E+00
 ETOT  6  -2.5285597795173     4.102E-08 5.842E-09 1.724E-03 0.000E+00 0.000E+00
 ETOT  7  -2.5285598043584    -2.484E-08 6.461E-10 4.358E-04 0.000E+00 0.000E+00
 ETOT  8  -2.5285598211770    -1.682E-08 4.706E-10 1.993E-04 0.000E+00 0.000E+00
 ETOT  9  -2.5285598249074    -3.730E-09 9.687E-11 8.661E-05 0.000E+00 0.000E+00
 ETOT 10  -2.5285598256139    -7.065E-10 4.158E-11 2.150E-05 0.000E+00 0.000E+00
 ETOT 11  -2.5285598256051     8.759E-12 5.367E-12 3.155E-06 0.000E+00 0.000E+00
 ETOT 12  -2.5285598256086    -3.502E-12 3.943E-13 3.373E-07 0.000E+00 0.000E+00
 ETOT 13  -2.5285598256181    -9.523E-12 1.573E-13 1.294E-07 0.000E+00 0.000E+00
 ETOT 14  -2.5285598256215    -3.380E-12 7.977E-14 6.110E-08 0.000E+00 0.000E+00
 ETOT 15  -2.5285598256222    -6.533E-13 2.180E-14 2.408E-08 0.000E+00 0.000E+00
 ETOT 16  -2.5285598256224    -2.101E-13 1.001E-14 4.514E-09 0.000E+00 0.000E+00
 ETOT 17  -2.5285598256222     1.927E-13 8.923E-16 5.390E-10 0.000E+00 0.000E+00
 ETOT 18  -2.5285598256223    -5.951E-14 5.527E-16 9.108E-11 0.000E+00 0.000E+00
 ETOT 19  -2.5285598256224    -1.190E-13 6.308E-17 4.250E-11 0.000E+00 0.000E+00

 At SCF step   19   max residual=  6.31E-17 < tolwfr=  1.00E-16 =>converged.

 Cartesian components of stress tensor (hartree/bohr^3)
  sigma(1 1)=  2.65246301E-05  sigma(3 2)=  0.00000000E+00
  sigma(2 2)=  2.65246300E-05  sigma(3 1)=  0.00000000E+00
  sigma(3 3)=  2.65246301E-05  sigma(2 1)=  0.00000000E+00


 scfcv: beyond-RPA short-range correlation energy in LSDA ---
  LSD-RPA+ correlation energy= 3.5833315255E-02 hartree


 scfcv: Hartree energy with real-space cutoff for Coulomb interaction ---
   Cutoff radius=   5.00000000E+00 bohr
  Hartree energy=   1.63099593E+00 hartree

================================================================================

 ----iterations are completed or convergence reached----

 Mean square residual over all n,k,spin=   4.1402E-17; max=  6.3084E-17
   0.2500  0.2500  0.2500    1  6.30843E-17 kpt; spin; max resid(k); each band:
 6.31E-17 5.32E-17 7.91E-18
 reduced coordinates (array xred) for    1 atoms
       0.000000000000      0.000000000000      0.000000000000
 rms dE/dt=  4.7014E-09; max dE/dt=  8.1431E-09; dE/dt below (all hartree)
    1       0.000000008143      0.000000000000      0.000000000000

 cartesian coordinates (angstrom) at end:
    1      0.00000000000000     0.00000000000000     0.00000000000000

 cartesian forces (hartree/bohr) at end:
    1      0.00000000000000    -0.00000000000000    -0.00000000000000
 frms,max,avg= 0.0000000E+00 0.0000000E+00  -8.143E-10  0.000E+00  0.000E+00 h/b

 cartesian forces (eV/Angstrom) at end:
    1      0.00000000000000    -0.00000000000000    -0.00000000000000
 frms,max,avg= 0.0000000E+00 0.0000000E+00  -4.187E-08  0.000E+00  0.000E+00 e/A
 length scales= 10.000000000000 10.000000000000 10.000000000000 bohr
              =  5.291772085900  5.291772085900  5.291772085900 angstroms
 prteigrs : about to open file t57o_DS1_EIG
 Fermi (or HOMO) energy (hartree) =  -0.57638   Average Vxc (hartree)=  -0.04628
 Eigenvalues (hartree) for nkpt=   1  k points:
 kpt#   1, nband=  3, wtk=  1.00000, kpt=  0.2500  0.2500  0.2500 (reduced coord)
  -0.57638   0.02023   0.09791
 Fermi (or HOMO) energy (eV) = -15.68401   Average Vxc (eV)=  -1.25924
 Eigenvalues (   eV  ) for nkpt=   1  k points:
 kpt#   1, nband=  3, wtk=  1.00000, kpt=  0.2500  0.2500  0.2500 (reduced coord)
 -15.68401   0.55058   2.66430
 Total charge density [el/Bohr^3]
,     Maximum=    4.2810E-01  at reduced coord.    0.0000    0.0000    0.0000
,Next maximum=    3.4980E-01  at reduced coord.    0.9583    0.0000    0.0000
,     Minimum=    1.7637E-08  at reduced coord.    0.5000    0.2083    0.2083
,Next minimum=    1.7637E-08  at reduced coord.    0.2083    0.5000    0.2083

--------------------------------------------------------------------------------
 Components of total free energy (in Hartree) :

    Kinetic energy  =  1.55562361987793E+00
    Hartree energy  =  1.07705916433974E+00
    XC energy       = -8.00021571012165E-01
    Ewald energy    = -5.67459495896131E-01
    PspCore energy  =  2.22912964518362E-02
    Loc. psp. energy= -3.81605283938358E+00
    NL   psp  energy=  0.00000000000000E+00
    >>>>>>>>> Etotal= -2.52855982562237E+00

 Other information on the energy :
    Total energy(eV)= -6.88056120279850E+01 ; Band energy (Ha)=  -1.1527534659E+00
--------------------------------------------------------------------------------

 Cartesian components of stress tensor (hartree/bohr^3)
  sigma(1 1)=  2.65246301E-05  sigma(3 2)=  0.00000000E+00
  sigma(2 2)=  2.65246300E-05  sigma(3 1)=  0.00000000E+00
  sigma(3 3)=  2.65246301E-05  sigma(2 1)=  0.00000000E+00

-Cartesian components of stress tensor (GPa)         [Pressure= -7.8038E-01 GPa]
- sigma(1 1)=  7.80381428E-01  sigma(3 2)=  0.00000000E+00
- sigma(2 2)=  7.80381425E-01  sigma(3 1)=  0.00000000E+00
- sigma(3 3)=  7.80381428E-01  sigma(2 1)=  0.00000000E+00

================================================================================
== DATASET  2 ==================================================================

 mkfilename : getwfk/=0, take file _WFK from output of DATASET   1.

 mkfilename : getden/=0, take file _DEN from output of DATASET   1.

 Real(R)+Recip(G) space primitive vectors, cartesian coordinates (Bohr,Bohr^-1):
 R(1)= 10.0000000  0.0000000  0.0000000  G(1)=  0.1000000  0.0000000  0.0000000
 R(2)=  0.0000000 10.0000000  0.0000000  G(2)=  0.0000000  0.1000000  0.0000000
 R(3)=  0.0000000  0.0000000 10.0000000  G(3)=  0.0000000  0.0000000  0.1000000
 Unit cell volume ucvol=  1.0000000E+03 bohr^3
 Angles (23,13,12)=  9.00000000E+01  9.00000000E+01  9.00000000E+01 degrees

 getcut: wavevector=  0.0000  0.0000  0.0000  ngfft=  24  24  24
         ecut(hartree)=      6.000   => boxcut(ratio)=   2.17656
--------------------------------------------------------------------------------

-inwffil : will read wavefunctions from disk file t57o_DS1_WFK
P newkpt: treating     10 bands with npw=     702 for ikpt=   1


================================================================================
 prteigrs : about to open file t57o_DS2_EIG
 Non-SCF case, kpt    1 (  0.25000  0.25000  0.25000), residuals and eigenvalues=
  3.21E-16  1.36E-15  2.42E-15  4.38E-05  4.47E-05  4.77E-05  3.65E-05  1.91E-05
  4.76E-05  3.40E-05
 -5.7638E-01  2.0233E-02  9.7911E-02  9.8069E-02  1.4014E-01  1.9858E-01
  1.9862E-01  2.1253E-01  2.9020E-01  2.9242E-01
================================================================================

 ----iterations are completed or convergence reached----

 Mean square residual over all n,k,spin=   2.7340E-05; max=  4.7682E-05
   0.2500  0.2500  0.2500    1  4.76822E-05 kpt; spin; max resid(k); each band:
 3.21E-16 1.36E-15 2.42E-15 4.38E-05 4.47E-05 4.77E-05 3.65E-05 1.91E-05
 4.76E-05 3.40E-05
 reduced coordinates (array xred) for    1 atoms
       0.000000000000      0.000000000000      0.000000000000

 cartesian coordinates (angstrom) at end:
    1      0.00000000000000     0.00000000000000     0.00000000000000
 length scales= 10.000000000000 10.000000000000 10.000000000000 bohr
              =  5.291772085900  5.291772085900  5.291772085900 angstroms
 prteigrs : about to open file t57o_DS2_EIG
 Eigenvalues (hartree) for nkpt=   1  k points:
 kpt#   1, nband= 10, wtk=  1.00000, kpt=  0.2500  0.2500  0.2500 (reduced coord)
  -0.57638   0.02023   0.09791   0.09807   0.14014   0.19858   0.19862   0.21253
   0.29020   0.29242
 Eigenvalues (   eV  ) for nkpt=   1  k points:
 kpt#   1, nband= 10, wtk=  1.00000, kpt=  0.2500  0.2500  0.2500 (reduced coord)
 -15.68400   0.55058   2.66430   2.66861   3.81349   5.40359   5.40466   5.78315
   7.89681   7.95723
 Total charge density [el/Bohr^3]
,     Maximum=    4.2810E-01  at reduced coord.    0.0000    0.0000    0.0000
,Next maximum=    3.4980E-01  at reduced coord.    0.9583    0.0000    0.0000
,     Minimum=    1.7637E-08  at reduced coord.    0.5000    0.2083    0.2083
,Next minimum=    1.7637E-08  at reduced coord.    0.2083    0.5000    0.2083

================================================================================
== DATASET  3 ==================================================================

 mkfilename : getwfk/=0, take file _WFK from output of DATASET   2.

 mkfilename : getden/=0, take file _DEN from output of DATASET   1.

 inwffil : will read wavefunctions from disk file t57o_DS2_WFK
 inwffil3: treating     10 bands with npw=     702 for ikpt=   1


 xcacfd: check on dynamical susceptibility for imaginary frequencies -----------
  Number of planewaves in the susceptibility matrices          :             123
  Number of bands used for the susceptibility matrices         :              10
  Number of imaginary frequencies                              :              16
  Min. frequency (Ha)                                          :  1.00000000E+00
  Max. frequency (Ha)                                          :  1.60000000E+01
  Coulomb cut-off radius (bohr)                                :  5.00000000E+00
  Number of points used for coupling-constant int. (excl. 0, 1):               3
  Dyson equation solved as a linear system.
  Average Kohn-Sham polarizability at min. frequency (1/bohr^3):  1.00778555E+00
  Average Kohn-Sham polarizability at max. frequency (1/bohr^3):  6.65941150E-03
  Average       RPA polarizability at min. frequency (1/bohr^3):  8.69660260E-01
  Average       RPA polarizability at max. frequency (1/bohr^3):  6.65209129E-03
  Kohn-Sham exchange energy from density matrix (Ha)           : -7.56548201E-01
. ACFD Kohn-Sham exchange energy (Ha)                          : -3.42650374E-01
. ACFD-RPA correlation energy (Ha)                             : -6.54050525E-03

== END DATASET(S) ==============================================================
================================================================================
  
 -outvars: echo values of variables after computation  --------
     acell    1.0000000000E+01  1.0000000000E+01  1.0000000000E+01 Bohr
       amu    4.00260200E+00
    diecut1   2.20000000E+00 Hartree
    diecut2   2.20000000E+00 Hartree
    diecut3   1.80000000E+00 Hartree
    diegap1   1.00000000E-01 Hartree
    diegap2   1.00000000E-01 Hartree
    diegap3   0.00000000E+00 Hartree
    dielam1   5.00000000E-01
    dielam2   5.00000000E-01
    dielam3   1.00000000E+00
      ecut    6.00000000E+00 Hartree
    enunit         2
    etotal1  -2.5285598256E+00
    etotal3   0.0000000000E+00
     fcart1   0.0000000000E+00 -0.0000000000E+00 -0.0000000000E+00
     fcart3   0.0000000000E+00  0.0000000000E+00  0.0000000000E+00
    getden1        0
    getden2        1
    getden3        1
    getwfk1        0
    getwfk2        1
    getwfk3        2
     ikhxc1        0
     ikhxc2        0
     ikhxc3        1
     intxc         1
      iscf1        3
      iscf2       -2
      iscf3        5
    istatr         9
    jdtset      1    2    3
       kpt    2.50000000E-01  2.50000000E-01  2.50000000E-01
P    mkmem         1
     natom         1
     nband1        3
     nband2       10
     nband3       10
    nbdbuf1        0
    nbdbuf2        2
    nbdbuf3        0
    ndtset         3
  nfreqsus1        1
  nfreqsus2        0
  nfreqsus3       16
     ngfft        24      24      24
      nkpt         1
     nstep1       35
     nstep2       35
     nstep3       30
      nsym         4
    ntypat         1
       occ1   2.000000  0.000000  0.000000
       occ3   2.000000  0.000000  0.000000  0.000000  0.000000  0.000000
              0.000000  0.000000  0.000000  0.000000
 optdriver1        0
 optdriver2        0
 optdriver3        2
    prtden1        1
    prtden2        2
    prtden3        1
    prtvol         1
   spgroup        25
    strten1   2.6524630077E-05  2.6524629974E-05  2.6524630075E-05
              0.0000000000E+00  0.0000000000E+00  0.0000000000E+00
    strten3   0.0000000000E+00  0.0000000000E+00  0.0000000000E+00
              0.0000000000E+00  0.0000000000E+00  0.0000000000E+00
    symrel    1  0  0   0  1  0   0  0  1       1  0  0   0  1  0   0  0 -1
              1  0  0   0 -1  0   0  0  1       1  0  0   0 -1  0   0  0 -1
    tolwfr1   1.00000000E-16
    tolwfr2   1.00000000E-04
    tolwfr3   0.00000000E+00
     typat    1
     znucl      2.00000

================================================================================

- Total cpu        time (s,m,h):          2.5        0.04      0.001
- Total wall clock time (s,m,h):          2.5        0.04      0.001

- For major independent code sections, cpu and wall times (sec),
- as well as % of the total time and number of calls 

- routine                 cpu     %       wall     %      number of calls 
-                                                          (-1=no count)
- dieltcel               0.758  30.8      0.752  30.5             16
- timing timab           0.341  13.8      0.341  13.8             11
- invars2                0.255  10.3      0.255  10.3              3
- fourwf(pot)            0.253  10.3      0.259  10.5            356
- fourdp                 0.091   3.7      0.087   3.5            225
- xc:pot/=fourdp         0.087   3.5      0.086   3.5             23
- symrhg(no FFT)         0.073   3.0      0.073   3.0             35
- abinit(2)              0.072   2.9      0.072   2.9              1
- pspini                 0.059   2.4      0.059   2.4              2
- forces                 0.029   1.2      0.029   1.2             19
- fourwf(G->r)           0.025   1.0      0.017   0.7            161
- fourwf(r->G)           0.019   0.8      0.032   1.3            305
- projbd                 0.016   0.6      0.014   0.6            526
- status                 0.009   0.4      0.013   0.5            690
- 56   others            0.074   3.0      0.066   2.7

- subtotal               2.161  87.7      2.155  87.5

================================================================================

 Calculation completed.
.Delivered    2 WARNINGs and   3 COMMENTs to log file.
+Overall time at end (sec) : cpu=          2.5  wall=          2.5
