
.Version 5.6.3  of ABINIT 
.(sequential version, prepared for a x86_64_linux_gcc4.3 computer) 

.Copyright (C) 1998-2008 ABINIT group . 
 ABINIT comes with ABSOLUTELY NO WARRANTY.
 It is free software, and you are welcome to redistribute it
 under certain conditions (GNU General Public License,
 see ~abinit/COPYING or http://www.gnu.org/copyleft/gpl.txt).

 ABINIT is a project of the Universite Catholique de Louvain,
 Corning Inc. and other collaborators, see ~abinit/doc/developers/contributors.txt .
 Please read ~abinit/doc/users/acknowledgments.html for suggested
 acknowledgments of the ABINIT effort.
 For more information, see http://www.abinit.org .

.Starting date : Thu  6 Nov 2008.
  
- input  file    -> /home/gonze/ABINIT/ABINITv5.6.3/test_gcc43/5.6.3-private/tests/v2/Input/t97.in
- output file    -> t97.out
- root for input  files -> t97i
- root for output files -> t97o


 DATASET    1 : the unit cell is not primitive
================================================================================
 Values of the parameters that define the memory need for DATASET  1.
   intxc =         0  ionmov =         0    iscf =         5 xclevel =         1
  lmnmax =         1   lnmax =         1   mband =        12  mffmem =         1
P  mgfft =        24   mkmem =         3 mpssoang=         2     mpw =       171
  mqgrid =      3001   natom =         2    nfft =      3456    nkpt =         3
  nloalg =         4  nspden =         1 nspinor =         1  nsppol =         1
    nsym =        32  n1xccc =      2501  ntypat =         1  occopt =         7
================================================================================
P This job should need less than                       2.192 Mbytes of memory.
  Rough estimation (10% accuracy) of disk space for files :
  WF disk file :      0.096 Mbytes ; DEN or POT disk file :      0.028 Mbytes.
================================================================================


 DATASET    2 : space group Pm m a (# 51); Bravais oP (primitive ortho.)
================================================================================
 Values of the parameters that define the memory need for DATASET  2.
   intxc =         0  ionmov =         0    iscf =         5 xclevel =         1
  lmnmax =         1   lnmax =         1   mband =        12  mffmem =         1
P  mgfft =        24   mkmem =         4 mpssoang=         2     mpw =       171
  mqgrid =      3001   natom =         2    nfft =      3456    nkpt =         4
  nloalg =         4  nspden =         1 nspinor =         1  nsppol =         1
    nsym =         8  n1xccc =      2501  ntypat =         1  occopt =         7
================================================================================
P This job should need less than                       2.227 Mbytes of memory.
  Rough estimation (10% accuracy) of disk space for files :
  WF disk file :      0.127 Mbytes ; DEN or POT disk file :      0.028 Mbytes.
================================================================================

 -outvars: echo values of preprocessed input variables --------
     acell    9.8000000000E+00  4.9000000000E+00  4.9000000000E+00 Bohr
       amu    6.94100000E+00
   dilatmx    1.10000000E+00
      ecut    5.00000000E+00 Hartree
    ecutsm    1.00000000E+00 Hartree
    getwfk1        0
    getwfk2        1
      iscf         5
    jdtset      1    2
       kpt1   2.50000000E-01  1.25000000E-01  1.25000000E-01
              2.50000000E-01  3.75000000E-01  1.25000000E-01
              2.50000000E-01  3.75000000E-01  3.75000000E-01
       kpt2   2.50000000E-01  1.25000000E-01  1.25000000E-01
              2.50000000E-01  3.75000000E-01  1.25000000E-01
              2.50000000E-01  1.25000000E-01  3.75000000E-01
              2.50000000E-01  3.75000000E-01  3.75000000E-01
   kptrlen    1.96000000E+01
    kptopt         1
  kptrlatt    2  0  0   0  4  0   0  0  4
P    mkmem1        3
P    mkmem2        4
     natom         2
     nband1    12
     nband2    12
    ndtset         2
     ngfft        24      12      12
      nkpt1        3
      nkpt2        4
     nstep        20
      nsym1       32
      nsym2        8
    ntypat         1
       occ1   2.000000  0.000000  0.000000  0.000000  0.000000  0.000000
              0.000000  0.000000  0.000000  0.000000  0.000000  0.000000
              2.000000  0.000000  0.000000  0.000000  0.000000  0.000000
              0.000000  0.000000  0.000000  0.000000  0.000000  0.000000
              2.000000  0.000000  0.000000  0.000000  0.000000  0.000000
              0.000000  0.000000  0.000000  0.000000  0.000000  0.000000
       occ2   2.000000  0.000000  0.000000  0.000000  0.000000  0.000000
              0.000000  0.000000  0.000000  0.000000  0.000000  0.000000
              2.000000  0.000000  0.000000  0.000000  0.000000  0.000000
              0.000000  0.000000  0.000000  0.000000  0.000000  0.000000
              2.000000  0.000000  0.000000  0.000000  0.000000  0.000000
              0.000000  0.000000  0.000000  0.000000  0.000000  0.000000
              2.000000  0.000000  0.000000  0.000000  0.000000  0.000000
              0.000000  0.000000  0.000000  0.000000  0.000000  0.000000
    occopt         7
    shiftk    5.00000000E-01  5.00000000E-01  5.00000000E-01
   spgroup1        0
   spgroup2       51
    symafm1     1    1    1    1    1    1    1    1    1    1
                1    1    1    1    1    1    1    1    1    1
                1    1    1    1    1    1    1    1    1    1
                1    1
    symafm2     1    1    1    1    1    1    1    1
    symrel1   1  0  0   0  1  0   0  0  1       1  0  0   0  1  0   0  0  1
             -1  0  0   0 -1  0   0  0 -1      -1  0  0   0 -1  0   0  0 -1
             -1  0  0   0 -1  0   0  0  1      -1  0  0   0 -1  0   0  0  1
              1  0  0   0  1  0   0  0 -1       1  0  0   0  1  0   0  0 -1
              1  0  0   0 -1  0   0  0 -1       1  0  0   0 -1  0   0  0 -1
             -1  0  0   0  1  0   0  0  1      -1  0  0   0  1  0   0  0  1
             -1  0  0   0  1  0   0  0 -1      -1  0  0   0  1  0   0  0 -1
              1  0  0   0 -1  0   0  0  1       1  0  0   0 -1  0   0  0  1
              1  0  0   0  0  1   0  1  0       1  0  0   0  0  1   0  1  0
             -1  0  0   0  0 -1   0 -1  0      -1  0  0   0  0 -1   0 -1  0
             -1  0  0   0  0 -1   0  1  0      -1  0  0   0  0 -1   0  1  0
              1  0  0   0  0  1   0 -1  0       1  0  0   0  0  1   0 -1  0
              1  0  0   0  0 -1   0 -1  0       1  0  0   0  0 -1   0 -1  0
             -1  0  0   0  0  1   0  1  0      -1  0  0   0  0  1   0  1  0
             -1  0  0   0  0  1   0 -1  0      -1  0  0   0  0  1   0 -1  0
              1  0  0   0  0 -1   0  1  0       1  0  0   0  0 -1   0  1  0
    symrel2   1  0  0   0  1  0   0  0  1      -1  0  0   0 -1  0   0  0 -1
             -1  0  0   0 -1  0   0  0  1       1  0  0   0  1  0   0  0 -1
              1  0  0   0 -1  0   0  0 -1      -1  0  0   0  1  0   0  0  1
             -1  0  0   0  1  0   0  0 -1       1  0  0   0 -1  0   0  0  1
     tnons1   0.0000000  0.0000000  0.0000000     0.5000000  0.0000000  0.0000000
              0.0000000  0.0000000  0.0000000     0.5000000  0.0000000  0.0000000
              0.0000000  0.0000000  0.0000000     0.5000000  0.0000000  0.0000000
              0.0000000  0.0000000  0.0000000     0.5000000  0.0000000  0.0000000
              0.0000000  0.0000000  0.0000000     0.5000000  0.0000000  0.0000000
              0.0000000  0.0000000  0.0000000     0.5000000  0.0000000  0.0000000
              0.0000000  0.0000000  0.0000000     0.5000000  0.0000000  0.0000000
              0.0000000  0.0000000  0.0000000     0.5000000  0.0000000  0.0000000
              0.0000000  0.0000000  0.0000000     0.5000000  0.0000000  0.0000000
              0.0000000  0.0000000  0.0000000     0.5000000  0.0000000  0.0000000
              0.0000000  0.0000000  0.0000000     0.5000000  0.0000000  0.0000000
              0.0000000  0.0000000  0.0000000     0.5000000  0.0000000  0.0000000
              0.0000000  0.0000000  0.0000000     0.5000000  0.0000000  0.0000000
              0.0000000  0.0000000  0.0000000     0.5000000  0.0000000  0.0000000
              0.0000000  0.0000000  0.0000000     0.5000000  0.0000000  0.0000000
              0.0000000  0.0000000  0.0000000     0.5000000  0.0000000  0.0000000
     tnons2   0.0000000  0.0000000  0.0000000     0.5000000  0.0000000  0.0000000
              0.0000000  0.0000000  0.0000000     0.5000000  0.0000000  0.0000000
              0.5000000  0.0000000  0.0000000     0.0000000  0.0000000  0.0000000
              0.5000000  0.0000000  0.0000000     0.0000000  0.0000000  0.0000000
    tolvrs    1.00000000E-16
     typat    1  1
       wtk1     0.25000    0.50000    0.25000
       wtk2     0.25000    0.25000    0.25000    0.25000
    xangst1   0.0000000000E+00  0.0000000000E+00  0.0000000000E+00
              2.5929683221E+00  0.0000000000E+00  0.0000000000E+00
    xangst2   0.0000000000E+00  0.0000000000E+00  2.5929683221E-03
              2.5929683221E+00  0.0000000000E+00 -2.5929683221E-03
     xcart1   0.0000000000E+00  0.0000000000E+00  0.0000000000E+00
              4.9000000000E+00  0.0000000000E+00  0.0000000000E+00
     xcart2   0.0000000000E+00  0.0000000000E+00  4.9000000000E-03
              4.9000000000E+00  0.0000000000E+00 -4.9000000000E-03
      xred1   0.0000000000E+00  0.0000000000E+00  0.0000000000E+00
              5.0000000000E-01  0.0000000000E+00  0.0000000000E+00
      xred2   0.0000000000E+00  0.0000000000E+00  1.0000000000E-03
              5.0000000000E-01  0.0000000000E+00 -1.0000000000E-03
     znucl      3.00000

================================================================================

 chkinp: Checking input parameters for consistency, jdtset= 1.

 chkinp: Checking input parameters for consistency, jdtset= 2.

================================================================================
== DATASET  1 ==================================================================

 Real(R)+Recip(G) space primitive vectors, cartesian coordinates (Bohr,Bohr^-1):
 R(1)=  9.8000000  0.0000000  0.0000000  G(1)=  0.1020408  0.0000000  0.0000000
 R(2)=  0.0000000  4.9000000  0.0000000  G(2)=  0.0000000  0.2040816  0.0000000
 R(3)=  0.0000000  0.0000000  4.9000000  G(3)=  0.0000000  0.0000000  0.2040816
 Unit cell volume ucvol=  2.3529800E+02 bohr^3
 Angles (23,13,12)=  9.00000000E+01  9.00000000E+01  9.00000000E+01 degrees

 getcut: wavevector=  0.0000  0.0000  0.0000  ngfft=  24  12  12
         ecut(hartree)=      6.050   => boxcut(ratio)=   2.21178

 getcut : COMMENT -
  Note that boxcut > 2.2 ; recall that boxcut=Gcut(box)/Gcut(sphere) = 2
  is sufficient for exact treatment of convolution.
  Such a large boxcut is a waste : you could raise ecut
  e.g. ecut=    7.399120 Hartrees makes boxcut=2


--- Pseudopotential description ------------------------------------------------
- pspini: atom type   1  psp file is /home/gonze/ABINIT/ABINITv5.6.3/test_gcc43/5.6.3-private/tests/Psps_for_tests/3li.pspnc
- pspatm: opening atomic psp file    /home/gonze/ABINIT/ABINITv5.6.3/test_gcc43/5.6.3-private/tests/Psps_for_tests/3li.pspnc
  Troullier-Martins psp for element  Li        Thu Oct 27 17:29:06 EDT 1994
   3.00000   1.00000    940714                znucl, zion, pspdat
    1    1    1    1      2001   0.00000      pspcod,pspxc,lmax,lloc,mmax,r2well
    0   2.534   6.726    1   2.4315963        l,e99.0,e99.9,nproj,rcpsp
   0.00000000   0.00000000   0.00000000   0.00000000     rms, ekb1, ekb2, epsatm
    1   3.283   5.836    0   2.4315963        l,e99.0,e99.9,nproj,rcpsp
   0.00000000   0.00000000   0.00000000   0.00000000     rms, ekb1, ekb2, epsatm
    2.44451305764117    0.01373030920382    0.17502673260160   rchrg,fchrg,qchrg
 pspatm: epsatm=   -1.77437869
         --- l  ekb(1:nproj) -->
             0    1.242797
 pspatm: atomic psp has been read  and splines computed

  -7.09751475E+00                                ecore*ucvol(ha*bohr**3)
--------------------------------------------------------------------------------

P newkpt: treating     12 bands with npw=     168 for ikpt=   1
P newkpt: treating     12 bands with npw=     171 for ikpt=   2
P newkpt: treating     12 bands with npw=     165 for ikpt=   3

 setup2: Arith. and geom. avg. npw (full set) are     168.750     168.732

================================================================================

     iter   Etot(hartree)      deltaE(h)  residm     vres2    diffor    maxfor
 ETOT  1 -0.58669955322583    -5.867E-01 2.033E-03 1.131E-02 0.000E+00 0.000E+00
 ETOT  2 -0.58677955855727    -8.001E-05 1.213E-05 8.746E-04 0.000E+00 0.000E+00
 ETOT  3 -0.58678010769492    -5.491E-07 3.050E-06 1.438E-04 0.000E+00 0.000E+00
 ETOT  4 -0.58678012028613    -1.259E-08 5.009E-08 4.581E-06 0.000E+00 0.000E+00
 ETOT  5 -0.58678012086523    -5.791E-10 1.824E-08 2.353E-06 0.000E+00 0.000E+00
 ETOT  6 -0.58678012105778    -1.925E-10 3.130E-10 6.414E-09 0.000E+00 0.000E+00
 ETOT  7 -0.58678012105835    -5.715E-13 1.219E-10 4.872E-11 0.000E+00 0.000E+00
 ETOT  8 -0.58678012105836    -9.104E-15 1.689E-12 1.395E-10 0.000E+00 0.000E+00
 ETOT  9 -0.58678012105836    -7.438E-15 8.728E-13 1.850E-12 0.000E+00 0.000E+00
 ETOT 10 -0.58678012105836    -7.772E-16 1.246E-14 4.517E-14 0.000E+00 0.000E+00
 ETOT 11 -0.58678012105837    -3.886E-15 6.700E-15 1.968E-14 0.000E+00 0.000E+00
 ETOT 12 -0.58678012105836     4.219E-15 1.019E-16 2.607E-16 0.000E+00 0.000E+00
 ETOT 13 -0.58678012105836    -2.220E-16 5.115E-17 2.869E-18 0.000E+00 0.000E+00

 At SCF step   13       vres2   =  2.87E-18 < tolvrs=  1.00E-16 =>converged.

 Cartesian components of stress tensor (hartree/bohr^3)
  sigma(1 1)= -6.24020060E-05  sigma(3 2)=  0.00000000E+00
  sigma(2 2)= -6.24020061E-05  sigma(3 1)=  0.00000000E+00
  sigma(3 3)= -6.24020061E-05  sigma(2 1)=  0.00000000E+00

================================================================================

 ----iterations are completed or convergence reached----

 Mean square residual over all n,k,spin=   2.2161E-18; max=  5.1154E-17
   0.2500  0.1250  0.1250    1  2.82053E-17 kpt; spin; max resid(k); each band:
 1.48E-22 7.58E-23 7.95E-23 9.51E-24 8.11E-23 3.66E-23 1.42E-23 2.36E-22
 3.13E-22 4.06E-23 4.17E-19 2.82E-17
   0.2500  0.3750  0.1250    1  5.11541E-17 kpt; spin; max resid(k); each band:
 1.41E-22 1.15E-22 8.65E-23 9.59E-23 1.29E-22 1.39E-22 4.44E-23 1.61E-22
 1.08E-22 2.74E-22 6.08E-23 5.12E-17
   0.2500  0.3750  0.3750    1  1.91712E-22 kpt; spin; max resid(k); each band:
 5.31E-23 1.65E-22 1.39E-25 1.07E-22 3.83E-23 1.56E-22 6.50E-23 1.60E-22
 2.42E-23 1.40E-22 1.92E-22 1.76E-22
 reduced coordinates (array xred) for    2 atoms
       0.000000000000      0.000000000000      0.000000000000
       0.500000000000      0.000000000000      0.000000000000
 rms dE/dt=  0.0000E+00; max dE/dt=  0.0000E+00; dE/dt below (all hartree)
    1       0.000000000000      0.000000000000      0.000000000000
    2       0.000000000000      0.000000000000      0.000000000000

 cartesian coordinates (angstrom) at end:
    1      0.00000000000000     0.00000000000000     0.00000000000000
    2      2.59296832209100     0.00000000000000     0.00000000000000

 cartesian forces (hartree/bohr) at end:
    1     -0.00000000000000    -0.00000000000000    -0.00000000000000
    2     -0.00000000000000    -0.00000000000000    -0.00000000000000
 frms,max,avg= 0.0000000E+00 0.0000000E+00   0.000E+00  0.000E+00  0.000E+00 h/b

 cartesian forces (eV/Angstrom) at end:
    1     -0.00000000000000    -0.00000000000000    -0.00000000000000
    2     -0.00000000000000    -0.00000000000000    -0.00000000000000
 frms,max,avg= 0.0000000E+00 0.0000000E+00   0.000E+00  0.000E+00  0.000E+00 e/A
 length scales=  9.800000000000  4.900000000000  4.900000000000 bohr
              =  5.185936644182  2.592968322091  2.592968322091 angstroms
 prteigrs : about to open file t97o_DS1_EIG
 Fermi (or HOMO) energy (hartree) =   0.04834   Average Vxc (hartree)=  -0.25552
 Eigenvalues (hartree) for nkpt=   3  k points:
 kpt#   1, nband= 12, wtk=  0.25000, kpt=  0.2500  0.1250  0.1250 (reduced coord)
  -0.06119   0.00772   0.19869   0.40900   0.40900   0.49640   0.53747   0.59614
   0.72257   0.75052   0.82400   0.82400
      occupation numbers for kpt#   1
   1.99989   1.84900   0.00000   0.00000   0.00000   0.00000   0.00000   0.00000
   0.00000   0.00000   0.00000   0.00000
 kpt#   2, nband= 12, wtk=  0.50000, kpt=  0.2500  0.3750  0.1250 (reduced coord)
   0.00772   0.08895   0.19869   0.20930   0.35848   0.45951   0.49640   0.59614
   0.68042   0.72257   0.75052   0.81582
      occupation numbers for kpt#   2
   1.84900   0.15103   0.00000   0.00000   0.00000   0.00000   0.00000   0.00000
   0.00000   0.00000   0.00000   0.00000
 kpt#   3, nband= 12, wtk=  0.25000, kpt=  0.2500  0.3750  0.3750 (reduced coord)
   0.08895   0.17329   0.20930   0.29857   0.29857   0.35848   0.45951   0.46175
   0.54943   0.54943   0.68042   0.72513
      occupation numbers for kpt#   3
   0.15103   0.00001   0.00000   0.00000   0.00000   0.00000   0.00000   0.00000
   0.00000   0.00000   0.00000   0.00000
 Total charge density [el/Bohr^3]
,     Maximum=    9.5658E-03  at reduced coord.    0.5000    0.5000    0.5000
,Next maximum=    9.5658E-03  at reduced coord.    0.0000    0.5000    0.5000
,     Minimum=    7.8289E-04  at reduced coord.    0.0000    0.0000    0.0000
,Next minimum=    7.8289E-04  at reduced coord.    0.5000    0.0000    0.0000

--------------------------------------------------------------------------------
 Components of total free energy (in Hartree) :

    Kinetic energy  =  3.15233483611426E-01
    Hartree energy  =  1.22888406143405E-03
    XC energy       = -4.63216788424221E-01
    Ewald energy    = -5.79040301934816E-01
    PspCore energy  = -3.01639400003358E-02
    Loc. psp. energy=  7.76079479922093E-02
    NL   psp  energy=  1.03647332892531E-01
    >>>>> Internal E= -5.74703381801773E-01

    -kT*entropy     = -1.20767392565916E-02
    >>>>>>>>> Etotal= -5.86780121058364E-01

 Other information on the energy :
    Total energy(eV)= -1.59670991155364E+01 ; Band energy (Ha)=  -9.8053299666E-03
--------------------------------------------------------------------------------

 Cartesian components of stress tensor (hartree/bohr^3)
  sigma(1 1)= -6.24020060E-05  sigma(3 2)=  0.00000000E+00
  sigma(2 2)= -6.24020061E-05  sigma(3 1)=  0.00000000E+00
  sigma(3 3)= -6.24020061E-05  sigma(2 1)=  0.00000000E+00

-Cartesian components of stress tensor (GPa)         [Pressure=  1.8359E+00 GPa]
- sigma(1 1)= -1.83593009E+00  sigma(3 2)=  0.00000000E+00
- sigma(2 2)= -1.83593009E+00  sigma(3 1)=  0.00000000E+00
- sigma(3 3)= -1.83593009E+00  sigma(2 1)=  0.00000000E+00

================================================================================
== DATASET  2 ==================================================================

 mkfilename : getwfk/=0, take file _WFK from output of DATASET   1.

 Real(R)+Recip(G) space primitive vectors, cartesian coordinates (Bohr,Bohr^-1):
 R(1)=  9.8000000  0.0000000  0.0000000  G(1)=  0.1020408  0.0000000  0.0000000
 R(2)=  0.0000000  4.9000000  0.0000000  G(2)=  0.0000000  0.2040816  0.0000000
 R(3)=  0.0000000  0.0000000  4.9000000  G(3)=  0.0000000  0.0000000  0.2040816
 Unit cell volume ucvol=  2.3529800E+02 bohr^3
 Angles (23,13,12)=  9.00000000E+01  9.00000000E+01  9.00000000E+01 degrees

 getcut: wavevector=  0.0000  0.0000  0.0000  ngfft=  24  12  12
         ecut(hartree)=      6.050   => boxcut(ratio)=   2.21178

 getcut : COMMENT -
  Note that boxcut > 2.2 ; recall that boxcut=Gcut(box)/Gcut(sphere) = 2
  is sufficient for exact treatment of convolution.
  Such a large boxcut is a waste : you could raise ecut
  e.g. ecut=    7.399120 Hartrees makes boxcut=2

--------------------------------------------------------------------------------

-inwffil : will read wavefunctions from disk file t97o_DS1_WFK
- newkpt: read input wf with ikpt,npw=   1     168, make ikpt,npw=   1     168
- newkpt: read input wf with ikpt,npw=   2     171, make ikpt,npw=   2     171
- newkpt: read input wf with ikpt,npw=   1     168, make ikpt,npw=   3     171
- newkpt: read input wf with ikpt,npw=   3     165, make ikpt,npw=   4     165

 setup2: Arith. and geom. avg. npw (full set) are     168.750     168.732

================================================================================

     iter   Etot(hartree)      deltaE(h)  residm     vres2    diffor    maxfor
 ETOT  1 -0.58677916032351    -5.868E-01 9.317E-02 3.476E-03 2.474E-05 2.474E-05
 ETOT  2 -0.58678018151423    -1.021E-06 1.333E-07 1.234E-04 1.354E-07 2.488E-05
 ETOT  3 -0.58678023645201    -5.494E-08 1.990E-08 4.460E-05 4.712E-08 2.493E-05
 ETOT  4 -0.58678024240476    -5.953E-09 1.102E-08 8.419E-07 6.486E-08 2.486E-05
 ETOT  5 -0.58678024270040    -2.956E-10 3.284E-10 2.476E-07 1.413E-08 2.485E-05
 ETOT  6 -0.58678024277267    -7.227E-11 1.549E-11 4.294E-09 6.249E-09 2.484E-05
 ETOT  7 -0.58678024277669    -4.020E-12 2.770E-12 8.586E-12 1.484E-09 2.484E-05
 ETOT  8 -0.58678024277669    -1.998E-15 1.522E-14 1.033E-11 2.827E-11 2.484E-05
 ETOT  9 -0.58678024277669    -3.775E-15 8.285E-15 5.886E-14 4.537E-11 2.484E-05
 ETOT 10 -0.58678024277669     4.441E-15 9.903E-17 9.229E-16 1.241E-11 2.484E-05
 ETOT 11 -0.58678024277669    -4.108E-15 5.571E-17 9.935E-16 1.173E-12 2.484E-05
 ETOT 12 -0.58678024277669     1.110E-15 9.846E-19 8.338E-18 9.996E-14 2.484E-05

 At SCF step   12       vres2   =  8.34E-18 < tolvrs=  1.00E-16 =>converged.

 Cartesian components of stress tensor (hartree/bohr^3)
  sigma(1 1)= -6.23991840E-05  sigma(3 2)=  0.00000000E+00
  sigma(2 2)= -6.24014168E-05  sigma(3 1)=  0.00000000E+00
  sigma(3 3)= -6.24067373E-05  sigma(2 1)=  0.00000000E+00

================================================================================

 ----iterations are completed or convergence reached----

 Mean square residual over all n,k,spin=   4.6279E-20; max=  9.8458E-19
   0.2500  0.1250  0.1250    1  9.84580E-19 kpt; spin; max resid(k); each band:
 2.07E-21 4.32E-21 1.91E-21 1.14E-20 1.84E-21 1.65E-21 6.81E-22 2.35E-21
 1.27E-21 3.71E-21 9.85E-19 7.35E-19
   0.2500  0.3750  0.1250    1  1.53850E-19 kpt; spin; max resid(k); each band:
 6.47E-21 5.53E-21 2.84E-21 5.85E-22 2.18E-21 2.19E-21 3.54E-21 1.74E-21
 6.72E-21 6.11E-22 7.72E-21 1.54E-19
   0.2500  0.1250  0.3750    1  2.02736E-19 kpt; spin; max resid(k); each band:
 1.33E-21 3.56E-22 1.12E-21 5.28E-21 2.10E-21 1.60E-21 3.42E-21 1.51E-21
 5.14E-21 1.04E-21 3.82E-21 2.03E-19
   0.2500  0.3750  0.3750    1  1.24428E-20 kpt; spin; max resid(k); each band:
 1.91E-21 5.94E-21 1.13E-21 1.83E-21 3.19E-21 9.08E-22 2.17E-21 3.50E-21
 5.87E-21 1.24E-20 2.69E-21 5.27E-21
 reduced coordinates (array xred) for    2 atoms
       0.000000000000      0.000000000000      0.001000000000
       0.500000000000      0.000000000000     -0.001000000000
 rms dE/dt=  7.0273E-05; max dE/dt=  1.2172E-04; dE/dt below (all hartree)
    1       0.000000000000      0.000000000000     -0.000121716424
    2       0.000000000000      0.000000000000      0.000121716424

 cartesian coordinates (angstrom) at end:
    1      0.00000000000000     0.00000000000000     0.00259296832209
    2      2.59296832209100     0.00000000000000    -0.00259296832209

 cartesian forces (hartree/bohr) at end:
    1     -0.00000000000000    -0.00000000000000     0.00002484008646
    2     -0.00000000000000    -0.00000000000000    -0.00002484008646
 frms,max,avg= 1.4341431E-05 2.4840086E-05   0.000E+00  0.000E+00  0.000E+00 h/b

 cartesian forces (eV/Angstrom) at end:
    1     -0.00000000000000    -0.00000000000000     0.00127732849549
    2     -0.00000000000000    -0.00000000000000    -0.00127732849549
 frms,max,avg= 7.3746595E-04 1.2773285E-03   0.000E+00  0.000E+00  0.000E+00 e/A
 length scales=  9.800000000000  4.900000000000  4.900000000000 bohr
              =  5.185936644182  2.592968322091  2.592968322091 angstroms
 prteigrs : about to open file t97o_DS2_EIG
 Fermi (or HOMO) energy (hartree) =   0.04834   Average Vxc (hartree)=  -0.25552
 Eigenvalues (hartree) for nkpt=   4  k points:
 kpt#   1, nband= 12, wtk=  0.25000, kpt=  0.2500  0.1250  0.1250 (reduced coord)
  -0.06119   0.00772   0.19869   0.40900   0.40900   0.49640   0.53747   0.59614
   0.72257   0.75052   0.82400   0.82401
      occupation numbers for kpt#   1
   1.99989   1.84900   0.00000   0.00000   0.00000   0.00000   0.00000   0.00000
   0.00000   0.00000   0.00000   0.00000
 kpt#   2, nband= 12, wtk=  0.25000, kpt=  0.2500  0.3750  0.1250 (reduced coord)
   0.00772   0.08895   0.19869   0.20930   0.35848   0.45951   0.49640   0.59614
   0.68042   0.72257   0.75052   0.81582
      occupation numbers for kpt#   2
   1.84900   0.15103   0.00000   0.00000   0.00000   0.00000   0.00000   0.00000
   0.00000   0.00000   0.00000   0.00000
 kpt#   3, nband= 12, wtk=  0.25000, kpt=  0.2500  0.1250  0.3750 (reduced coord)
   0.00772   0.08895   0.19869   0.20931   0.35848   0.45951   0.49640   0.59615
   0.68042   0.72257   0.75052   0.81582
      occupation numbers for kpt#   3
   1.84900   0.15104   0.00000   0.00000   0.00000   0.00000   0.00000   0.00000
   0.00000   0.00000   0.00000   0.00000
 kpt#   4, nband= 12, wtk=  0.25000, kpt=  0.2500  0.3750  0.3750 (reduced coord)
   0.08895   0.17329   0.20930   0.29857   0.29857   0.35849   0.45950   0.46176
   0.54942   0.54943   0.68042   0.72513
      occupation numbers for kpt#   4
   0.15103   0.00001   0.00000   0.00000   0.00000   0.00000   0.00000   0.00000
   0.00000   0.00000   0.00000   0.00000
 Total charge density [el/Bohr^3]
,     Maximum=    9.5658E-03  at reduced coord.    0.7500    0.5000    0.0000
,Next maximum=    9.5658E-03  at reduced coord.    0.2500    0.5000    0.0000
,     Minimum=    7.8302E-04  at reduced coord.    0.0000    0.0000    0.0000
,Next minimum=    7.8302E-04  at reduced coord.    0.5000    0.0000    0.0000

--------------------------------------------------------------------------------
 Components of total free energy (in Hartree) :

    Kinetic energy  =  3.15233492678619E-01
    Hartree energy  =  1.22888447864730E-03
    XC energy       = -4.63216786748618E-01
    Ewald energy    = -5.79040435592483E-01
    PspCore energy  = -3.01639400003358E-02
    Loc. psp. energy=  7.76079685425429E-02
    NL   psp  energy=  1.03647377461611E-01
    >>>>> Internal E= -5.74703439180016E-01

    -kT*entropy     = -1.20768035966754E-02
    >>>>>>>>> Etotal= -5.86780242776692E-01

 Other information on the energy :
    Total energy(eV)= -1.59671024276606E+01 ; Band energy (Ha)=  -9.8052561060E-03
--------------------------------------------------------------------------------

 Cartesian components of stress tensor (hartree/bohr^3)
  sigma(1 1)= -6.23991840E-05  sigma(3 2)=  0.00000000E+00
  sigma(2 2)= -6.24014168E-05  sigma(3 1)=  0.00000000E+00
  sigma(3 3)= -6.24067373E-05  sigma(2 1)=  0.00000000E+00

-Cartesian components of stress tensor (GPa)         [Pressure=  1.8359E+00 GPa]
- sigma(1 1)= -1.83584707E+00  sigma(3 2)=  0.00000000E+00
- sigma(2 2)= -1.83591276E+00  sigma(3 1)=  0.00000000E+00
- sigma(3 3)= -1.83606929E+00  sigma(2 1)=  0.00000000E+00

== END DATASET(S) ==============================================================
================================================================================
  
 -outvars: echo values of variables after computation  --------
     acell    9.8000000000E+00  4.9000000000E+00  4.9000000000E+00 Bohr
       amu    6.94100000E+00
   dilatmx    1.10000000E+00
      ecut    5.00000000E+00 Hartree
    ecutsm    1.00000000E+00 Hartree
    etotal1  -5.8678012106E-01
    etotal2  -5.8678024278E-01
     fcart1  -0.0000000000E+00 -0.0000000000E+00 -0.0000000000E+00
             -0.0000000000E+00 -0.0000000000E+00 -0.0000000000E+00
     fcart2  -0.0000000000E+00 -0.0000000000E+00  2.4840086457E-05
             -0.0000000000E+00 -0.0000000000E+00 -2.4840086457E-05
    getwfk1        0
    getwfk2        1
      iscf         5
    jdtset      1    2
       kpt1   2.50000000E-01  1.25000000E-01  1.25000000E-01
              2.50000000E-01  3.75000000E-01  1.25000000E-01
              2.50000000E-01  3.75000000E-01  3.75000000E-01
       kpt2   2.50000000E-01  1.25000000E-01  1.25000000E-01
              2.50000000E-01  3.75000000E-01  1.25000000E-01
              2.50000000E-01  1.25000000E-01  3.75000000E-01
              2.50000000E-01  3.75000000E-01  3.75000000E-01
   kptrlen    1.96000000E+01
    kptopt         1
  kptrlatt    2  0  0   0  4  0   0  0  4
P    mkmem1        3
P    mkmem2        4
     natom         2
     nband1    12
     nband2    12
    ndtset         2
     ngfft        24      12      12
      nkpt1        3
      nkpt2        4
     nstep        20
      nsym1       32
      nsym2        8
    ntypat         1
       occ1   1.999892  1.849002  0.000000  0.000000  0.000000  0.000000
              0.000000  0.000000  0.000000  0.000000  0.000000  0.000000
              1.849002  0.151031  0.000000  0.000000  0.000000  0.000000
              0.000000  0.000000  0.000000  0.000000  0.000000  0.000000
              0.151031  0.000010  0.000000  0.000000  0.000000  0.000000
              0.000000  0.000000  0.000000  0.000000  0.000000  0.000000
       occ2   1.999892  1.849001  0.000000  0.000000  0.000000  0.000000
              0.000000  0.000000  0.000000  0.000000  0.000000  0.000000
              1.849001  0.151030  0.000000  0.000000  0.000000  0.000000
              0.000000  0.000000  0.000000  0.000000  0.000000  0.000000
              1.849000  0.151036  0.000000  0.000000  0.000000  0.000000
              0.000000  0.000000  0.000000  0.000000  0.000000  0.000000
              0.151030  0.000010  0.000000  0.000000  0.000000  0.000000
              0.000000  0.000000  0.000000  0.000000  0.000000  0.000000
    occopt         7
    shiftk    5.00000000E-01  5.00000000E-01  5.00000000E-01
   spgroup1        0
   spgroup2       51
    strten1  -6.2402006036E-05 -6.2402006056E-05 -6.2402006056E-05
              0.0000000000E+00  0.0000000000E+00  0.0000000000E+00
    strten2  -6.2399184015E-05 -6.2401416794E-05 -6.2406737316E-05
              0.0000000000E+00  0.0000000000E+00  0.0000000000E+00
    symafm1     1    1    1    1    1    1    1    1    1    1
                1    1    1    1    1    1    1    1    1    1
                1    1    1    1    1    1    1    1    1    1
                1    1
    symafm2     1    1    1    1    1    1    1    1
    symrel1   1  0  0   0  1  0   0  0  1       1  0  0   0  1  0   0  0  1
             -1  0  0   0 -1  0   0  0 -1      -1  0  0   0 -1  0   0  0 -1
             -1  0  0   0 -1  0   0  0  1      -1  0  0   0 -1  0   0  0  1
              1  0  0   0  1  0   0  0 -1       1  0  0   0  1  0   0  0 -1
              1  0  0   0 -1  0   0  0 -1       1  0  0   0 -1  0   0  0 -1
             -1  0  0   0  1  0   0  0  1      -1  0  0   0  1  0   0  0  1
             -1  0  0   0  1  0   0  0 -1      -1  0  0   0  1  0   0  0 -1
              1  0  0   0 -1  0   0  0  1       1  0  0   0 -1  0   0  0  1
              1  0  0   0  0  1   0  1  0       1  0  0   0  0  1   0  1  0
             -1  0  0   0  0 -1   0 -1  0      -1  0  0   0  0 -1   0 -1  0
             -1  0  0   0  0 -1   0  1  0      -1  0  0   0  0 -1   0  1  0
              1  0  0   0  0  1   0 -1  0       1  0  0   0  0  1   0 -1  0
              1  0  0   0  0 -1   0 -1  0       1  0  0   0  0 -1   0 -1  0
             -1  0  0   0  0  1   0  1  0      -1  0  0   0  0  1   0  1  0
             -1  0  0   0  0  1   0 -1  0      -1  0  0   0  0  1   0 -1  0
              1  0  0   0  0 -1   0  1  0       1  0  0   0  0 -1   0  1  0
    symrel2   1  0  0   0  1  0   0  0  1      -1  0  0   0 -1  0   0  0 -1
             -1  0  0   0 -1  0   0  0  1       1  0  0   0  1  0   0  0 -1
              1  0  0   0 -1  0   0  0 -1      -1  0  0   0  1  0   0  0  1
             -1  0  0   0  1  0   0  0 -1       1  0  0   0 -1  0   0  0  1
     tnons1   0.0000000  0.0000000  0.0000000     0.5000000  0.0000000  0.0000000
              0.0000000  0.0000000  0.0000000     0.5000000  0.0000000  0.0000000
              0.0000000  0.0000000  0.0000000     0.5000000  0.0000000  0.0000000
              0.0000000  0.0000000  0.0000000     0.5000000  0.0000000  0.0000000
              0.0000000  0.0000000  0.0000000     0.5000000  0.0000000  0.0000000
              0.0000000  0.0000000  0.0000000     0.5000000  0.0000000  0.0000000
              0.0000000  0.0000000  0.0000000     0.5000000  0.0000000  0.0000000
              0.0000000  0.0000000  0.0000000     0.5000000  0.0000000  0.0000000
              0.0000000  0.0000000  0.0000000     0.5000000  0.0000000  0.0000000
              0.0000000  0.0000000  0.0000000     0.5000000  0.0000000  0.0000000
              0.0000000  0.0000000  0.0000000     0.5000000  0.0000000  0.0000000
              0.0000000  0.0000000  0.0000000     0.5000000  0.0000000  0.0000000
              0.0000000  0.0000000  0.0000000     0.5000000  0.0000000  0.0000000
              0.0000000  0.0000000  0.0000000     0.5000000  0.0000000  0.0000000
              0.0000000  0.0000000  0.0000000     0.5000000  0.0000000  0.0000000
              0.0000000  0.0000000  0.0000000     0.5000000  0.0000000  0.0000000
     tnons2   0.0000000  0.0000000  0.0000000     0.5000000  0.0000000  0.0000000
              0.0000000  0.0000000  0.0000000     0.5000000  0.0000000  0.0000000
              0.5000000  0.0000000  0.0000000     0.0000000  0.0000000  0.0000000
              0.5000000  0.0000000  0.0000000     0.0000000  0.0000000  0.0000000
    tolvrs    1.00000000E-16
     typat    1  1
       wtk1     0.25000    0.50000    0.25000
       wtk2     0.25000    0.25000    0.25000    0.25000
    xangst1   0.0000000000E+00  0.0000000000E+00  0.0000000000E+00
              2.5929683221E+00  0.0000000000E+00  0.0000000000E+00
    xangst2   0.0000000000E+00  0.0000000000E+00  2.5929683221E-03
              2.5929683221E+00  0.0000000000E+00 -2.5929683221E-03
     xcart1   0.0000000000E+00  0.0000000000E+00  0.0000000000E+00
              4.9000000000E+00  0.0000000000E+00  0.0000000000E+00
     xcart2   0.0000000000E+00  0.0000000000E+00  4.9000000000E-03
              4.9000000000E+00  0.0000000000E+00 -4.9000000000E-03
      xred1   0.0000000000E+00  0.0000000000E+00  0.0000000000E+00
              5.0000000000E-01  0.0000000000E+00  0.0000000000E+00
      xred2   0.0000000000E+00  0.0000000000E+00  1.0000000000E-03
              5.0000000000E-01  0.0000000000E+00 -1.0000000000E-03
     znucl      3.00000

================================================================================

- Total cpu        time (s,m,h):          2.6        0.04      0.001
- Total wall clock time (s,m,h):          2.6        0.04      0.001

- For major independent code sections, cpu and wall times (sec),
- as well as % of the total time and number of calls 

- routine                 cpu     %       wall     %      number of calls 
-                                                          (-1=no count)
- fourwf(pot)            0.814  31.1      0.826  31.6           5073
- timing timab           0.347  13.3      0.348  13.3             11
- status                 0.241   9.2      0.242   9.2           1907
- invars2                0.149   5.7      0.148   5.7              2
- pspini                 0.137   5.2      0.138   5.3              2
- projbd                 0.121   4.6      0.132   5.0           7722
- forces                 0.112   4.3      0.105   4.0             25
- vtowfk(ssdiag)         0.092   3.5      0.092   3.5             -1
- nonlop(apply)          0.078   3.0      0.074   2.8           5073
- mkcore                 0.075   2.9      0.073   2.8             29
- getghc-other           0.067   2.6      0.062   2.4             -1
- abinit(2)              0.042   1.6      0.043   1.6              1
- fourwf(den)            0.026   1.0      0.029   1.1            306
- vtorho(4)-mkrho-       0.026   1.0      0.026   1.0             50
- fourdp                 0.020   0.8      0.012   0.5            128
- vtowfk(contrib)        0.019   0.7      0.016   0.6             87
- stress                 0.019   0.7      0.019   0.7              2
- symrhg(no FFT)         0.018   0.7      0.023   0.9             26
- ewald                  0.013   0.5      0.014   0.5              2
- 51   others            0.062   2.4      0.069   2.6

- subtotal               2.478  94.7      2.491  95.2

================================================================================

 Calculation completed.
.Delivered    3 WARNINGs and   6 COMMENTs to log file.
+Overall time at end (sec) : cpu=          2.6  wall=          2.6
