
.Version 5.6.3  of ABINIT 
.(sequential version, prepared for a x86_64_linux_gcc4.3 computer) 

.Copyright (C) 1998-2008 ABINIT group . 
 ABINIT comes with ABSOLUTELY NO WARRANTY.
 It is free software, and you are welcome to redistribute it
 under certain conditions (GNU General Public License,
 see ~abinit/COPYING or http://www.gnu.org/copyleft/gpl.txt).

 ABINIT is a project of the Universite Catholique de Louvain,
 Corning Inc. and other collaborators, see ~abinit/doc/developers/contributors.txt .
 Please read ~abinit/doc/users/acknowledgments.html for suggested
 acknowledgments of the ABINIT effort.
 For more information, see http://www.abinit.org .

.Starting date : Thu  6 Nov 2008.
  
- input  file    -> /home/gonze/ABINIT/ABINITv5.6.3/test_gcc43/5.6.3-private/tests/tutorial/Input/t41.in
- output file    -> t41.out
- root for input  files -> t41i
- root for output files -> t41o


 Symmetries : space group Fm -3 m (#225); Bravais cF (face-center cubic)
================================================================================
 Values of the parameters that define the memory need of the present run
   intxc =         0  ionmov =         3    iscf =         7 xclevel =         1
  lmnmax =         3   lnmax =         3   mband =         3  mffmem =         1
P  mgfft =        15   mkmem =         2 mpssoang=         3     mpw =        90
  mqgrid =      3001   natom =         1    nfft =      3375    nkpt =         2
  nloalg =         4  nspden =         1 nspinor =         1  nsppol =         1
    nsym =        48  n1xccc =         0  ntypat =         1  occopt =         4
================================================================================
P This job should need less than                       2.142 Mbytes of memory.
  Rough estimation (10% accuracy) of disk space for files :
  WF disk file :      0.010 Mbytes ; DEN or POT disk file :      0.028 Mbytes.
================================================================================

 -outvars: echo values of preprocessed input variables --------
     acell    7.6000000000E+00  7.6000000000E+00  7.6000000000E+00 Bohr
       amu    2.69815390E+01
   dilatmx    1.05000000E+00
      ecut    6.00000000E+00 Hartree
    ecutsm    5.00000000E-01 Hartree
    ionmov         3
       kpt   -2.50000000E-01  5.00000000E-01  0.00000000E+00
             -2.50000000E-01  0.00000000E+00  0.00000000E+00
   kptrlen    1.52000000E+01
    kptopt         1
  kptrlatt    2 -2  2  -2  2  2  -2 -2  2
P    mkmem         2
     natom         1
     nband         3
     ngfft        15      15      15
      nkpt         2
     nstep        10
      nsym        48
     ntime        10
    ntypat         1
       occ    2.000000  1.000000  0.000000
              2.000000  1.000000  0.000000
    occopt         4
   optcell         1
     rprim    0.0000000000E+00  5.0000000000E-01  5.0000000000E-01
              5.0000000000E-01  0.0000000000E+00  5.0000000000E-01
              5.0000000000E-01  5.0000000000E-01  0.0000000000E+00
    shiftk    5.00000000E-01  5.00000000E-01  5.00000000E-01
   spgroup       225
    symrel    1  0  0   0  1  0   0  0  1      -1  0  0   0 -1  0   0  0 -1
              0 -1  1   0 -1  0   1 -1  0       0  1 -1   0  1  0  -1  1  0
             -1  0  0  -1  0  1  -1  1  0       1  0  0   1  0 -1   1 -1  0
              0  1 -1   1  0 -1   0  0 -1       0 -1  1  -1  0  1   0  0  1
             -1  0  0  -1  1  0  -1  0  1       1  0  0   1 -1  0   1  0 -1
              0 -1  1   1 -1  0   0 -1  0       0  1 -1  -1  1  0   0  1  0
              1  0  0   0  0  1   0  1  0      -1  0  0   0  0 -1   0 -1  0
              0  1 -1   0  0 -1   1  0 -1       0 -1  1   0  0  1  -1  0  1
             -1  0  1  -1  1  0  -1  0  0       1  0 -1   1 -1  0   1  0  0
              0 -1  0   1 -1  0   0 -1  1       0  1  0  -1  1  0   0  1 -1
              1  0 -1   0  0 -1   0  1 -1      -1  0  1   0  0  1   0 -1  1
              0  1  0   0  0  1   1  0  0       0 -1  0   0  0 -1  -1  0  0
              1  0 -1   0  1 -1   0  0 -1      -1  0  1   0 -1  1   0  0  1
              0 -1  0   0 -1  1   1 -1  0       0  1  0   0  1 -1  -1  1  0
             -1  0  1  -1  0  0  -1  1  0       1  0 -1   1  0  0   1 -1  0
              0  1  0   1  0  0   0  0  1       0 -1  0  -1  0  0   0  0 -1
              0  0 -1   0  1 -1   1  0 -1       0  0  1   0 -1  1  -1  0  1
              1 -1  0   0 -1  1   0 -1  0      -1  1  0   0  1 -1   0  1  0
              0  0  1   1  0  0   0  1  0       0  0 -1  -1  0  0   0 -1  0
             -1  1  0  -1  0  0  -1  0  1       1 -1  0   1  0  0   1  0 -1
              0  0  1   0  1  0   1  0  0       0  0 -1   0 -1  0  -1  0  0
              1 -1  0   0 -1  0   0 -1  1      -1  1  0   0  1  0   0  1 -1
              0  0 -1   1  0 -1   0  1 -1       0  0  1  -1  0  1   0 -1  1
             -1  1  0  -1  0  1  -1  0  0       1 -1  0   1  0 -1   1  0  0
    toldfe    1.00000000E-06 Hartree
    tsmear    5.00000000E-02 Hartree
     typat    1
       wtk      0.75000    0.25000
     znucl     13.00000

================================================================================

 chkinp: Checking input parameters for consistency.

================================================================================
== DATASET  1 ==================================================================

 Real(R)+Recip(G) space primitive vectors, cartesian coordinates (Bohr,Bohr^-1):
 R(1)=  0.0000000  3.8000000  3.8000000  G(1)= -0.1315789  0.1315789  0.1315789
 R(2)=  3.8000000  0.0000000  3.8000000  G(2)=  0.1315789 -0.1315789  0.1315789
 R(3)=  3.8000000  3.8000000  0.0000000  G(3)=  0.1315789  0.1315789 -0.1315789
 Unit cell volume ucvol=  1.0974400E+02 bohr^3
 Angles (23,13,12)=  6.00000000E+01  6.00000000E+01  6.00000000E+01 degrees

 getcut: wavevector=  0.0000  0.0000  0.0000  ngfft=  15  15  15
         ecut(hartree)=      6.615   => boxcut(ratio)=   2.26154

 getcut : COMMENT -
  Note that boxcut > 2.2 ; recall that boxcut=Gcut(box)/Gcut(sphere) = 2
  is sufficient for exact treatment of convolution.
  Such a large boxcut is a waste : you could raise ecut
  e.g. ecut=    8.458196 Hartrees makes boxcut=2


--- Pseudopotential description ------------------------------------------------
- pspini: atom type   1  psp file is /home/gonze/ABINIT/ABINITv5.6.3/test_gcc43/5.6.3-private/tests/Psps_for_tests/13al.981214.fhi
- pspatm: opening atomic psp file    /home/gonze/ABINIT/ABINITv5.6.3/test_gcc43/5.6.3-private/tests/Psps_for_tests/13al.981214.fhi
 Aluminum, fhi98PP : Hamann-type, LDA CA PerdewWang, l=2 local
  13.00000   3.00000    981214                znucl, zion, pspdat
    6    7    2    2       493   0.00000      pspcod,pspxc,lmax,lloc,mmax,r2well
  No XC core correction.
  1.024700          amesh (Hamman grid)
 pspatm: epsatm=    1.36305739
         --- l  ekb(1:nproj) -->
             0    1.768744
             1    0.900554
 pspatm: atomic psp has been read  and splines computed

   4.08917216E+00                                ecore*ucvol(ha*bohr**3)
--------------------------------------------------------------------------------

P newkpt: treating      3 bands with npw=      90 for ikpt=   1
P newkpt: treating      3 bands with npw=      89 for ikpt=   2

 setup2: Arith. and geom. avg. npw (full set) are      89.750      89.749

================================================================================

 BROYDEN STEP NUMBER   0  ------------------------------------------------------

     iter   Etot(hartree)      deltaE(h)  residm     vres2    diffor    maxfor
 ETOT  1  -2.0976647769159    -2.098E+00 1.024E-03 3.819E-01 0.000E+00 0.000E+00
 ETOT  2  -2.0979329058481    -2.681E-04 3.236E-10 1.004E-02 0.000E+00 0.000E+00
 ETOT  3  -2.0979387166807    -5.811E-06 1.050E-07 5.228E-05 0.000E+00 0.000E+00
 ETOT  4  -2.0979387453312    -2.865E-08 7.314E-10 1.924E-07 0.000E+00 0.000E+00
 ETOT  5  -2.0979387454056    -7.436E-11 1.449E-12 7.991E-10 0.000E+00 0.000E+00

 At SCF step    5, etot is converged :
  for the second time, diff in etot=  7.436E-11 < toldfe=  1.000E-06

 Cartesian components of stress tensor (hartree/bohr^3)
  sigma(1 1)=  4.64978647E-05  sigma(3 2)=  0.00000000E+00
  sigma(2 2)=  4.64978647E-05  sigma(3 1)=  0.00000000E+00
  sigma(3 3)=  4.64978647E-05  sigma(2 1)=  0.00000000E+00

 Unit cell characteristics :
  acell=  7.6000000000E+00  7.6000000000E+00  7.6000000000E+00
  rprim=  0.0000000000E+00  5.0000000000E-01  5.0000000000E-01
          5.0000000000E-01  0.0000000000E+00  5.0000000000E-01
          5.0000000000E-01  5.0000000000E-01  0.0000000000E+00
  ucvol=  1.0974400000E+02 Bohr^3
  lengths=  5.3740115370E+00  5.3740115370E+00  5.3740115370E+00 Bohr
  angles (23,13,12)=  60.00000000  60.00000000  60.00000000 degrees
 Cartesian coordinates (bohr)
  0.00000000000000E+00  0.00000000000000E+00  0.00000000000000E+00
 Cartesian forces (hart/bohr); max,rms= 0.00000E+00 0.00000E+00 (free atoms)
 -0.00000000000000E+00 -0.00000000000000E+00 -0.00000000000000E+00

 At the end of Broyden step  0, total energy= -2.09793874540560E+00 Ha.


 BROYDEN STEP NUMBER   1  ------------------------------------------------------

     iter   Etot(hartree)      deltaE(h)  residm     vres2    diffor    maxfor
 ETOT  1  -2.0979574504260    -2.098E+00 2.153E-12 1.594E-05 0.000E+00 0.000E+00
 ETOT  2  -2.0979574577359    -7.310E-09 1.944E-15 9.906E-07 0.000E+00 0.000E+00
 ETOT  3  -2.0979574582395    -5.036E-10 7.562E-12 5.972E-10 0.000E+00 0.000E+00

 At SCF step    3, etot is converged :
  for the second time, diff in etot=  5.036E-10 < toldfe=  1.000E-06

 Cartesian components of stress tensor (hartree/bohr^3)
  sigma(1 1)=  3.50337004E-05  sigma(3 2)=  0.00000000E+00
  sigma(2 2)=  3.50337004E-05  sigma(3 1)=  0.00000000E+00
  sigma(3 3)=  3.50337004E-05  sigma(2 1)=  0.00000000E+00

 Unit cell characteristics :
  acell=  7.5893984869E+00  7.5893984869E+00  7.5893984869E+00
  rprim=  0.0000000000E+00  5.0000000000E-01  5.0000000000E-01
          5.0000000000E-01  0.0000000000E+00  5.0000000000E-01
          5.0000000000E-01  5.0000000000E-01  0.0000000000E+00
  ucvol=  1.0928538279E+02 Bohr^3
  lengths=  5.3665151352E+00  5.3665151352E+00  5.3665151352E+00 Bohr
  angles (23,13,12)=  60.00000000  60.00000000  60.00000000 degrees
 Cartesian coordinates (bohr)
  0.00000000000000E+00  0.00000000000000E+00  0.00000000000000E+00
 Cartesian forces (hart/bohr); max,rms= 0.00000E+00 0.00000E+00 (free atoms)
 -0.00000000000000E+00 -0.00000000000000E+00 -0.00000000000000E+00

 At the end of Broyden step  1, total energy= -2.09795745823949E+00 Ha.


 BROYDEN STEP NUMBER   2  ------------------------------------------------------

     iter   Etot(hartree)      deltaE(h)  residm     vres2    diffor    maxfor
 ETOT  1  -2.0979806315739    -2.098E+00 1.852E-11 1.189E-04 0.000E+00 0.000E+00
 ETOT  2  -2.0979806851026    -5.353E-08 1.483E-14 7.351E-06 0.000E+00 0.000E+00
 ETOT  3  -2.0979806887725    -3.670E-09 5.397E-11 4.461E-09 0.000E+00 0.000E+00

 At SCF step    3, etot is converged :
  for the second time, diff in etot=  3.670E-09 < toldfe=  1.000E-06

 Cartesian components of stress tensor (hartree/bohr^3)
  sigma(1 1)=  2.01634778E-06  sigma(3 2)=  0.00000000E+00
  sigma(2 2)=  2.01634778E-06  sigma(3 1)=  0.00000000E+00
  sigma(3 3)=  2.01634778E-06  sigma(2 1)=  0.00000000E+00

 Unit cell characteristics :
  acell=  7.5605795604E+00  7.5605795604E+00  7.5605795604E+00
  rprim=  0.0000000000E+00  5.0000000000E-01  5.0000000000E-01
          5.0000000000E-01  0.0000000000E+00  5.0000000000E-01
          5.0000000000E-01  5.0000000000E-01  0.0000000000E+00
  ucvol=  1.0804514888E+02 Bohr^3
  lengths=  5.3461370769E+00  5.3461370769E+00  5.3461370769E+00 Bohr
  angles (23,13,12)=  60.00000000  60.00000000  60.00000000 degrees
 Cartesian coordinates (bohr)
  0.00000000000000E+00  0.00000000000000E+00  0.00000000000000E+00
 Cartesian forces (hart/bohr); max,rms= 0.00000E+00 0.00000E+00 (free atoms)
 -0.00000000000000E+00 -0.00000000000000E+00 -0.00000000000000E+00

 At the end of Broyden step  2, total energy= -2.09798068877253E+00 Ha.


 BROYDEN STEP NUMBER   3  ------------------------------------------------------

     iter   Etot(hartree)      deltaE(h)  residm     vres2    diffor    maxfor
 ETOT  1  -2.0979807616500    -2.098E+00 6.101E-14 4.234E-07 0.000E+00 0.000E+00
 ETOT  2  -2.0979807618409    -1.908E-10 5.274E-17 2.617E-08 0.000E+00 0.000E+00
 ETOT  3  -2.0979807618539    -1.307E-11 1.922E-13 1.564E-11 0.000E+00 0.000E+00

 At SCF step    3, etot is converged :
  for the second time, diff in etot=  1.307E-11 < toldfe=  1.000E-06

 Cartesian components of stress tensor (hartree/bohr^3)
  sigma(1 1)=  1.76697980E-08  sigma(3 2)=  0.00000000E+00
  sigma(2 2)=  1.76697980E-08  sigma(3 1)=  0.00000000E+00
  sigma(3 3)=  1.76697980E-08  sigma(2 1)=  0.00000000E+00

 Unit cell characteristics :
  acell=  7.5588968086E+00  7.5588968086E+00  7.5588968086E+00
  rprim=  0.0000000000E+00  5.0000000000E-01  5.0000000000E-01
          5.0000000000E-01  0.0000000000E+00  5.0000000000E-01
          5.0000000000E-01  5.0000000000E-01  0.0000000000E+00
  ucvol=  1.0797302238E+02 Bohr^3
  lengths=  5.3449471917E+00  5.3449471917E+00  5.3449471917E+00 Bohr
  angles (23,13,12)=  60.00000000  60.00000000  60.00000000 degrees
 Cartesian coordinates (bohr)
  0.00000000000000E+00  0.00000000000000E+00  0.00000000000000E+00
 Cartesian forces (hart/bohr); max,rms= 0.00000E+00 0.00000E+00 (free atoms)
 -0.00000000000000E+00 -0.00000000000000E+00 -0.00000000000000E+00

 At the end of Broyden step  3, total energy= -2.09798076185393E+00 Ha.


 At Broyd/MD step   3, gradients are converged :
  max grad (force/stress) = 1.7670E-06 < tolmxf= 5.0000E-05 ha/bohr (free atoms)

================================================================================

 ----iterations are completed or convergence reached----

 Mean square residual over all n,k,spin=   1.1393E-13; max=  1.9217E-13
  -0.2500  0.5000  0.0000    1  1.92171E-13 kpt; spin; max resid(k); each band:
 1.59E-13 1.51E-13 1.92E-13
  -0.2500  0.0000  0.0000    1  8.13522E-14 kpt; spin; max resid(k); each band:
 5.73E-14 8.14E-14 4.28E-14
 reduced coordinates (array xred) for    1 atoms
       0.000000000000      0.000000000000      0.000000000000
 rms dE/dt=  0.0000E+00; max dE/dt=  0.0000E+00; dE/dt below (all hartree)
    1       0.000000000000      0.000000000000      0.000000000000

 cartesian coordinates (angstrom) at end:
    1      0.00000000000000     0.00000000000000     0.00000000000000

 cartesian forces (hartree/bohr) at end:
    1     -0.00000000000000    -0.00000000000000    -0.00000000000000
 frms,max,avg= 0.0000000E+00 0.0000000E+00   0.000E+00  0.000E+00  0.000E+00 h/b

 cartesian forces (eV/Angstrom) at end:
    1     -0.00000000000000    -0.00000000000000    -0.00000000000000
 frms,max,avg= 0.0000000E+00 0.0000000E+00   0.000E+00  0.000E+00  0.000E+00 e/A
 length scales=  7.558896808629  7.558896808629  7.558896808629 bohr
              =  3.999995913210  3.999995913210  3.999995913210 angstroms
 prteigrs : about to open file t41o_EIG
 Fermi (or HOMO) energy (hartree) =   0.26847   Average Vxc (hartree)=  -0.34746
 Eigenvalues (hartree) for nkpt=   2  k points:
 kpt#   1, nband=  3, wtk=  0.75000, kpt= -0.2500  0.5000  0.0000 (reduced coord)
   0.09425   0.25438   0.41909
      occupation numbers for kpt#   1
   2.00003   1.33307   0.00014
 kpt#   2, nband=  3, wtk=  0.25000, kpt= -0.2500  0.0000  0.0000 (reduced coord)
  -0.07038   0.41093   0.68874
      occupation numbers for kpt#   2
   2.00000   0.00030   0.00000
 Total charge density [el/Bohr^3]
,     Maximum=    3.3235E-02  at reduced coord.    0.8000    0.8667    0.8667
,Next maximum=    3.3235E-02  at reduced coord.    0.4667    0.8667    0.8667
,     Minimum=    2.7392E-03  at reduced coord.    0.0000    0.0000    0.0000
,Next minimum=    4.8415E-03  at reduced coord.    0.0667    0.0000    0.0000

--------------------------------------------------------------------------------
 Components of total free energy (in Hartree) :

    Kinetic energy  =  8.70954971784007E-01
    Hartree energy  =  3.84986358591916E-03
    XC energy       = -8.08434339502876E-01
    Ewald energy    = -2.72948286712413E+00
    PspCore energy  =  3.78721653638111E-02
    Loc. psp. energy=  8.26684645849308E-02
    NL   psp  energy=  4.52588269934190E-01
    >>>>> Internal E= -2.08998347137415E+00

    -kT*entropy     = -7.99729047978152E-03
    >>>>>>>>> Etotal= -2.09798076185393E+00

 Other information on the energy :
    Total energy(eV)= -5.70889598417026E+01 ; Band energy (Ha)=   3.6059822203E-01
--------------------------------------------------------------------------------

 Cartesian components of stress tensor (hartree/bohr^3)
  sigma(1 1)=  1.76697980E-08  sigma(3 2)=  0.00000000E+00
  sigma(2 2)=  1.76697980E-08  sigma(3 1)=  0.00000000E+00
  sigma(3 3)=  1.76697980E-08  sigma(2 1)=  0.00000000E+00

-Cartesian components of stress tensor (GPa)         [Pressure= -5.1986E-04 GPa]
- sigma(1 1)=  5.19863318E-04  sigma(3 2)=  0.00000000E+00
- sigma(2 2)=  5.19863318E-04  sigma(3 1)=  0.00000000E+00
- sigma(3 3)=  5.19863318E-04  sigma(2 1)=  0.00000000E+00

== END DATASET(S) ==============================================================
================================================================================
  
 -outvars: echo values of variables after computation  --------
     acell    7.5588968086E+00  7.5588968086E+00  7.5588968086E+00 Bohr
       amu    2.69815390E+01
   dilatmx    1.05000000E+00
      ecut    6.00000000E+00 Hartree
    ecutsm    5.00000000E-01 Hartree
    etotal   -2.0979807619E+00
     fcart   -0.0000000000E+00 -0.0000000000E+00 -0.0000000000E+00
    ionmov         3
       kpt   -2.50000000E-01  5.00000000E-01  0.00000000E+00
             -2.50000000E-01  0.00000000E+00  0.00000000E+00
   kptrlen    1.52000000E+01
    kptopt         1
  kptrlatt    2 -2  2  -2  2  2  -2 -2  2
P    mkmem         2
     natom         1
     nband         3
     ngfft        15      15      15
      nkpt         2
     nstep        10
      nsym        48
     ntime        10
    ntypat         1
       occ    2.000029  1.333066  0.000138
              2.000000  0.000299  0.000000
    occopt         4
   optcell         1
     rprim    0.0000000000E+00  5.0000000000E-01  5.0000000000E-01
              5.0000000000E-01  0.0000000000E+00  5.0000000000E-01
              5.0000000000E-01  5.0000000000E-01  0.0000000000E+00
    shiftk    5.00000000E-01  5.00000000E-01  5.00000000E-01
   spgroup       225
    strten    1.7669798020E-08  1.7669798020E-08  1.7669798020E-08
              0.0000000000E+00  0.0000000000E+00  0.0000000000E+00
    symrel    1  0  0   0  1  0   0  0  1      -1  0  0   0 -1  0   0  0 -1
              0 -1  1   0 -1  0   1 -1  0       0  1 -1   0  1  0  -1  1  0
             -1  0  0  -1  0  1  -1  1  0       1  0  0   1  0 -1   1 -1  0
              0  1 -1   1  0 -1   0  0 -1       0 -1  1  -1  0  1   0  0  1
             -1  0  0  -1  1  0  -1  0  1       1  0  0   1 -1  0   1  0 -1
              0 -1  1   1 -1  0   0 -1  0       0  1 -1  -1  1  0   0  1  0
              1  0  0   0  0  1   0  1  0      -1  0  0   0  0 -1   0 -1  0
              0  1 -1   0  0 -1   1  0 -1       0 -1  1   0  0  1  -1  0  1
             -1  0  1  -1  1  0  -1  0  0       1  0 -1   1 -1  0   1  0  0
              0 -1  0   1 -1  0   0 -1  1       0  1  0  -1  1  0   0  1 -1
              1  0 -1   0  0 -1   0  1 -1      -1  0  1   0  0  1   0 -1  1
              0  1  0   0  0  1   1  0  0       0 -1  0   0  0 -1  -1  0  0
              1  0 -1   0  1 -1   0  0 -1      -1  0  1   0 -1  1   0  0  1
              0 -1  0   0 -1  1   1 -1  0       0  1  0   0  1 -1  -1  1  0
             -1  0  1  -1  0  0  -1  1  0       1  0 -1   1  0  0   1 -1  0
              0  1  0   1  0  0   0  0  1       0 -1  0  -1  0  0   0  0 -1
              0  0 -1   0  1 -1   1  0 -1       0  0  1   0 -1  1  -1  0  1
              1 -1  0   0 -1  1   0 -1  0      -1  1  0   0  1 -1   0  1  0
              0  0  1   1  0  0   0  1  0       0  0 -1  -1  0  0   0 -1  0
             -1  1  0  -1  0  0  -1  0  1       1 -1  0   1  0  0   1  0 -1
              0  0  1   0  1  0   1  0  0       0  0 -1   0 -1  0  -1  0  0
              1 -1  0   0 -1  0   0 -1  1      -1  1  0   0  1  0   0  1 -1
              0  0 -1   1  0 -1   0  1 -1       0  0  1  -1  0  1   0 -1  1
             -1  1  0  -1  0  1  -1  0  0       1 -1  0   1  0 -1   1  0  0
    toldfe    1.00000000E-06 Hartree
    tsmear    5.00000000E-02 Hartree
     typat    1
       wtk      0.75000    0.25000
     znucl     13.00000

================================================================================

- Total cpu        time (s,m,h):          1.0        0.02      0.000
- Total wall clock time (s,m,h):          1.0        0.02      0.000

- For major independent code sections, cpu and wall times (sec),
- as well as % of the total time and number of calls 

- routine                 cpu     %       wall     %      number of calls 
-                                                          (-1=no count)
- timing timab           0.348  33.4      0.349  33.5             11
- pspini                 0.251  24.1      0.251  24.1              1
- invars2                0.104  10.0      0.105  10.1              1
- fourwf(pot)            0.092   8.8      0.095   9.1            579
- abinit(2)              0.030   2.9      0.030   2.9              1
- forces                 0.022   2.1      0.025   2.4             14
- vtorho(4)-mkrho-       0.013   1.2      0.016   1.5             28
- status                 0.012   1.2      0.007   0.7            832
- symrhg(no FFT)         0.012   1.2      0.008   0.8             14
- vtowfk(ssdiag)         0.012   1.2      0.007   0.7             -1
- nonlop(apply)          0.009   0.9      0.012   1.2            579
- xc:pot/=fourdp         0.008   0.8      0.004   0.4             18
- vtorho-kpt loop        0.008   0.8      0.001   0.1             14
- fourwf(den)            0.005   0.5      0.007   0.7             70
- fourdp                 0.003   0.3      0.008   0.8             74
- 55   others            0.029   2.8      0.029   2.8

- subtotal               0.958  92.0      0.954  91.6

================================================================================

 Calculation completed.
.Delivered    1 WARNINGs and   5 COMMENTs to log file.
+Overall time at end (sec) : cpu=          1.0  wall=          1.0
