
.Version 5.6.3  of ABINIT 
.(sequential version, prepared for a x86_64_linux_gcc4.3 computer) 

.Copyright (C) 1998-2008 ABINIT group . 
 ABINIT comes with ABSOLUTELY NO WARRANTY.
 It is free software, and you are welcome to redistribute it
 under certain conditions (GNU General Public License,
 see ~abinit/COPYING or http://www.gnu.org/copyleft/gpl.txt).

 ABINIT is a project of the Universite Catholique de Louvain,
 Corning Inc. and other collaborators, see ~abinit/doc/developers/contributors.txt .
 Please read ~abinit/doc/users/acknowledgments.html for suggested
 acknowledgments of the ABINIT effort.
 For more information, see http://www.abinit.org .

.Starting date : Thu  6 Nov 2008.
  
- input  file    -> /home/gonze/ABINIT/ABINITv5.6.3/test_gcc43/5.6.3-private/tests/tutorial/Input/tpaw1_1.in
- output file    -> tpaw1_1.out
- root for input  files -> tpaw1_1i
- root for output files -> tpaw1_1o


 Symmetries : space group Fd -3 m (#227); Bravais cF (face-center cubic)
================================================================================
 Values of the parameters that define the memory need of the present run
   intxc =         0  ionmov =         0    iscf =         7 xclevel =         1
  lmnmax =         1   lnmax =         1   mband =         6  mffmem =         1
P  mgfft =        18   mkmem =        28 mpssoang=         2     mpw =       219
  mqgrid =      3001   natom =         2    nfft =      5832    nkpt =        28
  nloalg =         4  nspden =         1 nspinor =         1  nsppol =         1
    nsym =        48  n1xccc =      2501  ntypat =         1  occopt =         1
================================================================================
P This job should need less than                       2.839 Mbytes of memory.
  Rough estimation (10% accuracy) of disk space for files :
  WF disk file :      0.563 Mbytes ; DEN or POT disk file :      0.046 Mbytes.
================================================================================

 -outvars: echo values of preprocessed input variables --------
     acell    6.7406531160E+00  6.7406531160E+00  6.7406531160E+00 Bohr
       amu    1.20110000E+01
      ecut    1.50000000E+01 Hartree
    ecutsm    5.00000000E-01 Hartree
       kpt   -8.33333333E-02 -1.66666667E-01  0.00000000E+00
             -8.33333333E-02 -3.33333333E-01  0.00000000E+00
             -1.66666667E-01 -2.50000000E-01  0.00000000E+00
             -8.33333333E-02 -2.50000000E-01  8.33333333E-02
             -8.33333333E-02  5.00000000E-01  0.00000000E+00
             -1.66666667E-01 -4.16666667E-01  0.00000000E+00
             -8.33333333E-02 -4.16666667E-01  8.33333333E-02
             -2.50000000E-01 -3.33333333E-01  0.00000000E+00
             -1.66666667E-01 -3.33333333E-01  8.33333333E-02
             -8.33333333E-02 -3.33333333E-01  1.66666667E-01
             -8.33333333E-02  3.33333333E-01  0.00000000E+00
             -1.66666667E-01  4.16666667E-01  0.00000000E+00
             -2.50000000E-01  5.00000000E-01  0.00000000E+00
             -1.66666667E-01  5.00000000E-01  8.33333333E-02
             -3.33333333E-01 -4.16666667E-01  0.00000000E+00
             -2.50000000E-01 -4.16666667E-01  8.33333333E-02
             -1.66666667E-01 -4.16666667E-01  1.66666667E-01
             -8.33333333E-02 -4.16666667E-01  2.50000000E-01
             -8.33333333E-02  1.66666667E-01  0.00000000E+00
             -1.66666667E-01  2.50000000E-01  0.00000000E+00
             -2.50000000E-01  3.33333333E-01  0.00000000E+00
             -3.33333333E-01  4.16666667E-01  0.00000000E+00
             -4.16666667E-01  5.00000000E-01  0.00000000E+00
             -3.33333333E-01  5.00000000E-01  8.33333333E-02
             -2.50000000E-01  5.00000000E-01  1.66666667E-01
             -8.33333333E-02  0.00000000E+00  0.00000000E+00
             -2.50000000E-01  0.00000000E+00  0.00000000E+00
             -4.16666667E-01  0.00000000E+00  0.00000000E+00
   kptrlen    4.04439187E+01
    kptopt         1
  kptrlatt    6 -6  6  -6  6  6  -6 -6  6
P    mkmem        28
     natom         2
     nband         6
     ngfft        18      18      18
      nkpt        28
     nstep        20
      nsym        48
    ntypat         1
       occ    2.000000  2.000000  2.000000  2.000000  0.000000  0.000000
 optforces         2
    prtden         0
    prteig         0
     prtwf         0
     rprim    0.0000000000E+00  5.0000000000E-01  5.0000000000E-01
              5.0000000000E-01  0.0000000000E+00  5.0000000000E-01
              5.0000000000E-01  5.0000000000E-01  0.0000000000E+00
    shiftk    5.00000000E-01  5.00000000E-01  5.00000000E-01
   spgroup       227
    symrel    1  0  0   0  1  0   0  0  1      -1  0  0   0 -1  0   0  0 -1
              0 -1  1   0 -1  0   1 -1  0       0  1 -1   0  1  0  -1  1  0
             -1  0  0  -1  0  1  -1  1  0       1  0  0   1  0 -1   1 -1  0
              0  1 -1   1  0 -1   0  0 -1       0 -1  1  -1  0  1   0  0  1
             -1  0  0  -1  1  0  -1  0  1       1  0  0   1 -1  0   1  0 -1
              0 -1  1   1 -1  0   0 -1  0       0  1 -1  -1  1  0   0  1  0
              1  0  0   0  0  1   0  1  0      -1  0  0   0  0 -1   0 -1  0
              0  1 -1   0  0 -1   1  0 -1       0 -1  1   0  0  1  -1  0  1
             -1  0  1  -1  1  0  -1  0  0       1  0 -1   1 -1  0   1  0  0
              0 -1  0   1 -1  0   0 -1  1       0  1  0  -1  1  0   0  1 -1
              1  0 -1   0  0 -1   0  1 -1      -1  0  1   0  0  1   0 -1  1
              0  1  0   0  0  1   1  0  0       0 -1  0   0  0 -1  -1  0  0
              1  0 -1   0  1 -1   0  0 -1      -1  0  1   0 -1  1   0  0  1
              0 -1  0   0 -1  1   1 -1  0       0  1  0   0  1 -1  -1  1  0
             -1  0  1  -1  0  0  -1  1  0       1  0 -1   1  0  0   1 -1  0
              0  1  0   1  0  0   0  0  1       0 -1  0  -1  0  0   0  0 -1
              0  0 -1   0  1 -1   1  0 -1       0  0  1   0 -1  1  -1  0  1
              1 -1  0   0 -1  1   0 -1  0      -1  1  0   0  1 -1   0  1  0
              0  0  1   1  0  0   0  1  0       0  0 -1  -1  0  0   0 -1  0
             -1  1  0  -1  0  0  -1  0  1       1 -1  0   1  0  0   1  0 -1
              0  0  1   0  1  0   1  0  0       0  0 -1   0 -1  0  -1  0  0
              1 -1  0   0 -1  0   0 -1  1      -1  1  0   0  1  0   0  1 -1
              0  0 -1   1  0 -1   0  1 -1       0  0  1  -1  0  1   0 -1  1
             -1  1  0  -1  0  1  -1  0  0       1 -1  0   1  0 -1   1  0  0
     tnons    0.0000000  0.0000000  0.0000000     0.2500000  0.2500000  0.2500000
              0.0000000  0.0000000  0.0000000     0.2500000  0.2500000  0.2500000
              0.0000000  0.0000000  0.0000000     0.2500000  0.2500000  0.2500000
              0.0000000  0.0000000  0.0000000     0.2500000  0.2500000  0.2500000
              0.0000000  0.0000000  0.0000000     0.2500000  0.2500000  0.2500000
              0.0000000  0.0000000  0.0000000     0.2500000  0.2500000  0.2500000
              0.0000000  0.0000000  0.0000000     0.2500000  0.2500000  0.2500000
              0.0000000  0.0000000  0.0000000     0.2500000  0.2500000  0.2500000
              0.0000000  0.0000000  0.0000000     0.2500000  0.2500000  0.2500000
              0.0000000  0.0000000  0.0000000     0.2500000  0.2500000  0.2500000
              0.0000000  0.0000000  0.0000000     0.2500000  0.2500000  0.2500000
              0.0000000  0.0000000  0.0000000     0.2500000  0.2500000  0.2500000
              0.0000000  0.0000000  0.0000000     0.2500000  0.2500000  0.2500000
              0.0000000  0.0000000  0.0000000     0.2500000  0.2500000  0.2500000
              0.0000000  0.0000000  0.0000000     0.2500000  0.2500000  0.2500000
              0.0000000  0.0000000  0.0000000     0.2500000  0.2500000  0.2500000
              0.0000000  0.0000000  0.0000000     0.2500000  0.2500000  0.2500000
              0.0000000  0.0000000  0.0000000     0.2500000  0.2500000  0.2500000
              0.0000000  0.0000000  0.0000000     0.2500000  0.2500000  0.2500000
              0.0000000  0.0000000  0.0000000     0.2500000  0.2500000  0.2500000
              0.0000000  0.0000000  0.0000000     0.2500000  0.2500000  0.2500000
              0.0000000  0.0000000  0.0000000     0.2500000  0.2500000  0.2500000
              0.0000000  0.0000000  0.0000000     0.2500000  0.2500000  0.2500000
              0.0000000  0.0000000  0.0000000     0.2500000  0.2500000  0.2500000
    tolvrs    1.00000000E-10
     typat    1  1
       wtk      0.02778    0.02778    0.02778    0.05556    0.02778    0.02778
                0.05556    0.02778    0.05556    0.05556    0.02778    0.02778
                0.02778    0.05556    0.02778    0.05556    0.05556    0.05556
                0.02778    0.02778    0.02778    0.02778    0.02778    0.05556
                0.05556    0.00926    0.00926    0.00926
    xangst    0.0000000000E+00  0.0000000000E+00  0.0000000000E+00
              8.9175000000E-01  8.9175000000E-01  8.9175000000E-01
     xcart    0.0000000000E+00  0.0000000000E+00  0.0000000000E+00
              1.6851632790E+00  1.6851632790E+00  1.6851632790E+00
      xred    0.0000000000E+00  0.0000000000E+00  0.0000000000E+00
              2.5000000000E-01  2.5000000000E-01  2.5000000000E-01
     znucl      6.00000

================================================================================

 chkinp: Checking input parameters for consistency.

================================================================================
== DATASET  1 ==================================================================

 Real(R)+Recip(G) space primitive vectors, cartesian coordinates (Bohr,Bohr^-1):
 R(1)=  0.0000000  3.3703266  3.3703266  G(1)= -0.1483536  0.1483536  0.1483536
 R(2)=  3.3703266  0.0000000  3.3703266  G(2)=  0.1483536 -0.1483536  0.1483536
 R(3)=  3.3703266  3.3703266  0.0000000  G(3)=  0.1483536  0.1483536 -0.1483536
 Unit cell volume ucvol=  7.6567760E+01 bohr^3
 Angles (23,13,12)=  6.00000000E+01  6.00000000E+01  6.00000000E+01 degrees

 getcut: wavevector=  0.0000  0.0000  0.0000  ngfft=  18  18  18
         ecut(hartree)=     15.000   => boxcut(ratio)=   2.17276

--- Pseudopotential description ------------------------------------------------
- pspini: atom type   1  psp file is /home/gonze/ABINIT/ABINITv5.6.3/test_gcc43/5.6.3-private/tests/Psps_for_tests/6c.pspnc
- pspatm: opening atomic psp file    /home/gonze/ABINIT/ABINITv5.6.3/test_gcc43/5.6.3-private/tests/Psps_for_tests/6c.pspnc
  Troullier-Martins psp for element  C         Thu Oct 27 17:29:33 EDT 1994
   6.00000   4.00000    940714                znucl, zion, pspdat
    1    1    1    1      2001   0.00000      pspcod,pspxc,lmax,lloc,mmax,r2well
    0  10.372  24.987    1   1.4850707        l,e99.0,e99.9,nproj,rcpsp
   0.00000000   0.00000000   0.00000000   0.00000000     rms, ekb1, ekb2, epsatm
    1  15.431  21.987    0   1.4850707        l,e99.0,e99.9,nproj,rcpsp
   0.00000000   0.00000000   0.00000000   0.00000000     rms, ekb1, ekb2, epsatm
    0.83985002509544    0.99012430797080    0.51184907750884   rchrg,fchrg,qchrg
 pspatm: epsatm=    0.92590353
         --- l  ekb(1:nproj) -->
             0    4.921466
 pspatm: atomic psp has been read  and splines computed

   1.48144565E+01                                ecore*ucvol(ha*bohr**3)
--------------------------------------------------------------------------------

P newkpt: treating      6 bands with npw=     207 for ikpt=   1
P newkpt: treating      6 bands with npw=     209 for ikpt=   2
P newkpt: treating      6 bands with npw=     209 for ikpt=   3
P newkpt: treating      6 bands with npw=     208 for ikpt=   4
P newkpt: treating      6 bands with npw=     219 for ikpt=   5
P newkpt: treating      6 bands with npw=     212 for ikpt=   6
P newkpt: treating      6 bands with npw=     214 for ikpt=   7
P newkpt: treating      6 bands with npw=     215 for ikpt=   8
P newkpt: treating      6 bands with npw=     213 for ikpt=   9
P newkpt: treating      6 bands with npw=     211 for ikpt=  10
P newkpt: treating      6 bands with npw=     213 for ikpt=  11
P newkpt: treating      6 bands with npw=     215 for ikpt=  12
P newkpt: treating      6 bands with npw=     214 for ikpt=  13
P newkpt: treating      6 bands with npw=     214 for ikpt=  14
P newkpt: treating      6 bands with npw=     211 for ikpt=  15
P newkpt: treating      6 bands with npw=     212 for ikpt=  16
P newkpt: treating      6 bands with npw=     213 for ikpt=  17
P newkpt: treating      6 bands with npw=     215 for ikpt=  18
P newkpt: treating      6 bands with npw=     210 for ikpt=  19
P newkpt: treating      6 bands with npw=     212 for ikpt=  20
P newkpt: treating      6 bands with npw=     215 for ikpt=  21
P newkpt: treating      6 bands with npw=     219 for ikpt=  22
P newkpt: treating      6 bands with npw=     217 for ikpt=  23
P newkpt: treating      6 bands with npw=     212 for ikpt=  24
P newkpt: treating      6 bands with npw=     213 for ikpt=  25
P newkpt: treating      6 bands with npw=     202 for ikpt=  26
P newkpt: treating      6 bands with npw=     205 for ikpt=  27
P newkpt: treating      6 bands with npw=     213 for ikpt=  28

 setup2: Arith. and geom. avg. npw (full set) are     212.602     212.581

================================================================================

     iter   Etot(hartree)      deltaE(h)  residm     vres2
 ETOT  1  -11.990299275805    -1.199E+01 5.478E-02 1.269E+01
 ETOT  2  -11.998170989004    -7.872E-03 2.461E-03 4.902E-02
 ETOT  3  -11.998183318382    -1.233E-05 3.871E-04 1.328E-03
 ETOT  4  -11.998183685468    -3.671E-07 4.859E-04 7.370E-07
 ETOT  5  -11.998183685679    -2.108E-10 1.823E-04 9.143E-10
 ETOT  6  -11.998183685680    -2.505E-13 2.729E-04 5.564E-12

 At SCF step    6       vres2   =  5.56E-12 < tolvrs=  1.00E-10 =>converged.

 Cartesian components of stress tensor (hartree/bohr^3)
  sigma(1 1)=  1.23183473E-04  sigma(3 2)=  0.00000000E+00
  sigma(2 2)=  1.23183473E-04  sigma(3 1)=  0.00000000E+00
  sigma(3 3)=  1.23183473E-04  sigma(2 1)=  0.00000000E+00

================================================================================

 ----iterations are completed or convergence reached----

 Mean square residual over all n,k,spin=   5.7369E-06; max=  2.7290E-04
  -0.0833 -0.1667  0.0000    1  7.52770E-05 kpt; spin; max resid(k); each band:
 2.95E-15 2.15E-15 1.50E-15 2.27E-15 4.17E-10 7.53E-05
  -0.0833 -0.3333  0.0000    1  5.93284E-05 kpt; spin; max resid(k); each band:
 4.37E-15 2.62E-15 1.68E-15 1.10E-15 9.14E-12 5.93E-05
  -0.1667 -0.2500  0.0000    1  3.48307E-05 kpt; spin; max resid(k); each band:
 5.26E-15 1.92E-15 2.34E-15 1.55E-15 5.20E-14 3.48E-05
  -0.0833 -0.2500  0.0833    1  4.43282E-06 kpt; spin; max resid(k); each band:
 4.62E-15 3.56E-15 2.56E-15 1.27E-15 1.12E-11 4.43E-06
  -0.0833  0.5000  0.0000    1  2.15803E-04 kpt; spin; max resid(k); each band:
 1.69E-15 3.38E-15 8.25E-16 6.67E-16 3.28E-09 2.16E-04
  -0.1667 -0.4167  0.0000    1  2.02283E-05 kpt; spin; max resid(k); each band:
 5.63E-15 3.41E-15 1.46E-15 1.71E-15 7.35E-13 2.02E-05
  -0.0833 -0.4167  0.0833    1  3.14726E-09 kpt; spin; max resid(k); each band:
 3.80E-15 5.68E-15 1.83E-15 1.78E-15 5.26E-11 3.15E-09
  -0.2500 -0.3333  0.0000    1  7.70824E-12 kpt; spin; max resid(k); each band:
 7.13E-15 9.56E-16 3.72E-15 2.43E-16 1.04E-14 7.71E-12
  -0.1667 -0.3333  0.0833    1  1.52944E-05 kpt; spin; max resid(k); each band:
 6.62E-15 4.12E-15 2.95E-15 6.08E-15 1.74E-13 1.53E-05
  -0.0833 -0.3333  0.1667    1  1.38478E-10 kpt; spin; max resid(k); each band:
 4.29E-15 5.40E-15 4.03E-15 2.33E-15 5.81E-12 1.38E-10
  -0.0833  0.3333  0.0000    1  2.32374E-07 kpt; spin; max resid(k); each band:
 1.68E-15 3.64E-15 1.36E-15 3.34E-16 2.32E-07 7.05E-08
  -0.1667  0.4167  0.0000    1  1.36043E-06 kpt; spin; max resid(k); each band:
 1.08E-15 4.90E-15 2.01E-15 7.49E-16 1.12E-12 1.36E-06
  -0.2500  0.5000  0.0000    1  2.74481E-08 kpt; spin; max resid(k); each band:
 5.85E-15 5.90E-15 9.04E-15 2.72E-16 4.76E-14 2.74E-08
  -0.1667  0.5000  0.0833    1  3.62844E-10 kpt; spin; max resid(k); each band:
 2.95E-15 7.31E-15 2.50E-15 4.51E-15 1.95E-13 3.63E-10
  -0.3333 -0.4167  0.0000    1  1.28376E-14 kpt; spin; max resid(k); each band:
 8.22E-15 2.91E-15 4.47E-15 2.57E-16 1.28E-14 7.30E-15
  -0.2500 -0.4167  0.0833    1  7.88965E-12 kpt; spin; max resid(k); each band:
 7.33E-15 2.04E-15 7.35E-15 5.71E-15 2.06E-14 7.89E-12
  -0.1667 -0.4167  0.1667    1  2.22892E-08 kpt; spin; max resid(k); each band:
 5.04E-15 5.78E-15 4.88E-15 9.59E-15 1.46E-11 2.23E-08
  -0.0833 -0.4167  0.2500    1  3.83948E-08 kpt; spin; max resid(k); each band:
 2.04E-15 7.42E-15 6.82E-15 3.92E-15 6.75E-14 3.84E-08
  -0.0833  0.1667  0.0000    1  8.78618E-05 kpt; spin; max resid(k); each band:
 3.87E-15 4.35E-15 1.01E-15 8.54E-16 5.87E-09 8.79E-05
  -0.1667  0.2500  0.0000    1  6.07391E-09 kpt; spin; max resid(k); each band:
 1.76E-15 3.80E-15 2.32E-15 2.22E-16 3.41E-09 6.07E-09
  -0.2500  0.3333  0.0000    1  6.12227E-08 kpt; spin; max resid(k); each band:
 2.13E-15 5.90E-15 3.03E-15 2.96E-16 1.06E-13 6.12E-08
  -0.3333  0.4167  0.0000    1  2.16305E-09 kpt; spin; max resid(k); each band:
 2.99E-15 5.77E-15 1.23E-14 1.94E-16 1.56E-14 2.16E-09
  -0.4167  0.5000  0.0000    1  9.90014E-15 kpt; spin; max resid(k); each band:
 7.88E-15 6.06E-15 4.00E-15 1.96E-16 8.97E-15 9.90E-15
  -0.3333  0.5000  0.0833    1  7.55237E-14 kpt; spin; max resid(k); each band:
 6.41E-15 3.53E-15 9.66E-15 4.20E-15 1.12E-14 7.55E-14
  -0.2500  0.5000  0.1667    1  2.49354E-08 kpt; spin; max resid(k); each band:
 2.62E-15 3.44E-15 1.30E-14 1.15E-14 1.25E-11 2.49E-08
  -0.0833  0.0000  0.0000    1  1.75728E-04 kpt; spin; max resid(k); each band:
 1.07E-15 2.74E-15 3.13E-15 3.96E-15 8.50E-16 1.76E-04
  -0.2500  0.0000  0.0000    1  2.72903E-04 kpt; spin; max resid(k); each band:
 1.93E-15 2.30E-15 1.14E-15 1.34E-15 1.92E-15 2.73E-04
  -0.4167  0.0000  0.0000    1  2.55539E-07 kpt; spin; max resid(k); each band:
 1.24E-15 1.32E-15 5.00E-16 4.42E-16 8.86E-16 2.56E-07
 reduced coordinates (array xred) for    2 atoms
       0.000000000000      0.000000000000      0.000000000000
       0.250000000000      0.250000000000      0.250000000000
 rms dE/dt=  0.0000E+00; max dE/dt=  0.0000E+00; dE/dt below (all hartree)
    1       0.000000000000      0.000000000000      0.000000000000
    2       0.000000000000      0.000000000000      0.000000000000

 cartesian coordinates (angstrom) at end:
    1      0.00000000000000     0.00000000000000     0.00000000000000
    2      0.89175000000000     0.89175000000000     0.89175000000000

 cartesian forces (hartree/bohr) at end:
    1     -0.00000000000000    -0.00000000000000    -0.00000000000000
    2     -0.00000000000000    -0.00000000000000    -0.00000000000000
 frms,max,avg= 0.0000000E+00 0.0000000E+00   0.000E+00  0.000E+00  0.000E+00 h/b

 cartesian forces (eV/Angstrom) at end:
    1     -0.00000000000000    -0.00000000000000    -0.00000000000000
    2     -0.00000000000000    -0.00000000000000    -0.00000000000000
 frms,max,avg= 0.0000000E+00 0.0000000E+00   0.000E+00  0.000E+00  0.000E+00 e/A
 length scales=  6.740653116003  6.740653116003  6.740653116003 bohr
              =  3.567000000000  3.567000000000  3.567000000000 angstroms
 Fermi (or HOMO) energy (hartree) =   0.46650   Average Vxc (hartree)=  -0.50417
 Eigenvalues (hartree) for nkpt=  28  k points:
 kpt#   1, nband=  6, wtk=  0.02778, kpt= -0.0833 -0.1667  0.0000 (reduced coord)
  -0.30174   0.36294   0.41131   0.43937   0.67714   0.75819
 kpt#   2, nband=  6, wtk=  0.02778, kpt= -0.0833 -0.3333  0.0000 (reduced coord)
  -0.22706   0.15824   0.36344   0.38413   0.73645   0.80840
 kpt#   3, nband=  6, wtk=  0.02778, kpt= -0.1667 -0.2500  0.0000 (reduced coord)
  -0.26407   0.29662   0.34869   0.37142   0.65724   0.84612
 kpt#   4, nband=  6, wtk=  0.05556, kpt= -0.0833 -0.2500  0.0833 (reduced coord)
  -0.24549   0.23185   0.31542   0.39829   0.71737   0.80976
 kpt#   5, nband=  6, wtk=  0.02778, kpt= -0.0833  0.5000  0.0000 (reduced coord)
  -0.11465  -0.01566   0.34281   0.35525   0.76262   0.80240
 kpt#   6, nband=  6, wtk=  0.02778, kpt= -0.1667 -0.4167  0.0000 (reduced coord)
  -0.17300   0.10586   0.31209   0.32089   0.71030   0.87453
 kpt#   7, nband=  6, wtk=  0.05556, kpt= -0.0833 -0.4167  0.0833 (reduced coord)
  -0.13961   0.04303   0.29543   0.34516   0.76228   0.80164
 kpt#   8, nband=  6, wtk=  0.02778, kpt= -0.2500 -0.3333  0.0000 (reduced coord)
  -0.20888   0.23057   0.29388   0.29693   0.63815   0.80329
 kpt#   9, nband=  6, wtk=  0.05556, kpt= -0.1667 -0.3333  0.0833 (reduced coord)
  -0.19073   0.17622   0.26243   0.32317   0.70056   0.85313
 kpt#  10, nband=  6, wtk=  0.05556, kpt= -0.0833 -0.3333  0.1667 (reduced coord)
  -0.15562   0.11964   0.21705   0.34019   0.78020   0.80193
 kpt#  11, nband=  6, wtk=  0.02778, kpt= -0.0833  0.3333  0.0000 (reduced coord)
  -0.19109   0.09292   0.33621   0.38568   0.77686   0.78315
 kpt#  12, nband=  6, wtk=  0.02778, kpt= -0.1667  0.4167  0.0000 (reduced coord)
  -0.09796   0.00214   0.26657   0.33812   0.74118   0.84447
 kpt#  13, nband=  6, wtk=  0.02778, kpt= -0.2500  0.5000  0.0000 (reduced coord)
  -0.10456   0.06840   0.21854   0.28928   0.68541   0.88458
 kpt#  14, nband=  6, wtk=  0.05556, kpt= -0.1667  0.5000  0.0833 (reduced coord)
  -0.08110   0.01760   0.23323   0.29742   0.74049   0.84886
 kpt#  15, nband=  6, wtk=  0.02778, kpt= -0.3333 -0.4167  0.0000 (reduced coord)
  -0.13648   0.14757   0.23947   0.26070   0.63158   0.72617
 kpt#  16, nband=  6, wtk=  0.05556, kpt= -0.2500 -0.4167  0.0833 (reduced coord)
  -0.11976   0.12444   0.21044   0.25841   0.68914   0.79572
 kpt#  17, nband=  6, wtk=  0.05556, kpt= -0.1667 -0.4167  0.1667 (reduced coord)
  -0.08841   0.08154   0.17996   0.26220   0.78364   0.83061
 kpt#  18, nband=  6, wtk=  0.05556, kpt= -0.0833 -0.4167  0.2500 (reduced coord)
  -0.04986   0.04529   0.14785   0.27771   0.72738   0.90631
 kpt#  19, nband=  6, wtk=  0.02778, kpt= -0.0833  0.1667  0.0000 (reduced coord)
  -0.28291   0.29606   0.37206   0.44186   0.72235   0.76642
 kpt#  20, nband=  6, wtk=  0.02778, kpt= -0.1667  0.2500  0.0000 (reduced coord)
  -0.20899   0.17017   0.26406   0.39148   0.77950   0.78772
 kpt#  21, nband=  6, wtk=  0.02778, kpt= -0.2500  0.3333  0.0000 (reduced coord)
  -0.10589   0.07304   0.17621   0.32809   0.72694   0.88248
 kpt#  22, nband=  6, wtk=  0.02778, kpt= -0.3333  0.4167  0.0000 (reduced coord)
  -0.03136   0.04232   0.13679   0.27278   0.67112   0.86279
 kpt#  23, nband=  6, wtk=  0.02778, kpt= -0.4167  0.5000  0.0000 (reduced coord)
  -0.04967   0.04773   0.21603   0.24238   0.63589   0.67761
 kpt#  24, nband=  6, wtk=  0.05556, kpt= -0.3333  0.5000  0.0833 (reduced coord)
  -0.03632   0.05243   0.17145   0.23223   0.68423   0.76105
 kpt#  25, nband=  6, wtk=  0.05556, kpt= -0.2500  0.5000  0.1667 (reduced coord)
  -0.01660   0.04959   0.14627   0.20641   0.78041   0.86197
 kpt#  26, nband=  6, wtk=  0.00926, kpt= -0.0833  0.0000  0.0000 (reduced coord)
  -0.32064   0.42922   0.46650   0.46650   0.69227   0.69426
 kpt#  27, nband=  6, wtk=  0.00926, kpt= -0.2500  0.0000  0.0000 (reduced coord)
  -0.26415   0.22373   0.40894   0.40894   0.75533   0.75712
 kpt#  28, nband=  6, wtk=  0.00926, kpt= -0.4167  0.0000  0.0000 (reduced coord)
  -0.15728   0.02724   0.37394   0.37394   0.77662   0.77662
 Total charge density [el/Bohr^3]
,     Maximum=    2.9454E-01  at reduced coord.    0.1667    0.2222    0.4444
,Next maximum=    2.9454E-01  at reduced coord.    0.2222    0.1667    0.4444
,     Minimum=    1.4208E-02  at reduced coord.    0.5000    0.5000    0.5000
,Next minimum=    1.4612E-02  at reduced coord.    0.7778    0.7222    0.7222

--------------------------------------------------------------------------------
 Components of total free energy (in Hartree) :

    Kinetic energy  =  8.10066988322480E+00
    Hartree energy  =  9.36107164629854E-01
    XC energy       = -4.31890376261691E+00
    Ewald energy    = -1.27864121210521E+01
    PspCore energy  =  1.93481648420656E-01
    Loc. psp. energy= -5.47155395565934E+00
    NL   psp  energy=  1.34842745737348E+00
    >>>>>>>>> Etotal= -1.19981836856795E+01

 Other information on the energy :
    Total energy(eV)= -3.26487181893815E+02 ; Band energy (Ha)=   1.0937280000E+00
--------------------------------------------------------------------------------

 Cartesian components of stress tensor (hartree/bohr^3)
  sigma(1 1)=  1.23183473E-04  sigma(3 2)=  0.00000000E+00
  sigma(2 2)=  1.23183473E-04  sigma(3 1)=  0.00000000E+00
  sigma(3 3)=  1.23183473E-04  sigma(2 1)=  0.00000000E+00

-Cartesian components of stress tensor (GPa)         [Pressure= -3.6242E+00 GPa]
- sigma(1 1)=  3.62418229E+00  sigma(3 2)=  0.00000000E+00
- sigma(2 2)=  3.62418229E+00  sigma(3 1)=  0.00000000E+00
- sigma(3 3)=  3.62418229E+00  sigma(2 1)=  0.00000000E+00

== END DATASET(S) ==============================================================
================================================================================
  
 -outvars: echo values of variables after computation  --------
     acell    6.7406531160E+00  6.7406531160E+00  6.7406531160E+00 Bohr
       amu    1.20110000E+01
      ecut    1.50000000E+01 Hartree
    ecutsm    5.00000000E-01 Hartree
    etotal   -1.1998183686E+01
     fcart   -0.0000000000E+00 -0.0000000000E+00 -0.0000000000E+00
             -0.0000000000E+00 -0.0000000000E+00 -0.0000000000E+00
       kpt   -8.33333333E-02 -1.66666667E-01  0.00000000E+00
             -8.33333333E-02 -3.33333333E-01  0.00000000E+00
             -1.66666667E-01 -2.50000000E-01  0.00000000E+00
             -8.33333333E-02 -2.50000000E-01  8.33333333E-02
             -8.33333333E-02  5.00000000E-01  0.00000000E+00
             -1.66666667E-01 -4.16666667E-01  0.00000000E+00
             -8.33333333E-02 -4.16666667E-01  8.33333333E-02
             -2.50000000E-01 -3.33333333E-01  0.00000000E+00
             -1.66666667E-01 -3.33333333E-01  8.33333333E-02
             -8.33333333E-02 -3.33333333E-01  1.66666667E-01
             -8.33333333E-02  3.33333333E-01  0.00000000E+00
             -1.66666667E-01  4.16666667E-01  0.00000000E+00
             -2.50000000E-01  5.00000000E-01  0.00000000E+00
             -1.66666667E-01  5.00000000E-01  8.33333333E-02
             -3.33333333E-01 -4.16666667E-01  0.00000000E+00
             -2.50000000E-01 -4.16666667E-01  8.33333333E-02
             -1.66666667E-01 -4.16666667E-01  1.66666667E-01
             -8.33333333E-02 -4.16666667E-01  2.50000000E-01
             -8.33333333E-02  1.66666667E-01  0.00000000E+00
             -1.66666667E-01  2.50000000E-01  0.00000000E+00
             -2.50000000E-01  3.33333333E-01  0.00000000E+00
             -3.33333333E-01  4.16666667E-01  0.00000000E+00
             -4.16666667E-01  5.00000000E-01  0.00000000E+00
             -3.33333333E-01  5.00000000E-01  8.33333333E-02
             -2.50000000E-01  5.00000000E-01  1.66666667E-01
             -8.33333333E-02  0.00000000E+00  0.00000000E+00
             -2.50000000E-01  0.00000000E+00  0.00000000E+00
             -4.16666667E-01  0.00000000E+00  0.00000000E+00
   kptrlen    4.04439187E+01
    kptopt         1
  kptrlatt    6 -6  6  -6  6  6  -6 -6  6
P    mkmem        28
     natom         2
     nband         6
     ngfft        18      18      18
      nkpt        28
     nstep        20
      nsym        48
    ntypat         1
       occ    2.000000  2.000000  2.000000  2.000000  0.000000  0.000000
 optforces         2
    prtden         0
    prteig         0
     prtwf         0
     rprim    0.0000000000E+00  5.0000000000E-01  5.0000000000E-01
              5.0000000000E-01  0.0000000000E+00  5.0000000000E-01
              5.0000000000E-01  5.0000000000E-01  0.0000000000E+00
    shiftk    5.00000000E-01  5.00000000E-01  5.00000000E-01
   spgroup       227
    strten    1.2318347306E-04  1.2318347306E-04  1.2318347306E-04
              0.0000000000E+00  0.0000000000E+00  0.0000000000E+00
    symrel    1  0  0   0  1  0   0  0  1      -1  0  0   0 -1  0   0  0 -1
              0 -1  1   0 -1  0   1 -1  0       0  1 -1   0  1  0  -1  1  0
             -1  0  0  -1  0  1  -1  1  0       1  0  0   1  0 -1   1 -1  0
              0  1 -1   1  0 -1   0  0 -1       0 -1  1  -1  0  1   0  0  1
             -1  0  0  -1  1  0  -1  0  1       1  0  0   1 -1  0   1  0 -1
              0 -1  1   1 -1  0   0 -1  0       0  1 -1  -1  1  0   0  1  0
              1  0  0   0  0  1   0  1  0      -1  0  0   0  0 -1   0 -1  0
              0  1 -1   0  0 -1   1  0 -1       0 -1  1   0  0  1  -1  0  1
             -1  0  1  -1  1  0  -1  0  0       1  0 -1   1 -1  0   1  0  0
              0 -1  0   1 -1  0   0 -1  1       0  1  0  -1  1  0   0  1 -1
              1  0 -1   0  0 -1   0  1 -1      -1  0  1   0  0  1   0 -1  1
              0  1  0   0  0  1   1  0  0       0 -1  0   0  0 -1  -1  0  0
              1  0 -1   0  1 -1   0  0 -1      -1  0  1   0 -1  1   0  0  1
              0 -1  0   0 -1  1   1 -1  0       0  1  0   0  1 -1  -1  1  0
             -1  0  1  -1  0  0  -1  1  0       1  0 -1   1  0  0   1 -1  0
              0  1  0   1  0  0   0  0  1       0 -1  0  -1  0  0   0  0 -1
              0  0 -1   0  1 -1   1  0 -1       0  0  1   0 -1  1  -1  0  1
              1 -1  0   0 -1  1   0 -1  0      -1  1  0   0  1 -1   0  1  0
              0  0  1   1  0  0   0  1  0       0  0 -1  -1  0  0   0 -1  0
             -1  1  0  -1  0  0  -1  0  1       1 -1  0   1  0  0   1  0 -1
              0  0  1   0  1  0   1  0  0       0  0 -1   0 -1  0  -1  0  0
              1 -1  0   0 -1  0   0 -1  1      -1  1  0   0  1  0   0  1 -1
              0  0 -1   1  0 -1   0  1 -1       0  0  1  -1  0  1   0 -1  1
             -1  1  0  -1  0  1  -1  0  0       1 -1  0   1  0 -1   1  0  0
     tnons    0.0000000  0.0000000  0.0000000     0.2500000  0.2500000  0.2500000
              0.0000000  0.0000000  0.0000000     0.2500000  0.2500000  0.2500000
              0.0000000  0.0000000  0.0000000     0.2500000  0.2500000  0.2500000
              0.0000000  0.0000000  0.0000000     0.2500000  0.2500000  0.2500000
              0.0000000  0.0000000  0.0000000     0.2500000  0.2500000  0.2500000
              0.0000000  0.0000000  0.0000000     0.2500000  0.2500000  0.2500000
              0.0000000  0.0000000  0.0000000     0.2500000  0.2500000  0.2500000
              0.0000000  0.0000000  0.0000000     0.2500000  0.2500000  0.2500000
              0.0000000  0.0000000  0.0000000     0.2500000  0.2500000  0.2500000
              0.0000000  0.0000000  0.0000000     0.2500000  0.2500000  0.2500000
              0.0000000  0.0000000  0.0000000     0.2500000  0.2500000  0.2500000
              0.0000000  0.0000000  0.0000000     0.2500000  0.2500000  0.2500000
              0.0000000  0.0000000  0.0000000     0.2500000  0.2500000  0.2500000
              0.0000000  0.0000000  0.0000000     0.2500000  0.2500000  0.2500000
              0.0000000  0.0000000  0.0000000     0.2500000  0.2500000  0.2500000
              0.0000000  0.0000000  0.0000000     0.2500000  0.2500000  0.2500000
              0.0000000  0.0000000  0.0000000     0.2500000  0.2500000  0.2500000
              0.0000000  0.0000000  0.0000000     0.2500000  0.2500000  0.2500000
              0.0000000  0.0000000  0.0000000     0.2500000  0.2500000  0.2500000
              0.0000000  0.0000000  0.0000000     0.2500000  0.2500000  0.2500000
              0.0000000  0.0000000  0.0000000     0.2500000  0.2500000  0.2500000
              0.0000000  0.0000000  0.0000000     0.2500000  0.2500000  0.2500000
              0.0000000  0.0000000  0.0000000     0.2500000  0.2500000  0.2500000
              0.0000000  0.0000000  0.0000000     0.2500000  0.2500000  0.2500000
    tolvrs    1.00000000E-10
     typat    1  1
       wtk      0.02778    0.02778    0.02778    0.05556    0.02778    0.02778
                0.05556    0.02778    0.05556    0.05556    0.02778    0.02778
                0.02778    0.05556    0.02778    0.05556    0.05556    0.05556
                0.02778    0.02778    0.02778    0.02778    0.02778    0.05556
                0.05556    0.00926    0.00926    0.00926
    xangst    0.0000000000E+00  0.0000000000E+00  0.0000000000E+00
              8.9175000000E-01  8.9175000000E-01  8.9175000000E-01
     xcart    0.0000000000E+00  0.0000000000E+00  0.0000000000E+00
              1.6851632790E+00  1.6851632790E+00  1.6851632790E+00
      xred    0.0000000000E+00  0.0000000000E+00  0.0000000000E+00
              2.5000000000E-01  2.5000000000E-01  2.5000000000E-01
     znucl      6.00000

================================================================================

- Total cpu        time (s,m,h):          3.4        0.06      0.001
- Total wall clock time (s,m,h):          3.4        0.06      0.001

- For major independent code sections, cpu and wall times (sec),
- as well as % of the total time and number of calls 

- routine                 cpu     %       wall     %      number of calls 
-                                                          (-1=no count)
- fourwf(pot)            1.904  56.6      1.943  57.8           6440
- timing timab           0.341  10.1      0.341  10.1             11
- pspini                 0.127   3.8      0.128   3.8              1
- projbd                 0.124   3.7      0.125   3.7          10192
- invars2                0.114   3.4      0.114   3.4              1
- fourwf(den)            0.111   3.3      0.120   3.6            672
- nonlop(apply)          0.097   2.9      0.089   2.6           6440
- getghc-other           0.095   2.8      0.069   2.1             -1
- vtowfk(ssdiag)         0.078   2.3      0.061   1.8             -1
- abinit(2)              0.039   1.2      0.038   1.1              1
- vtorho-kpt loop        0.022   0.7      0.016   0.5              6
- status                 0.014   0.4      0.022   0.7           3149
- 58   others            0.063   1.9      0.061   1.8

- subtotal               3.129  93.0      3.127  93.0

================================================================================

 Calculation completed.
.Delivered    0 WARNINGs and   0 COMMENTs to log file.
+Overall time at end (sec) : cpu=          3.5  wall=          3.5
